00:28:00 [DEBUG] faker.factory — Looking for locale `en_US` in provider `faker.providers.address`.
00:28:00 [DEBUG] faker.factory — Provider `faker.providers.address` has been localized to `en_US`.
00:28:00 [DEBUG] faker.factory — Looking for locale `en_US` in provider `faker.providers.automotive`.
00:28:00 [DEBUG] faker.factory — Provider `faker.providers.automotive` has been localized to `en_US`.
00:28:00 [DEBUG] faker.factory — Looking for locale `en_US` in provider `faker.providers.bank`.
00:28:00 [DEBUG] faker.factory — Specified locale `en_US` is not available for provider `faker.providers.bank`. Locale reset to `en_GB` for this provider.
00:28:00 [DEBUG] faker.factory — Looking for locale `en_US` in provider `faker.providers.barcode`.
00:28:00 [DEBUG] faker.factory — Provider `faker.providers.barcode` has been localized to `en_US`.
00:28:00 [DEBUG] faker.factory — Looking for locale `en_US` in provider `faker.providers.color`.
00:28:00 [DEBUG] faker.factory — Provider `faker.providers.color` has been localized to `en_US`.
00:28:00 [DEBUG] faker.factory — Looking for locale `en_US` in provider `faker.providers.company`.
00:28:00 [DEBUG] faker.factory — Provider `faker.providers.company` has been localized to `en_US`.
00:28:00 [DEBUG] faker.factory — Looking for locale `en_US` in provider `faker.providers.credit_card`.
00:28:00 [DEBUG] faker.factory — Provider `faker.providers.credit_card` has been localized to `en_US`.
00:28:00 [DEBUG] faker.factory — Looking for locale `en_US` in provider `faker.providers.currency`.
00:28:00 [DEBUG] faker.factory — Provider `faker.providers.currency` has been localized to `en_US`.
00:28:00 [DEBUG] faker.factory — Looking for locale `en_US` in provider `faker.providers.date_time`.
00:28:01 [DEBUG] faker.factory — Provider `faker.providers.date_time` has been localized to `en_US`.
00:28:01 [DEBUG] faker.factory — Provider `faker.providers.emoji` does not feature localization. Specified locale `en_US` is not utilized for this provider.
00:28:01 [DEBUG] faker.factory — Provider `faker.providers.file` does not feature localization. Specified locale `en_US` is not utilized for this provider.
00:28:01 [DEBUG] faker.factory — Looking for locale `en_US` in provider `faker.providers.geo`.
00:28:01 [DEBUG] faker.factory — Provider `faker.providers.geo` has been localized to `en_US`.
00:28:01 [DEBUG] faker.factory — Looking for locale `en_US` in provider `faker.providers.internet`.
00:28:01 [DEBUG] faker.factory — Provider `faker.providers.internet` has been localized to `en_US`.
00:28:01 [DEBUG] faker.factory — Provider `faker.providers.isbn` does not feature localization. Specified locale `en_US` is not utilized for this provider.
00:28:01 [DEBUG] faker.factory — Looking for locale `en_US` in provider `faker.providers.job`.
00:28:01 [DEBUG] faker.factory — Provider `faker.providers.job` has been localized to `en_US`.
00:28:01 [DEBUG] faker.factory — Looking for locale `en_US` in provider `faker.providers.lorem`.
00:28:01 [DEBUG] faker.factory — Provider `faker.providers.lorem` has been localized to `en_US`.
00:28:01 [DEBUG] faker.factory — Looking for locale `en_US` in provider `faker.providers.misc`.
00:28:01 [DEBUG] faker.factory — Provider `faker.providers.misc` has been localized to `en_US`.
00:28:01 [DEBUG] faker.factory — Looking for locale `en_US` in provider `faker.providers.passport`.
00:28:01 [DEBUG] faker.factory — Provider `faker.providers.passport` has been localized to `en_US`.
00:28:01 [DEBUG] faker.factory — Looking for locale `en_US` in provider `faker.providers.person`.
00:28:01 [DEBUG] faker.factory — Provider `faker.providers.person` has been localized to `en_US`.
00:28:01 [DEBUG] faker.factory — Looking for locale `en_US` in provider `faker.providers.phone_number`.
00:28:01 [DEBUG] faker.factory — Provider `faker.providers.phone_number` has been localized to `en_US`.
00:28:01 [DEBUG] faker.factory — Provider `faker.providers.profile` does not feature localization. Specified locale `en_US` is not utilized for this provider.
00:28:01 [DEBUG] faker.factory — Provider `faker.providers.python` does not feature localization. Specified locale `en_US` is not utilized for this provider.
00:28:01 [DEBUG] faker.factory — Provider `faker.providers.sbn` does not feature localization. Specified locale `en_US` is not utilized for this provider.
00:28:01 [DEBUG] faker.factory — Looking for locale `en_US` in provider `faker.providers.ssn`.
00:28:01 [DEBUG] faker.factory — Provider `faker.providers.ssn` has been localized to `en_US`.
00:28:01 [DEBUG] faker.factory — Provider `faker.providers.user_agent` does not feature localization. Specified locale `en_US` is not utilized for this provider.
00:28:01 [INFO] utils.driver_factory — Creating chrome driver (headless=True)
00:28:01 [INFO] WDM — ====== WebDriver manager ======
00:28:02 [INFO] WDM — Get LATEST chromedriver version for google-chrome
00:28:02 [DEBUG] urllib3.connectionpool — Starting new HTTPS connection (1): googlechromelabs.github.io:443
00:28:03 [DEBUG] urllib3.connectionpool — https://googlechromelabs.github.io:443 "GET /chrome-for-testing/latest-patch-versions-per-build.json HTTP/1.1" 200 16425
00:28:03 [INFO] WDM — Get LATEST chromedriver version for google-chrome
00:28:03 [DEBUG] urllib3.connectionpool — Starting new HTTPS connection (1): googlechromelabs.github.io:443
00:28:04 [DEBUG] urllib3.connectionpool — https://googlechromelabs.github.io:443 "GET /chrome-for-testing/latest-patch-versions-per-build.json HTTP/1.1" 200 16425
00:28:04 [INFO] WDM — Driver [C:\Users\User\.wdm\drivers\chromedriver\win64\147.0.7727.117\chromedriver.exe] found in cache
00:28:04 [DEBUG] selenium.webdriver.common.driver_finder — Skipping Selenium Manager; path to chrome driver specified in Service class: C:\Users\User\.wdm\drivers\chromedriver\win64\147.0.7727.117\chromedriver.exe
00:28:04 [DEBUG] selenium.webdriver.common.service — Started executable: `C:\Users\User\.wdm\drivers\chromedriver\win64\147.0.7727.117\chromedriver.exe` in a child process with pid: 12344 using 0 to output -3
00:28:04 [DEBUG] selenium.webdriver.remote.remote_connection — POST http://localhost:57695/session {'capabilities': {'firstMatch': [{}], 'alwaysMatch': {'browserName': 'chrome', 'pageLoadStrategy': <PageLoadStrategy.normal: 'normal'>, 'goog:chromeOptions': {'excludeSwitches': ['enable-logging'], 'useAutomationExtension': False, 'extensions': [], 'args': ['--headless=new', '--window-size=1920,1080', '--no-sandbox', '--disable-dev-shm-usage', '--disable-gpu', '--disable-extensions', '--disable-infobars', '--disable-notifications', '--ignore-certificate-errors', '--remote-debugging-port=9222', '--disable-blink-features=AutomationControlled', '--user-agent=Mozilla/5.0 (Windows NT 10.0; Win64; x64) AppleWebKit/537.36 (KHTML, like Gecko) Chrome/124.0.0.0 Safari/537.36']}}}}
00:28:04 [DEBUG] urllib3.connectionpool — Starting new HTTP connection (1): localhost:57695
00:28:06 [DEBUG] urllib3.connectionpool — http://localhost:57695 "POST /session HTTP/1.1" 200 0
00:28:06 [DEBUG] selenium.webdriver.remote.remote_connection — Remote response: status=200 | data={"value":{"capabilities":{"acceptInsecureCerts":false,"browserName":"chrome","browserVersion":"147.0.7727.117","chrome":{"chromedriverVersion":"147.0.7727.117 (474cc805edd6b22006509896c910f6b6da2427ad-refs/branch-heads/7727_111@{#4})","userDataDir":"C:\\Users\\User\\AppData\\Local\\Temp\\scoped_dir12344_1104777484"},"fedcm:accounts":true,"goog:chromeOptions":{"debuggerAddress":"localhost:9222"},"goog:processID":10444,"networkConnectionEnabled":false,"pageLoadStrategy":"normal","platformName":"windows","proxy":{},"setWindowRect":true,"strictFileInteractability":false,"timeouts":{"implicit":0,"pageLoad":300000,"script":30000},"unhandledPromptBehavior":"dismiss and notify","webauthn:extension:credBlob":true,"webauthn:extension:largeBlob":true,"webauthn:extension:minPinLength":true,"webauthn:extension:prf":true,"webauthn:virtualAuthenticators":true},"sessionId":"1785d0cfc50f5f2ea2b3d7d18ad6c80b"}} | headers=HTTPHeaderDict({'Content-Length': '906', 'Content-Type': 'application/json; charset=utf-8', 'cache-control': 'no-cache'})
00:28:06 [DEBUG] selenium.webdriver.remote.remote_connection — Finished Request
00:28:06 [DEBUG] selenium.webdriver.remote.remote_connection — POST http://localhost:57695/session/1785d0cfc50f5f2ea2b3d7d18ad6c80b/timeouts {'pageLoad': 60000}
00:28:06 [DEBUG] urllib3.connectionpool — http://localhost:57695 "POST /session/1785d0cfc50f5f2ea2b3d7d18ad6c80b/timeouts HTTP/1.1" 200 0
00:28:06 [DEBUG] selenium.webdriver.remote.remote_connection — Remote response: status=200 | data={"value":null} | headers=HTTPHeaderDict({'Content-Length': '14', 'Content-Type': 'application/json; charset=utf-8', 'cache-control': 'no-cache'})
00:28:06 [DEBUG] selenium.webdriver.remote.remote_connection — Finished Request
00:28:06 [DEBUG] selenium.webdriver.remote.remote_connection — POST http://localhost:57695/session/1785d0cfc50f5f2ea2b3d7d18ad6c80b/timeouts {'implicit': 0}
00:28:06 [DEBUG] urllib3.connectionpool — http://localhost:57695 "POST /session/1785d0cfc50f5f2ea2b3d7d18ad6c80b/timeouts HTTP/1.1" 200 0
00:28:06 [DEBUG] selenium.webdriver.remote.remote_connection — Remote response: status=200 | data={"value":null} | headers=HTTPHeaderDict({'Content-Length': '14', 'Content-Type': 'application/json; charset=utf-8', 'cache-control': 'no-cache'})
00:28:06 [DEBUG] selenium.webdriver.remote.remote_connection — Finished Request
00:28:06 [INFO] utils.driver_factory — Chrome driver created successfully
00:28:06 [INFO] conftest — Driver started for test: test_job_list_is_not_empty
00:28:06 [INFO] pages.careers_page — Loading careers page
00:28:06 [INFO] pages.base_page — Navigating to: https://insiderone.com/careers/
00:28:06 [DEBUG] selenium.webdriver.remote.remote_connection — POST http://localhost:57695/session/1785d0cfc50f5f2ea2b3d7d18ad6c80b/url {'url': 'https://insiderone.com/careers/'}
00:28:10 [DEBUG] urllib3.connectionpool — http://localhost:57695 "POST /session/1785d0cfc50f5f2ea2b3d7d18ad6c80b/url HTTP/1.1" 200 0
00:28:10 [DEBUG] selenium.webdriver.remote.remote_connection — Remote response: status=200 | data={"value":null} | headers=HTTPHeaderDict({'Content-Length': '14', 'Content-Type': 'application/json; charset=utf-8', 'cache-control': 'no-cache'})
00:28:10 [DEBUG] selenium.webdriver.remote.remote_connection — Finished Request
00:28:10 [DEBUG] selenium.webdriver.remote.remote_connection — POST http://localhost:57695/session/1785d0cfc50f5f2ea2b3d7d18ad6c80b/element {'using': 'css selector', 'value': 'button#wt-cli-accept-all-btn'}
00:28:10 [DEBUG] urllib3.connectionpool — http://localhost:57695 "POST /session/1785d0cfc50f5f2ea2b3d7d18ad6c80b/element HTTP/1.1" 404 0
00:28:10 [DEBUG] selenium.webdriver.remote.remote_connection — Remote response: status=404 | data={"value":{"error":"no such element","message":"no such element: Unable to locate element: {\"method\":\"css selector\",\"selector\":\"button#wt-cli-accept-all-btn\"}\n  (Session info: chrome=147.0.7727.117)","stacktrace":"\tchromedriver!GetHandleVerifier [0x48b373+10553]\n\tchromedriver!GetHandleVerifier [0x48b4a4+10684]\n\tchromedriver!(No symbol) [0x291e10]\n\tchromedriver!(No symbol) [0x2da9da]\n\tchromedriver!(No symbol) [0x2dac7b]\n\tchromedriver!(No symbol) [0x31d162]\n\tchromedriver!(No symbol) [0x2fd8b4]\n\tchromedriver!(No symbol) [0x31aa36]\n\tchromedriver!(No symbol) [0x2fd606]\n\tchromedriver!(No symbol) [0x2d0039]\n\tchromedriver!(No symbol) [0x2d0df4]\n\tchromedriver!GetHandleVerifier [0x70ddb4+292f94]\n\tchromedriver!GetHandleVerifier [0x70937d+28e55d]\n\tchromedriver!GetHandleVerifier [0x728215+2ad3f5]\n\tchromedriver!GetHandleVerifier [0x4a4c18+29df8]\n\tchromedriver!GetHandleVerifier [0x4ac6fd+318dd]\n\tchromedriver!GetHandleVerifier [0x493c78+18e58]\n\tchromedriver!GetHandleVerifier [0x493e42+19022]\n\tchromedriver!GetHandleVerifier [0x47d45f+263f]\n\tKERNEL32!BaseThreadInitThunk [0x75aafcc9+19]\n\tntdll!RtlGetAppContainerNamedObjectPath [0x779982ae+11e]\n\tntdll!RtlGetAppContainerNamedObjectPath [0x7799827e+ee]\n"}} | headers=HTTPHeaderDict({'Content-Length': '1255', 'Content-Type': 'application/json; charset=utf-8', 'cache-control': 'no-cache'})
00:28:10 [DEBUG] selenium.webdriver.remote.remote_connection — Finished Request
00:28:10 [DEBUG] selenium.webdriver.remote.remote_connection — POST http://localhost:57695/session/1785d0cfc50f5f2ea2b3d7d18ad6c80b/element {'using': 'css selector', 'value': 'button#wt-cli-accept-all-btn'}
00:28:10 [DEBUG] urllib3.connectionpool — http://localhost:57695 "POST /session/1785d0cfc50f5f2ea2b3d7d18ad6c80b/element HTTP/1.1" 404 0
00:28:10 [DEBUG] selenium.webdriver.remote.remote_connection — Remote response: status=404 | data={"value":{"error":"no such element","message":"no such element: Unable to locate element: {\"method\":\"css selector\",\"selector\":\"button#wt-cli-accept-all-btn\"}\n  (Session info: chrome=147.0.7727.117)","stacktrace":"\tchromedriver!GetHandleVerifier [0x48b373+10553]\n\tchromedriver!GetHandleVerifier [0x48b4a4+10684]\n\tchromedriver!(No symbol) [0x291e10]\n\tchromedriver!(No symbol) [0x2da9da]\n\tchromedriver!(No symbol) [0x2dac7b]\n\tchromedriver!(No symbol) [0x31d162]\n\tchromedriver!(No symbol) [0x2fd8b4]\n\tchromedriver!(No symbol) [0x31aa36]\n\tchromedriver!(No symbol) [0x2fd606]\n\tchromedriver!(No symbol) [0x2d0039]\n\tchromedriver!(No symbol) [0x2d0df4]\n\tchromedriver!GetHandleVerifier [0x70ddb4+292f94]\n\tchromedriver!GetHandleVerifier [0x70937d+28e55d]\n\tchromedriver!GetHandleVerifier [0x728215+2ad3f5]\n\tchromedriver!GetHandleVerifier [0x4a4c18+29df8]\n\tchromedriver!GetHandleVerifier [0x4ac6fd+318dd]\n\tchromedriver!GetHandleVerifier [0x493c78+18e58]\n\tchromedriver!GetHandleVerifier [0x493e42+19022]\n\tchromedriver!GetHandleVerifier [0x47d45f+263f]\n\tKERNEL32!BaseThreadInitThunk [0x75aafcc9+19]\n\tntdll!RtlGetAppContainerNamedObjectPath [0x779982ae+11e]\n\tntdll!RtlGetAppContainerNamedObjectPath [0x7799827e+ee]\n"}} | headers=HTTPHeaderDict({'Content-Length': '1255', 'Content-Type': 'application/json; charset=utf-8', 'cache-control': 'no-cache'})
00:28:10 [DEBUG] selenium.webdriver.remote.remote_connection — Finished Request
00:28:11 [DEBUG] selenium.webdriver.remote.remote_connection — POST http://localhost:57695/session/1785d0cfc50f5f2ea2b3d7d18ad6c80b/element {'using': 'css selector', 'value': 'button#wt-cli-accept-all-btn'}
00:28:11 [DEBUG] urllib3.connectionpool — http://localhost:57695 "POST /session/1785d0cfc50f5f2ea2b3d7d18ad6c80b/element HTTP/1.1" 404 0
00:28:11 [DEBUG] selenium.webdriver.remote.remote_connection — Remote response: status=404 | data={"value":{"error":"no such element","message":"no such element: Unable to locate element: {\"method\":\"css selector\",\"selector\":\"button#wt-cli-accept-all-btn\"}\n  (Session info: chrome=147.0.7727.117)","stacktrace":"\tchromedriver!GetHandleVerifier [0x48b373+10553]\n\tchromedriver!GetHandleVerifier [0x48b4a4+10684]\n\tchromedriver!(No symbol) [0x291e10]\n\tchromedriver!(No symbol) [0x2da9da]\n\tchromedriver!(No symbol) [0x2dac7b]\n\tchromedriver!(No symbol) [0x31d162]\n\tchromedriver!(No symbol) [0x2fd8b4]\n\tchromedriver!(No symbol) [0x31aa36]\n\tchromedriver!(No symbol) [0x2fd606]\n\tchromedriver!(No symbol) [0x2d0039]\n\tchromedriver!(No symbol) [0x2d0df4]\n\tchromedriver!GetHandleVerifier [0x70ddb4+292f94]\n\tchromedriver!GetHandleVerifier [0x70937d+28e55d]\n\tchromedriver!GetHandleVerifier [0x728215+2ad3f5]\n\tchromedriver!GetHandleVerifier [0x4a4c18+29df8]\n\tchromedriver!GetHandleVerifier [0x4ac6fd+318dd]\n\tchromedriver!GetHandleVerifier [0x493c78+18e58]\n\tchromedriver!GetHandleVerifier [0x493e42+19022]\n\tchromedriver!GetHandleVerifier [0x47d45f+263f]\n\tKERNEL32!BaseThreadInitThunk [0x75aafcc9+19]\n\tntdll!RtlGetAppContainerNamedObjectPath [0x779982ae+11e]\n\tntdll!RtlGetAppContainerNamedObjectPath [0x7799827e+ee]\n"}} | headers=HTTPHeaderDict({'Content-Length': '1255', 'Content-Type': 'application/json; charset=utf-8', 'cache-control': 'no-cache'})
00:28:11 [DEBUG] selenium.webdriver.remote.remote_connection — Finished Request
00:28:11 [DEBUG] selenium.webdriver.remote.remote_connection — POST http://localhost:57695/session/1785d0cfc50f5f2ea2b3d7d18ad6c80b/element {'using': 'css selector', 'value': 'button#wt-cli-accept-all-btn'}
00:28:11 [DEBUG] urllib3.connectionpool — http://localhost:57695 "POST /session/1785d0cfc50f5f2ea2b3d7d18ad6c80b/element HTTP/1.1" 404 0
00:28:11 [DEBUG] selenium.webdriver.remote.remote_connection — Remote response: status=404 | data={"value":{"error":"no such element","message":"no such element: Unable to locate element: {\"method\":\"css selector\",\"selector\":\"button#wt-cli-accept-all-btn\"}\n  (Session info: chrome=147.0.7727.117)","stacktrace":"\tchromedriver!GetHandleVerifier [0x48b373+10553]\n\tchromedriver!GetHandleVerifier [0x48b4a4+10684]\n\tchromedriver!(No symbol) [0x291e10]\n\tchromedriver!(No symbol) [0x2da9da]\n\tchromedriver!(No symbol) [0x2dac7b]\n\tchromedriver!(No symbol) [0x31d162]\n\tchromedriver!(No symbol) [0x2fd8b4]\n\tchromedriver!(No symbol) [0x31aa36]\n\tchromedriver!(No symbol) [0x2fd606]\n\tchromedriver!(No symbol) [0x2d0039]\n\tchromedriver!(No symbol) [0x2d0df4]\n\tchromedriver!GetHandleVerifier [0x70ddb4+292f94]\n\tchromedriver!GetHandleVerifier [0x70937d+28e55d]\n\tchromedriver!GetHandleVerifier [0x728215+2ad3f5]\n\tchromedriver!GetHandleVerifier [0x4a4c18+29df8]\n\tchromedriver!GetHandleVerifier [0x4ac6fd+318dd]\n\tchromedriver!GetHandleVerifier [0x493c78+18e58]\n\tchromedriver!GetHandleVerifier [0x493e42+19022]\n\tchromedriver!GetHandleVerifier [0x47d45f+263f]\n\tKERNEL32!BaseThreadInitThunk [0x75aafcc9+19]\n\tntdll!RtlGetAppContainerNamedObjectPath [0x779982ae+11e]\n\tntdll!RtlGetAppContainerNamedObjectPath [0x7799827e+ee]\n"}} | headers=HTTPHeaderDict({'Content-Length': '1255', 'Content-Type': 'application/json; charset=utf-8', 'cache-control': 'no-cache'})
00:28:11 [DEBUG] selenium.webdriver.remote.remote_connection — Finished Request
00:28:12 [DEBUG] selenium.webdriver.remote.remote_connection — POST http://localhost:57695/session/1785d0cfc50f5f2ea2b3d7d18ad6c80b/element {'using': 'css selector', 'value': 'button#wt-cli-accept-all-btn'}
00:28:12 [DEBUG] urllib3.connectionpool — http://localhost:57695 "POST /session/1785d0cfc50f5f2ea2b3d7d18ad6c80b/element HTTP/1.1" 404 0
00:28:12 [DEBUG] selenium.webdriver.remote.remote_connection — Remote response: status=404 | data={"value":{"error":"no such element","message":"no such element: Unable to locate element: {\"method\":\"css selector\",\"selector\":\"button#wt-cli-accept-all-btn\"}\n  (Session info: chrome=147.0.7727.117)","stacktrace":"\tchromedriver!GetHandleVerifier [0x48b373+10553]\n\tchromedriver!GetHandleVerifier [0x48b4a4+10684]\n\tchromedriver!(No symbol) [0x291e10]\n\tchromedriver!(No symbol) [0x2da9da]\n\tchromedriver!(No symbol) [0x2dac7b]\n\tchromedriver!(No symbol) [0x31d162]\n\tchromedriver!(No symbol) [0x2fd8b4]\n\tchromedriver!(No symbol) [0x31aa36]\n\tchromedriver!(No symbol) [0x2fd606]\n\tchromedriver!(No symbol) [0x2d0039]\n\tchromedriver!(No symbol) [0x2d0df4]\n\tchromedriver!GetHandleVerifier [0x70ddb4+292f94]\n\tchromedriver!GetHandleVerifier [0x70937d+28e55d]\n\tchromedriver!GetHandleVerifier [0x728215+2ad3f5]\n\tchromedriver!GetHandleVerifier [0x4a4c18+29df8]\n\tchromedriver!GetHandleVerifier [0x4ac6fd+318dd]\n\tchromedriver!GetHandleVerifier [0x493c78+18e58]\n\tchromedriver!GetHandleVerifier [0x493e42+19022]\n\tchromedriver!GetHandleVerifier [0x47d45f+263f]\n\tKERNEL32!BaseThreadInitThunk [0x75aafcc9+19]\n\tntdll!RtlGetAppContainerNamedObjectPath [0x779982ae+11e]\n\tntdll!RtlGetAppContainerNamedObjectPath [0x7799827e+ee]\n"}} | headers=HTTPHeaderDict({'Content-Length': '1255', 'Content-Type': 'application/json; charset=utf-8', 'cache-control': 'no-cache'})
00:28:12 [DEBUG] selenium.webdriver.remote.remote_connection — Finished Request
00:28:12 [DEBUG] selenium.webdriver.remote.remote_connection — POST http://localhost:57695/session/1785d0cfc50f5f2ea2b3d7d18ad6c80b/element {'using': 'css selector', 'value': 'button#wt-cli-accept-all-btn'}
00:28:12 [DEBUG] urllib3.connectionpool — http://localhost:57695 "POST /session/1785d0cfc50f5f2ea2b3d7d18ad6c80b/element HTTP/1.1" 404 0
00:28:12 [DEBUG] selenium.webdriver.remote.remote_connection — Remote response: status=404 | data={"value":{"error":"no such element","message":"no such element: Unable to locate element: {\"method\":\"css selector\",\"selector\":\"button#wt-cli-accept-all-btn\"}\n  (Session info: chrome=147.0.7727.117)","stacktrace":"\tchromedriver!GetHandleVerifier [0x48b373+10553]\n\tchromedriver!GetHandleVerifier [0x48b4a4+10684]\n\tchromedriver!(No symbol) [0x291e10]\n\tchromedriver!(No symbol) [0x2da9da]\n\tchromedriver!(No symbol) [0x2dac7b]\n\tchromedriver!(No symbol) [0x31d162]\n\tchromedriver!(No symbol) [0x2fd8b4]\n\tchromedriver!(No symbol) [0x31aa36]\n\tchromedriver!(No symbol) [0x2fd606]\n\tchromedriver!(No symbol) [0x2d0039]\n\tchromedriver!(No symbol) [0x2d0df4]\n\tchromedriver!GetHandleVerifier [0x70ddb4+292f94]\n\tchromedriver!GetHandleVerifier [0x70937d+28e55d]\n\tchromedriver!GetHandleVerifier [0x728215+2ad3f5]\n\tchromedriver!GetHandleVerifier [0x4a4c18+29df8]\n\tchromedriver!GetHandleVerifier [0x4ac6fd+318dd]\n\tchromedriver!GetHandleVerifier [0x493c78+18e58]\n\tchromedriver!GetHandleVerifier [0x493e42+19022]\n\tchromedriver!GetHandleVerifier [0x47d45f+263f]\n\tKERNEL32!BaseThreadInitThunk [0x75aafcc9+19]\n\tntdll!RtlGetAppContainerNamedObjectPath [0x779982ae+11e]\n\tntdll!RtlGetAppContainerNamedObjectPath [0x7799827e+ee]\n"}} | headers=HTTPHeaderDict({'Content-Length': '1255', 'Content-Type': 'application/json; charset=utf-8', 'cache-control': 'no-cache'})
00:28:12 [DEBUG] selenium.webdriver.remote.remote_connection — Finished Request
00:28:13 [DEBUG] selenium.webdriver.remote.remote_connection — POST http://localhost:57695/session/1785d0cfc50f5f2ea2b3d7d18ad6c80b/element {'using': 'css selector', 'value': '[id="wt-cli-accept-all-btn"]'}
00:28:13 [DEBUG] urllib3.connectionpool — http://localhost:57695 "POST /session/1785d0cfc50f5f2ea2b3d7d18ad6c80b/element HTTP/1.1" 200 0
00:28:13 [DEBUG] selenium.webdriver.remote.remote_connection — Remote response: status=200 | data={"value":{"element-6066-11e4-a52e-4f735466cecf":"f.DB8ADB7B39419EC651A45B4C0D0839FA.d.B7D0FD9E31DB6F78D2316F5279FA239B.e.5822"}} | headers=HTTPHeaderDict({'Content-Length': '128', 'Content-Type': 'application/json; charset=utf-8', 'cache-control': 'no-cache'})
00:28:13 [DEBUG] selenium.webdriver.remote.remote_connection — Finished Request
00:28:13 [DEBUG] selenium.webdriver.remote.remote_connection — POST http://localhost:57695/session/1785d0cfc50f5f2ea2b3d7d18ad6c80b/execute/sync {'script': '/* isDisplayed */return (function(){return (function(){var g=this||self;\nfunction aa(a){var b=typeof...', 'args': [{'element-6066-11e4-a52e-4f735466cecf': 'f.DB8ADB7B39419EC651A45B4C0D0839FA.d.B7D0FD9E31DB6F78D2316F5279FA239B.e.5822'}]}
00:28:13 [DEBUG] urllib3.connectionpool — http://localhost:57695 "POST /session/1785d0cfc50f5f2ea2b3d7d18ad6c80b/execute/sync HTTP/1.1" 200 0
00:28:13 [DEBUG] selenium.webdriver.remote.remote_connection — Remote response: status=200 | data={"value":false} | headers=HTTPHeaderDict({'Content-Length': '15', 'Content-Type': 'application/json; charset=utf-8', 'cache-control': 'no-cache'})
00:28:13 [DEBUG] selenium.webdriver.remote.remote_connection — Finished Request
00:28:13 [DEBUG] selenium.webdriver.remote.remote_connection — POST http://localhost:57695/session/1785d0cfc50f5f2ea2b3d7d18ad6c80b/element {'using': 'css selector', 'value': '[id="wt-cli-accept-all-btn"]'}
00:28:13 [DEBUG] urllib3.connectionpool — http://localhost:57695 "POST /session/1785d0cfc50f5f2ea2b3d7d18ad6c80b/element HTTP/1.1" 200 0
00:28:13 [DEBUG] selenium.webdriver.remote.remote_connection — Remote response: status=200 | data={"value":{"element-6066-11e4-a52e-4f735466cecf":"f.DB8ADB7B39419EC651A45B4C0D0839FA.d.B7D0FD9E31DB6F78D2316F5279FA239B.e.5822"}} | headers=HTTPHeaderDict({'Content-Length': '128', 'Content-Type': 'application/json; charset=utf-8', 'cache-control': 'no-cache'})
00:28:13 [DEBUG] selenium.webdriver.remote.remote_connection — Finished Request
00:28:13 [DEBUG] selenium.webdriver.remote.remote_connection — POST http://localhost:57695/session/1785d0cfc50f5f2ea2b3d7d18ad6c80b/execute/sync {'script': '/* isDisplayed */return (function(){return (function(){var g=this||self;\nfunction aa(a){var b=typeof...', 'args': [{'element-6066-11e4-a52e-4f735466cecf': 'f.DB8ADB7B39419EC651A45B4C0D0839FA.d.B7D0FD9E31DB6F78D2316F5279FA239B.e.5822'}]}
00:28:13 [DEBUG] urllib3.connectionpool — http://localhost:57695 "POST /session/1785d0cfc50f5f2ea2b3d7d18ad6c80b/execute/sync HTTP/1.1" 200 0
00:28:13 [DEBUG] selenium.webdriver.remote.remote_connection — Remote response: status=200 | data={"value":false} | headers=HTTPHeaderDict({'Content-Length': '15', 'Content-Type': 'application/json; charset=utf-8', 'cache-control': 'no-cache'})
00:28:13 [DEBUG] selenium.webdriver.remote.remote_connection — Finished Request
00:28:14 [DEBUG] selenium.webdriver.remote.remote_connection — POST http://localhost:57695/session/1785d0cfc50f5f2ea2b3d7d18ad6c80b/element {'using': 'css selector', 'value': '[id="wt-cli-accept-all-btn"]'}
00:28:14 [DEBUG] urllib3.connectionpool — http://localhost:57695 "POST /session/1785d0cfc50f5f2ea2b3d7d18ad6c80b/element HTTP/1.1" 200 0
00:28:14 [DEBUG] selenium.webdriver.remote.remote_connection — Remote response: status=200 | data={"value":{"element-6066-11e4-a52e-4f735466cecf":"f.DB8ADB7B39419EC651A45B4C0D0839FA.d.B7D0FD9E31DB6F78D2316F5279FA239B.e.5822"}} | headers=HTTPHeaderDict({'Content-Length': '128', 'Content-Type': 'application/json; charset=utf-8', 'cache-control': 'no-cache'})
00:28:14 [DEBUG] selenium.webdriver.remote.remote_connection — Finished Request
00:28:14 [DEBUG] selenium.webdriver.remote.remote_connection — POST http://localhost:57695/session/1785d0cfc50f5f2ea2b3d7d18ad6c80b/execute/sync {'script': '/* isDisplayed */return (function(){return (function(){var g=this||self;\nfunction aa(a){var b=typeof...', 'args': [{'element-6066-11e4-a52e-4f735466cecf': 'f.DB8ADB7B39419EC651A45B4C0D0839FA.d.B7D0FD9E31DB6F78D2316F5279FA239B.e.5822'}]}
00:28:14 [DEBUG] urllib3.connectionpool — http://localhost:57695 "POST /session/1785d0cfc50f5f2ea2b3d7d18ad6c80b/execute/sync HTTP/1.1" 200 0
00:28:14 [DEBUG] selenium.webdriver.remote.remote_connection — Remote response: status=200 | data={"value":false} | headers=HTTPHeaderDict({'Content-Length': '15', 'Content-Type': 'application/json; charset=utf-8', 'cache-control': 'no-cache'})
00:28:14 [DEBUG] selenium.webdriver.remote.remote_connection — Finished Request
00:28:14 [DEBUG] selenium.webdriver.remote.remote_connection — POST http://localhost:57695/session/1785d0cfc50f5f2ea2b3d7d18ad6c80b/element {'using': 'css selector', 'value': '[id="wt-cli-accept-all-btn"]'}
00:28:14 [DEBUG] urllib3.connectionpool — http://localhost:57695 "POST /session/1785d0cfc50f5f2ea2b3d7d18ad6c80b/element HTTP/1.1" 200 0
00:28:14 [DEBUG] selenium.webdriver.remote.remote_connection — Remote response: status=200 | data={"value":{"element-6066-11e4-a52e-4f735466cecf":"f.DB8ADB7B39419EC651A45B4C0D0839FA.d.B7D0FD9E31DB6F78D2316F5279FA239B.e.5822"}} | headers=HTTPHeaderDict({'Content-Length': '128', 'Content-Type': 'application/json; charset=utf-8', 'cache-control': 'no-cache'})
00:28:14 [DEBUG] selenium.webdriver.remote.remote_connection — Finished Request
00:28:14 [DEBUG] selenium.webdriver.remote.remote_connection — POST http://localhost:57695/session/1785d0cfc50f5f2ea2b3d7d18ad6c80b/execute/sync {'script': '/* isDisplayed */return (function(){return (function(){var g=this||self;\nfunction aa(a){var b=typeof...', 'args': [{'element-6066-11e4-a52e-4f735466cecf': 'f.DB8ADB7B39419EC651A45B4C0D0839FA.d.B7D0FD9E31DB6F78D2316F5279FA239B.e.5822'}]}
00:28:14 [DEBUG] urllib3.connectionpool — http://localhost:57695 "POST /session/1785d0cfc50f5f2ea2b3d7d18ad6c80b/execute/sync HTTP/1.1" 200 0
00:28:14 [DEBUG] selenium.webdriver.remote.remote_connection — Remote response: status=200 | data={"value":false} | headers=HTTPHeaderDict({'Content-Length': '15', 'Content-Type': 'application/json; charset=utf-8', 'cache-control': 'no-cache'})
00:28:14 [DEBUG] selenium.webdriver.remote.remote_connection — Finished Request
00:28:15 [DEBUG] selenium.webdriver.remote.remote_connection — POST http://localhost:57695/session/1785d0cfc50f5f2ea2b3d7d18ad6c80b/element {'using': 'css selector', 'value': '[id="wt-cli-accept-all-btn"]'}
00:28:15 [DEBUG] urllib3.connectionpool — http://localhost:57695 "POST /session/1785d0cfc50f5f2ea2b3d7d18ad6c80b/element HTTP/1.1" 200 0
00:28:15 [DEBUG] selenium.webdriver.remote.remote_connection — Remote response: status=200 | data={"value":{"element-6066-11e4-a52e-4f735466cecf":"f.DB8ADB7B39419EC651A45B4C0D0839FA.d.B7D0FD9E31DB6F78D2316F5279FA239B.e.5822"}} | headers=HTTPHeaderDict({'Content-Length': '128', 'Content-Type': 'application/json; charset=utf-8', 'cache-control': 'no-cache'})
00:28:15 [DEBUG] selenium.webdriver.remote.remote_connection — Finished Request
00:28:15 [DEBUG] selenium.webdriver.remote.remote_connection — POST http://localhost:57695/session/1785d0cfc50f5f2ea2b3d7d18ad6c80b/execute/sync {'script': '/* isDisplayed */return (function(){return (function(){var g=this||self;\nfunction aa(a){var b=typeof...', 'args': [{'element-6066-11e4-a52e-4f735466cecf': 'f.DB8ADB7B39419EC651A45B4C0D0839FA.d.B7D0FD9E31DB6F78D2316F5279FA239B.e.5822'}]}
00:28:15 [DEBUG] urllib3.connectionpool — http://localhost:57695 "POST /session/1785d0cfc50f5f2ea2b3d7d18ad6c80b/execute/sync HTTP/1.1" 200 0
00:28:15 [DEBUG] selenium.webdriver.remote.remote_connection — Remote response: status=200 | data={"value":false} | headers=HTTPHeaderDict({'Content-Length': '15', 'Content-Type': 'application/json; charset=utf-8', 'cache-control': 'no-cache'})
00:28:15 [DEBUG] selenium.webdriver.remote.remote_connection — Finished Request
00:28:16 [DEBUG] selenium.webdriver.remote.remote_connection — POST http://localhost:57695/session/1785d0cfc50f5f2ea2b3d7d18ad6c80b/element {'using': 'xpath', 'value': "//button[contains(text(), 'Accept All')]"}
00:28:16 [DEBUG] urllib3.connectionpool — http://localhost:57695 "POST /session/1785d0cfc50f5f2ea2b3d7d18ad6c80b/element HTTP/1.1" 404 0
00:28:16 [DEBUG] selenium.webdriver.remote.remote_connection — Remote response: status=404 | data={"value":{"error":"no such element","message":"no such element: Unable to locate element: {\"method\":\"xpath\",\"selector\":\"//button[contains(text(), 'Accept All')]\"}\n  (Session info: chrome=147.0.7727.117)","stacktrace":"\tchromedriver!GetHandleVerifier [0x48b373+10553]\n\tchromedriver!GetHandleVerifier [0x48b4a4+10684]\n\tchromedriver!(No symbol) [0x291e10]\n\tchromedriver!(No symbol) [0x2da9da]\n\tchromedriver!(No symbol) [0x2dac7b]\n\tchromedriver!(No symbol) [0x31d162]\n\tchromedriver!(No symbol) [0x2fd8b4]\n\tchromedriver!(No symbol) [0x31aa36]\n\tchromedriver!(No symbol) [0x2fd606]\n\tchromedriver!(No symbol) [0x2d0039]\n\tchromedriver!(No symbol) [0x2d0df4]\n\tchromedriver!GetHandleVerifier [0x70ddb4+292f94]\n\tchromedriver!GetHandleVerifier [0x70937d+28e55d]\n\tchromedriver!GetHandleVerifier [0x728215+2ad3f5]\n\tchromedriver!GetHandleVerifier [0x4a4c18+29df8]\n\tchromedriver!GetHandleVerifier [0x4ac6fd+318dd]\n\tchromedriver!GetHandleVerifier [0x493c78+18e58]\n\tchromedriver!GetHandleVerifier [0x493e42+19022]\n\tchromedriver!GetHandleVerifier [0x47d45f+263f]\n\tKERNEL32!BaseThreadInitThunk [0x75aafcc9+19]\n\tntdll!RtlGetAppContainerNamedObjectPath [0x779982ae+11e]\n\tntdll!RtlGetAppContainerNamedObjectPath [0x7799827e+ee]\n"}} | headers=HTTPHeaderDict({'Content-Length': '1260', 'Content-Type': 'application/json; charset=utf-8', 'cache-control': 'no-cache'})
00:28:16 [DEBUG] selenium.webdriver.remote.remote_connection — Finished Request
00:28:17 [DEBUG] selenium.webdriver.remote.remote_connection — POST http://localhost:57695/session/1785d0cfc50f5f2ea2b3d7d18ad6c80b/element {'using': 'xpath', 'value': "//button[contains(text(), 'Accept All')]"}
00:28:17 [DEBUG] urllib3.connectionpool — http://localhost:57695 "POST /session/1785d0cfc50f5f2ea2b3d7d18ad6c80b/element HTTP/1.1" 404 0
00:28:17 [DEBUG] selenium.webdriver.remote.remote_connection — Remote response: status=404 | data={"value":{"error":"no such element","message":"no such element: Unable to locate element: {\"method\":\"xpath\",\"selector\":\"//button[contains(text(), 'Accept All')]\"}\n  (Session info: chrome=147.0.7727.117)","stacktrace":"\tchromedriver!GetHandleVerifier [0x48b373+10553]\n\tchromedriver!GetHandleVerifier [0x48b4a4+10684]\n\tchromedriver!(No symbol) [0x291e10]\n\tchromedriver!(No symbol) [0x2da9da]\n\tchromedriver!(No symbol) [0x2dac7b]\n\tchromedriver!(No symbol) [0x31d162]\n\tchromedriver!(No symbol) [0x2fd8b4]\n\tchromedriver!(No symbol) [0x31aa36]\n\tchromedriver!(No symbol) [0x2fd606]\n\tchromedriver!(No symbol) [0x2d0039]\n\tchromedriver!(No symbol) [0x2d0df4]\n\tchromedriver!GetHandleVerifier [0x70ddb4+292f94]\n\tchromedriver!GetHandleVerifier [0x70937d+28e55d]\n\tchromedriver!GetHandleVerifier [0x728215+2ad3f5]\n\tchromedriver!GetHandleVerifier [0x4a4c18+29df8]\n\tchromedriver!GetHandleVerifier [0x4ac6fd+318dd]\n\tchromedriver!GetHandleVerifier [0x493c78+18e58]\n\tchromedriver!GetHandleVerifier [0x493e42+19022]\n\tchromedriver!GetHandleVerifier [0x47d45f+263f]\n\tKERNEL32!BaseThreadInitThunk [0x75aafcc9+19]\n\tntdll!RtlGetAppContainerNamedObjectPath [0x779982ae+11e]\n\tntdll!RtlGetAppContainerNamedObjectPath [0x7799827e+ee]\n"}} | headers=HTTPHeaderDict({'Content-Length': '1260', 'Content-Type': 'application/json; charset=utf-8', 'cache-control': 'no-cache'})
00:28:17 [DEBUG] selenium.webdriver.remote.remote_connection — Finished Request
00:28:17 [DEBUG] selenium.webdriver.remote.remote_connection — POST http://localhost:57695/session/1785d0cfc50f5f2ea2b3d7d18ad6c80b/element {'using': 'xpath', 'value': "//button[contains(text(), 'Accept All')]"}
00:28:17 [DEBUG] urllib3.connectionpool — http://localhost:57695 "POST /session/1785d0cfc50f5f2ea2b3d7d18ad6c80b/element HTTP/1.1" 404 0
00:28:17 [DEBUG] selenium.webdriver.remote.remote_connection — Remote response: status=404 | data={"value":{"error":"no such element","message":"no such element: Unable to locate element: {\"method\":\"xpath\",\"selector\":\"//button[contains(text(), 'Accept All')]\"}\n  (Session info: chrome=147.0.7727.117)","stacktrace":"\tchromedriver!GetHandleVerifier [0x48b373+10553]\n\tchromedriver!GetHandleVerifier [0x48b4a4+10684]\n\tchromedriver!(No symbol) [0x291e10]\n\tchromedriver!(No symbol) [0x2da9da]\n\tchromedriver!(No symbol) [0x2dac7b]\n\tchromedriver!(No symbol) [0x31d162]\n\tchromedriver!(No symbol) [0x2fd8b4]\n\tchromedriver!(No symbol) [0x31aa36]\n\tchromedriver!(No symbol) [0x2fd606]\n\tchromedriver!(No symbol) [0x2d0039]\n\tchromedriver!(No symbol) [0x2d0df4]\n\tchromedriver!GetHandleVerifier [0x70ddb4+292f94]\n\tchromedriver!GetHandleVerifier [0x70937d+28e55d]\n\tchromedriver!GetHandleVerifier [0x728215+2ad3f5]\n\tchromedriver!GetHandleVerifier [0x4a4c18+29df8]\n\tchromedriver!GetHandleVerifier [0x4ac6fd+318dd]\n\tchromedriver!GetHandleVerifier [0x493c78+18e58]\n\tchromedriver!GetHandleVerifier [0x493e42+19022]\n\tchromedriver!GetHandleVerifier [0x47d45f+263f]\n\tKERNEL32!BaseThreadInitThunk [0x75aafcc9+19]\n\tntdll!RtlGetAppContainerNamedObjectPath [0x779982ae+11e]\n\tntdll!RtlGetAppContainerNamedObjectPath [0x7799827e+ee]\n"}} | headers=HTTPHeaderDict({'Content-Length': '1260', 'Content-Type': 'application/json; charset=utf-8', 'cache-control': 'no-cache'})
00:28:17 [DEBUG] selenium.webdriver.remote.remote_connection — Finished Request
00:28:18 [DEBUG] selenium.webdriver.remote.remote_connection — POST http://localhost:57695/session/1785d0cfc50f5f2ea2b3d7d18ad6c80b/element {'using': 'xpath', 'value': "//button[contains(text(), 'Accept All')]"}
00:28:18 [DEBUG] urllib3.connectionpool — http://localhost:57695 "POST /session/1785d0cfc50f5f2ea2b3d7d18ad6c80b/element HTTP/1.1" 404 0
00:28:18 [DEBUG] selenium.webdriver.remote.remote_connection — Remote response: status=404 | data={"value":{"error":"no such element","message":"no such element: Unable to locate element: {\"method\":\"xpath\",\"selector\":\"//button[contains(text(), 'Accept All')]\"}\n  (Session info: chrome=147.0.7727.117)","stacktrace":"\tchromedriver!GetHandleVerifier [0x48b373+10553]\n\tchromedriver!GetHandleVerifier [0x48b4a4+10684]\n\tchromedriver!(No symbol) [0x291e10]\n\tchromedriver!(No symbol) [0x2da9da]\n\tchromedriver!(No symbol) [0x2dac7b]\n\tchromedriver!(No symbol) [0x31d162]\n\tchromedriver!(No symbol) [0x2fd8b4]\n\tchromedriver!(No symbol) [0x31aa36]\n\tchromedriver!(No symbol) [0x2fd606]\n\tchromedriver!(No symbol) [0x2d0039]\n\tchromedriver!(No symbol) [0x2d0df4]\n\tchromedriver!GetHandleVerifier [0x70ddb4+292f94]\n\tchromedriver!GetHandleVerifier [0x70937d+28e55d]\n\tchromedriver!GetHandleVerifier [0x728215+2ad3f5]\n\tchromedriver!GetHandleVerifier [0x4a4c18+29df8]\n\tchromedriver!GetHandleVerifier [0x4ac6fd+318dd]\n\tchromedriver!GetHandleVerifier [0x493c78+18e58]\n\tchromedriver!GetHandleVerifier [0x493e42+19022]\n\tchromedriver!GetHandleVerifier [0x47d45f+263f]\n\tKERNEL32!BaseThreadInitThunk [0x75aafcc9+19]\n\tntdll!RtlGetAppContainerNamedObjectPath [0x779982ae+11e]\n\tntdll!RtlGetAppContainerNamedObjectPath [0x7799827e+ee]\n"}} | headers=HTTPHeaderDict({'Content-Length': '1260', 'Content-Type': 'application/json; charset=utf-8', 'cache-control': 'no-cache'})
00:28:18 [DEBUG] selenium.webdriver.remote.remote_connection — Finished Request
00:28:18 [DEBUG] selenium.webdriver.remote.remote_connection — POST http://localhost:57695/session/1785d0cfc50f5f2ea2b3d7d18ad6c80b/element {'using': 'xpath', 'value': "//button[contains(text(), 'Accept All')]"}
00:28:18 [DEBUG] urllib3.connectionpool — http://localhost:57695 "POST /session/1785d0cfc50f5f2ea2b3d7d18ad6c80b/element HTTP/1.1" 404 0
00:28:18 [DEBUG] selenium.webdriver.remote.remote_connection — Remote response: status=404 | data={"value":{"error":"no such element","message":"no such element: Unable to locate element: {\"method\":\"xpath\",\"selector\":\"//button[contains(text(), 'Accept All')]\"}\n  (Session info: chrome=147.0.7727.117)","stacktrace":"\tchromedriver!GetHandleVerifier [0x48b373+10553]\n\tchromedriver!GetHandleVerifier [0x48b4a4+10684]\n\tchromedriver!(No symbol) [0x291e10]\n\tchromedriver!(No symbol) [0x2da9da]\n\tchromedriver!(No symbol) [0x2dac7b]\n\tchromedriver!(No symbol) [0x31d162]\n\tchromedriver!(No symbol) [0x2fd8b4]\n\tchromedriver!(No symbol) [0x31aa36]\n\tchromedriver!(No symbol) [0x2fd606]\n\tchromedriver!(No symbol) [0x2d0039]\n\tchromedriver!(No symbol) [0x2d0df4]\n\tchromedriver!GetHandleVerifier [0x70ddb4+292f94]\n\tchromedriver!GetHandleVerifier [0x70937d+28e55d]\n\tchromedriver!GetHandleVerifier [0x728215+2ad3f5]\n\tchromedriver!GetHandleVerifier [0x4a4c18+29df8]\n\tchromedriver!GetHandleVerifier [0x4ac6fd+318dd]\n\tchromedriver!GetHandleVerifier [0x493c78+18e58]\n\tchromedriver!GetHandleVerifier [0x493e42+19022]\n\tchromedriver!GetHandleVerifier [0x47d45f+263f]\n\tKERNEL32!BaseThreadInitThunk [0x75aafcc9+19]\n\tntdll!RtlGetAppContainerNamedObjectPath [0x779982ae+11e]\n\tntdll!RtlGetAppContainerNamedObjectPath [0x7799827e+ee]\n"}} | headers=HTTPHeaderDict({'Content-Length': '1260', 'Content-Type': 'application/json; charset=utf-8', 'cache-control': 'no-cache'})
00:28:18 [DEBUG] selenium.webdriver.remote.remote_connection — Finished Request
00:28:19 [DEBUG] selenium.webdriver.remote.remote_connection — POST http://localhost:57695/session/1785d0cfc50f5f2ea2b3d7d18ad6c80b/element {'using': 'xpath', 'value': "//button[contains(text(), 'Accept All')]"}
00:28:19 [DEBUG] urllib3.connectionpool — http://localhost:57695 "POST /session/1785d0cfc50f5f2ea2b3d7d18ad6c80b/element HTTP/1.1" 404 0
00:28:19 [DEBUG] selenium.webdriver.remote.remote_connection — Remote response: status=404 | data={"value":{"error":"no such element","message":"no such element: Unable to locate element: {\"method\":\"xpath\",\"selector\":\"//button[contains(text(), 'Accept All')]\"}\n  (Session info: chrome=147.0.7727.117)","stacktrace":"\tchromedriver!GetHandleVerifier [0x48b373+10553]\n\tchromedriver!GetHandleVerifier [0x48b4a4+10684]\n\tchromedriver!(No symbol) [0x291e10]\n\tchromedriver!(No symbol) [0x2da9da]\n\tchromedriver!(No symbol) [0x2dac7b]\n\tchromedriver!(No symbol) [0x31d162]\n\tchromedriver!(No symbol) [0x2fd8b4]\n\tchromedriver!(No symbol) [0x31aa36]\n\tchromedriver!(No symbol) [0x2fd606]\n\tchromedriver!(No symbol) [0x2d0039]\n\tchromedriver!(No symbol) [0x2d0df4]\n\tchromedriver!GetHandleVerifier [0x70ddb4+292f94]\n\tchromedriver!GetHandleVerifier [0x70937d+28e55d]\n\tchromedriver!GetHandleVerifier [0x728215+2ad3f5]\n\tchromedriver!GetHandleVerifier [0x4a4c18+29df8]\n\tchromedriver!GetHandleVerifier [0x4ac6fd+318dd]\n\tchromedriver!GetHandleVerifier [0x493c78+18e58]\n\tchromedriver!GetHandleVerifier [0x493e42+19022]\n\tchromedriver!GetHandleVerifier [0x47d45f+263f]\n\tKERNEL32!BaseThreadInitThunk [0x75aafcc9+19]\n\tntdll!RtlGetAppContainerNamedObjectPath [0x779982ae+11e]\n\tntdll!RtlGetAppContainerNamedObjectPath [0x7799827e+ee]\n"}} | headers=HTTPHeaderDict({'Content-Length': '1260', 'Content-Type': 'application/json; charset=utf-8', 'cache-control': 'no-cache'})
00:28:19 [DEBUG] selenium.webdriver.remote.remote_connection — Finished Request
00:28:19 [DEBUG] selenium.webdriver.remote.remote_connection — POST http://localhost:57695/session/1785d0cfc50f5f2ea2b3d7d18ad6c80b/element {'using': 'xpath', 'value': "//a[contains(text(), 'Accept All')]"}
00:28:19 [DEBUG] urllib3.connectionpool — http://localhost:57695 "POST /session/1785d0cfc50f5f2ea2b3d7d18ad6c80b/element HTTP/1.1" 200 0
00:28:19 [DEBUG] selenium.webdriver.remote.remote_connection — Remote response: status=200 | data={"value":{"element-6066-11e4-a52e-4f735466cecf":"f.DB8ADB7B39419EC651A45B4C0D0839FA.d.B7D0FD9E31DB6F78D2316F5279FA239B.e.5822"}} | headers=HTTPHeaderDict({'Content-Length': '128', 'Content-Type': 'application/json; charset=utf-8', 'cache-control': 'no-cache'})
00:28:19 [DEBUG] selenium.webdriver.remote.remote_connection — Finished Request
00:28:19 [DEBUG] selenium.webdriver.remote.remote_connection — POST http://localhost:57695/session/1785d0cfc50f5f2ea2b3d7d18ad6c80b/execute/sync {'script': '/* isDisplayed */return (function(){return (function(){var g=this||self;\nfunction aa(a){var b=typeof...', 'args': [{'element-6066-11e4-a52e-4f735466cecf': 'f.DB8ADB7B39419EC651A45B4C0D0839FA.d.B7D0FD9E31DB6F78D2316F5279FA239B.e.5822'}]}
00:28:19 [DEBUG] urllib3.connectionpool — http://localhost:57695 "POST /session/1785d0cfc50f5f2ea2b3d7d18ad6c80b/execute/sync HTTP/1.1" 200 0
00:28:19 [DEBUG] selenium.webdriver.remote.remote_connection — Remote response: status=200 | data={"value":false} | headers=HTTPHeaderDict({'Content-Length': '15', 'Content-Type': 'application/json; charset=utf-8', 'cache-control': 'no-cache'})
00:28:19 [DEBUG] selenium.webdriver.remote.remote_connection — Finished Request
00:28:20 [DEBUG] selenium.webdriver.remote.remote_connection — POST http://localhost:57695/session/1785d0cfc50f5f2ea2b3d7d18ad6c80b/element {'using': 'xpath', 'value': "//a[contains(text(), 'Accept All')]"}
00:28:20 [DEBUG] urllib3.connectionpool — http://localhost:57695 "POST /session/1785d0cfc50f5f2ea2b3d7d18ad6c80b/element HTTP/1.1" 200 0
00:28:20 [DEBUG] selenium.webdriver.remote.remote_connection — Remote response: status=200 | data={"value":{"element-6066-11e4-a52e-4f735466cecf":"f.DB8ADB7B39419EC651A45B4C0D0839FA.d.B7D0FD9E31DB6F78D2316F5279FA239B.e.5822"}} | headers=HTTPHeaderDict({'Content-Length': '128', 'Content-Type': 'application/json; charset=utf-8', 'cache-control': 'no-cache'})
00:28:20 [DEBUG] selenium.webdriver.remote.remote_connection — Finished Request
00:28:20 [DEBUG] selenium.webdriver.remote.remote_connection — POST http://localhost:57695/session/1785d0cfc50f5f2ea2b3d7d18ad6c80b/execute/sync {'script': '/* isDisplayed */return (function(){return (function(){var g=this||self;\nfunction aa(a){var b=typeof...', 'args': [{'element-6066-11e4-a52e-4f735466cecf': 'f.DB8ADB7B39419EC651A45B4C0D0839FA.d.B7D0FD9E31DB6F78D2316F5279FA239B.e.5822'}]}
00:28:20 [DEBUG] urllib3.connectionpool — http://localhost:57695 "POST /session/1785d0cfc50f5f2ea2b3d7d18ad6c80b/execute/sync HTTP/1.1" 200 0
00:28:20 [DEBUG] selenium.webdriver.remote.remote_connection — Remote response: status=200 | data={"value":false} | headers=HTTPHeaderDict({'Content-Length': '15', 'Content-Type': 'application/json; charset=utf-8', 'cache-control': 'no-cache'})
00:28:20 [DEBUG] selenium.webdriver.remote.remote_connection — Finished Request
00:28:20 [DEBUG] selenium.webdriver.remote.remote_connection — POST http://localhost:57695/session/1785d0cfc50f5f2ea2b3d7d18ad6c80b/element {'using': 'xpath', 'value': "//a[contains(text(), 'Accept All')]"}
00:28:20 [DEBUG] urllib3.connectionpool — http://localhost:57695 "POST /session/1785d0cfc50f5f2ea2b3d7d18ad6c80b/element HTTP/1.1" 200 0
00:28:20 [DEBUG] selenium.webdriver.remote.remote_connection — Remote response: status=200 | data={"value":{"element-6066-11e4-a52e-4f735466cecf":"f.DB8ADB7B39419EC651A45B4C0D0839FA.d.B7D0FD9E31DB6F78D2316F5279FA239B.e.5822"}} | headers=HTTPHeaderDict({'Content-Length': '128', 'Content-Type': 'application/json; charset=utf-8', 'cache-control': 'no-cache'})
00:28:20 [DEBUG] selenium.webdriver.remote.remote_connection — Finished Request
00:28:20 [DEBUG] selenium.webdriver.remote.remote_connection — POST http://localhost:57695/session/1785d0cfc50f5f2ea2b3d7d18ad6c80b/execute/sync {'script': '/* isDisplayed */return (function(){return (function(){var g=this||self;\nfunction aa(a){var b=typeof...', 'args': [{'element-6066-11e4-a52e-4f735466cecf': 'f.DB8ADB7B39419EC651A45B4C0D0839FA.d.B7D0FD9E31DB6F78D2316F5279FA239B.e.5822'}]}
00:28:20 [DEBUG] urllib3.connectionpool — http://localhost:57695 "POST /session/1785d0cfc50f5f2ea2b3d7d18ad6c80b/execute/sync HTTP/1.1" 200 0
00:28:20 [DEBUG] selenium.webdriver.remote.remote_connection — Remote response: status=200 | data={"value":false} | headers=HTTPHeaderDict({'Content-Length': '15', 'Content-Type': 'application/json; charset=utf-8', 'cache-control': 'no-cache'})
00:28:20 [DEBUG] selenium.webdriver.remote.remote_connection — Finished Request
00:28:21 [DEBUG] selenium.webdriver.remote.remote_connection — POST http://localhost:57695/session/1785d0cfc50f5f2ea2b3d7d18ad6c80b/element {'using': 'xpath', 'value': "//a[contains(text(), 'Accept All')]"}
00:28:21 [DEBUG] urllib3.connectionpool — http://localhost:57695 "POST /session/1785d0cfc50f5f2ea2b3d7d18ad6c80b/element HTTP/1.1" 200 0
00:28:21 [DEBUG] selenium.webdriver.remote.remote_connection — Remote response: status=200 | data={"value":{"element-6066-11e4-a52e-4f735466cecf":"f.DB8ADB7B39419EC651A45B4C0D0839FA.d.B7D0FD9E31DB6F78D2316F5279FA239B.e.5822"}} | headers=HTTPHeaderDict({'Content-Length': '128', 'Content-Type': 'application/json; charset=utf-8', 'cache-control': 'no-cache'})
00:28:21 [DEBUG] selenium.webdriver.remote.remote_connection — Finished Request
00:28:21 [DEBUG] selenium.webdriver.remote.remote_connection — POST http://localhost:57695/session/1785d0cfc50f5f2ea2b3d7d18ad6c80b/execute/sync {'script': '/* isDisplayed */return (function(){return (function(){var g=this||self;\nfunction aa(a){var b=typeof...', 'args': [{'element-6066-11e4-a52e-4f735466cecf': 'f.DB8ADB7B39419EC651A45B4C0D0839FA.d.B7D0FD9E31DB6F78D2316F5279FA239B.e.5822'}]}
00:28:21 [DEBUG] urllib3.connectionpool — http://localhost:57695 "POST /session/1785d0cfc50f5f2ea2b3d7d18ad6c80b/execute/sync HTTP/1.1" 200 0
00:28:21 [DEBUG] selenium.webdriver.remote.remote_connection — Remote response: status=200 | data={"value":false} | headers=HTTPHeaderDict({'Content-Length': '15', 'Content-Type': 'application/json; charset=utf-8', 'cache-control': 'no-cache'})
00:28:21 [DEBUG] selenium.webdriver.remote.remote_connection — Finished Request
00:28:21 [DEBUG] selenium.webdriver.remote.remote_connection — POST http://localhost:57695/session/1785d0cfc50f5f2ea2b3d7d18ad6c80b/element {'using': 'xpath', 'value': "//a[contains(text(), 'Accept All')]"}
00:28:21 [DEBUG] urllib3.connectionpool — http://localhost:57695 "POST /session/1785d0cfc50f5f2ea2b3d7d18ad6c80b/element HTTP/1.1" 200 0
00:28:21 [DEBUG] selenium.webdriver.remote.remote_connection — Remote response: status=200 | data={"value":{"element-6066-11e4-a52e-4f735466cecf":"f.DB8ADB7B39419EC651A45B4C0D0839FA.d.B7D0FD9E31DB6F78D2316F5279FA239B.e.5822"}} | headers=HTTPHeaderDict({'Content-Length': '128', 'Content-Type': 'application/json; charset=utf-8', 'cache-control': 'no-cache'})
00:28:21 [DEBUG] selenium.webdriver.remote.remote_connection — Finished Request
00:28:21 [DEBUG] selenium.webdriver.remote.remote_connection — POST http://localhost:57695/session/1785d0cfc50f5f2ea2b3d7d18ad6c80b/execute/sync {'script': '/* isDisplayed */return (function(){return (function(){var g=this||self;\nfunction aa(a){var b=typeof...', 'args': [{'element-6066-11e4-a52e-4f735466cecf': 'f.DB8ADB7B39419EC651A45B4C0D0839FA.d.B7D0FD9E31DB6F78D2316F5279FA239B.e.5822'}]}
00:28:21 [DEBUG] urllib3.connectionpool — http://localhost:57695 "POST /session/1785d0cfc50f5f2ea2b3d7d18ad6c80b/execute/sync HTTP/1.1" 200 0
00:28:21 [DEBUG] selenium.webdriver.remote.remote_connection — Remote response: status=200 | data={"value":false} | headers=HTTPHeaderDict({'Content-Length': '15', 'Content-Type': 'application/json; charset=utf-8', 'cache-control': 'no-cache'})
00:28:21 [DEBUG] selenium.webdriver.remote.remote_connection — Finished Request
00:28:22 [DEBUG] selenium.webdriver.remote.remote_connection — POST http://localhost:57695/session/1785d0cfc50f5f2ea2b3d7d18ad6c80b/element {'using': 'xpath', 'value': "//a[contains(text(), 'Accept All')]"}
00:28:22 [DEBUG] urllib3.connectionpool — http://localhost:57695 "POST /session/1785d0cfc50f5f2ea2b3d7d18ad6c80b/element HTTP/1.1" 200 0
00:28:22 [DEBUG] selenium.webdriver.remote.remote_connection — Remote response: status=200 | data={"value":{"element-6066-11e4-a52e-4f735466cecf":"f.DB8ADB7B39419EC651A45B4C0D0839FA.d.B7D0FD9E31DB6F78D2316F5279FA239B.e.5822"}} | headers=HTTPHeaderDict({'Content-Length': '128', 'Content-Type': 'application/json; charset=utf-8', 'cache-control': 'no-cache'})
00:28:22 [DEBUG] selenium.webdriver.remote.remote_connection — Finished Request
00:28:22 [DEBUG] selenium.webdriver.remote.remote_connection — POST http://localhost:57695/session/1785d0cfc50f5f2ea2b3d7d18ad6c80b/execute/sync {'script': '/* isDisplayed */return (function(){return (function(){var g=this||self;\nfunction aa(a){var b=typeof...', 'args': [{'element-6066-11e4-a52e-4f735466cecf': 'f.DB8ADB7B39419EC651A45B4C0D0839FA.d.B7D0FD9E31DB6F78D2316F5279FA239B.e.5822'}]}
00:28:22 [DEBUG] urllib3.connectionpool — http://localhost:57695 "POST /session/1785d0cfc50f5f2ea2b3d7d18ad6c80b/execute/sync HTTP/1.1" 200 0
00:28:22 [DEBUG] selenium.webdriver.remote.remote_connection — Remote response: status=200 | data={"value":false} | headers=HTTPHeaderDict({'Content-Length': '15', 'Content-Type': 'application/json; charset=utf-8', 'cache-control': 'no-cache'})
00:28:22 [DEBUG] selenium.webdriver.remote.remote_connection — Finished Request
00:28:22 [DEBUG] selenium.webdriver.remote.remote_connection — POST http://localhost:57695/session/1785d0cfc50f5f2ea2b3d7d18ad6c80b/element {'using': 'css selector', 'value': 'button#wt-cli-accept-all-btn'}
00:28:22 [DEBUG] urllib3.connectionpool — http://localhost:57695 "POST /session/1785d0cfc50f5f2ea2b3d7d18ad6c80b/element HTTP/1.1" 404 0
00:28:22 [DEBUG] selenium.webdriver.remote.remote_connection — Remote response: status=404 | data={"value":{"error":"no such element","message":"no such element: Unable to locate element: {\"method\":\"css selector\",\"selector\":\"button#wt-cli-accept-all-btn\"}\n  (Session info: chrome=147.0.7727.117)","stacktrace":"\tchromedriver!GetHandleVerifier [0x48b373+10553]\n\tchromedriver!GetHandleVerifier [0x48b4a4+10684]\n\tchromedriver!(No symbol) [0x291e10]\n\tchromedriver!(No symbol) [0x2da9da]\n\tchromedriver!(No symbol) [0x2dac7b]\n\tchromedriver!(No symbol) [0x31d162]\n\tchromedriver!(No symbol) [0x2fd8b4]\n\tchromedriver!(No symbol) [0x31aa36]\n\tchromedriver!(No symbol) [0x2fd606]\n\tchromedriver!(No symbol) [0x2d0039]\n\tchromedriver!(No symbol) [0x2d0df4]\n\tchromedriver!GetHandleVerifier [0x70ddb4+292f94]\n\tchromedriver!GetHandleVerifier [0x70937d+28e55d]\n\tchromedriver!GetHandleVerifier [0x728215+2ad3f5]\n\tchromedriver!GetHandleVerifier [0x4a4c18+29df8]\n\tchromedriver!GetHandleVerifier [0x4ac6fd+318dd]\n\tchromedriver!GetHandleVerifier [0x493c78+18e58]\n\tchromedriver!GetHandleVerifier [0x493e42+19022]\n\tchromedriver!GetHandleVerifier [0x47d45f+263f]\n\tKERNEL32!BaseThreadInitThunk [0x75aafcc9+19]\n\tntdll!RtlGetAppContainerNamedObjectPath [0x779982ae+11e]\n\tntdll!RtlGetAppContainerNamedObjectPath [0x7799827e+ee]\n"}} | headers=HTTPHeaderDict({'Content-Length': '1255', 'Content-Type': 'application/json; charset=utf-8', 'cache-control': 'no-cache'})
00:28:22 [DEBUG] selenium.webdriver.remote.remote_connection — Finished Request
00:28:23 [DEBUG] selenium.webdriver.remote.remote_connection — POST http://localhost:57695/session/1785d0cfc50f5f2ea2b3d7d18ad6c80b/element {'using': 'css selector', 'value': 'button#wt-cli-accept-all-btn'}
00:28:23 [DEBUG] urllib3.connectionpool — http://localhost:57695 "POST /session/1785d0cfc50f5f2ea2b3d7d18ad6c80b/element HTTP/1.1" 404 0
00:28:23 [DEBUG] selenium.webdriver.remote.remote_connection — Remote response: status=404 | data={"value":{"error":"no such element","message":"no such element: Unable to locate element: {\"method\":\"css selector\",\"selector\":\"button#wt-cli-accept-all-btn\"}\n  (Session info: chrome=147.0.7727.117)","stacktrace":"\tchromedriver!GetHandleVerifier [0x48b373+10553]\n\tchromedriver!GetHandleVerifier [0x48b4a4+10684]\n\tchromedriver!(No symbol) [0x291e10]\n\tchromedriver!(No symbol) [0x2da9da]\n\tchromedriver!(No symbol) [0x2dac7b]\n\tchromedriver!(No symbol) [0x31d162]\n\tchromedriver!(No symbol) [0x2fd8b4]\n\tchromedriver!(No symbol) [0x31aa36]\n\tchromedriver!(No symbol) [0x2fd606]\n\tchromedriver!(No symbol) [0x2d0039]\n\tchromedriver!(No symbol) [0x2d0df4]\n\tchromedriver!GetHandleVerifier [0x70ddb4+292f94]\n\tchromedriver!GetHandleVerifier [0x70937d+28e55d]\n\tchromedriver!GetHandleVerifier [0x728215+2ad3f5]\n\tchromedriver!GetHandleVerifier [0x4a4c18+29df8]\n\tchromedriver!GetHandleVerifier [0x4ac6fd+318dd]\n\tchromedriver!GetHandleVerifier [0x493c78+18e58]\n\tchromedriver!GetHandleVerifier [0x493e42+19022]\n\tchromedriver!GetHandleVerifier [0x47d45f+263f]\n\tKERNEL32!BaseThreadInitThunk [0x75aafcc9+19]\n\tntdll!RtlGetAppContainerNamedObjectPath [0x779982ae+11e]\n\tntdll!RtlGetAppContainerNamedObjectPath [0x7799827e+ee]\n"}} | headers=HTTPHeaderDict({'Content-Length': '1255', 'Content-Type': 'application/json; charset=utf-8', 'cache-control': 'no-cache'})
00:28:23 [DEBUG] selenium.webdriver.remote.remote_connection — Finished Request
00:28:24 [DEBUG] selenium.webdriver.remote.remote_connection — POST http://localhost:57695/session/1785d0cfc50f5f2ea2b3d7d18ad6c80b/element {'using': 'css selector', 'value': 'button#wt-cli-accept-all-btn'}
00:28:24 [DEBUG] urllib3.connectionpool — http://localhost:57695 "POST /session/1785d0cfc50f5f2ea2b3d7d18ad6c80b/element HTTP/1.1" 404 0
00:28:24 [DEBUG] selenium.webdriver.remote.remote_connection — Remote response: status=404 | data={"value":{"error":"no such element","message":"no such element: Unable to locate element: {\"method\":\"css selector\",\"selector\":\"button#wt-cli-accept-all-btn\"}\n  (Session info: chrome=147.0.7727.117)","stacktrace":"\tchromedriver!GetHandleVerifier [0x48b373+10553]\n\tchromedriver!GetHandleVerifier [0x48b4a4+10684]\n\tchromedriver!(No symbol) [0x291e10]\n\tchromedriver!(No symbol) [0x2da9da]\n\tchromedriver!(No symbol) [0x2dac7b]\n\tchromedriver!(No symbol) [0x31d162]\n\tchromedriver!(No symbol) [0x2fd8b4]\n\tchromedriver!(No symbol) [0x31aa36]\n\tchromedriver!(No symbol) [0x2fd606]\n\tchromedriver!(No symbol) [0x2d0039]\n\tchromedriver!(No symbol) [0x2d0df4]\n\tchromedriver!GetHandleVerifier [0x70ddb4+292f94]\n\tchromedriver!GetHandleVerifier [0x70937d+28e55d]\n\tchromedriver!GetHandleVerifier [0x728215+2ad3f5]\n\tchromedriver!GetHandleVerifier [0x4a4c18+29df8]\n\tchromedriver!GetHandleVerifier [0x4ac6fd+318dd]\n\tchromedriver!GetHandleVerifier [0x493c78+18e58]\n\tchromedriver!GetHandleVerifier [0x493e42+19022]\n\tchromedriver!GetHandleVerifier [0x47d45f+263f]\n\tKERNEL32!BaseThreadInitThunk [0x75aafcc9+19]\n\tntdll!RtlGetAppContainerNamedObjectPath [0x779982ae+11e]\n\tntdll!RtlGetAppContainerNamedObjectPath [0x7799827e+ee]\n"}} | headers=HTTPHeaderDict({'Content-Length': '1255', 'Content-Type': 'application/json; charset=utf-8', 'cache-control': 'no-cache'})
00:28:24 [DEBUG] selenium.webdriver.remote.remote_connection — Finished Request
00:28:24 [DEBUG] selenium.webdriver.remote.remote_connection — POST http://localhost:57695/session/1785d0cfc50f5f2ea2b3d7d18ad6c80b/element {'using': 'css selector', 'value': 'button#wt-cli-accept-all-btn'}
00:28:24 [DEBUG] urllib3.connectionpool — http://localhost:57695 "POST /session/1785d0cfc50f5f2ea2b3d7d18ad6c80b/element HTTP/1.1" 404 0
00:28:24 [DEBUG] selenium.webdriver.remote.remote_connection — Remote response: status=404 | data={"value":{"error":"no such element","message":"no such element: Unable to locate element: {\"method\":\"css selector\",\"selector\":\"button#wt-cli-accept-all-btn\"}\n  (Session info: chrome=147.0.7727.117)","stacktrace":"\tchromedriver!GetHandleVerifier [0x48b373+10553]\n\tchromedriver!GetHandleVerifier [0x48b4a4+10684]\n\tchromedriver!(No symbol) [0x291e10]\n\tchromedriver!(No symbol) [0x2da9da]\n\tchromedriver!(No symbol) [0x2dac7b]\n\tchromedriver!(No symbol) [0x31d162]\n\tchromedriver!(No symbol) [0x2fd8b4]\n\tchromedriver!(No symbol) [0x31aa36]\n\tchromedriver!(No symbol) [0x2fd606]\n\tchromedriver!(No symbol) [0x2d0039]\n\tchromedriver!(No symbol) [0x2d0df4]\n\tchromedriver!GetHandleVerifier [0x70ddb4+292f94]\n\tchromedriver!GetHandleVerifier [0x70937d+28e55d]\n\tchromedriver!GetHandleVerifier [0x728215+2ad3f5]\n\tchromedriver!GetHandleVerifier [0x4a4c18+29df8]\n\tchromedriver!GetHandleVerifier [0x4ac6fd+318dd]\n\tchromedriver!GetHandleVerifier [0x493c78+18e58]\n\tchromedriver!GetHandleVerifier [0x493e42+19022]\n\tchromedriver!GetHandleVerifier [0x47d45f+263f]\n\tKERNEL32!BaseThreadInitThunk [0x75aafcc9+19]\n\tntdll!RtlGetAppContainerNamedObjectPath [0x779982ae+11e]\n\tntdll!RtlGetAppContainerNamedObjectPath [0x7799827e+ee]\n"}} | headers=HTTPHeaderDict({'Content-Length': '1255', 'Content-Type': 'application/json; charset=utf-8', 'cache-control': 'no-cache'})
00:28:24 [DEBUG] selenium.webdriver.remote.remote_connection — Finished Request
00:28:25 [DEBUG] selenium.webdriver.remote.remote_connection — POST http://localhost:57695/session/1785d0cfc50f5f2ea2b3d7d18ad6c80b/element {'using': 'css selector', 'value': 'button#wt-cli-accept-all-btn'}
00:28:25 [DEBUG] urllib3.connectionpool — http://localhost:57695 "POST /session/1785d0cfc50f5f2ea2b3d7d18ad6c80b/element HTTP/1.1" 404 0
00:28:25 [DEBUG] selenium.webdriver.remote.remote_connection — Remote response: status=404 | data={"value":{"error":"no such element","message":"no such element: Unable to locate element: {\"method\":\"css selector\",\"selector\":\"button#wt-cli-accept-all-btn\"}\n  (Session info: chrome=147.0.7727.117)","stacktrace":"\tchromedriver!GetHandleVerifier [0x48b373+10553]\n\tchromedriver!GetHandleVerifier [0x48b4a4+10684]\n\tchromedriver!(No symbol) [0x291e10]\n\tchromedriver!(No symbol) [0x2da9da]\n\tchromedriver!(No symbol) [0x2dac7b]\n\tchromedriver!(No symbol) [0x31d162]\n\tchromedriver!(No symbol) [0x2fd8b4]\n\tchromedriver!(No symbol) [0x31aa36]\n\tchromedriver!(No symbol) [0x2fd606]\n\tchromedriver!(No symbol) [0x2d0039]\n\tchromedriver!(No symbol) [0x2d0df4]\n\tchromedriver!GetHandleVerifier [0x70ddb4+292f94]\n\tchromedriver!GetHandleVerifier [0x70937d+28e55d]\n\tchromedriver!GetHandleVerifier [0x728215+2ad3f5]\n\tchromedriver!GetHandleVerifier [0x4a4c18+29df8]\n\tchromedriver!GetHandleVerifier [0x4ac6fd+318dd]\n\tchromedriver!GetHandleVerifier [0x493c78+18e58]\n\tchromedriver!GetHandleVerifier [0x493e42+19022]\n\tchromedriver!GetHandleVerifier [0x47d45f+263f]\n\tKERNEL32!BaseThreadInitThunk [0x75aafcc9+19]\n\tntdll!RtlGetAppContainerNamedObjectPath [0x779982ae+11e]\n\tntdll!RtlGetAppContainerNamedObjectPath [0x7799827e+ee]\n"}} | headers=HTTPHeaderDict({'Content-Length': '1255', 'Content-Type': 'application/json; charset=utf-8', 'cache-control': 'no-cache'})
00:28:25 [DEBUG] selenium.webdriver.remote.remote_connection — Finished Request
00:28:25 [DEBUG] selenium.webdriver.remote.remote_connection — POST http://localhost:57695/session/1785d0cfc50f5f2ea2b3d7d18ad6c80b/element {'using': 'css selector', 'value': 'button#wt-cli-accept-all-btn'}
00:28:25 [DEBUG] urllib3.connectionpool — http://localhost:57695 "POST /session/1785d0cfc50f5f2ea2b3d7d18ad6c80b/element HTTP/1.1" 404 0
00:28:25 [DEBUG] selenium.webdriver.remote.remote_connection — Remote response: status=404 | data={"value":{"error":"no such element","message":"no such element: Unable to locate element: {\"method\":\"css selector\",\"selector\":\"button#wt-cli-accept-all-btn\"}\n  (Session info: chrome=147.0.7727.117)","stacktrace":"\tchromedriver!GetHandleVerifier [0x48b373+10553]\n\tchromedriver!GetHandleVerifier [0x48b4a4+10684]\n\tchromedriver!(No symbol) [0x291e10]\n\tchromedriver!(No symbol) [0x2da9da]\n\tchromedriver!(No symbol) [0x2dac7b]\n\tchromedriver!(No symbol) [0x31d162]\n\tchromedriver!(No symbol) [0x2fd8b4]\n\tchromedriver!(No symbol) [0x31aa36]\n\tchromedriver!(No symbol) [0x2fd606]\n\tchromedriver!(No symbol) [0x2d0039]\n\tchromedriver!(No symbol) [0x2d0df4]\n\tchromedriver!GetHandleVerifier [0x70ddb4+292f94]\n\tchromedriver!GetHandleVerifier [0x70937d+28e55d]\n\tchromedriver!GetHandleVerifier [0x728215+2ad3f5]\n\tchromedriver!GetHandleVerifier [0x4a4c18+29df8]\n\tchromedriver!GetHandleVerifier [0x4ac6fd+318dd]\n\tchromedriver!GetHandleVerifier [0x493c78+18e58]\n\tchromedriver!GetHandleVerifier [0x493e42+19022]\n\tchromedriver!GetHandleVerifier [0x47d45f+263f]\n\tKERNEL32!BaseThreadInitThunk [0x75aafcc9+19]\n\tntdll!RtlGetAppContainerNamedObjectPath [0x779982ae+11e]\n\tntdll!RtlGetAppContainerNamedObjectPath [0x7799827e+ee]\n"}} | headers=HTTPHeaderDict({'Content-Length': '1255', 'Content-Type': 'application/json; charset=utf-8', 'cache-control': 'no-cache'})
00:28:25 [DEBUG] selenium.webdriver.remote.remote_connection — Finished Request
00:28:26 [DEBUG] selenium.webdriver.remote.remote_connection — POST http://localhost:57695/session/1785d0cfc50f5f2ea2b3d7d18ad6c80b/element {'using': 'css selector', 'value': '[id="wt-cli-accept-all-btn"]'}
00:28:26 [DEBUG] urllib3.connectionpool — http://localhost:57695 "POST /session/1785d0cfc50f5f2ea2b3d7d18ad6c80b/element HTTP/1.1" 200 0
00:28:26 [DEBUG] selenium.webdriver.remote.remote_connection — Remote response: status=200 | data={"value":{"element-6066-11e4-a52e-4f735466cecf":"f.DB8ADB7B39419EC651A45B4C0D0839FA.d.B7D0FD9E31DB6F78D2316F5279FA239B.e.5822"}} | headers=HTTPHeaderDict({'Content-Length': '128', 'Content-Type': 'application/json; charset=utf-8', 'cache-control': 'no-cache'})
00:28:26 [DEBUG] selenium.webdriver.remote.remote_connection — Finished Request
00:28:26 [DEBUG] selenium.webdriver.remote.remote_connection — POST http://localhost:57695/session/1785d0cfc50f5f2ea2b3d7d18ad6c80b/execute/sync {'script': '/* isDisplayed */return (function(){return (function(){var g=this||self;\nfunction aa(a){var b=typeof...', 'args': [{'element-6066-11e4-a52e-4f735466cecf': 'f.DB8ADB7B39419EC651A45B4C0D0839FA.d.B7D0FD9E31DB6F78D2316F5279FA239B.e.5822'}]}
00:28:26 [DEBUG] urllib3.connectionpool — http://localhost:57695 "POST /session/1785d0cfc50f5f2ea2b3d7d18ad6c80b/execute/sync HTTP/1.1" 200 0
00:28:26 [DEBUG] selenium.webdriver.remote.remote_connection — Remote response: status=200 | data={"value":false} | headers=HTTPHeaderDict({'Content-Length': '15', 'Content-Type': 'application/json; charset=utf-8', 'cache-control': 'no-cache'})
00:28:26 [DEBUG] selenium.webdriver.remote.remote_connection — Finished Request
00:28:26 [DEBUG] selenium.webdriver.remote.remote_connection — POST http://localhost:57695/session/1785d0cfc50f5f2ea2b3d7d18ad6c80b/element {'using': 'css selector', 'value': '[id="wt-cli-accept-all-btn"]'}
00:28:26 [DEBUG] urllib3.connectionpool — http://localhost:57695 "POST /session/1785d0cfc50f5f2ea2b3d7d18ad6c80b/element HTTP/1.1" 200 0
00:28:26 [DEBUG] selenium.webdriver.remote.remote_connection — Remote response: status=200 | data={"value":{"element-6066-11e4-a52e-4f735466cecf":"f.DB8ADB7B39419EC651A45B4C0D0839FA.d.B7D0FD9E31DB6F78D2316F5279FA239B.e.5822"}} | headers=HTTPHeaderDict({'Content-Length': '128', 'Content-Type': 'application/json; charset=utf-8', 'cache-control': 'no-cache'})
00:28:26 [DEBUG] selenium.webdriver.remote.remote_connection — Finished Request
00:28:26 [DEBUG] selenium.webdriver.remote.remote_connection — POST http://localhost:57695/session/1785d0cfc50f5f2ea2b3d7d18ad6c80b/execute/sync {'script': '/* isDisplayed */return (function(){return (function(){var g=this||self;\nfunction aa(a){var b=typeof...', 'args': [{'element-6066-11e4-a52e-4f735466cecf': 'f.DB8ADB7B39419EC651A45B4C0D0839FA.d.B7D0FD9E31DB6F78D2316F5279FA239B.e.5822'}]}
00:28:26 [DEBUG] urllib3.connectionpool — http://localhost:57695 "POST /session/1785d0cfc50f5f2ea2b3d7d18ad6c80b/execute/sync HTTP/1.1" 200 0
00:28:26 [DEBUG] selenium.webdriver.remote.remote_connection — Remote response: status=200 | data={"value":false} | headers=HTTPHeaderDict({'Content-Length': '15', 'Content-Type': 'application/json; charset=utf-8', 'cache-control': 'no-cache'})
00:28:26 [DEBUG] selenium.webdriver.remote.remote_connection — Finished Request
00:28:27 [DEBUG] selenium.webdriver.remote.remote_connection — POST http://localhost:57695/session/1785d0cfc50f5f2ea2b3d7d18ad6c80b/element {'using': 'css selector', 'value': '[id="wt-cli-accept-all-btn"]'}
00:28:27 [DEBUG] urllib3.connectionpool — http://localhost:57695 "POST /session/1785d0cfc50f5f2ea2b3d7d18ad6c80b/element HTTP/1.1" 200 0
00:28:27 [DEBUG] selenium.webdriver.remote.remote_connection — Remote response: status=200 | data={"value":{"element-6066-11e4-a52e-4f735466cecf":"f.DB8ADB7B39419EC651A45B4C0D0839FA.d.B7D0FD9E31DB6F78D2316F5279FA239B.e.5822"}} | headers=HTTPHeaderDict({'Content-Length': '128', 'Content-Type': 'application/json; charset=utf-8', 'cache-control': 'no-cache'})
00:28:27 [DEBUG] selenium.webdriver.remote.remote_connection — Finished Request
00:28:27 [DEBUG] selenium.webdriver.remote.remote_connection — POST http://localhost:57695/session/1785d0cfc50f5f2ea2b3d7d18ad6c80b/execute/sync {'script': '/* isDisplayed */return (function(){return (function(){var g=this||self;\nfunction aa(a){var b=typeof...', 'args': [{'element-6066-11e4-a52e-4f735466cecf': 'f.DB8ADB7B39419EC651A45B4C0D0839FA.d.B7D0FD9E31DB6F78D2316F5279FA239B.e.5822'}]}
00:28:27 [DEBUG] urllib3.connectionpool — http://localhost:57695 "POST /session/1785d0cfc50f5f2ea2b3d7d18ad6c80b/execute/sync HTTP/1.1" 200 0
00:28:27 [DEBUG] selenium.webdriver.remote.remote_connection — Remote response: status=200 | data={"value":false} | headers=HTTPHeaderDict({'Content-Length': '15', 'Content-Type': 'application/json; charset=utf-8', 'cache-control': 'no-cache'})
00:28:27 [DEBUG] selenium.webdriver.remote.remote_connection — Finished Request
00:28:27 [DEBUG] selenium.webdriver.remote.remote_connection — POST http://localhost:57695/session/1785d0cfc50f5f2ea2b3d7d18ad6c80b/element {'using': 'css selector', 'value': '[id="wt-cli-accept-all-btn"]'}
00:28:27 [DEBUG] urllib3.connectionpool — http://localhost:57695 "POST /session/1785d0cfc50f5f2ea2b3d7d18ad6c80b/element HTTP/1.1" 200 0
00:28:27 [DEBUG] selenium.webdriver.remote.remote_connection — Remote response: status=200 | data={"value":{"element-6066-11e4-a52e-4f735466cecf":"f.DB8ADB7B39419EC651A45B4C0D0839FA.d.B7D0FD9E31DB6F78D2316F5279FA239B.e.5822"}} | headers=HTTPHeaderDict({'Content-Length': '128', 'Content-Type': 'application/json; charset=utf-8', 'cache-control': 'no-cache'})
00:28:27 [DEBUG] selenium.webdriver.remote.remote_connection — Finished Request
00:28:27 [DEBUG] selenium.webdriver.remote.remote_connection — POST http://localhost:57695/session/1785d0cfc50f5f2ea2b3d7d18ad6c80b/execute/sync {'script': '/* isDisplayed */return (function(){return (function(){var g=this||self;\nfunction aa(a){var b=typeof...', 'args': [{'element-6066-11e4-a52e-4f735466cecf': 'f.DB8ADB7B39419EC651A45B4C0D0839FA.d.B7D0FD9E31DB6F78D2316F5279FA239B.e.5822'}]}
00:28:27 [DEBUG] urllib3.connectionpool — http://localhost:57695 "POST /session/1785d0cfc50f5f2ea2b3d7d18ad6c80b/execute/sync HTTP/1.1" 200 0
00:28:27 [DEBUG] selenium.webdriver.remote.remote_connection — Remote response: status=200 | data={"value":false} | headers=HTTPHeaderDict({'Content-Length': '15', 'Content-Type': 'application/json; charset=utf-8', 'cache-control': 'no-cache'})
00:28:27 [DEBUG] selenium.webdriver.remote.remote_connection — Finished Request
00:28:28 [DEBUG] selenium.webdriver.remote.remote_connection — POST http://localhost:57695/session/1785d0cfc50f5f2ea2b3d7d18ad6c80b/element {'using': 'css selector', 'value': '[id="wt-cli-accept-all-btn"]'}
00:28:28 [DEBUG] urllib3.connectionpool — http://localhost:57695 "POST /session/1785d0cfc50f5f2ea2b3d7d18ad6c80b/element HTTP/1.1" 200 0
00:28:28 [DEBUG] selenium.webdriver.remote.remote_connection — Remote response: status=200 | data={"value":{"element-6066-11e4-a52e-4f735466cecf":"f.DB8ADB7B39419EC651A45B4C0D0839FA.d.B7D0FD9E31DB6F78D2316F5279FA239B.e.5822"}} | headers=HTTPHeaderDict({'Content-Length': '128', 'Content-Type': 'application/json; charset=utf-8', 'cache-control': 'no-cache'})
00:28:28 [DEBUG] selenium.webdriver.remote.remote_connection — Finished Request
00:28:28 [DEBUG] selenium.webdriver.remote.remote_connection — POST http://localhost:57695/session/1785d0cfc50f5f2ea2b3d7d18ad6c80b/execute/sync {'script': '/* isDisplayed */return (function(){return (function(){var g=this||self;\nfunction aa(a){var b=typeof...', 'args': [{'element-6066-11e4-a52e-4f735466cecf': 'f.DB8ADB7B39419EC651A45B4C0D0839FA.d.B7D0FD9E31DB6F78D2316F5279FA239B.e.5822'}]}
00:28:28 [DEBUG] urllib3.connectionpool — http://localhost:57695 "POST /session/1785d0cfc50f5f2ea2b3d7d18ad6c80b/execute/sync HTTP/1.1" 200 0
00:28:28 [DEBUG] selenium.webdriver.remote.remote_connection — Remote response: status=200 | data={"value":false} | headers=HTTPHeaderDict({'Content-Length': '15', 'Content-Type': 'application/json; charset=utf-8', 'cache-control': 'no-cache'})
00:28:28 [DEBUG] selenium.webdriver.remote.remote_connection — Finished Request
00:28:28 [DEBUG] selenium.webdriver.remote.remote_connection — POST http://localhost:57695/session/1785d0cfc50f5f2ea2b3d7d18ad6c80b/element {'using': 'css selector', 'value': '[id="wt-cli-accept-all-btn"]'}
00:28:28 [DEBUG] urllib3.connectionpool — http://localhost:57695 "POST /session/1785d0cfc50f5f2ea2b3d7d18ad6c80b/element HTTP/1.1" 200 0
00:28:28 [DEBUG] selenium.webdriver.remote.remote_connection — Remote response: status=200 | data={"value":{"element-6066-11e4-a52e-4f735466cecf":"f.DB8ADB7B39419EC651A45B4C0D0839FA.d.B7D0FD9E31DB6F78D2316F5279FA239B.e.5822"}} | headers=HTTPHeaderDict({'Content-Length': '128', 'Content-Type': 'application/json; charset=utf-8', 'cache-control': 'no-cache'})
00:28:28 [DEBUG] selenium.webdriver.remote.remote_connection — Finished Request
00:28:28 [DEBUG] selenium.webdriver.remote.remote_connection — POST http://localhost:57695/session/1785d0cfc50f5f2ea2b3d7d18ad6c80b/execute/sync {'script': '/* isDisplayed */return (function(){return (function(){var g=this||self;\nfunction aa(a){var b=typeof...', 'args': [{'element-6066-11e4-a52e-4f735466cecf': 'f.DB8ADB7B39419EC651A45B4C0D0839FA.d.B7D0FD9E31DB6F78D2316F5279FA239B.e.5822'}]}
00:28:28 [DEBUG] urllib3.connectionpool — http://localhost:57695 "POST /session/1785d0cfc50f5f2ea2b3d7d18ad6c80b/execute/sync HTTP/1.1" 200 0
00:28:28 [DEBUG] selenium.webdriver.remote.remote_connection — Remote response: status=200 | data={"value":false} | headers=HTTPHeaderDict({'Content-Length': '15', 'Content-Type': 'application/json; charset=utf-8', 'cache-control': 'no-cache'})
00:28:28 [DEBUG] selenium.webdriver.remote.remote_connection — Finished Request
00:28:29 [DEBUG] selenium.webdriver.remote.remote_connection — POST http://localhost:57695/session/1785d0cfc50f5f2ea2b3d7d18ad6c80b/element {'using': 'xpath', 'value': "//button[contains(text(), 'Accept All')]"}
00:28:29 [DEBUG] urllib3.connectionpool — http://localhost:57695 "POST /session/1785d0cfc50f5f2ea2b3d7d18ad6c80b/element HTTP/1.1" 404 0
00:28:29 [DEBUG] selenium.webdriver.remote.remote_connection — Remote response: status=404 | data={"value":{"error":"no such element","message":"no such element: Unable to locate element: {\"method\":\"xpath\",\"selector\":\"//button[contains(text(), 'Accept All')]\"}\n  (Session info: chrome=147.0.7727.117)","stacktrace":"\tchromedriver!GetHandleVerifier [0x48b373+10553]\n\tchromedriver!GetHandleVerifier [0x48b4a4+10684]\n\tchromedriver!(No symbol) [0x291e10]\n\tchromedriver!(No symbol) [0x2da9da]\n\tchromedriver!(No symbol) [0x2dac7b]\n\tchromedriver!(No symbol) [0x31d162]\n\tchromedriver!(No symbol) [0x2fd8b4]\n\tchromedriver!(No symbol) [0x31aa36]\n\tchromedriver!(No symbol) [0x2fd606]\n\tchromedriver!(No symbol) [0x2d0039]\n\tchromedriver!(No symbol) [0x2d0df4]\n\tchromedriver!GetHandleVerifier [0x70ddb4+292f94]\n\tchromedriver!GetHandleVerifier [0x70937d+28e55d]\n\tchromedriver!GetHandleVerifier [0x728215+2ad3f5]\n\tchromedriver!GetHandleVerifier [0x4a4c18+29df8]\n\tchromedriver!GetHandleVerifier [0x4ac6fd+318dd]\n\tchromedriver!GetHandleVerifier [0x493c78+18e58]\n\tchromedriver!GetHandleVerifier [0x493e42+19022]\n\tchromedriver!GetHandleVerifier [0x47d45f+263f]\n\tKERNEL32!BaseThreadInitThunk [0x75aafcc9+19]\n\tntdll!RtlGetAppContainerNamedObjectPath [0x779982ae+11e]\n\tntdll!RtlGetAppContainerNamedObjectPath [0x7799827e+ee]\n"}} | headers=HTTPHeaderDict({'Content-Length': '1260', 'Content-Type': 'application/json; charset=utf-8', 'cache-control': 'no-cache'})
00:28:29 [DEBUG] selenium.webdriver.remote.remote_connection — Finished Request
00:28:29 [DEBUG] selenium.webdriver.remote.remote_connection — POST http://localhost:57695/session/1785d0cfc50f5f2ea2b3d7d18ad6c80b/element {'using': 'xpath', 'value': "//button[contains(text(), 'Accept All')]"}
00:28:29 [DEBUG] urllib3.connectionpool — http://localhost:57695 "POST /session/1785d0cfc50f5f2ea2b3d7d18ad6c80b/element HTTP/1.1" 404 0
00:28:29 [DEBUG] selenium.webdriver.remote.remote_connection — Remote response: status=404 | data={"value":{"error":"no such element","message":"no such element: Unable to locate element: {\"method\":\"xpath\",\"selector\":\"//button[contains(text(), 'Accept All')]\"}\n  (Session info: chrome=147.0.7727.117)","stacktrace":"\tchromedriver!GetHandleVerifier [0x48b373+10553]\n\tchromedriver!GetHandleVerifier [0x48b4a4+10684]\n\tchromedriver!(No symbol) [0x291e10]\n\tchromedriver!(No symbol) [0x2da9da]\n\tchromedriver!(No symbol) [0x2dac7b]\n\tchromedriver!(No symbol) [0x31d162]\n\tchromedriver!(No symbol) [0x2fd8b4]\n\tchromedriver!(No symbol) [0x31aa36]\n\tchromedriver!(No symbol) [0x2fd606]\n\tchromedriver!(No symbol) [0x2d0039]\n\tchromedriver!(No symbol) [0x2d0df4]\n\tchromedriver!GetHandleVerifier [0x70ddb4+292f94]\n\tchromedriver!GetHandleVerifier [0x70937d+28e55d]\n\tchromedriver!GetHandleVerifier [0x728215+2ad3f5]\n\tchromedriver!GetHandleVerifier [0x4a4c18+29df8]\n\tchromedriver!GetHandleVerifier [0x4ac6fd+318dd]\n\tchromedriver!GetHandleVerifier [0x493c78+18e58]\n\tchromedriver!GetHandleVerifier [0x493e42+19022]\n\tchromedriver!GetHandleVerifier [0x47d45f+263f]\n\tKERNEL32!BaseThreadInitThunk [0x75aafcc9+19]\n\tntdll!RtlGetAppContainerNamedObjectPath [0x779982ae+11e]\n\tntdll!RtlGetAppContainerNamedObjectPath [0x7799827e+ee]\n"}} | headers=HTTPHeaderDict({'Content-Length': '1260', 'Content-Type': 'application/json; charset=utf-8', 'cache-control': 'no-cache'})
00:28:29 [DEBUG] selenium.webdriver.remote.remote_connection — Finished Request
00:28:30 [DEBUG] selenium.webdriver.remote.remote_connection — POST http://localhost:57695/session/1785d0cfc50f5f2ea2b3d7d18ad6c80b/element {'using': 'xpath', 'value': "//button[contains(text(), 'Accept All')]"}
00:28:30 [DEBUG] urllib3.connectionpool — http://localhost:57695 "POST /session/1785d0cfc50f5f2ea2b3d7d18ad6c80b/element HTTP/1.1" 404 0
00:28:30 [DEBUG] selenium.webdriver.remote.remote_connection — Remote response: status=404 | data={"value":{"error":"no such element","message":"no such element: Unable to locate element: {\"method\":\"xpath\",\"selector\":\"//button[contains(text(), 'Accept All')]\"}\n  (Session info: chrome=147.0.7727.117)","stacktrace":"\tchromedriver!GetHandleVerifier [0x48b373+10553]\n\tchromedriver!GetHandleVerifier [0x48b4a4+10684]\n\tchromedriver!(No symbol) [0x291e10]\n\tchromedriver!(No symbol) [0x2da9da]\n\tchromedriver!(No symbol) [0x2dac7b]\n\tchromedriver!(No symbol) [0x31d162]\n\tchromedriver!(No symbol) [0x2fd8b4]\n\tchromedriver!(No symbol) [0x31aa36]\n\tchromedriver!(No symbol) [0x2fd606]\n\tchromedriver!(No symbol) [0x2d0039]\n\tchromedriver!(No symbol) [0x2d0df4]\n\tchromedriver!GetHandleVerifier [0x70ddb4+292f94]\n\tchromedriver!GetHandleVerifier [0x70937d+28e55d]\n\tchromedriver!GetHandleVerifier [0x728215+2ad3f5]\n\tchromedriver!GetHandleVerifier [0x4a4c18+29df8]\n\tchromedriver!GetHandleVerifier [0x4ac6fd+318dd]\n\tchromedriver!GetHandleVerifier [0x493c78+18e58]\n\tchromedriver!GetHandleVerifier [0x493e42+19022]\n\tchromedriver!GetHandleVerifier [0x47d45f+263f]\n\tKERNEL32!BaseThreadInitThunk [0x75aafcc9+19]\n\tntdll!RtlGetAppContainerNamedObjectPath [0x779982ae+11e]\n\tntdll!RtlGetAppContainerNamedObjectPath [0x7799827e+ee]\n"}} | headers=HTTPHeaderDict({'Content-Length': '1260', 'Content-Type': 'application/json; charset=utf-8', 'cache-control': 'no-cache'})
00:28:30 [DEBUG] selenium.webdriver.remote.remote_connection — Finished Request
00:28:30 [DEBUG] selenium.webdriver.remote.remote_connection — POST http://localhost:57695/session/1785d0cfc50f5f2ea2b3d7d18ad6c80b/element {'using': 'xpath', 'value': "//button[contains(text(), 'Accept All')]"}
00:28:30 [DEBUG] urllib3.connectionpool — http://localhost:57695 "POST /session/1785d0cfc50f5f2ea2b3d7d18ad6c80b/element HTTP/1.1" 404 0
00:28:30 [DEBUG] selenium.webdriver.remote.remote_connection — Remote response: status=404 | data={"value":{"error":"no such element","message":"no such element: Unable to locate element: {\"method\":\"xpath\",\"selector\":\"//button[contains(text(), 'Accept All')]\"}\n  (Session info: chrome=147.0.7727.117)","stacktrace":"\tchromedriver!GetHandleVerifier [0x48b373+10553]\n\tchromedriver!GetHandleVerifier [0x48b4a4+10684]\n\tchromedriver!(No symbol) [0x291e10]\n\tchromedriver!(No symbol) [0x2da9da]\n\tchromedriver!(No symbol) [0x2dac7b]\n\tchromedriver!(No symbol) [0x31d162]\n\tchromedriver!(No symbol) [0x2fd8b4]\n\tchromedriver!(No symbol) [0x31aa36]\n\tchromedriver!(No symbol) [0x2fd606]\n\tchromedriver!(No symbol) [0x2d0039]\n\tchromedriver!(No symbol) [0x2d0df4]\n\tchromedriver!GetHandleVerifier [0x70ddb4+292f94]\n\tchromedriver!GetHandleVerifier [0x70937d+28e55d]\n\tchromedriver!GetHandleVerifier [0x728215+2ad3f5]\n\tchromedriver!GetHandleVerifier [0x4a4c18+29df8]\n\tchromedriver!GetHandleVerifier [0x4ac6fd+318dd]\n\tchromedriver!GetHandleVerifier [0x493c78+18e58]\n\tchromedriver!GetHandleVerifier [0x493e42+19022]\n\tchromedriver!GetHandleVerifier [0x47d45f+263f]\n\tKERNEL32!BaseThreadInitThunk [0x75aafcc9+19]\n\tntdll!RtlGetAppContainerNamedObjectPath [0x779982ae+11e]\n\tntdll!RtlGetAppContainerNamedObjectPath [0x7799827e+ee]\n"}} | headers=HTTPHeaderDict({'Content-Length': '1260', 'Content-Type': 'application/json; charset=utf-8', 'cache-control': 'no-cache'})
00:28:30 [DEBUG] selenium.webdriver.remote.remote_connection — Finished Request
00:28:31 [DEBUG] selenium.webdriver.remote.remote_connection — POST http://localhost:57695/session/1785d0cfc50f5f2ea2b3d7d18ad6c80b/element {'using': 'xpath', 'value': "//button[contains(text(), 'Accept All')]"}
00:28:31 [DEBUG] urllib3.connectionpool — http://localhost:57695 "POST /session/1785d0cfc50f5f2ea2b3d7d18ad6c80b/element HTTP/1.1" 404 0
00:28:31 [DEBUG] selenium.webdriver.remote.remote_connection — Remote response: status=404 | data={"value":{"error":"no such element","message":"no such element: Unable to locate element: {\"method\":\"xpath\",\"selector\":\"//button[contains(text(), 'Accept All')]\"}\n  (Session info: chrome=147.0.7727.117)","stacktrace":"\tchromedriver!GetHandleVerifier [0x48b373+10553]\n\tchromedriver!GetHandleVerifier [0x48b4a4+10684]\n\tchromedriver!(No symbol) [0x291e10]\n\tchromedriver!(No symbol) [0x2da9da]\n\tchromedriver!(No symbol) [0x2dac7b]\n\tchromedriver!(No symbol) [0x31d162]\n\tchromedriver!(No symbol) [0x2fd8b4]\n\tchromedriver!(No symbol) [0x31aa36]\n\tchromedriver!(No symbol) [0x2fd606]\n\tchromedriver!(No symbol) [0x2d0039]\n\tchromedriver!(No symbol) [0x2d0df4]\n\tchromedriver!GetHandleVerifier [0x70ddb4+292f94]\n\tchromedriver!GetHandleVerifier [0x70937d+28e55d]\n\tchromedriver!GetHandleVerifier [0x728215+2ad3f5]\n\tchromedriver!GetHandleVerifier [0x4a4c18+29df8]\n\tchromedriver!GetHandleVerifier [0x4ac6fd+318dd]\n\tchromedriver!GetHandleVerifier [0x493c78+18e58]\n\tchromedriver!GetHandleVerifier [0x493e42+19022]\n\tchromedriver!GetHandleVerifier [0x47d45f+263f]\n\tKERNEL32!BaseThreadInitThunk [0x75aafcc9+19]\n\tntdll!RtlGetAppContainerNamedObjectPath [0x779982ae+11e]\n\tntdll!RtlGetAppContainerNamedObjectPath [0x7799827e+ee]\n"}} | headers=HTTPHeaderDict({'Content-Length': '1260', 'Content-Type': 'application/json; charset=utf-8', 'cache-control': 'no-cache'})
00:28:31 [DEBUG] selenium.webdriver.remote.remote_connection — Finished Request
00:28:31 [DEBUG] selenium.webdriver.remote.remote_connection — POST http://localhost:57695/session/1785d0cfc50f5f2ea2b3d7d18ad6c80b/element {'using': 'xpath', 'value': "//button[contains(text(), 'Accept All')]"}
00:28:31 [DEBUG] urllib3.connectionpool — http://localhost:57695 "POST /session/1785d0cfc50f5f2ea2b3d7d18ad6c80b/element HTTP/1.1" 404 0
00:28:31 [DEBUG] selenium.webdriver.remote.remote_connection — Remote response: status=404 | data={"value":{"error":"no such element","message":"no such element: Unable to locate element: {\"method\":\"xpath\",\"selector\":\"//button[contains(text(), 'Accept All')]\"}\n  (Session info: chrome=147.0.7727.117)","stacktrace":"\tchromedriver!GetHandleVerifier [0x48b373+10553]\n\tchromedriver!GetHandleVerifier [0x48b4a4+10684]\n\tchromedriver!(No symbol) [0x291e10]\n\tchromedriver!(No symbol) [0x2da9da]\n\tchromedriver!(No symbol) [0x2dac7b]\n\tchromedriver!(No symbol) [0x31d162]\n\tchromedriver!(No symbol) [0x2fd8b4]\n\tchromedriver!(No symbol) [0x31aa36]\n\tchromedriver!(No symbol) [0x2fd606]\n\tchromedriver!(No symbol) [0x2d0039]\n\tchromedriver!(No symbol) [0x2d0df4]\n\tchromedriver!GetHandleVerifier [0x70ddb4+292f94]\n\tchromedriver!GetHandleVerifier [0x70937d+28e55d]\n\tchromedriver!GetHandleVerifier [0x728215+2ad3f5]\n\tchromedriver!GetHandleVerifier [0x4a4c18+29df8]\n\tchromedriver!GetHandleVerifier [0x4ac6fd+318dd]\n\tchromedriver!GetHandleVerifier [0x493c78+18e58]\n\tchromedriver!GetHandleVerifier [0x493e42+19022]\n\tchromedriver!GetHandleVerifier [0x47d45f+263f]\n\tKERNEL32!BaseThreadInitThunk [0x75aafcc9+19]\n\tntdll!RtlGetAppContainerNamedObjectPath [0x779982ae+11e]\n\tntdll!RtlGetAppContainerNamedObjectPath [0x7799827e+ee]\n"}} | headers=HTTPHeaderDict({'Content-Length': '1260', 'Content-Type': 'application/json; charset=utf-8', 'cache-control': 'no-cache'})
00:28:31 [DEBUG] selenium.webdriver.remote.remote_connection — Finished Request
00:28:32 [DEBUG] selenium.webdriver.remote.remote_connection — POST http://localhost:57695/session/1785d0cfc50f5f2ea2b3d7d18ad6c80b/element {'using': 'xpath', 'value': "//a[contains(text(), 'Accept All')]"}
00:28:32 [DEBUG] urllib3.connectionpool — http://localhost:57695 "POST /session/1785d0cfc50f5f2ea2b3d7d18ad6c80b/element HTTP/1.1" 200 0
00:28:32 [DEBUG] selenium.webdriver.remote.remote_connection — Remote response: status=200 | data={"value":{"element-6066-11e4-a52e-4f735466cecf":"f.DB8ADB7B39419EC651A45B4C0D0839FA.d.B7D0FD9E31DB6F78D2316F5279FA239B.e.5822"}} | headers=HTTPHeaderDict({'Content-Length': '128', 'Content-Type': 'application/json; charset=utf-8', 'cache-control': 'no-cache'})
00:28:32 [DEBUG] selenium.webdriver.remote.remote_connection — Finished Request
00:28:32 [DEBUG] selenium.webdriver.remote.remote_connection — POST http://localhost:57695/session/1785d0cfc50f5f2ea2b3d7d18ad6c80b/execute/sync {'script': '/* isDisplayed */return (function(){return (function(){var g=this||self;\nfunction aa(a){var b=typeof...', 'args': [{'element-6066-11e4-a52e-4f735466cecf': 'f.DB8ADB7B39419EC651A45B4C0D0839FA.d.B7D0FD9E31DB6F78D2316F5279FA239B.e.5822'}]}
00:28:32 [DEBUG] urllib3.connectionpool — http://localhost:57695 "POST /session/1785d0cfc50f5f2ea2b3d7d18ad6c80b/execute/sync HTTP/1.1" 200 0
00:28:32 [DEBUG] selenium.webdriver.remote.remote_connection — Remote response: status=200 | data={"value":false} | headers=HTTPHeaderDict({'Content-Length': '15', 'Content-Type': 'application/json; charset=utf-8', 'cache-control': 'no-cache'})
00:28:32 [DEBUG] selenium.webdriver.remote.remote_connection — Finished Request
00:28:32 [DEBUG] selenium.webdriver.remote.remote_connection — POST http://localhost:57695/session/1785d0cfc50f5f2ea2b3d7d18ad6c80b/element {'using': 'xpath', 'value': "//a[contains(text(), 'Accept All')]"}
00:28:32 [DEBUG] urllib3.connectionpool — http://localhost:57695 "POST /session/1785d0cfc50f5f2ea2b3d7d18ad6c80b/element HTTP/1.1" 200 0
00:28:32 [DEBUG] selenium.webdriver.remote.remote_connection — Remote response: status=200 | data={"value":{"element-6066-11e4-a52e-4f735466cecf":"f.DB8ADB7B39419EC651A45B4C0D0839FA.d.B7D0FD9E31DB6F78D2316F5279FA239B.e.5822"}} | headers=HTTPHeaderDict({'Content-Length': '128', 'Content-Type': 'application/json; charset=utf-8', 'cache-control': 'no-cache'})
00:28:32 [DEBUG] selenium.webdriver.remote.remote_connection — Finished Request
00:28:32 [DEBUG] selenium.webdriver.remote.remote_connection — POST http://localhost:57695/session/1785d0cfc50f5f2ea2b3d7d18ad6c80b/execute/sync {'script': '/* isDisplayed */return (function(){return (function(){var g=this||self;\nfunction aa(a){var b=typeof...', 'args': [{'element-6066-11e4-a52e-4f735466cecf': 'f.DB8ADB7B39419EC651A45B4C0D0839FA.d.B7D0FD9E31DB6F78D2316F5279FA239B.e.5822'}]}
00:28:32 [DEBUG] urllib3.connectionpool — http://localhost:57695 "POST /session/1785d0cfc50f5f2ea2b3d7d18ad6c80b/execute/sync HTTP/1.1" 200 0
00:28:32 [DEBUG] selenium.webdriver.remote.remote_connection — Remote response: status=200 | data={"value":false} | headers=HTTPHeaderDict({'Content-Length': '15', 'Content-Type': 'application/json; charset=utf-8', 'cache-control': 'no-cache'})
00:28:32 [DEBUG] selenium.webdriver.remote.remote_connection — Finished Request
00:28:33 [DEBUG] selenium.webdriver.remote.remote_connection — POST http://localhost:57695/session/1785d0cfc50f5f2ea2b3d7d18ad6c80b/element {'using': 'xpath', 'value': "//a[contains(text(), 'Accept All')]"}
00:28:33 [DEBUG] urllib3.connectionpool — http://localhost:57695 "POST /session/1785d0cfc50f5f2ea2b3d7d18ad6c80b/element HTTP/1.1" 200 0
00:28:33 [DEBUG] selenium.webdriver.remote.remote_connection — Remote response: status=200 | data={"value":{"element-6066-11e4-a52e-4f735466cecf":"f.DB8ADB7B39419EC651A45B4C0D0839FA.d.B7D0FD9E31DB6F78D2316F5279FA239B.e.5822"}} | headers=HTTPHeaderDict({'Content-Length': '128', 'Content-Type': 'application/json; charset=utf-8', 'cache-control': 'no-cache'})
00:28:33 [DEBUG] selenium.webdriver.remote.remote_connection — Finished Request
00:28:33 [DEBUG] selenium.webdriver.remote.remote_connection — POST http://localhost:57695/session/1785d0cfc50f5f2ea2b3d7d18ad6c80b/execute/sync {'script': '/* isDisplayed */return (function(){return (function(){var g=this||self;\nfunction aa(a){var b=typeof...', 'args': [{'element-6066-11e4-a52e-4f735466cecf': 'f.DB8ADB7B39419EC651A45B4C0D0839FA.d.B7D0FD9E31DB6F78D2316F5279FA239B.e.5822'}]}
00:28:33 [DEBUG] urllib3.connectionpool — http://localhost:57695 "POST /session/1785d0cfc50f5f2ea2b3d7d18ad6c80b/execute/sync HTTP/1.1" 200 0
00:28:33 [DEBUG] selenium.webdriver.remote.remote_connection — Remote response: status=200 | data={"value":false} | headers=HTTPHeaderDict({'Content-Length': '15', 'Content-Type': 'application/json; charset=utf-8', 'cache-control': 'no-cache'})
00:28:33 [DEBUG] selenium.webdriver.remote.remote_connection — Finished Request
00:28:33 [DEBUG] selenium.webdriver.remote.remote_connection — POST http://localhost:57695/session/1785d0cfc50f5f2ea2b3d7d18ad6c80b/element {'using': 'xpath', 'value': "//a[contains(text(), 'Accept All')]"}
00:28:33 [DEBUG] urllib3.connectionpool — http://localhost:57695 "POST /session/1785d0cfc50f5f2ea2b3d7d18ad6c80b/element HTTP/1.1" 200 0
00:28:33 [DEBUG] selenium.webdriver.remote.remote_connection — Remote response: status=200 | data={"value":{"element-6066-11e4-a52e-4f735466cecf":"f.DB8ADB7B39419EC651A45B4C0D0839FA.d.B7D0FD9E31DB6F78D2316F5279FA239B.e.5822"}} | headers=HTTPHeaderDict({'Content-Length': '128', 'Content-Type': 'application/json; charset=utf-8', 'cache-control': 'no-cache'})
00:28:33 [DEBUG] selenium.webdriver.remote.remote_connection — Finished Request
00:28:33 [DEBUG] selenium.webdriver.remote.remote_connection — POST http://localhost:57695/session/1785d0cfc50f5f2ea2b3d7d18ad6c80b/execute/sync {'script': '/* isDisplayed */return (function(){return (function(){var g=this||self;\nfunction aa(a){var b=typeof...', 'args': [{'element-6066-11e4-a52e-4f735466cecf': 'f.DB8ADB7B39419EC651A45B4C0D0839FA.d.B7D0FD9E31DB6F78D2316F5279FA239B.e.5822'}]}
00:28:33 [DEBUG] urllib3.connectionpool — http://localhost:57695 "POST /session/1785d0cfc50f5f2ea2b3d7d18ad6c80b/execute/sync HTTP/1.1" 200 0
00:28:33 [DEBUG] selenium.webdriver.remote.remote_connection — Remote response: status=200 | data={"value":false} | headers=HTTPHeaderDict({'Content-Length': '15', 'Content-Type': 'application/json; charset=utf-8', 'cache-control': 'no-cache'})
00:28:33 [DEBUG] selenium.webdriver.remote.remote_connection — Finished Request
00:28:34 [DEBUG] selenium.webdriver.remote.remote_connection — POST http://localhost:57695/session/1785d0cfc50f5f2ea2b3d7d18ad6c80b/element {'using': 'xpath', 'value': "//a[contains(text(), 'Accept All')]"}
00:28:34 [DEBUG] urllib3.connectionpool — http://localhost:57695 "POST /session/1785d0cfc50f5f2ea2b3d7d18ad6c80b/element HTTP/1.1" 200 0
00:28:34 [DEBUG] selenium.webdriver.remote.remote_connection — Remote response: status=200 | data={"value":{"element-6066-11e4-a52e-4f735466cecf":"f.DB8ADB7B39419EC651A45B4C0D0839FA.d.B7D0FD9E31DB6F78D2316F5279FA239B.e.5822"}} | headers=HTTPHeaderDict({'Content-Length': '128', 'Content-Type': 'application/json; charset=utf-8', 'cache-control': 'no-cache'})
00:28:34 [DEBUG] selenium.webdriver.remote.remote_connection — Finished Request
00:28:34 [DEBUG] selenium.webdriver.remote.remote_connection — POST http://localhost:57695/session/1785d0cfc50f5f2ea2b3d7d18ad6c80b/execute/sync {'script': '/* isDisplayed */return (function(){return (function(){var g=this||self;\nfunction aa(a){var b=typeof...', 'args': [{'element-6066-11e4-a52e-4f735466cecf': 'f.DB8ADB7B39419EC651A45B4C0D0839FA.d.B7D0FD9E31DB6F78D2316F5279FA239B.e.5822'}]}
00:28:34 [DEBUG] urllib3.connectionpool — http://localhost:57695 "POST /session/1785d0cfc50f5f2ea2b3d7d18ad6c80b/execute/sync HTTP/1.1" 200 0
00:28:34 [DEBUG] selenium.webdriver.remote.remote_connection — Remote response: status=200 | data={"value":false} | headers=HTTPHeaderDict({'Content-Length': '15', 'Content-Type': 'application/json; charset=utf-8', 'cache-control': 'no-cache'})
00:28:34 [DEBUG] selenium.webdriver.remote.remote_connection — Finished Request
00:28:34 [DEBUG] selenium.webdriver.remote.remote_connection — POST http://localhost:57695/session/1785d0cfc50f5f2ea2b3d7d18ad6c80b/element {'using': 'xpath', 'value': "//a[contains(text(), 'Accept All')]"}
00:28:34 [DEBUG] urllib3.connectionpool — http://localhost:57695 "POST /session/1785d0cfc50f5f2ea2b3d7d18ad6c80b/element HTTP/1.1" 200 0
00:28:34 [DEBUG] selenium.webdriver.remote.remote_connection — Remote response: status=200 | data={"value":{"element-6066-11e4-a52e-4f735466cecf":"f.DB8ADB7B39419EC651A45B4C0D0839FA.d.B7D0FD9E31DB6F78D2316F5279FA239B.e.5822"}} | headers=HTTPHeaderDict({'Content-Length': '128', 'Content-Type': 'application/json; charset=utf-8', 'cache-control': 'no-cache'})
00:28:34 [DEBUG] selenium.webdriver.remote.remote_connection — Finished Request
00:28:34 [DEBUG] selenium.webdriver.remote.remote_connection — POST http://localhost:57695/session/1785d0cfc50f5f2ea2b3d7d18ad6c80b/execute/sync {'script': '/* isDisplayed */return (function(){return (function(){var g=this||self;\nfunction aa(a){var b=typeof...', 'args': [{'element-6066-11e4-a52e-4f735466cecf': 'f.DB8ADB7B39419EC651A45B4C0D0839FA.d.B7D0FD9E31DB6F78D2316F5279FA239B.e.5822'}]}
00:28:34 [DEBUG] urllib3.connectionpool — http://localhost:57695 "POST /session/1785d0cfc50f5f2ea2b3d7d18ad6c80b/execute/sync HTTP/1.1" 200 0
00:28:34 [DEBUG] selenium.webdriver.remote.remote_connection — Remote response: status=200 | data={"value":false} | headers=HTTPHeaderDict({'Content-Length': '15', 'Content-Type': 'application/json; charset=utf-8', 'cache-control': 'no-cache'})
00:28:34 [DEBUG] selenium.webdriver.remote.remote_connection — Finished Request
00:28:35 [INFO] pages.careers_page — Scrolling to teams section
00:28:35 [DEBUG] selenium.webdriver.remote.remote_connection — POST http://localhost:57695/session/1785d0cfc50f5f2ea2b3d7d18ad6c80b/element {'using': 'css selector', 'value': '[id="career-our-location"]'}
00:28:35 [DEBUG] urllib3.connectionpool — http://localhost:57695 "POST /session/1785d0cfc50f5f2ea2b3d7d18ad6c80b/element HTTP/1.1" 404 0
00:28:35 [DEBUG] selenium.webdriver.remote.remote_connection — Remote response: status=404 | data={"value":{"error":"no such element","message":"no such element: Unable to locate element: {\"method\":\"css selector\",\"selector\":\"[id=\"career-our-location\"]\"}\n  (Session info: chrome=147.0.7727.117)","stacktrace":"\tchromedriver!GetHandleVerifier [0x48b373+10553]\n\tchromedriver!GetHandleVerifier [0x48b4a4+10684]\n\tchromedriver!(No symbol) [0x291e10]\n\tchromedriver!(No symbol) [0x2da9da]\n\tchromedriver!(No symbol) [0x2dac7b]\n\tchromedriver!(No symbol) [0x31d162]\n\tchromedriver!(No symbol) [0x2fd8b4]\n\tchromedriver!(No symbol) [0x31aa36]\n\tchromedriver!(No symbol) [0x2fd606]\n\tchromedriver!(No symbol) [0x2d0039]\n\tchromedriver!(No symbol) [0x2d0df4]\n\tchromedriver!GetHandleVerifier [0x70ddb4+292f94]\n\tchromedriver!GetHandleVerifier [0x70937d+28e55d]\n\tchromedriver!GetHandleVerifier [0x728215+2ad3f5]\n\tchromedriver!GetHandleVerifier [0x4a4c18+29df8]\n\tchromedriver!GetHandleVerifier [0x4ac6fd+318dd]\n\tchromedriver!GetHandleVerifier [0x493c78+18e58]\n\tchromedriver!GetHandleVerifier [0x493e42+19022]\n\tchromedriver!GetHandleVerifier [0x47d45f+263f]\n\tKERNEL32!BaseThreadInitThunk [0x75aafcc9+19]\n\tntdll!RtlGetAppContainerNamedObjectPath [0x779982ae+11e]\n\tntdll!RtlGetAppContainerNamedObjectPath [0x7799827e+ee]\n"}} | headers=HTTPHeaderDict({'Content-Length': '1255', 'Content-Type': 'application/json; charset=utf-8', 'cache-control': 'no-cache'})
00:28:35 [DEBUG] selenium.webdriver.remote.remote_connection — Finished Request
00:28:35 [DEBUG] selenium.webdriver.remote.remote_connection — POST http://localhost:57695/session/1785d0cfc50f5f2ea2b3d7d18ad6c80b/element {'using': 'css selector', 'value': '[id="career-our-location"]'}
00:28:35 [DEBUG] urllib3.connectionpool — http://localhost:57695 "POST /session/1785d0cfc50f5f2ea2b3d7d18ad6c80b/element HTTP/1.1" 404 0
00:28:35 [DEBUG] selenium.webdriver.remote.remote_connection — Remote response: status=404 | data={"value":{"error":"no such element","message":"no such element: Unable to locate element: {\"method\":\"css selector\",\"selector\":\"[id=\"career-our-location\"]\"}\n  (Session info: chrome=147.0.7727.117)","stacktrace":"\tchromedriver!GetHandleVerifier [0x48b373+10553]\n\tchromedriver!GetHandleVerifier [0x48b4a4+10684]\n\tchromedriver!(No symbol) [0x291e10]\n\tchromedriver!(No symbol) [0x2da9da]\n\tchromedriver!(No symbol) [0x2dac7b]\n\tchromedriver!(No symbol) [0x31d162]\n\tchromedriver!(No symbol) [0x2fd8b4]\n\tchromedriver!(No symbol) [0x31aa36]\n\tchromedriver!(No symbol) [0x2fd606]\n\tchromedriver!(No symbol) [0x2d0039]\n\tchromedriver!(No symbol) [0x2d0df4]\n\tchromedriver!GetHandleVerifier [0x70ddb4+292f94]\n\tchromedriver!GetHandleVerifier [0x70937d+28e55d]\n\tchromedriver!GetHandleVerifier [0x728215+2ad3f5]\n\tchromedriver!GetHandleVerifier [0x4a4c18+29df8]\n\tchromedriver!GetHandleVerifier [0x4ac6fd+318dd]\n\tchromedriver!GetHandleVerifier [0x493c78+18e58]\n\tchromedriver!GetHandleVerifier [0x493e42+19022]\n\tchromedriver!GetHandleVerifier [0x47d45f+263f]\n\tKERNEL32!BaseThreadInitThunk [0x75aafcc9+19]\n\tntdll!RtlGetAppContainerNamedObjectPath [0x779982ae+11e]\n\tntdll!RtlGetAppContainerNamedObjectPath [0x7799827e+ee]\n"}} | headers=HTTPHeaderDict({'Content-Length': '1255', 'Content-Type': 'application/json; charset=utf-8', 'cache-control': 'no-cache'})
00:28:35 [DEBUG] selenium.webdriver.remote.remote_connection — Finished Request
00:28:36 [DEBUG] selenium.webdriver.remote.remote_connection — POST http://localhost:57695/session/1785d0cfc50f5f2ea2b3d7d18ad6c80b/element {'using': 'css selector', 'value': '[id="career-our-location"]'}
00:28:36 [DEBUG] urllib3.connectionpool — http://localhost:57695 "POST /session/1785d0cfc50f5f2ea2b3d7d18ad6c80b/element HTTP/1.1" 404 0
00:28:36 [DEBUG] selenium.webdriver.remote.remote_connection — Remote response: status=404 | data={"value":{"error":"no such element","message":"no such element: Unable to locate element: {\"method\":\"css selector\",\"selector\":\"[id=\"career-our-location\"]\"}\n  (Session info: chrome=147.0.7727.117)","stacktrace":"\tchromedriver!GetHandleVerifier [0x48b373+10553]\n\tchromedriver!GetHandleVerifier [0x48b4a4+10684]\n\tchromedriver!(No symbol) [0x291e10]\n\tchromedriver!(No symbol) [0x2da9da]\n\tchromedriver!(No symbol) [0x2dac7b]\n\tchromedriver!(No symbol) [0x31d162]\n\tchromedriver!(No symbol) [0x2fd8b4]\n\tchromedriver!(No symbol) [0x31aa36]\n\tchromedriver!(No symbol) [0x2fd606]\n\tchromedriver!(No symbol) [0x2d0039]\n\tchromedriver!(No symbol) [0x2d0df4]\n\tchromedriver!GetHandleVerifier [0x70ddb4+292f94]\n\tchromedriver!GetHandleVerifier [0x70937d+28e55d]\n\tchromedriver!GetHandleVerifier [0x728215+2ad3f5]\n\tchromedriver!GetHandleVerifier [0x4a4c18+29df8]\n\tchromedriver!GetHandleVerifier [0x4ac6fd+318dd]\n\tchromedriver!GetHandleVerifier [0x493c78+18e58]\n\tchromedriver!GetHandleVerifier [0x493e42+19022]\n\tchromedriver!GetHandleVerifier [0x47d45f+263f]\n\tKERNEL32!BaseThreadInitThunk [0x75aafcc9+19]\n\tntdll!RtlGetAppContainerNamedObjectPath [0x779982ae+11e]\n\tntdll!RtlGetAppContainerNamedObjectPath [0x7799827e+ee]\n"}} | headers=HTTPHeaderDict({'Content-Length': '1255', 'Content-Type': 'application/json; charset=utf-8', 'cache-control': 'no-cache'})
00:28:36 [DEBUG] selenium.webdriver.remote.remote_connection — Finished Request
00:28:36 [DEBUG] selenium.webdriver.remote.remote_connection — POST http://localhost:57695/session/1785d0cfc50f5f2ea2b3d7d18ad6c80b/element {'using': 'css selector', 'value': '[id="career-our-location"]'}
00:28:36 [DEBUG] urllib3.connectionpool — http://localhost:57695 "POST /session/1785d0cfc50f5f2ea2b3d7d18ad6c80b/element HTTP/1.1" 404 0
00:28:36 [DEBUG] selenium.webdriver.remote.remote_connection — Remote response: status=404 | data={"value":{"error":"no such element","message":"no such element: Unable to locate element: {\"method\":\"css selector\",\"selector\":\"[id=\"career-our-location\"]\"}\n  (Session info: chrome=147.0.7727.117)","stacktrace":"\tchromedriver!GetHandleVerifier [0x48b373+10553]\n\tchromedriver!GetHandleVerifier [0x48b4a4+10684]\n\tchromedriver!(No symbol) [0x291e10]\n\tchromedriver!(No symbol) [0x2da9da]\n\tchromedriver!(No symbol) [0x2dac7b]\n\tchromedriver!(No symbol) [0x31d162]\n\tchromedriver!(No symbol) [0x2fd8b4]\n\tchromedriver!(No symbol) [0x31aa36]\n\tchromedriver!(No symbol) [0x2fd606]\n\tchromedriver!(No symbol) [0x2d0039]\n\tchromedriver!(No symbol) [0x2d0df4]\n\tchromedriver!GetHandleVerifier [0x70ddb4+292f94]\n\tchromedriver!GetHandleVerifier [0x70937d+28e55d]\n\tchromedriver!GetHandleVerifier [0x728215+2ad3f5]\n\tchromedriver!GetHandleVerifier [0x4a4c18+29df8]\n\tchromedriver!GetHandleVerifier [0x4ac6fd+318dd]\n\tchromedriver!GetHandleVerifier [0x493c78+18e58]\n\tchromedriver!GetHandleVerifier [0x493e42+19022]\n\tchromedriver!GetHandleVerifier [0x47d45f+263f]\n\tKERNEL32!BaseThreadInitThunk [0x75aafcc9+19]\n\tntdll!RtlGetAppContainerNamedObjectPath [0x779982ae+11e]\n\tntdll!RtlGetAppContainerNamedObjectPath [0x7799827e+ee]\n"}} | headers=HTTPHeaderDict({'Content-Length': '1255', 'Content-Type': 'application/json; charset=utf-8', 'cache-control': 'no-cache'})
00:28:36 [DEBUG] selenium.webdriver.remote.remote_connection — Finished Request
00:28:37 [DEBUG] selenium.webdriver.remote.remote_connection — POST http://localhost:57695/session/1785d0cfc50f5f2ea2b3d7d18ad6c80b/element {'using': 'css selector', 'value': '[id="career-our-location"]'}
00:28:37 [DEBUG] urllib3.connectionpool — http://localhost:57695 "POST /session/1785d0cfc50f5f2ea2b3d7d18ad6c80b/element HTTP/1.1" 404 0
00:28:37 [DEBUG] selenium.webdriver.remote.remote_connection — Remote response: status=404 | data={"value":{"error":"no such element","message":"no such element: Unable to locate element: {\"method\":\"css selector\",\"selector\":\"[id=\"career-our-location\"]\"}\n  (Session info: chrome=147.0.7727.117)","stacktrace":"\tchromedriver!GetHandleVerifier [0x48b373+10553]\n\tchromedriver!GetHandleVerifier [0x48b4a4+10684]\n\tchromedriver!(No symbol) [0x291e10]\n\tchromedriver!(No symbol) [0x2da9da]\n\tchromedriver!(No symbol) [0x2dac7b]\n\tchromedriver!(No symbol) [0x31d162]\n\tchromedriver!(No symbol) [0x2fd8b4]\n\tchromedriver!(No symbol) [0x31aa36]\n\tchromedriver!(No symbol) [0x2fd606]\n\tchromedriver!(No symbol) [0x2d0039]\n\tchromedriver!(No symbol) [0x2d0df4]\n\tchromedriver!GetHandleVerifier [0x70ddb4+292f94]\n\tchromedriver!GetHandleVerifier [0x70937d+28e55d]\n\tchromedriver!GetHandleVerifier [0x728215+2ad3f5]\n\tchromedriver!GetHandleVerifier [0x4a4c18+29df8]\n\tchromedriver!GetHandleVerifier [0x4ac6fd+318dd]\n\tchromedriver!GetHandleVerifier [0x493c78+18e58]\n\tchromedriver!GetHandleVerifier [0x493e42+19022]\n\tchromedriver!GetHandleVerifier [0x47d45f+263f]\n\tKERNEL32!BaseThreadInitThunk [0x75aafcc9+19]\n\tntdll!RtlGetAppContainerNamedObjectPath [0x779982ae+11e]\n\tntdll!RtlGetAppContainerNamedObjectPath [0x7799827e+ee]\n"}} | headers=HTTPHeaderDict({'Content-Length': '1255', 'Content-Type': 'application/json; charset=utf-8', 'cache-control': 'no-cache'})
00:28:37 [DEBUG] selenium.webdriver.remote.remote_connection — Finished Request
00:28:37 [DEBUG] selenium.webdriver.remote.remote_connection — POST http://localhost:57695/session/1785d0cfc50f5f2ea2b3d7d18ad6c80b/element {'using': 'css selector', 'value': '[id="career-our-location"]'}
00:28:37 [DEBUG] urllib3.connectionpool — http://localhost:57695 "POST /session/1785d0cfc50f5f2ea2b3d7d18ad6c80b/element HTTP/1.1" 404 0
00:28:37 [DEBUG] selenium.webdriver.remote.remote_connection — Remote response: status=404 | data={"value":{"error":"no such element","message":"no such element: Unable to locate element: {\"method\":\"css selector\",\"selector\":\"[id=\"career-our-location\"]\"}\n  (Session info: chrome=147.0.7727.117)","stacktrace":"\tchromedriver!GetHandleVerifier [0x48b373+10553]\n\tchromedriver!GetHandleVerifier [0x48b4a4+10684]\n\tchromedriver!(No symbol) [0x291e10]\n\tchromedriver!(No symbol) [0x2da9da]\n\tchromedriver!(No symbol) [0x2dac7b]\n\tchromedriver!(No symbol) [0x31d162]\n\tchromedriver!(No symbol) [0x2fd8b4]\n\tchromedriver!(No symbol) [0x31aa36]\n\tchromedriver!(No symbol) [0x2fd606]\n\tchromedriver!(No symbol) [0x2d0039]\n\tchromedriver!(No symbol) [0x2d0df4]\n\tchromedriver!GetHandleVerifier [0x70ddb4+292f94]\n\tchromedriver!GetHandleVerifier [0x70937d+28e55d]\n\tchromedriver!GetHandleVerifier [0x728215+2ad3f5]\n\tchromedriver!GetHandleVerifier [0x4a4c18+29df8]\n\tchromedriver!GetHandleVerifier [0x4ac6fd+318dd]\n\tchromedriver!GetHandleVerifier [0x493c78+18e58]\n\tchromedriver!GetHandleVerifier [0x493e42+19022]\n\tchromedriver!GetHandleVerifier [0x47d45f+263f]\n\tKERNEL32!BaseThreadInitThunk [0x75aafcc9+19]\n\tntdll!RtlGetAppContainerNamedObjectPath [0x779982ae+11e]\n\tntdll!RtlGetAppContainerNamedObjectPath [0x7799827e+ee]\n"}} | headers=HTTPHeaderDict({'Content-Length': '1255', 'Content-Type': 'application/json; charset=utf-8', 'cache-control': 'no-cache'})
00:28:37 [DEBUG] selenium.webdriver.remote.remote_connection — Finished Request
00:28:38 [DEBUG] selenium.webdriver.remote.remote_connection — POST http://localhost:57695/session/1785d0cfc50f5f2ea2b3d7d18ad6c80b/element {'using': 'css selector', 'value': '[id="career-our-location"]'}
00:28:38 [DEBUG] urllib3.connectionpool — http://localhost:57695 "POST /session/1785d0cfc50f5f2ea2b3d7d18ad6c80b/element HTTP/1.1" 404 0
00:28:38 [DEBUG] selenium.webdriver.remote.remote_connection — Remote response: status=404 | data={"value":{"error":"no such element","message":"no such element: Unable to locate element: {\"method\":\"css selector\",\"selector\":\"[id=\"career-our-location\"]\"}\n  (Session info: chrome=147.0.7727.117)","stacktrace":"\tchromedriver!GetHandleVerifier [0x48b373+10553]\n\tchromedriver!GetHandleVerifier [0x48b4a4+10684]\n\tchromedriver!(No symbol) [0x291e10]\n\tchromedriver!(No symbol) [0x2da9da]\n\tchromedriver!(No symbol) [0x2dac7b]\n\tchromedriver!(No symbol) [0x31d162]\n\tchromedriver!(No symbol) [0x2fd8b4]\n\tchromedriver!(No symbol) [0x31aa36]\n\tchromedriver!(No symbol) [0x2fd606]\n\tchromedriver!(No symbol) [0x2d0039]\n\tchromedriver!(No symbol) [0x2d0df4]\n\tchromedriver!GetHandleVerifier [0x70ddb4+292f94]\n\tchromedriver!GetHandleVerifier [0x70937d+28e55d]\n\tchromedriver!GetHandleVerifier [0x728215+2ad3f5]\n\tchromedriver!GetHandleVerifier [0x4a4c18+29df8]\n\tchromedriver!GetHandleVerifier [0x4ac6fd+318dd]\n\tchromedriver!GetHandleVerifier [0x493c78+18e58]\n\tchromedriver!GetHandleVerifier [0x493e42+19022]\n\tchromedriver!GetHandleVerifier [0x47d45f+263f]\n\tKERNEL32!BaseThreadInitThunk [0x75aafcc9+19]\n\tntdll!RtlGetAppContainerNamedObjectPath [0x779982ae+11e]\n\tntdll!RtlGetAppContainerNamedObjectPath [0x7799827e+ee]\n"}} | headers=HTTPHeaderDict({'Content-Length': '1255', 'Content-Type': 'application/json; charset=utf-8', 'cache-control': 'no-cache'})
00:28:38 [DEBUG] selenium.webdriver.remote.remote_connection — Finished Request
00:28:38 [DEBUG] selenium.webdriver.remote.remote_connection — POST http://localhost:57695/session/1785d0cfc50f5f2ea2b3d7d18ad6c80b/element {'using': 'css selector', 'value': '[id="career-our-location"]'}
00:28:38 [DEBUG] urllib3.connectionpool — http://localhost:57695 "POST /session/1785d0cfc50f5f2ea2b3d7d18ad6c80b/element HTTP/1.1" 404 0
00:28:38 [DEBUG] selenium.webdriver.remote.remote_connection — Remote response: status=404 | data={"value":{"error":"no such element","message":"no such element: Unable to locate element: {\"method\":\"css selector\",\"selector\":\"[id=\"career-our-location\"]\"}\n  (Session info: chrome=147.0.7727.117)","stacktrace":"\tchromedriver!GetHandleVerifier [0x48b373+10553]\n\tchromedriver!GetHandleVerifier [0x48b4a4+10684]\n\tchromedriver!(No symbol) [0x291e10]\n\tchromedriver!(No symbol) [0x2da9da]\n\tchromedriver!(No symbol) [0x2dac7b]\n\tchromedriver!(No symbol) [0x31d162]\n\tchromedriver!(No symbol) [0x2fd8b4]\n\tchromedriver!(No symbol) [0x31aa36]\n\tchromedriver!(No symbol) [0x2fd606]\n\tchromedriver!(No symbol) [0x2d0039]\n\tchromedriver!(No symbol) [0x2d0df4]\n\tchromedriver!GetHandleVerifier [0x70ddb4+292f94]\n\tchromedriver!GetHandleVerifier [0x70937d+28e55d]\n\tchromedriver!GetHandleVerifier [0x728215+2ad3f5]\n\tchromedriver!GetHandleVerifier [0x4a4c18+29df8]\n\tchromedriver!GetHandleVerifier [0x4ac6fd+318dd]\n\tchromedriver!GetHandleVerifier [0x493c78+18e58]\n\tchromedriver!GetHandleVerifier [0x493e42+19022]\n\tchromedriver!GetHandleVerifier [0x47d45f+263f]\n\tKERNEL32!BaseThreadInitThunk [0x75aafcc9+19]\n\tntdll!RtlGetAppContainerNamedObjectPath [0x779982ae+11e]\n\tntdll!RtlGetAppContainerNamedObjectPath [0x7799827e+ee]\n"}} | headers=HTTPHeaderDict({'Content-Length': '1255', 'Content-Type': 'application/json; charset=utf-8', 'cache-control': 'no-cache'})
00:28:38 [DEBUG] selenium.webdriver.remote.remote_connection — Finished Request
00:28:39 [DEBUG] selenium.webdriver.remote.remote_connection — POST http://localhost:57695/session/1785d0cfc50f5f2ea2b3d7d18ad6c80b/element {'using': 'css selector', 'value': '[id="career-our-location"]'}
00:28:39 [DEBUG] urllib3.connectionpool — http://localhost:57695 "POST /session/1785d0cfc50f5f2ea2b3d7d18ad6c80b/element HTTP/1.1" 404 0
00:28:39 [DEBUG] selenium.webdriver.remote.remote_connection — Remote response: status=404 | data={"value":{"error":"no such element","message":"no such element: Unable to locate element: {\"method\":\"css selector\",\"selector\":\"[id=\"career-our-location\"]\"}\n  (Session info: chrome=147.0.7727.117)","stacktrace":"\tchromedriver!GetHandleVerifier [0x48b373+10553]\n\tchromedriver!GetHandleVerifier [0x48b4a4+10684]\n\tchromedriver!(No symbol) [0x291e10]\n\tchromedriver!(No symbol) [0x2da9da]\n\tchromedriver!(No symbol) [0x2dac7b]\n\tchromedriver!(No symbol) [0x31d162]\n\tchromedriver!(No symbol) [0x2fd8b4]\n\tchromedriver!(No symbol) [0x31aa36]\n\tchromedriver!(No symbol) [0x2fd606]\n\tchromedriver!(No symbol) [0x2d0039]\n\tchromedriver!(No symbol) [0x2d0df4]\n\tchromedriver!GetHandleVerifier [0x70ddb4+292f94]\n\tchromedriver!GetHandleVerifier [0x70937d+28e55d]\n\tchromedriver!GetHandleVerifier [0x728215+2ad3f5]\n\tchromedriver!GetHandleVerifier [0x4a4c18+29df8]\n\tchromedriver!GetHandleVerifier [0x4ac6fd+318dd]\n\tchromedriver!GetHandleVerifier [0x493c78+18e58]\n\tchromedriver!GetHandleVerifier [0x493e42+19022]\n\tchromedriver!GetHandleVerifier [0x47d45f+263f]\n\tKERNEL32!BaseThreadInitThunk [0x75aafcc9+19]\n\tntdll!RtlGetAppContainerNamedObjectPath [0x779982ae+11e]\n\tntdll!RtlGetAppContainerNamedObjectPath [0x7799827e+ee]\n"}} | headers=HTTPHeaderDict({'Content-Length': '1255', 'Content-Type': 'application/json; charset=utf-8', 'cache-control': 'no-cache'})
00:28:39 [DEBUG] selenium.webdriver.remote.remote_connection — Finished Request
00:28:39 [DEBUG] selenium.webdriver.remote.remote_connection — POST http://localhost:57695/session/1785d0cfc50f5f2ea2b3d7d18ad6c80b/element {'using': 'css selector', 'value': '[id="career-our-location"]'}
00:28:39 [DEBUG] urllib3.connectionpool — http://localhost:57695 "POST /session/1785d0cfc50f5f2ea2b3d7d18ad6c80b/element HTTP/1.1" 404 0
00:28:39 [DEBUG] selenium.webdriver.remote.remote_connection — Remote response: status=404 | data={"value":{"error":"no such element","message":"no such element: Unable to locate element: {\"method\":\"css selector\",\"selector\":\"[id=\"career-our-location\"]\"}\n  (Session info: chrome=147.0.7727.117)","stacktrace":"\tchromedriver!GetHandleVerifier [0x48b373+10553]\n\tchromedriver!GetHandleVerifier [0x48b4a4+10684]\n\tchromedriver!(No symbol) [0x291e10]\n\tchromedriver!(No symbol) [0x2da9da]\n\tchromedriver!(No symbol) [0x2dac7b]\n\tchromedriver!(No symbol) [0x31d162]\n\tchromedriver!(No symbol) [0x2fd8b4]\n\tchromedriver!(No symbol) [0x31aa36]\n\tchromedriver!(No symbol) [0x2fd606]\n\tchromedriver!(No symbol) [0x2d0039]\n\tchromedriver!(No symbol) [0x2d0df4]\n\tchromedriver!GetHandleVerifier [0x70ddb4+292f94]\n\tchromedriver!GetHandleVerifier [0x70937d+28e55d]\n\tchromedriver!GetHandleVerifier [0x728215+2ad3f5]\n\tchromedriver!GetHandleVerifier [0x4a4c18+29df8]\n\tchromedriver!GetHandleVerifier [0x4ac6fd+318dd]\n\tchromedriver!GetHandleVerifier [0x493c78+18e58]\n\tchromedriver!GetHandleVerifier [0x493e42+19022]\n\tchromedriver!GetHandleVerifier [0x47d45f+263f]\n\tKERNEL32!BaseThreadInitThunk [0x75aafcc9+19]\n\tntdll!RtlGetAppContainerNamedObjectPath [0x779982ae+11e]\n\tntdll!RtlGetAppContainerNamedObjectPath [0x7799827e+ee]\n"}} | headers=HTTPHeaderDict({'Content-Length': '1255', 'Content-Type': 'application/json; charset=utf-8', 'cache-control': 'no-cache'})
00:28:39 [DEBUG] selenium.webdriver.remote.remote_connection — Finished Request
00:28:40 [DEBUG] selenium.webdriver.remote.remote_connection — POST http://localhost:57695/session/1785d0cfc50f5f2ea2b3d7d18ad6c80b/element {'using': 'css selector', 'value': 'a.inso-btn.see-more, .see-more'}
00:28:40 [DEBUG] urllib3.connectionpool — http://localhost:57695 "POST /session/1785d0cfc50f5f2ea2b3d7d18ad6c80b/element HTTP/1.1" 200 0
00:28:40 [DEBUG] selenium.webdriver.remote.remote_connection — Remote response: status=200 | data={"value":{"element-6066-11e4-a52e-4f735466cecf":"f.DB8ADB7B39419EC651A45B4C0D0839FA.d.B7D0FD9E31DB6F78D2316F5279FA239B.e.5859"}} | headers=HTTPHeaderDict({'Content-Length': '128', 'Content-Type': 'application/json; charset=utf-8', 'cache-control': 'no-cache'})
00:28:40 [DEBUG] selenium.webdriver.remote.remote_connection — Finished Request
00:28:40 [DEBUG] selenium.webdriver.remote.remote_connection — POST http://localhost:57695/session/1785d0cfc50f5f2ea2b3d7d18ad6c80b/execute/sync {'script': "arguments[0].scrollIntoView({block:'center'});", 'args': [{'element-6066-11e4-a52e-4f735466cecf': 'f.DB8ADB7B39419EC651A45B4C0D0839FA.d.B7D0FD9E31DB6F78D2316F5279FA239B.e.5859'}]}
00:28:40 [DEBUG] urllib3.connectionpool — http://localhost:57695 "POST /session/1785d0cfc50f5f2ea2b3d7d18ad6c80b/execute/sync HTTP/1.1" 200 0
00:28:40 [DEBUG] selenium.webdriver.remote.remote_connection — Remote response: status=200 | data={"value":null} | headers=HTTPHeaderDict({'Content-Length': '14', 'Content-Type': 'application/json; charset=utf-8', 'cache-control': 'no-cache'})
00:28:40 [DEBUG] selenium.webdriver.remote.remote_connection — Finished Request
00:28:41 [INFO] pages.careers_page — Clicking 'See all teams'
00:28:41 [DEBUG] selenium.webdriver.remote.remote_connection — POST http://localhost:57695/session/1785d0cfc50f5f2ea2b3d7d18ad6c80b/element {'using': 'css selector', 'value': 'button#wt-cli-accept-all-btn'}
00:28:41 [DEBUG] urllib3.connectionpool — http://localhost:57695 "POST /session/1785d0cfc50f5f2ea2b3d7d18ad6c80b/element HTTP/1.1" 404 0
00:28:41 [DEBUG] selenium.webdriver.remote.remote_connection — Remote response: status=404 | data={"value":{"error":"no such element","message":"no such element: Unable to locate element: {\"method\":\"css selector\",\"selector\":\"button#wt-cli-accept-all-btn\"}\n  (Session info: chrome=147.0.7727.117)","stacktrace":"\tchromedriver!GetHandleVerifier [0x48b373+10553]\n\tchromedriver!GetHandleVerifier [0x48b4a4+10684]\n\tchromedriver!(No symbol) [0x291e10]\n\tchromedriver!(No symbol) [0x2da9da]\n\tchromedriver!(No symbol) [0x2dac7b]\n\tchromedriver!(No symbol) [0x31d162]\n\tchromedriver!(No symbol) [0x2fd8b4]\n\tchromedriver!(No symbol) [0x31aa36]\n\tchromedriver!(No symbol) [0x2fd606]\n\tchromedriver!(No symbol) [0x2d0039]\n\tchromedriver!(No symbol) [0x2d0df4]\n\tchromedriver!GetHandleVerifier [0x70ddb4+292f94]\n\tchromedriver!GetHandleVerifier [0x70937d+28e55d]\n\tchromedriver!GetHandleVerifier [0x728215+2ad3f5]\n\tchromedriver!GetHandleVerifier [0x4a4c18+29df8]\n\tchromedriver!GetHandleVerifier [0x4ac6fd+318dd]\n\tchromedriver!GetHandleVerifier [0x493c78+18e58]\n\tchromedriver!GetHandleVerifier [0x493e42+19022]\n\tchromedriver!GetHandleVerifier [0x47d45f+263f]\n\tKERNEL32!BaseThreadInitThunk [0x75aafcc9+19]\n\tntdll!RtlGetAppContainerNamedObjectPath [0x779982ae+11e]\n\tntdll!RtlGetAppContainerNamedObjectPath [0x7799827e+ee]\n"}} | headers=HTTPHeaderDict({'Content-Length': '1255', 'Content-Type': 'application/json; charset=utf-8', 'cache-control': 'no-cache'})
00:28:41 [DEBUG] selenium.webdriver.remote.remote_connection — Finished Request
00:28:42 [DEBUG] selenium.webdriver.remote.remote_connection — POST http://localhost:57695/session/1785d0cfc50f5f2ea2b3d7d18ad6c80b/element {'using': 'css selector', 'value': 'button#wt-cli-accept-all-btn'}
00:28:42 [DEBUG] urllib3.connectionpool — http://localhost:57695 "POST /session/1785d0cfc50f5f2ea2b3d7d18ad6c80b/element HTTP/1.1" 404 0
00:28:42 [DEBUG] selenium.webdriver.remote.remote_connection — Remote response: status=404 | data={"value":{"error":"no such element","message":"no such element: Unable to locate element: {\"method\":\"css selector\",\"selector\":\"button#wt-cli-accept-all-btn\"}\n  (Session info: chrome=147.0.7727.117)","stacktrace":"\tchromedriver!GetHandleVerifier [0x48b373+10553]\n\tchromedriver!GetHandleVerifier [0x48b4a4+10684]\n\tchromedriver!(No symbol) [0x291e10]\n\tchromedriver!(No symbol) [0x2da9da]\n\tchromedriver!(No symbol) [0x2dac7b]\n\tchromedriver!(No symbol) [0x31d162]\n\tchromedriver!(No symbol) [0x2fd8b4]\n\tchromedriver!(No symbol) [0x31aa36]\n\tchromedriver!(No symbol) [0x2fd606]\n\tchromedriver!(No symbol) [0x2d0039]\n\tchromedriver!(No symbol) [0x2d0df4]\n\tchromedriver!GetHandleVerifier [0x70ddb4+292f94]\n\tchromedriver!GetHandleVerifier [0x70937d+28e55d]\n\tchromedriver!GetHandleVerifier [0x728215+2ad3f5]\n\tchromedriver!GetHandleVerifier [0x4a4c18+29df8]\n\tchromedriver!GetHandleVerifier [0x4ac6fd+318dd]\n\tchromedriver!GetHandleVerifier [0x493c78+18e58]\n\tchromedriver!GetHandleVerifier [0x493e42+19022]\n\tchromedriver!GetHandleVerifier [0x47d45f+263f]\n\tKERNEL32!BaseThreadInitThunk [0x75aafcc9+19]\n\tntdll!RtlGetAppContainerNamedObjectPath [0x779982ae+11e]\n\tntdll!RtlGetAppContainerNamedObjectPath [0x7799827e+ee]\n"}} | headers=HTTPHeaderDict({'Content-Length': '1255', 'Content-Type': 'application/json; charset=utf-8', 'cache-control': 'no-cache'})
00:28:42 [DEBUG] selenium.webdriver.remote.remote_connection — Finished Request
00:28:42 [DEBUG] selenium.webdriver.remote.remote_connection — POST http://localhost:57695/session/1785d0cfc50f5f2ea2b3d7d18ad6c80b/element {'using': 'css selector', 'value': 'button#wt-cli-accept-all-btn'}
00:28:42 [DEBUG] urllib3.connectionpool — http://localhost:57695 "POST /session/1785d0cfc50f5f2ea2b3d7d18ad6c80b/element HTTP/1.1" 404 0
00:28:42 [DEBUG] selenium.webdriver.remote.remote_connection — Remote response: status=404 | data={"value":{"error":"no such element","message":"no such element: Unable to locate element: {\"method\":\"css selector\",\"selector\":\"button#wt-cli-accept-all-btn\"}\n  (Session info: chrome=147.0.7727.117)","stacktrace":"\tchromedriver!GetHandleVerifier [0x48b373+10553]\n\tchromedriver!GetHandleVerifier [0x48b4a4+10684]\n\tchromedriver!(No symbol) [0x291e10]\n\tchromedriver!(No symbol) [0x2da9da]\n\tchromedriver!(No symbol) [0x2dac7b]\n\tchromedriver!(No symbol) [0x31d162]\n\tchromedriver!(No symbol) [0x2fd8b4]\n\tchromedriver!(No symbol) [0x31aa36]\n\tchromedriver!(No symbol) [0x2fd606]\n\tchromedriver!(No symbol) [0x2d0039]\n\tchromedriver!(No symbol) [0x2d0df4]\n\tchromedriver!GetHandleVerifier [0x70ddb4+292f94]\n\tchromedriver!GetHandleVerifier [0x70937d+28e55d]\n\tchromedriver!GetHandleVerifier [0x728215+2ad3f5]\n\tchromedriver!GetHandleVerifier [0x4a4c18+29df8]\n\tchromedriver!GetHandleVerifier [0x4ac6fd+318dd]\n\tchromedriver!GetHandleVerifier [0x493c78+18e58]\n\tchromedriver!GetHandleVerifier [0x493e42+19022]\n\tchromedriver!GetHandleVerifier [0x47d45f+263f]\n\tKERNEL32!BaseThreadInitThunk [0x75aafcc9+19]\n\tntdll!RtlGetAppContainerNamedObjectPath [0x779982ae+11e]\n\tntdll!RtlGetAppContainerNamedObjectPath [0x7799827e+ee]\n"}} | headers=HTTPHeaderDict({'Content-Length': '1255', 'Content-Type': 'application/json; charset=utf-8', 'cache-control': 'no-cache'})
00:28:42 [DEBUG] selenium.webdriver.remote.remote_connection — Finished Request
00:28:43 [DEBUG] selenium.webdriver.remote.remote_connection — POST http://localhost:57695/session/1785d0cfc50f5f2ea2b3d7d18ad6c80b/element {'using': 'css selector', 'value': 'button#wt-cli-accept-all-btn'}
00:28:43 [DEBUG] urllib3.connectionpool — http://localhost:57695 "POST /session/1785d0cfc50f5f2ea2b3d7d18ad6c80b/element HTTP/1.1" 404 0
00:28:43 [DEBUG] selenium.webdriver.remote.remote_connection — Remote response: status=404 | data={"value":{"error":"no such element","message":"no such element: Unable to locate element: {\"method\":\"css selector\",\"selector\":\"button#wt-cli-accept-all-btn\"}\n  (Session info: chrome=147.0.7727.117)","stacktrace":"\tchromedriver!GetHandleVerifier [0x48b373+10553]\n\tchromedriver!GetHandleVerifier [0x48b4a4+10684]\n\tchromedriver!(No symbol) [0x291e10]\n\tchromedriver!(No symbol) [0x2da9da]\n\tchromedriver!(No symbol) [0x2dac7b]\n\tchromedriver!(No symbol) [0x31d162]\n\tchromedriver!(No symbol) [0x2fd8b4]\n\tchromedriver!(No symbol) [0x31aa36]\n\tchromedriver!(No symbol) [0x2fd606]\n\tchromedriver!(No symbol) [0x2d0039]\n\tchromedriver!(No symbol) [0x2d0df4]\n\tchromedriver!GetHandleVerifier [0x70ddb4+292f94]\n\tchromedriver!GetHandleVerifier [0x70937d+28e55d]\n\tchromedriver!GetHandleVerifier [0x728215+2ad3f5]\n\tchromedriver!GetHandleVerifier [0x4a4c18+29df8]\n\tchromedriver!GetHandleVerifier [0x4ac6fd+318dd]\n\tchromedriver!GetHandleVerifier [0x493c78+18e58]\n\tchromedriver!GetHandleVerifier [0x493e42+19022]\n\tchromedriver!GetHandleVerifier [0x47d45f+263f]\n\tKERNEL32!BaseThreadInitThunk [0x75aafcc9+19]\n\tntdll!RtlGetAppContainerNamedObjectPath [0x779982ae+11e]\n\tntdll!RtlGetAppContainerNamedObjectPath [0x7799827e+ee]\n"}} | headers=HTTPHeaderDict({'Content-Length': '1255', 'Content-Type': 'application/json; charset=utf-8', 'cache-control': 'no-cache'})
00:28:43 [DEBUG] selenium.webdriver.remote.remote_connection — Finished Request
00:28:43 [DEBUG] selenium.webdriver.remote.remote_connection — POST http://localhost:57695/session/1785d0cfc50f5f2ea2b3d7d18ad6c80b/element {'using': 'css selector', 'value': 'button#wt-cli-accept-all-btn'}
00:28:43 [DEBUG] urllib3.connectionpool — http://localhost:57695 "POST /session/1785d0cfc50f5f2ea2b3d7d18ad6c80b/element HTTP/1.1" 404 0
00:28:43 [DEBUG] selenium.webdriver.remote.remote_connection — Remote response: status=404 | data={"value":{"error":"no such element","message":"no such element: Unable to locate element: {\"method\":\"css selector\",\"selector\":\"button#wt-cli-accept-all-btn\"}\n  (Session info: chrome=147.0.7727.117)","stacktrace":"\tchromedriver!GetHandleVerifier [0x48b373+10553]\n\tchromedriver!GetHandleVerifier [0x48b4a4+10684]\n\tchromedriver!(No symbol) [0x291e10]\n\tchromedriver!(No symbol) [0x2da9da]\n\tchromedriver!(No symbol) [0x2dac7b]\n\tchromedriver!(No symbol) [0x31d162]\n\tchromedriver!(No symbol) [0x2fd8b4]\n\tchromedriver!(No symbol) [0x31aa36]\n\tchromedriver!(No symbol) [0x2fd606]\n\tchromedriver!(No symbol) [0x2d0039]\n\tchromedriver!(No symbol) [0x2d0df4]\n\tchromedriver!GetHandleVerifier [0x70ddb4+292f94]\n\tchromedriver!GetHandleVerifier [0x70937d+28e55d]\n\tchromedriver!GetHandleVerifier [0x728215+2ad3f5]\n\tchromedriver!GetHandleVerifier [0x4a4c18+29df8]\n\tchromedriver!GetHandleVerifier [0x4ac6fd+318dd]\n\tchromedriver!GetHandleVerifier [0x493c78+18e58]\n\tchromedriver!GetHandleVerifier [0x493e42+19022]\n\tchromedriver!GetHandleVerifier [0x47d45f+263f]\n\tKERNEL32!BaseThreadInitThunk [0x75aafcc9+19]\n\tntdll!RtlGetAppContainerNamedObjectPath [0x779982ae+11e]\n\tntdll!RtlGetAppContainerNamedObjectPath [0x7799827e+ee]\n"}} | headers=HTTPHeaderDict({'Content-Length': '1255', 'Content-Type': 'application/json; charset=utf-8', 'cache-control': 'no-cache'})
00:28:43 [DEBUG] selenium.webdriver.remote.remote_connection — Finished Request
00:28:44 [DEBUG] selenium.webdriver.remote.remote_connection — POST http://localhost:57695/session/1785d0cfc50f5f2ea2b3d7d18ad6c80b/element {'using': 'css selector', 'value': 'button#wt-cli-accept-all-btn'}
00:28:44 [DEBUG] urllib3.connectionpool — http://localhost:57695 "POST /session/1785d0cfc50f5f2ea2b3d7d18ad6c80b/element HTTP/1.1" 404 0
00:28:44 [DEBUG] selenium.webdriver.remote.remote_connection — Remote response: status=404 | data={"value":{"error":"no such element","message":"no such element: Unable to locate element: {\"method\":\"css selector\",\"selector\":\"button#wt-cli-accept-all-btn\"}\n  (Session info: chrome=147.0.7727.117)","stacktrace":"\tchromedriver!GetHandleVerifier [0x48b373+10553]\n\tchromedriver!GetHandleVerifier [0x48b4a4+10684]\n\tchromedriver!(No symbol) [0x291e10]\n\tchromedriver!(No symbol) [0x2da9da]\n\tchromedriver!(No symbol) [0x2dac7b]\n\tchromedriver!(No symbol) [0x31d162]\n\tchromedriver!(No symbol) [0x2fd8b4]\n\tchromedriver!(No symbol) [0x31aa36]\n\tchromedriver!(No symbol) [0x2fd606]\n\tchromedriver!(No symbol) [0x2d0039]\n\tchromedriver!(No symbol) [0x2d0df4]\n\tchromedriver!GetHandleVerifier [0x70ddb4+292f94]\n\tchromedriver!GetHandleVerifier [0x70937d+28e55d]\n\tchromedriver!GetHandleVerifier [0x728215+2ad3f5]\n\tchromedriver!GetHandleVerifier [0x4a4c18+29df8]\n\tchromedriver!GetHandleVerifier [0x4ac6fd+318dd]\n\tchromedriver!GetHandleVerifier [0x493c78+18e58]\n\tchromedriver!GetHandleVerifier [0x493e42+19022]\n\tchromedriver!GetHandleVerifier [0x47d45f+263f]\n\tKERNEL32!BaseThreadInitThunk [0x75aafcc9+19]\n\tntdll!RtlGetAppContainerNamedObjectPath [0x779982ae+11e]\n\tntdll!RtlGetAppContainerNamedObjectPath [0x7799827e+ee]\n"}} | headers=HTTPHeaderDict({'Content-Length': '1255', 'Content-Type': 'application/json; charset=utf-8', 'cache-control': 'no-cache'})
00:28:44 [DEBUG] selenium.webdriver.remote.remote_connection — Finished Request
00:28:44 [DEBUG] selenium.webdriver.remote.remote_connection — POST http://localhost:57695/session/1785d0cfc50f5f2ea2b3d7d18ad6c80b/element {'using': 'css selector', 'value': '[id="wt-cli-accept-all-btn"]'}
00:28:44 [DEBUG] urllib3.connectionpool — http://localhost:57695 "POST /session/1785d0cfc50f5f2ea2b3d7d18ad6c80b/element HTTP/1.1" 200 0
00:28:44 [DEBUG] selenium.webdriver.remote.remote_connection — Remote response: status=200 | data={"value":{"element-6066-11e4-a52e-4f735466cecf":"f.DB8ADB7B39419EC651A45B4C0D0839FA.d.B7D0FD9E31DB6F78D2316F5279FA239B.e.5822"}} | headers=HTTPHeaderDict({'Content-Length': '128', 'Content-Type': 'application/json; charset=utf-8', 'cache-control': 'no-cache'})
00:28:44 [DEBUG] selenium.webdriver.remote.remote_connection — Finished Request
00:28:44 [DEBUG] selenium.webdriver.remote.remote_connection — POST http://localhost:57695/session/1785d0cfc50f5f2ea2b3d7d18ad6c80b/execute/sync {'script': '/* isDisplayed */return (function(){return (function(){var g=this||self;\nfunction aa(a){var b=typeof...', 'args': [{'element-6066-11e4-a52e-4f735466cecf': 'f.DB8ADB7B39419EC651A45B4C0D0839FA.d.B7D0FD9E31DB6F78D2316F5279FA239B.e.5822'}]}
00:28:44 [DEBUG] urllib3.connectionpool — http://localhost:57695 "POST /session/1785d0cfc50f5f2ea2b3d7d18ad6c80b/execute/sync HTTP/1.1" 200 0
00:28:44 [DEBUG] selenium.webdriver.remote.remote_connection — Remote response: status=200 | data={"value":false} | headers=HTTPHeaderDict({'Content-Length': '15', 'Content-Type': 'application/json; charset=utf-8', 'cache-control': 'no-cache'})
00:28:44 [DEBUG] selenium.webdriver.remote.remote_connection — Finished Request
00:28:45 [DEBUG] selenium.webdriver.remote.remote_connection — POST http://localhost:57695/session/1785d0cfc50f5f2ea2b3d7d18ad6c80b/element {'using': 'css selector', 'value': '[id="wt-cli-accept-all-btn"]'}
00:28:45 [DEBUG] urllib3.connectionpool — http://localhost:57695 "POST /session/1785d0cfc50f5f2ea2b3d7d18ad6c80b/element HTTP/1.1" 200 0
00:28:45 [DEBUG] selenium.webdriver.remote.remote_connection — Remote response: status=200 | data={"value":{"element-6066-11e4-a52e-4f735466cecf":"f.DB8ADB7B39419EC651A45B4C0D0839FA.d.B7D0FD9E31DB6F78D2316F5279FA239B.e.5822"}} | headers=HTTPHeaderDict({'Content-Length': '128', 'Content-Type': 'application/json; charset=utf-8', 'cache-control': 'no-cache'})
00:28:45 [DEBUG] selenium.webdriver.remote.remote_connection — Finished Request
00:28:45 [DEBUG] selenium.webdriver.remote.remote_connection — POST http://localhost:57695/session/1785d0cfc50f5f2ea2b3d7d18ad6c80b/execute/sync {'script': '/* isDisplayed */return (function(){return (function(){var g=this||self;\nfunction aa(a){var b=typeof...', 'args': [{'element-6066-11e4-a52e-4f735466cecf': 'f.DB8ADB7B39419EC651A45B4C0D0839FA.d.B7D0FD9E31DB6F78D2316F5279FA239B.e.5822'}]}
00:28:45 [DEBUG] urllib3.connectionpool — http://localhost:57695 "POST /session/1785d0cfc50f5f2ea2b3d7d18ad6c80b/execute/sync HTTP/1.1" 200 0
00:28:45 [DEBUG] selenium.webdriver.remote.remote_connection — Remote response: status=200 | data={"value":false} | headers=HTTPHeaderDict({'Content-Length': '15', 'Content-Type': 'application/json; charset=utf-8', 'cache-control': 'no-cache'})
00:28:45 [DEBUG] selenium.webdriver.remote.remote_connection — Finished Request
00:28:45 [DEBUG] selenium.webdriver.remote.remote_connection — POST http://localhost:57695/session/1785d0cfc50f5f2ea2b3d7d18ad6c80b/element {'using': 'css selector', 'value': '[id="wt-cli-accept-all-btn"]'}
00:28:45 [DEBUG] urllib3.connectionpool — http://localhost:57695 "POST /session/1785d0cfc50f5f2ea2b3d7d18ad6c80b/element HTTP/1.1" 200 0
00:28:45 [DEBUG] selenium.webdriver.remote.remote_connection — Remote response: status=200 | data={"value":{"element-6066-11e4-a52e-4f735466cecf":"f.DB8ADB7B39419EC651A45B4C0D0839FA.d.B7D0FD9E31DB6F78D2316F5279FA239B.e.5822"}} | headers=HTTPHeaderDict({'Content-Length': '128', 'Content-Type': 'application/json; charset=utf-8', 'cache-control': 'no-cache'})
00:28:45 [DEBUG] selenium.webdriver.remote.remote_connection — Finished Request
00:28:45 [DEBUG] selenium.webdriver.remote.remote_connection — POST http://localhost:57695/session/1785d0cfc50f5f2ea2b3d7d18ad6c80b/execute/sync {'script': '/* isDisplayed */return (function(){return (function(){var g=this||self;\nfunction aa(a){var b=typeof...', 'args': [{'element-6066-11e4-a52e-4f735466cecf': 'f.DB8ADB7B39419EC651A45B4C0D0839FA.d.B7D0FD9E31DB6F78D2316F5279FA239B.e.5822'}]}
00:28:45 [DEBUG] urllib3.connectionpool — http://localhost:57695 "POST /session/1785d0cfc50f5f2ea2b3d7d18ad6c80b/execute/sync HTTP/1.1" 200 0
00:28:45 [DEBUG] selenium.webdriver.remote.remote_connection — Remote response: status=200 | data={"value":false} | headers=HTTPHeaderDict({'Content-Length': '15', 'Content-Type': 'application/json; charset=utf-8', 'cache-control': 'no-cache'})
00:28:45 [DEBUG] selenium.webdriver.remote.remote_connection — Finished Request
00:28:46 [DEBUG] selenium.webdriver.remote.remote_connection — POST http://localhost:57695/session/1785d0cfc50f5f2ea2b3d7d18ad6c80b/element {'using': 'css selector', 'value': '[id="wt-cli-accept-all-btn"]'}
00:28:46 [DEBUG] urllib3.connectionpool — http://localhost:57695 "POST /session/1785d0cfc50f5f2ea2b3d7d18ad6c80b/element HTTP/1.1" 200 0
00:28:46 [DEBUG] selenium.webdriver.remote.remote_connection — Remote response: status=200 | data={"value":{"element-6066-11e4-a52e-4f735466cecf":"f.DB8ADB7B39419EC651A45B4C0D0839FA.d.B7D0FD9E31DB6F78D2316F5279FA239B.e.5822"}} | headers=HTTPHeaderDict({'Content-Length': '128', 'Content-Type': 'application/json; charset=utf-8', 'cache-control': 'no-cache'})
00:28:46 [DEBUG] selenium.webdriver.remote.remote_connection — Finished Request
00:28:46 [DEBUG] selenium.webdriver.remote.remote_connection — POST http://localhost:57695/session/1785d0cfc50f5f2ea2b3d7d18ad6c80b/execute/sync {'script': '/* isDisplayed */return (function(){return (function(){var g=this||self;\nfunction aa(a){var b=typeof...', 'args': [{'element-6066-11e4-a52e-4f735466cecf': 'f.DB8ADB7B39419EC651A45B4C0D0839FA.d.B7D0FD9E31DB6F78D2316F5279FA239B.e.5822'}]}
00:28:46 [DEBUG] urllib3.connectionpool — http://localhost:57695 "POST /session/1785d0cfc50f5f2ea2b3d7d18ad6c80b/execute/sync HTTP/1.1" 200 0
00:28:46 [DEBUG] selenium.webdriver.remote.remote_connection — Remote response: status=200 | data={"value":false} | headers=HTTPHeaderDict({'Content-Length': '15', 'Content-Type': 'application/json; charset=utf-8', 'cache-control': 'no-cache'})
00:28:46 [DEBUG] selenium.webdriver.remote.remote_connection — Finished Request
00:28:46 [DEBUG] selenium.webdriver.remote.remote_connection — POST http://localhost:57695/session/1785d0cfc50f5f2ea2b3d7d18ad6c80b/element {'using': 'css selector', 'value': '[id="wt-cli-accept-all-btn"]'}
00:28:46 [DEBUG] urllib3.connectionpool — http://localhost:57695 "POST /session/1785d0cfc50f5f2ea2b3d7d18ad6c80b/element HTTP/1.1" 200 0
00:28:46 [DEBUG] selenium.webdriver.remote.remote_connection — Remote response: status=200 | data={"value":{"element-6066-11e4-a52e-4f735466cecf":"f.DB8ADB7B39419EC651A45B4C0D0839FA.d.B7D0FD9E31DB6F78D2316F5279FA239B.e.5822"}} | headers=HTTPHeaderDict({'Content-Length': '128', 'Content-Type': 'application/json; charset=utf-8', 'cache-control': 'no-cache'})
00:28:46 [DEBUG] selenium.webdriver.remote.remote_connection — Finished Request
00:28:46 [DEBUG] selenium.webdriver.remote.remote_connection — POST http://localhost:57695/session/1785d0cfc50f5f2ea2b3d7d18ad6c80b/execute/sync {'script': '/* isDisplayed */return (function(){return (function(){var g=this||self;\nfunction aa(a){var b=typeof...', 'args': [{'element-6066-11e4-a52e-4f735466cecf': 'f.DB8ADB7B39419EC651A45B4C0D0839FA.d.B7D0FD9E31DB6F78D2316F5279FA239B.e.5822'}]}
00:28:46 [DEBUG] urllib3.connectionpool — http://localhost:57695 "POST /session/1785d0cfc50f5f2ea2b3d7d18ad6c80b/execute/sync HTTP/1.1" 200 0
00:28:46 [DEBUG] selenium.webdriver.remote.remote_connection — Remote response: status=200 | data={"value":false} | headers=HTTPHeaderDict({'Content-Length': '15', 'Content-Type': 'application/json; charset=utf-8', 'cache-control': 'no-cache'})
00:28:46 [DEBUG] selenium.webdriver.remote.remote_connection — Finished Request
00:28:47 [DEBUG] selenium.webdriver.remote.remote_connection — POST http://localhost:57695/session/1785d0cfc50f5f2ea2b3d7d18ad6c80b/element {'using': 'css selector', 'value': '[id="wt-cli-accept-all-btn"]'}
00:28:47 [DEBUG] urllib3.connectionpool — http://localhost:57695 "POST /session/1785d0cfc50f5f2ea2b3d7d18ad6c80b/element HTTP/1.1" 200 0
00:28:47 [DEBUG] selenium.webdriver.remote.remote_connection — Remote response: status=200 | data={"value":{"element-6066-11e4-a52e-4f735466cecf":"f.DB8ADB7B39419EC651A45B4C0D0839FA.d.B7D0FD9E31DB6F78D2316F5279FA239B.e.5822"}} | headers=HTTPHeaderDict({'Content-Length': '128', 'Content-Type': 'application/json; charset=utf-8', 'cache-control': 'no-cache'})
00:28:47 [DEBUG] selenium.webdriver.remote.remote_connection — Finished Request
00:28:47 [DEBUG] selenium.webdriver.remote.remote_connection — POST http://localhost:57695/session/1785d0cfc50f5f2ea2b3d7d18ad6c80b/execute/sync {'script': '/* isDisplayed */return (function(){return (function(){var g=this||self;\nfunction aa(a){var b=typeof...', 'args': [{'element-6066-11e4-a52e-4f735466cecf': 'f.DB8ADB7B39419EC651A45B4C0D0839FA.d.B7D0FD9E31DB6F78D2316F5279FA239B.e.5822'}]}
00:28:47 [DEBUG] urllib3.connectionpool — http://localhost:57695 "POST /session/1785d0cfc50f5f2ea2b3d7d18ad6c80b/execute/sync HTTP/1.1" 200 0
00:28:47 [DEBUG] selenium.webdriver.remote.remote_connection — Remote response: status=200 | data={"value":false} | headers=HTTPHeaderDict({'Content-Length': '15', 'Content-Type': 'application/json; charset=utf-8', 'cache-control': 'no-cache'})
00:28:47 [DEBUG] selenium.webdriver.remote.remote_connection — Finished Request
00:28:47 [DEBUG] selenium.webdriver.remote.remote_connection — POST http://localhost:57695/session/1785d0cfc50f5f2ea2b3d7d18ad6c80b/element {'using': 'xpath', 'value': "//button[contains(text(), 'Accept All')]"}
00:28:47 [DEBUG] urllib3.connectionpool — http://localhost:57695 "POST /session/1785d0cfc50f5f2ea2b3d7d18ad6c80b/element HTTP/1.1" 404 0
00:28:47 [DEBUG] selenium.webdriver.remote.remote_connection — Remote response: status=404 | data={"value":{"error":"no such element","message":"no such element: Unable to locate element: {\"method\":\"xpath\",\"selector\":\"//button[contains(text(), 'Accept All')]\"}\n  (Session info: chrome=147.0.7727.117)","stacktrace":"\tchromedriver!GetHandleVerifier [0x48b373+10553]\n\tchromedriver!GetHandleVerifier [0x48b4a4+10684]\n\tchromedriver!(No symbol) [0x291e10]\n\tchromedriver!(No symbol) [0x2da9da]\n\tchromedriver!(No symbol) [0x2dac7b]\n\tchromedriver!(No symbol) [0x31d162]\n\tchromedriver!(No symbol) [0x2fd8b4]\n\tchromedriver!(No symbol) [0x31aa36]\n\tchromedriver!(No symbol) [0x2fd606]\n\tchromedriver!(No symbol) [0x2d0039]\n\tchromedriver!(No symbol) [0x2d0df4]\n\tchromedriver!GetHandleVerifier [0x70ddb4+292f94]\n\tchromedriver!GetHandleVerifier [0x70937d+28e55d]\n\tchromedriver!GetHandleVerifier [0x728215+2ad3f5]\n\tchromedriver!GetHandleVerifier [0x4a4c18+29df8]\n\tchromedriver!GetHandleVerifier [0x4ac6fd+318dd]\n\tchromedriver!GetHandleVerifier [0x493c78+18e58]\n\tchromedriver!GetHandleVerifier [0x493e42+19022]\n\tchromedriver!GetHandleVerifier [0x47d45f+263f]\n\tKERNEL32!BaseThreadInitThunk [0x75aafcc9+19]\n\tntdll!RtlGetAppContainerNamedObjectPath [0x779982ae+11e]\n\tntdll!RtlGetAppContainerNamedObjectPath [0x7799827e+ee]\n"}} | headers=HTTPHeaderDict({'Content-Length': '1260', 'Content-Type': 'application/json; charset=utf-8', 'cache-control': 'no-cache'})
00:28:47 [DEBUG] selenium.webdriver.remote.remote_connection — Finished Request
00:28:48 [DEBUG] selenium.webdriver.remote.remote_connection — POST http://localhost:57695/session/1785d0cfc50f5f2ea2b3d7d18ad6c80b/element {'using': 'xpath', 'value': "//button[contains(text(), 'Accept All')]"}
00:28:48 [DEBUG] urllib3.connectionpool — http://localhost:57695 "POST /session/1785d0cfc50f5f2ea2b3d7d18ad6c80b/element HTTP/1.1" 404 0
00:28:48 [DEBUG] selenium.webdriver.remote.remote_connection — Remote response: status=404 | data={"value":{"error":"no such element","message":"no such element: Unable to locate element: {\"method\":\"xpath\",\"selector\":\"//button[contains(text(), 'Accept All')]\"}\n  (Session info: chrome=147.0.7727.117)","stacktrace":"\tchromedriver!GetHandleVerifier [0x48b373+10553]\n\tchromedriver!GetHandleVerifier [0x48b4a4+10684]\n\tchromedriver!(No symbol) [0x291e10]\n\tchromedriver!(No symbol) [0x2da9da]\n\tchromedriver!(No symbol) [0x2dac7b]\n\tchromedriver!(No symbol) [0x31d162]\n\tchromedriver!(No symbol) [0x2fd8b4]\n\tchromedriver!(No symbol) [0x31aa36]\n\tchromedriver!(No symbol) [0x2fd606]\n\tchromedriver!(No symbol) [0x2d0039]\n\tchromedriver!(No symbol) [0x2d0df4]\n\tchromedriver!GetHandleVerifier [0x70ddb4+292f94]\n\tchromedriver!GetHandleVerifier [0x70937d+28e55d]\n\tchromedriver!GetHandleVerifier [0x728215+2ad3f5]\n\tchromedriver!GetHandleVerifier [0x4a4c18+29df8]\n\tchromedriver!GetHandleVerifier [0x4ac6fd+318dd]\n\tchromedriver!GetHandleVerifier [0x493c78+18e58]\n\tchromedriver!GetHandleVerifier [0x493e42+19022]\n\tchromedriver!GetHandleVerifier [0x47d45f+263f]\n\tKERNEL32!BaseThreadInitThunk [0x75aafcc9+19]\n\tntdll!RtlGetAppContainerNamedObjectPath [0x779982ae+11e]\n\tntdll!RtlGetAppContainerNamedObjectPath [0x7799827e+ee]\n"}} | headers=HTTPHeaderDict({'Content-Length': '1260', 'Content-Type': 'application/json; charset=utf-8', 'cache-control': 'no-cache'})
00:28:48 [DEBUG] selenium.webdriver.remote.remote_connection — Finished Request
00:28:48 [DEBUG] selenium.webdriver.remote.remote_connection — POST http://localhost:57695/session/1785d0cfc50f5f2ea2b3d7d18ad6c80b/element {'using': 'xpath', 'value': "//button[contains(text(), 'Accept All')]"}
00:28:48 [DEBUG] urllib3.connectionpool — http://localhost:57695 "POST /session/1785d0cfc50f5f2ea2b3d7d18ad6c80b/element HTTP/1.1" 404 0
00:28:48 [DEBUG] selenium.webdriver.remote.remote_connection — Remote response: status=404 | data={"value":{"error":"no such element","message":"no such element: Unable to locate element: {\"method\":\"xpath\",\"selector\":\"//button[contains(text(), 'Accept All')]\"}\n  (Session info: chrome=147.0.7727.117)","stacktrace":"\tchromedriver!GetHandleVerifier [0x48b373+10553]\n\tchromedriver!GetHandleVerifier [0x48b4a4+10684]\n\tchromedriver!(No symbol) [0x291e10]\n\tchromedriver!(No symbol) [0x2da9da]\n\tchromedriver!(No symbol) [0x2dac7b]\n\tchromedriver!(No symbol) [0x31d162]\n\tchromedriver!(No symbol) [0x2fd8b4]\n\tchromedriver!(No symbol) [0x31aa36]\n\tchromedriver!(No symbol) [0x2fd606]\n\tchromedriver!(No symbol) [0x2d0039]\n\tchromedriver!(No symbol) [0x2d0df4]\n\tchromedriver!GetHandleVerifier [0x70ddb4+292f94]\n\tchromedriver!GetHandleVerifier [0x70937d+28e55d]\n\tchromedriver!GetHandleVerifier [0x728215+2ad3f5]\n\tchromedriver!GetHandleVerifier [0x4a4c18+29df8]\n\tchromedriver!GetHandleVerifier [0x4ac6fd+318dd]\n\tchromedriver!GetHandleVerifier [0x493c78+18e58]\n\tchromedriver!GetHandleVerifier [0x493e42+19022]\n\tchromedriver!GetHandleVerifier [0x47d45f+263f]\n\tKERNEL32!BaseThreadInitThunk [0x75aafcc9+19]\n\tntdll!RtlGetAppContainerNamedObjectPath [0x779982ae+11e]\n\tntdll!RtlGetAppContainerNamedObjectPath [0x7799827e+ee]\n"}} | headers=HTTPHeaderDict({'Content-Length': '1260', 'Content-Type': 'application/json; charset=utf-8', 'cache-control': 'no-cache'})
00:28:48 [DEBUG] selenium.webdriver.remote.remote_connection — Finished Request
00:28:49 [DEBUG] selenium.webdriver.remote.remote_connection — POST http://localhost:57695/session/1785d0cfc50f5f2ea2b3d7d18ad6c80b/element {'using': 'xpath', 'value': "//button[contains(text(), 'Accept All')]"}
00:28:49 [DEBUG] urllib3.connectionpool — http://localhost:57695 "POST /session/1785d0cfc50f5f2ea2b3d7d18ad6c80b/element HTTP/1.1" 404 0
00:28:49 [DEBUG] selenium.webdriver.remote.remote_connection — Remote response: status=404 | data={"value":{"error":"no such element","message":"no such element: Unable to locate element: {\"method\":\"xpath\",\"selector\":\"//button[contains(text(), 'Accept All')]\"}\n  (Session info: chrome=147.0.7727.117)","stacktrace":"\tchromedriver!GetHandleVerifier [0x48b373+10553]\n\tchromedriver!GetHandleVerifier [0x48b4a4+10684]\n\tchromedriver!(No symbol) [0x291e10]\n\tchromedriver!(No symbol) [0x2da9da]\n\tchromedriver!(No symbol) [0x2dac7b]\n\tchromedriver!(No symbol) [0x31d162]\n\tchromedriver!(No symbol) [0x2fd8b4]\n\tchromedriver!(No symbol) [0x31aa36]\n\tchromedriver!(No symbol) [0x2fd606]\n\tchromedriver!(No symbol) [0x2d0039]\n\tchromedriver!(No symbol) [0x2d0df4]\n\tchromedriver!GetHandleVerifier [0x70ddb4+292f94]\n\tchromedriver!GetHandleVerifier [0x70937d+28e55d]\n\tchromedriver!GetHandleVerifier [0x728215+2ad3f5]\n\tchromedriver!GetHandleVerifier [0x4a4c18+29df8]\n\tchromedriver!GetHandleVerifier [0x4ac6fd+318dd]\n\tchromedriver!GetHandleVerifier [0x493c78+18e58]\n\tchromedriver!GetHandleVerifier [0x493e42+19022]\n\tchromedriver!GetHandleVerifier [0x47d45f+263f]\n\tKERNEL32!BaseThreadInitThunk [0x75aafcc9+19]\n\tntdll!RtlGetAppContainerNamedObjectPath [0x779982ae+11e]\n\tntdll!RtlGetAppContainerNamedObjectPath [0x7799827e+ee]\n"}} | headers=HTTPHeaderDict({'Content-Length': '1260', 'Content-Type': 'application/json; charset=utf-8', 'cache-control': 'no-cache'})
00:28:49 [DEBUG] selenium.webdriver.remote.remote_connection — Finished Request
00:28:49 [DEBUG] selenium.webdriver.remote.remote_connection — POST http://localhost:57695/session/1785d0cfc50f5f2ea2b3d7d18ad6c80b/element {'using': 'xpath', 'value': "//button[contains(text(), 'Accept All')]"}
00:28:49 [DEBUG] urllib3.connectionpool — http://localhost:57695 "POST /session/1785d0cfc50f5f2ea2b3d7d18ad6c80b/element HTTP/1.1" 404 0
00:28:49 [DEBUG] selenium.webdriver.remote.remote_connection — Remote response: status=404 | data={"value":{"error":"no such element","message":"no such element: Unable to locate element: {\"method\":\"xpath\",\"selector\":\"//button[contains(text(), 'Accept All')]\"}\n  (Session info: chrome=147.0.7727.117)","stacktrace":"\tchromedriver!GetHandleVerifier [0x48b373+10553]\n\tchromedriver!GetHandleVerifier [0x48b4a4+10684]\n\tchromedriver!(No symbol) [0x291e10]\n\tchromedriver!(No symbol) [0x2da9da]\n\tchromedriver!(No symbol) [0x2dac7b]\n\tchromedriver!(No symbol) [0x31d162]\n\tchromedriver!(No symbol) [0x2fd8b4]\n\tchromedriver!(No symbol) [0x31aa36]\n\tchromedriver!(No symbol) [0x2fd606]\n\tchromedriver!(No symbol) [0x2d0039]\n\tchromedriver!(No symbol) [0x2d0df4]\n\tchromedriver!GetHandleVerifier [0x70ddb4+292f94]\n\tchromedriver!GetHandleVerifier [0x70937d+28e55d]\n\tchromedriver!GetHandleVerifier [0x728215+2ad3f5]\n\tchromedriver!GetHandleVerifier [0x4a4c18+29df8]\n\tchromedriver!GetHandleVerifier [0x4ac6fd+318dd]\n\tchromedriver!GetHandleVerifier [0x493c78+18e58]\n\tchromedriver!GetHandleVerifier [0x493e42+19022]\n\tchromedriver!GetHandleVerifier [0x47d45f+263f]\n\tKERNEL32!BaseThreadInitThunk [0x75aafcc9+19]\n\tntdll!RtlGetAppContainerNamedObjectPath [0x779982ae+11e]\n\tntdll!RtlGetAppContainerNamedObjectPath [0x7799827e+ee]\n"}} | headers=HTTPHeaderDict({'Content-Length': '1260', 'Content-Type': 'application/json; charset=utf-8', 'cache-control': 'no-cache'})
00:28:49 [DEBUG] selenium.webdriver.remote.remote_connection — Finished Request
00:28:50 [DEBUG] selenium.webdriver.remote.remote_connection — POST http://localhost:57695/session/1785d0cfc50f5f2ea2b3d7d18ad6c80b/element {'using': 'xpath', 'value': "//button[contains(text(), 'Accept All')]"}
00:28:50 [DEBUG] urllib3.connectionpool — http://localhost:57695 "POST /session/1785d0cfc50f5f2ea2b3d7d18ad6c80b/element HTTP/1.1" 404 0
00:28:50 [DEBUG] selenium.webdriver.remote.remote_connection — Remote response: status=404 | data={"value":{"error":"no such element","message":"no such element: Unable to locate element: {\"method\":\"xpath\",\"selector\":\"//button[contains(text(), 'Accept All')]\"}\n  (Session info: chrome=147.0.7727.117)","stacktrace":"\tchromedriver!GetHandleVerifier [0x48b373+10553]\n\tchromedriver!GetHandleVerifier [0x48b4a4+10684]\n\tchromedriver!(No symbol) [0x291e10]\n\tchromedriver!(No symbol) [0x2da9da]\n\tchromedriver!(No symbol) [0x2dac7b]\n\tchromedriver!(No symbol) [0x31d162]\n\tchromedriver!(No symbol) [0x2fd8b4]\n\tchromedriver!(No symbol) [0x31aa36]\n\tchromedriver!(No symbol) [0x2fd606]\n\tchromedriver!(No symbol) [0x2d0039]\n\tchromedriver!(No symbol) [0x2d0df4]\n\tchromedriver!GetHandleVerifier [0x70ddb4+292f94]\n\tchromedriver!GetHandleVerifier [0x70937d+28e55d]\n\tchromedriver!GetHandleVerifier [0x728215+2ad3f5]\n\tchromedriver!GetHandleVerifier [0x4a4c18+29df8]\n\tchromedriver!GetHandleVerifier [0x4ac6fd+318dd]\n\tchromedriver!GetHandleVerifier [0x493c78+18e58]\n\tchromedriver!GetHandleVerifier [0x493e42+19022]\n\tchromedriver!GetHandleVerifier [0x47d45f+263f]\n\tKERNEL32!BaseThreadInitThunk [0x75aafcc9+19]\n\tntdll!RtlGetAppContainerNamedObjectPath [0x779982ae+11e]\n\tntdll!RtlGetAppContainerNamedObjectPath [0x7799827e+ee]\n"}} | headers=HTTPHeaderDict({'Content-Length': '1260', 'Content-Type': 'application/json; charset=utf-8', 'cache-control': 'no-cache'})
00:28:50 [DEBUG] selenium.webdriver.remote.remote_connection — Finished Request
00:28:50 [DEBUG] selenium.webdriver.remote.remote_connection — POST http://localhost:57695/session/1785d0cfc50f5f2ea2b3d7d18ad6c80b/element {'using': 'xpath', 'value': "//a[contains(text(), 'Accept All')]"}
00:28:50 [DEBUG] urllib3.connectionpool — http://localhost:57695 "POST /session/1785d0cfc50f5f2ea2b3d7d18ad6c80b/element HTTP/1.1" 200 0
00:28:50 [DEBUG] selenium.webdriver.remote.remote_connection — Remote response: status=200 | data={"value":{"element-6066-11e4-a52e-4f735466cecf":"f.DB8ADB7B39419EC651A45B4C0D0839FA.d.B7D0FD9E31DB6F78D2316F5279FA239B.e.5822"}} | headers=HTTPHeaderDict({'Content-Length': '128', 'Content-Type': 'application/json; charset=utf-8', 'cache-control': 'no-cache'})
00:28:50 [DEBUG] selenium.webdriver.remote.remote_connection — Finished Request
00:28:50 [DEBUG] selenium.webdriver.remote.remote_connection — POST http://localhost:57695/session/1785d0cfc50f5f2ea2b3d7d18ad6c80b/execute/sync {'script': '/* isDisplayed */return (function(){return (function(){var g=this||self;\nfunction aa(a){var b=typeof...', 'args': [{'element-6066-11e4-a52e-4f735466cecf': 'f.DB8ADB7B39419EC651A45B4C0D0839FA.d.B7D0FD9E31DB6F78D2316F5279FA239B.e.5822'}]}
00:28:50 [DEBUG] urllib3.connectionpool — http://localhost:57695 "POST /session/1785d0cfc50f5f2ea2b3d7d18ad6c80b/execute/sync HTTP/1.1" 200 0
00:28:50 [DEBUG] selenium.webdriver.remote.remote_connection — Remote response: status=200 | data={"value":false} | headers=HTTPHeaderDict({'Content-Length': '15', 'Content-Type': 'application/json; charset=utf-8', 'cache-control': 'no-cache'})
00:28:50 [DEBUG] selenium.webdriver.remote.remote_connection — Finished Request
00:28:51 [DEBUG] selenium.webdriver.remote.remote_connection — POST http://localhost:57695/session/1785d0cfc50f5f2ea2b3d7d18ad6c80b/element {'using': 'xpath', 'value': "//a[contains(text(), 'Accept All')]"}
00:28:51 [DEBUG] urllib3.connectionpool — http://localhost:57695 "POST /session/1785d0cfc50f5f2ea2b3d7d18ad6c80b/element HTTP/1.1" 200 0
00:28:51 [DEBUG] selenium.webdriver.remote.remote_connection — Remote response: status=200 | data={"value":{"element-6066-11e4-a52e-4f735466cecf":"f.DB8ADB7B39419EC651A45B4C0D0839FA.d.B7D0FD9E31DB6F78D2316F5279FA239B.e.5822"}} | headers=HTTPHeaderDict({'Content-Length': '128', 'Content-Type': 'application/json; charset=utf-8', 'cache-control': 'no-cache'})
00:28:51 [DEBUG] selenium.webdriver.remote.remote_connection — Finished Request
00:28:51 [DEBUG] selenium.webdriver.remote.remote_connection — POST http://localhost:57695/session/1785d0cfc50f5f2ea2b3d7d18ad6c80b/execute/sync {'script': '/* isDisplayed */return (function(){return (function(){var g=this||self;\nfunction aa(a){var b=typeof...', 'args': [{'element-6066-11e4-a52e-4f735466cecf': 'f.DB8ADB7B39419EC651A45B4C0D0839FA.d.B7D0FD9E31DB6F78D2316F5279FA239B.e.5822'}]}
00:28:51 [DEBUG] urllib3.connectionpool — http://localhost:57695 "POST /session/1785d0cfc50f5f2ea2b3d7d18ad6c80b/execute/sync HTTP/1.1" 200 0
00:28:51 [DEBUG] selenium.webdriver.remote.remote_connection — Remote response: status=200 | data={"value":false} | headers=HTTPHeaderDict({'Content-Length': '15', 'Content-Type': 'application/json; charset=utf-8', 'cache-control': 'no-cache'})
00:28:51 [DEBUG] selenium.webdriver.remote.remote_connection — Finished Request
00:28:51 [DEBUG] selenium.webdriver.remote.remote_connection — POST http://localhost:57695/session/1785d0cfc50f5f2ea2b3d7d18ad6c80b/element {'using': 'xpath', 'value': "//a[contains(text(), 'Accept All')]"}
00:28:51 [DEBUG] urllib3.connectionpool — http://localhost:57695 "POST /session/1785d0cfc50f5f2ea2b3d7d18ad6c80b/element HTTP/1.1" 200 0
00:28:51 [DEBUG] selenium.webdriver.remote.remote_connection — Remote response: status=200 | data={"value":{"element-6066-11e4-a52e-4f735466cecf":"f.DB8ADB7B39419EC651A45B4C0D0839FA.d.B7D0FD9E31DB6F78D2316F5279FA239B.e.5822"}} | headers=HTTPHeaderDict({'Content-Length': '128', 'Content-Type': 'application/json; charset=utf-8', 'cache-control': 'no-cache'})
00:28:51 [DEBUG] selenium.webdriver.remote.remote_connection — Finished Request
00:28:51 [DEBUG] selenium.webdriver.remote.remote_connection — POST http://localhost:57695/session/1785d0cfc50f5f2ea2b3d7d18ad6c80b/execute/sync {'script': '/* isDisplayed */return (function(){return (function(){var g=this||self;\nfunction aa(a){var b=typeof...', 'args': [{'element-6066-11e4-a52e-4f735466cecf': 'f.DB8ADB7B39419EC651A45B4C0D0839FA.d.B7D0FD9E31DB6F78D2316F5279FA239B.e.5822'}]}
00:28:51 [DEBUG] urllib3.connectionpool — http://localhost:57695 "POST /session/1785d0cfc50f5f2ea2b3d7d18ad6c80b/execute/sync HTTP/1.1" 200 0
00:28:51 [DEBUG] selenium.webdriver.remote.remote_connection — Remote response: status=200 | data={"value":false} | headers=HTTPHeaderDict({'Content-Length': '15', 'Content-Type': 'application/json; charset=utf-8', 'cache-control': 'no-cache'})
00:28:51 [DEBUG] selenium.webdriver.remote.remote_connection — Finished Request
00:28:52 [DEBUG] selenium.webdriver.remote.remote_connection — POST http://localhost:57695/session/1785d0cfc50f5f2ea2b3d7d18ad6c80b/element {'using': 'xpath', 'value': "//a[contains(text(), 'Accept All')]"}
00:28:52 [DEBUG] urllib3.connectionpool — http://localhost:57695 "POST /session/1785d0cfc50f5f2ea2b3d7d18ad6c80b/element HTTP/1.1" 200 0
00:28:52 [DEBUG] selenium.webdriver.remote.remote_connection — Remote response: status=200 | data={"value":{"element-6066-11e4-a52e-4f735466cecf":"f.DB8ADB7B39419EC651A45B4C0D0839FA.d.B7D0FD9E31DB6F78D2316F5279FA239B.e.5822"}} | headers=HTTPHeaderDict({'Content-Length': '128', 'Content-Type': 'application/json; charset=utf-8', 'cache-control': 'no-cache'})
00:28:52 [DEBUG] selenium.webdriver.remote.remote_connection — Finished Request
00:28:52 [DEBUG] selenium.webdriver.remote.remote_connection — POST http://localhost:57695/session/1785d0cfc50f5f2ea2b3d7d18ad6c80b/execute/sync {'script': '/* isDisplayed */return (function(){return (function(){var g=this||self;\nfunction aa(a){var b=typeof...', 'args': [{'element-6066-11e4-a52e-4f735466cecf': 'f.DB8ADB7B39419EC651A45B4C0D0839FA.d.B7D0FD9E31DB6F78D2316F5279FA239B.e.5822'}]}
00:28:52 [DEBUG] urllib3.connectionpool — http://localhost:57695 "POST /session/1785d0cfc50f5f2ea2b3d7d18ad6c80b/execute/sync HTTP/1.1" 200 0
00:28:52 [DEBUG] selenium.webdriver.remote.remote_connection — Remote response: status=200 | data={"value":false} | headers=HTTPHeaderDict({'Content-Length': '15', 'Content-Type': 'application/json; charset=utf-8', 'cache-control': 'no-cache'})
00:28:52 [DEBUG] selenium.webdriver.remote.remote_connection — Finished Request
00:28:52 [DEBUG] selenium.webdriver.remote.remote_connection — POST http://localhost:57695/session/1785d0cfc50f5f2ea2b3d7d18ad6c80b/element {'using': 'xpath', 'value': "//a[contains(text(), 'Accept All')]"}
00:28:52 [DEBUG] urllib3.connectionpool — http://localhost:57695 "POST /session/1785d0cfc50f5f2ea2b3d7d18ad6c80b/element HTTP/1.1" 200 0
00:28:52 [DEBUG] selenium.webdriver.remote.remote_connection — Remote response: status=200 | data={"value":{"element-6066-11e4-a52e-4f735466cecf":"f.DB8ADB7B39419EC651A45B4C0D0839FA.d.B7D0FD9E31DB6F78D2316F5279FA239B.e.5822"}} | headers=HTTPHeaderDict({'Content-Length': '128', 'Content-Type': 'application/json; charset=utf-8', 'cache-control': 'no-cache'})
00:28:52 [DEBUG] selenium.webdriver.remote.remote_connection — Finished Request
00:28:52 [DEBUG] selenium.webdriver.remote.remote_connection — POST http://localhost:57695/session/1785d0cfc50f5f2ea2b3d7d18ad6c80b/execute/sync {'script': '/* isDisplayed */return (function(){return (function(){var g=this||self;\nfunction aa(a){var b=typeof...', 'args': [{'element-6066-11e4-a52e-4f735466cecf': 'f.DB8ADB7B39419EC651A45B4C0D0839FA.d.B7D0FD9E31DB6F78D2316F5279FA239B.e.5822'}]}
00:28:52 [DEBUG] urllib3.connectionpool — http://localhost:57695 "POST /session/1785d0cfc50f5f2ea2b3d7d18ad6c80b/execute/sync HTTP/1.1" 200 0
00:28:52 [DEBUG] selenium.webdriver.remote.remote_connection — Remote response: status=200 | data={"value":false} | headers=HTTPHeaderDict({'Content-Length': '15', 'Content-Type': 'application/json; charset=utf-8', 'cache-control': 'no-cache'})
00:28:52 [DEBUG] selenium.webdriver.remote.remote_connection — Finished Request
00:28:53 [DEBUG] selenium.webdriver.remote.remote_connection — POST http://localhost:57695/session/1785d0cfc50f5f2ea2b3d7d18ad6c80b/element {'using': 'xpath', 'value': "//a[contains(text(), 'Accept All')]"}
00:28:53 [DEBUG] urllib3.connectionpool — http://localhost:57695 "POST /session/1785d0cfc50f5f2ea2b3d7d18ad6c80b/element HTTP/1.1" 200 0
00:28:53 [DEBUG] selenium.webdriver.remote.remote_connection — Remote response: status=200 | data={"value":{"element-6066-11e4-a52e-4f735466cecf":"f.DB8ADB7B39419EC651A45B4C0D0839FA.d.B7D0FD9E31DB6F78D2316F5279FA239B.e.5822"}} | headers=HTTPHeaderDict({'Content-Length': '128', 'Content-Type': 'application/json; charset=utf-8', 'cache-control': 'no-cache'})
00:28:53 [DEBUG] selenium.webdriver.remote.remote_connection — Finished Request
00:28:53 [DEBUG] selenium.webdriver.remote.remote_connection — POST http://localhost:57695/session/1785d0cfc50f5f2ea2b3d7d18ad6c80b/execute/sync {'script': '/* isDisplayed */return (function(){return (function(){var g=this||self;\nfunction aa(a){var b=typeof...', 'args': [{'element-6066-11e4-a52e-4f735466cecf': 'f.DB8ADB7B39419EC651A45B4C0D0839FA.d.B7D0FD9E31DB6F78D2316F5279FA239B.e.5822'}]}
00:28:53 [DEBUG] urllib3.connectionpool — http://localhost:57695 "POST /session/1785d0cfc50f5f2ea2b3d7d18ad6c80b/execute/sync HTTP/1.1" 200 0
00:28:53 [DEBUG] selenium.webdriver.remote.remote_connection — Remote response: status=200 | data={"value":false} | headers=HTTPHeaderDict({'Content-Length': '15', 'Content-Type': 'application/json; charset=utf-8', 'cache-control': 'no-cache'})
00:28:53 [DEBUG] selenium.webdriver.remote.remote_connection — Finished Request
00:28:53 [DEBUG] selenium.webdriver.remote.remote_connection — POST http://localhost:57695/session/1785d0cfc50f5f2ea2b3d7d18ad6c80b/element {'using': 'css selector', 'value': 'a.inso-btn.see-more, .see-more'}
00:28:53 [DEBUG] urllib3.connectionpool — http://localhost:57695 "POST /session/1785d0cfc50f5f2ea2b3d7d18ad6c80b/element HTTP/1.1" 200 0
00:28:53 [DEBUG] selenium.webdriver.remote.remote_connection — Remote response: status=200 | data={"value":{"element-6066-11e4-a52e-4f735466cecf":"f.DB8ADB7B39419EC651A45B4C0D0839FA.d.B7D0FD9E31DB6F78D2316F5279FA239B.e.5859"}} | headers=HTTPHeaderDict({'Content-Length': '128', 'Content-Type': 'application/json; charset=utf-8', 'cache-control': 'no-cache'})
00:28:53 [DEBUG] selenium.webdriver.remote.remote_connection — Finished Request
00:28:53 [DEBUG] selenium.webdriver.remote.remote_connection — POST http://localhost:57695/session/1785d0cfc50f5f2ea2b3d7d18ad6c80b/execute/sync {'script': '/* isDisplayed */return (function(){return (function(){var g=this||self;\nfunction aa(a){var b=typeof...', 'args': [{'element-6066-11e4-a52e-4f735466cecf': 'f.DB8ADB7B39419EC651A45B4C0D0839FA.d.B7D0FD9E31DB6F78D2316F5279FA239B.e.5859'}]}
00:28:53 [DEBUG] urllib3.connectionpool — http://localhost:57695 "POST /session/1785d0cfc50f5f2ea2b3d7d18ad6c80b/execute/sync HTTP/1.1" 200 0
00:28:53 [DEBUG] selenium.webdriver.remote.remote_connection — Remote response: status=200 | data={"value":true} | headers=HTTPHeaderDict({'Content-Length': '14', 'Content-Type': 'application/json; charset=utf-8', 'cache-control': 'no-cache'})
00:28:53 [DEBUG] selenium.webdriver.remote.remote_connection — Finished Request
00:28:53 [DEBUG] selenium.webdriver.remote.remote_connection — GET http://localhost:57695/session/1785d0cfc50f5f2ea2b3d7d18ad6c80b/element/f.DB8ADB7B39419EC651A45B4C0D0839FA.d.B7D0FD9E31DB6F78D2316F5279FA239B.e.5859/enabled {}
00:28:53 [DEBUG] urllib3.connectionpool — http://localhost:57695 "GET /session/1785d0cfc50f5f2ea2b3d7d18ad6c80b/element/f.DB8ADB7B39419EC651A45B4C0D0839FA.d.B7D0FD9E31DB6F78D2316F5279FA239B.e.5859/enabled HTTP/1.1" 200 0
00:28:53 [DEBUG] selenium.webdriver.remote.remote_connection — Remote response: status=200 | data={"value":true} | headers=HTTPHeaderDict({'Content-Length': '14', 'Content-Type': 'application/json; charset=utf-8', 'cache-control': 'no-cache'})
00:28:53 [DEBUG] selenium.webdriver.remote.remote_connection — Finished Request
00:28:53 [DEBUG] pages.base_page — Clicking element: ('css selector', 'a.inso-btn.see-more, .see-more')
00:28:53 [DEBUG] selenium.webdriver.remote.remote_connection — POST http://localhost:57695/session/1785d0cfc50f5f2ea2b3d7d18ad6c80b/execute/sync {'script': "arguments[0].scrollIntoView({block:'center'});", 'args': [{'element-6066-11e4-a52e-4f735466cecf': 'f.DB8ADB7B39419EC651A45B4C0D0839FA.d.B7D0FD9E31DB6F78D2316F5279FA239B.e.5859'}]}
00:28:53 [DEBUG] urllib3.connectionpool — http://localhost:57695 "POST /session/1785d0cfc50f5f2ea2b3d7d18ad6c80b/execute/sync HTTP/1.1" 200 0
00:28:53 [DEBUG] selenium.webdriver.remote.remote_connection — Remote response: status=200 | data={"value":null} | headers=HTTPHeaderDict({'Content-Length': '14', 'Content-Type': 'application/json; charset=utf-8', 'cache-control': 'no-cache'})
00:28:53 [DEBUG] selenium.webdriver.remote.remote_connection — Finished Request
00:28:53 [DEBUG] selenium.webdriver.remote.remote_connection — POST http://localhost:57695/session/1785d0cfc50f5f2ea2b3d7d18ad6c80b/element/f.DB8ADB7B39419EC651A45B4C0D0839FA.d.B7D0FD9E31DB6F78D2316F5279FA239B.e.5859/click {}
00:28:54 [DEBUG] urllib3.connectionpool — http://localhost:57695 "POST /session/1785d0cfc50f5f2ea2b3d7d18ad6c80b/element/f.DB8ADB7B39419EC651A45B4C0D0839FA.d.B7D0FD9E31DB6F78D2316F5279FA239B.e.5859/click HTTP/1.1" 200 0
00:28:54 [DEBUG] selenium.webdriver.remote.remote_connection — Remote response: status=200 | data={"value":null} | headers=HTTPHeaderDict({'Content-Length': '14', 'Content-Type': 'application/json; charset=utf-8', 'cache-control': 'no-cache'})
00:28:54 [DEBUG] selenium.webdriver.remote.remote_connection — Finished Request
00:28:56 [INFO] pages.careers_page — Locating and clicking the 'Open Positions' link for Quality Assurance
00:28:56 [DEBUG] selenium.webdriver.remote.remote_connection — POST http://localhost:57695/session/1785d0cfc50f5f2ea2b3d7d18ad6c80b/element {'using': 'xpath', 'value': "//h3[contains(text(), 'Quality Assurance')]"}
00:28:56 [DEBUG] urllib3.connectionpool — http://localhost:57695 "POST /session/1785d0cfc50f5f2ea2b3d7d18ad6c80b/element HTTP/1.1" 200 0
00:28:56 [DEBUG] selenium.webdriver.remote.remote_connection — Remote response: status=200 | data={"value":{"element-6066-11e4-a52e-4f735466cecf":"f.DB8ADB7B39419EC651A45B4C0D0839FA.d.B7D0FD9E31DB6F78D2316F5279FA239B.e.5932"}} | headers=HTTPHeaderDict({'Content-Length': '128', 'Content-Type': 'application/json; charset=utf-8', 'cache-control': 'no-cache'})
00:28:56 [DEBUG] selenium.webdriver.remote.remote_connection — Finished Request
00:28:56 [DEBUG] selenium.webdriver.remote.remote_connection — POST http://localhost:57695/session/1785d0cfc50f5f2ea2b3d7d18ad6c80b/element {'using': 'xpath', 'value': "//h3[contains(text(), 'Quality Assurance')]"}
00:28:56 [DEBUG] urllib3.connectionpool — http://localhost:57695 "POST /session/1785d0cfc50f5f2ea2b3d7d18ad6c80b/element HTTP/1.1" 200 0
00:28:56 [DEBUG] selenium.webdriver.remote.remote_connection — Remote response: status=200 | data={"value":{"element-6066-11e4-a52e-4f735466cecf":"f.DB8ADB7B39419EC651A45B4C0D0839FA.d.B7D0FD9E31DB6F78D2316F5279FA239B.e.5932"}} | headers=HTTPHeaderDict({'Content-Length': '128', 'Content-Type': 'application/json; charset=utf-8', 'cache-control': 'no-cache'})
00:28:56 [DEBUG] selenium.webdriver.remote.remote_connection — Finished Request
00:28:56 [DEBUG] selenium.webdriver.remote.remote_connection — POST http://localhost:57695/session/1785d0cfc50f5f2ea2b3d7d18ad6c80b/execute/sync {'script': "arguments[0].scrollIntoView({block:'center'});", 'args': [{'element-6066-11e4-a52e-4f735466cecf': 'f.DB8ADB7B39419EC651A45B4C0D0839FA.d.B7D0FD9E31DB6F78D2316F5279FA239B.e.5932'}]}
00:28:56 [DEBUG] urllib3.connectionpool — http://localhost:57695 "POST /session/1785d0cfc50f5f2ea2b3d7d18ad6c80b/execute/sync HTTP/1.1" 200 0
00:28:56 [DEBUG] selenium.webdriver.remote.remote_connection — Remote response: status=200 | data={"value":null} | headers=HTTPHeaderDict({'Content-Length': '14', 'Content-Type': 'application/json; charset=utf-8', 'cache-control': 'no-cache'})
00:28:56 [DEBUG] selenium.webdriver.remote.remote_connection — Finished Request
00:28:57 [DEBUG] selenium.webdriver.remote.remote_connection — POST http://localhost:57695/session/1785d0cfc50f5f2ea2b3d7d18ad6c80b/element {'using': 'xpath', 'value': "//h3[contains(text(), 'Quality Assurance')]/following-sibling::a[contains(text(), 'Open Position')] ..."}
00:28:57 [DEBUG] urllib3.connectionpool — http://localhost:57695 "POST /session/1785d0cfc50f5f2ea2b3d7d18ad6c80b/element HTTP/1.1" 404 0
00:28:57 [DEBUG] selenium.webdriver.remote.remote_connection — Remote response: status=404 | data={"value":{"error":"no such element","message":"no such element: Unable to locate element: {\"method\":\"xpath\",\"selector\":\"//h3[contains(text(), 'Quality Assurance')]/following-sibling::a[contains(text(), 'Open Position')] | //h3[contains(text(), 'Quality Assurance')]/..//a[contains(text(), 'Open Position')]\"}\n  (Session info: chrome=147.0.7727.117)","stacktrace":"\tchromedriver!GetHandleVerifier [0x48b373+10553]\n\tchromedriver!GetHandleVerifier [0x48b4a4+10684]\n\tchromedriver!(No symbol) [0x291e10]\n\tchromedriver!(No symbol) [0x2da9da]\n\tchromedriver!(No symbol) [0x2dac7b]\n\tchromedriver!(No symbol) [0x31d162]\n\tchromedriver!(No symbol) [0x2fd8b4]\n\tchromedriver!(No symbol) [0x31aa36]\n\tchromedriver!(No symbol) [0x2fd606]\n\tchromedriver!(No symbol) [0x2d0039]\n\tchromedriver!(No symbol) [0x2d0df4]\n\tchromedriver!GetHandleVerifier [0x70ddb4+292f94]\n\tchromedriver!GetHandleVerifier [0x70937d+28e55d]\n\tchromedriver!GetHandleVerifier [0x728215+2ad3f5]\n\tchromedriver!GetHandleVerifier [0x4a4c18+29df8]\n\tchromedriver!GetHandleVerifier [0x4ac6fd+318dd]\n\tchromedriver!GetHandleVerifier [0x493c78+18e58]\n\tchromedriver!GetHandleVerifier [0x493e42+19022]\n\tchromedriver!GetHandleVerifier [0x47d45f+263f]\n\tKERNEL32!BaseThreadInitThunk [0x75aafcc9+19]\n\tntdll!RtlGetAppContainerNamedObjectPath [0x779982ae+11e]\n\tntdll!RtlGetAppContainerNamedObjectPath [0x7799827e+ee]\n"}} | headers=HTTPHeaderDict({'Content-Length': '1406', 'Content-Type': 'application/json; charset=utf-8', 'cache-control': 'no-cache'})
00:28:57 [DEBUG] selenium.webdriver.remote.remote_connection — Finished Request
00:28:57 [DEBUG] selenium.webdriver.remote.remote_connection — POST http://localhost:57695/session/1785d0cfc50f5f2ea2b3d7d18ad6c80b/element {'using': 'xpath', 'value': "//h3[contains(text(), 'Quality Assurance')]/following-sibling::a[contains(text(), 'Open Position')] ..."}
00:28:57 [DEBUG] urllib3.connectionpool — http://localhost:57695 "POST /session/1785d0cfc50f5f2ea2b3d7d18ad6c80b/element HTTP/1.1" 404 0
00:28:57 [DEBUG] selenium.webdriver.remote.remote_connection — Remote response: status=404 | data={"value":{"error":"no such element","message":"no such element: Unable to locate element: {\"method\":\"xpath\",\"selector\":\"//h3[contains(text(), 'Quality Assurance')]/following-sibling::a[contains(text(), 'Open Position')] | //h3[contains(text(), 'Quality Assurance')]/..//a[contains(text(), 'Open Position')]\"}\n  (Session info: chrome=147.0.7727.117)","stacktrace":"\tchromedriver!GetHandleVerifier [0x48b373+10553]\n\tchromedriver!GetHandleVerifier [0x48b4a4+10684]\n\tchromedriver!(No symbol) [0x291e10]\n\tchromedriver!(No symbol) [0x2da9da]\n\tchromedriver!(No symbol) [0x2dac7b]\n\tchromedriver!(No symbol) [0x31d162]\n\tchromedriver!(No symbol) [0x2fd8b4]\n\tchromedriver!(No symbol) [0x31aa36]\n\tchromedriver!(No symbol) [0x2fd606]\n\tchromedriver!(No symbol) [0x2d0039]\n\tchromedriver!(No symbol) [0x2d0df4]\n\tchromedriver!GetHandleVerifier [0x70ddb4+292f94]\n\tchromedriver!GetHandleVerifier [0x70937d+28e55d]\n\tchromedriver!GetHandleVerifier [0x728215+2ad3f5]\n\tchromedriver!GetHandleVerifier [0x4a4c18+29df8]\n\tchromedriver!GetHandleVerifier [0x4ac6fd+318dd]\n\tchromedriver!GetHandleVerifier [0x493c78+18e58]\n\tchromedriver!GetHandleVerifier [0x493e42+19022]\n\tchromedriver!GetHandleVerifier [0x47d45f+263f]\n\tKERNEL32!BaseThreadInitThunk [0x75aafcc9+19]\n\tntdll!RtlGetAppContainerNamedObjectPath [0x779982ae+11e]\n\tntdll!RtlGetAppContainerNamedObjectPath [0x7799827e+ee]\n"}} | headers=HTTPHeaderDict({'Content-Length': '1406', 'Content-Type': 'application/json; charset=utf-8', 'cache-control': 'no-cache'})
00:28:57 [DEBUG] selenium.webdriver.remote.remote_connection — Finished Request
00:28:58 [DEBUG] selenium.webdriver.remote.remote_connection — POST http://localhost:57695/session/1785d0cfc50f5f2ea2b3d7d18ad6c80b/element {'using': 'xpath', 'value': "//h3[contains(text(), 'Quality Assurance')]/following-sibling::a[contains(text(), 'Open Position')] ..."}
00:28:58 [DEBUG] urllib3.connectionpool — http://localhost:57695 "POST /session/1785d0cfc50f5f2ea2b3d7d18ad6c80b/element HTTP/1.1" 404 0
00:28:58 [DEBUG] selenium.webdriver.remote.remote_connection — Remote response: status=404 | data={"value":{"error":"no such element","message":"no such element: Unable to locate element: {\"method\":\"xpath\",\"selector\":\"//h3[contains(text(), 'Quality Assurance')]/following-sibling::a[contains(text(), 'Open Position')] | //h3[contains(text(), 'Quality Assurance')]/..//a[contains(text(), 'Open Position')]\"}\n  (Session info: chrome=147.0.7727.117)","stacktrace":"\tchromedriver!GetHandleVerifier [0x48b373+10553]\n\tchromedriver!GetHandleVerifier [0x48b4a4+10684]\n\tchromedriver!(No symbol) [0x291e10]\n\tchromedriver!(No symbol) [0x2da9da]\n\tchromedriver!(No symbol) [0x2dac7b]\n\tchromedriver!(No symbol) [0x31d162]\n\tchromedriver!(No symbol) [0x2fd8b4]\n\tchromedriver!(No symbol) [0x31aa36]\n\tchromedriver!(No symbol) [0x2fd606]\n\tchromedriver!(No symbol) [0x2d0039]\n\tchromedriver!(No symbol) [0x2d0df4]\n\tchromedriver!GetHandleVerifier [0x70ddb4+292f94]\n\tchromedriver!GetHandleVerifier [0x70937d+28e55d]\n\tchromedriver!GetHandleVerifier [0x728215+2ad3f5]\n\tchromedriver!GetHandleVerifier [0x4a4c18+29df8]\n\tchromedriver!GetHandleVerifier [0x4ac6fd+318dd]\n\tchromedriver!GetHandleVerifier [0x493c78+18e58]\n\tchromedriver!GetHandleVerifier [0x493e42+19022]\n\tchromedriver!GetHandleVerifier [0x47d45f+263f]\n\tKERNEL32!BaseThreadInitThunk [0x75aafcc9+19]\n\tntdll!RtlGetAppContainerNamedObjectPath [0x779982ae+11e]\n\tntdll!RtlGetAppContainerNamedObjectPath [0x7799827e+ee]\n"}} | headers=HTTPHeaderDict({'Content-Length': '1406', 'Content-Type': 'application/json; charset=utf-8', 'cache-control': 'no-cache'})
00:28:58 [DEBUG] selenium.webdriver.remote.remote_connection — Finished Request
00:28:58 [DEBUG] selenium.webdriver.remote.remote_connection — POST http://localhost:57695/session/1785d0cfc50f5f2ea2b3d7d18ad6c80b/element {'using': 'xpath', 'value': "//h3[contains(text(), 'Quality Assurance')]/following-sibling::a[contains(text(), 'Open Position')] ..."}
00:28:58 [DEBUG] urllib3.connectionpool — http://localhost:57695 "POST /session/1785d0cfc50f5f2ea2b3d7d18ad6c80b/element HTTP/1.1" 404 0
00:28:58 [DEBUG] selenium.webdriver.remote.remote_connection — Remote response: status=404 | data={"value":{"error":"no such element","message":"no such element: Unable to locate element: {\"method\":\"xpath\",\"selector\":\"//h3[contains(text(), 'Quality Assurance')]/following-sibling::a[contains(text(), 'Open Position')] | //h3[contains(text(), 'Quality Assurance')]/..//a[contains(text(), 'Open Position')]\"}\n  (Session info: chrome=147.0.7727.117)","stacktrace":"\tchromedriver!GetHandleVerifier [0x48b373+10553]\n\tchromedriver!GetHandleVerifier [0x48b4a4+10684]\n\tchromedriver!(No symbol) [0x291e10]\n\tchromedriver!(No symbol) [0x2da9da]\n\tchromedriver!(No symbol) [0x2dac7b]\n\tchromedriver!(No symbol) [0x31d162]\n\tchromedriver!(No symbol) [0x2fd8b4]\n\tchromedriver!(No symbol) [0x31aa36]\n\tchromedriver!(No symbol) [0x2fd606]\n\tchromedriver!(No symbol) [0x2d0039]\n\tchromedriver!(No symbol) [0x2d0df4]\n\tchromedriver!GetHandleVerifier [0x70ddb4+292f94]\n\tchromedriver!GetHandleVerifier [0x70937d+28e55d]\n\tchromedriver!GetHandleVerifier [0x728215+2ad3f5]\n\tchromedriver!GetHandleVerifier [0x4a4c18+29df8]\n\tchromedriver!GetHandleVerifier [0x4ac6fd+318dd]\n\tchromedriver!GetHandleVerifier [0x493c78+18e58]\n\tchromedriver!GetHandleVerifier [0x493e42+19022]\n\tchromedriver!GetHandleVerifier [0x47d45f+263f]\n\tKERNEL32!BaseThreadInitThunk [0x75aafcc9+19]\n\tntdll!RtlGetAppContainerNamedObjectPath [0x779982ae+11e]\n\tntdll!RtlGetAppContainerNamedObjectPath [0x7799827e+ee]\n"}} | headers=HTTPHeaderDict({'Content-Length': '1406', 'Content-Type': 'application/json; charset=utf-8', 'cache-control': 'no-cache'})
00:28:58 [DEBUG] selenium.webdriver.remote.remote_connection — Finished Request
00:28:59 [DEBUG] selenium.webdriver.remote.remote_connection — POST http://localhost:57695/session/1785d0cfc50f5f2ea2b3d7d18ad6c80b/element {'using': 'xpath', 'value': "//h3[contains(text(), 'Quality Assurance')]/following-sibling::a[contains(text(), 'Open Position')] ..."}
00:28:59 [DEBUG] urllib3.connectionpool — http://localhost:57695 "POST /session/1785d0cfc50f5f2ea2b3d7d18ad6c80b/element HTTP/1.1" 404 0
00:28:59 [DEBUG] selenium.webdriver.remote.remote_connection — Remote response: status=404 | data={"value":{"error":"no such element","message":"no such element: Unable to locate element: {\"method\":\"xpath\",\"selector\":\"//h3[contains(text(), 'Quality Assurance')]/following-sibling::a[contains(text(), 'Open Position')] | //h3[contains(text(), 'Quality Assurance')]/..//a[contains(text(), 'Open Position')]\"}\n  (Session info: chrome=147.0.7727.117)","stacktrace":"\tchromedriver!GetHandleVerifier [0x48b373+10553]\n\tchromedriver!GetHandleVerifier [0x48b4a4+10684]\n\tchromedriver!(No symbol) [0x291e10]\n\tchromedriver!(No symbol) [0x2da9da]\n\tchromedriver!(No symbol) [0x2dac7b]\n\tchromedriver!(No symbol) [0x31d162]\n\tchromedriver!(No symbol) [0x2fd8b4]\n\tchromedriver!(No symbol) [0x31aa36]\n\tchromedriver!(No symbol) [0x2fd606]\n\tchromedriver!(No symbol) [0x2d0039]\n\tchromedriver!(No symbol) [0x2d0df4]\n\tchromedriver!GetHandleVerifier [0x70ddb4+292f94]\n\tchromedriver!GetHandleVerifier [0x70937d+28e55d]\n\tchromedriver!GetHandleVerifier [0x728215+2ad3f5]\n\tchromedriver!GetHandleVerifier [0x4a4c18+29df8]\n\tchromedriver!GetHandleVerifier [0x4ac6fd+318dd]\n\tchromedriver!GetHandleVerifier [0x493c78+18e58]\n\tchromedriver!GetHandleVerifier [0x493e42+19022]\n\tchromedriver!GetHandleVerifier [0x47d45f+263f]\n\tKERNEL32!BaseThreadInitThunk [0x75aafcc9+19]\n\tntdll!RtlGetAppContainerNamedObjectPath [0x779982ae+11e]\n\tntdll!RtlGetAppContainerNamedObjectPath [0x7799827e+ee]\n"}} | headers=HTTPHeaderDict({'Content-Length': '1406', 'Content-Type': 'application/json; charset=utf-8', 'cache-control': 'no-cache'})
00:28:59 [DEBUG] selenium.webdriver.remote.remote_connection — Finished Request
00:28:59 [DEBUG] selenium.webdriver.remote.remote_connection — POST http://localhost:57695/session/1785d0cfc50f5f2ea2b3d7d18ad6c80b/element {'using': 'xpath', 'value': "//h3[contains(text(), 'Quality Assurance')]/following-sibling::a[contains(text(), 'Open Position')] ..."}
00:28:59 [DEBUG] urllib3.connectionpool — http://localhost:57695 "POST /session/1785d0cfc50f5f2ea2b3d7d18ad6c80b/element HTTP/1.1" 404 0
00:28:59 [DEBUG] selenium.webdriver.remote.remote_connection — Remote response: status=404 | data={"value":{"error":"no such element","message":"no such element: Unable to locate element: {\"method\":\"xpath\",\"selector\":\"//h3[contains(text(), 'Quality Assurance')]/following-sibling::a[contains(text(), 'Open Position')] | //h3[contains(text(), 'Quality Assurance')]/..//a[contains(text(), 'Open Position')]\"}\n  (Session info: chrome=147.0.7727.117)","stacktrace":"\tchromedriver!GetHandleVerifier [0x48b373+10553]\n\tchromedriver!GetHandleVerifier [0x48b4a4+10684]\n\tchromedriver!(No symbol) [0x291e10]\n\tchromedriver!(No symbol) [0x2da9da]\n\tchromedriver!(No symbol) [0x2dac7b]\n\tchromedriver!(No symbol) [0x31d162]\n\tchromedriver!(No symbol) [0x2fd8b4]\n\tchromedriver!(No symbol) [0x31aa36]\n\tchromedriver!(No symbol) [0x2fd606]\n\tchromedriver!(No symbol) [0x2d0039]\n\tchromedriver!(No symbol) [0x2d0df4]\n\tchromedriver!GetHandleVerifier [0x70ddb4+292f94]\n\tchromedriver!GetHandleVerifier [0x70937d+28e55d]\n\tchromedriver!GetHandleVerifier [0x728215+2ad3f5]\n\tchromedriver!GetHandleVerifier [0x4a4c18+29df8]\n\tchromedriver!GetHandleVerifier [0x4ac6fd+318dd]\n\tchromedriver!GetHandleVerifier [0x493c78+18e58]\n\tchromedriver!GetHandleVerifier [0x493e42+19022]\n\tchromedriver!GetHandleVerifier [0x47d45f+263f]\n\tKERNEL32!BaseThreadInitThunk [0x75aafcc9+19]\n\tntdll!RtlGetAppContainerNamedObjectPath [0x779982ae+11e]\n\tntdll!RtlGetAppContainerNamedObjectPath [0x7799827e+ee]\n"}} | headers=HTTPHeaderDict({'Content-Length': '1406', 'Content-Type': 'application/json; charset=utf-8', 'cache-control': 'no-cache'})
00:28:59 [DEBUG] selenium.webdriver.remote.remote_connection — Finished Request
00:29:00 [DEBUG] selenium.webdriver.remote.remote_connection — POST http://localhost:57695/session/1785d0cfc50f5f2ea2b3d7d18ad6c80b/element {'using': 'xpath', 'value': "//h3[contains(text(), 'Quality Assurance')]/following-sibling::a[contains(text(), 'Open Position')] ..."}
00:29:00 [DEBUG] urllib3.connectionpool — http://localhost:57695 "POST /session/1785d0cfc50f5f2ea2b3d7d18ad6c80b/element HTTP/1.1" 404 0
00:29:00 [DEBUG] selenium.webdriver.remote.remote_connection — Remote response: status=404 | data={"value":{"error":"no such element","message":"no such element: Unable to locate element: {\"method\":\"xpath\",\"selector\":\"//h3[contains(text(), 'Quality Assurance')]/following-sibling::a[contains(text(), 'Open Position')] | //h3[contains(text(), 'Quality Assurance')]/..//a[contains(text(), 'Open Position')]\"}\n  (Session info: chrome=147.0.7727.117)","stacktrace":"\tchromedriver!GetHandleVerifier [0x48b373+10553]\n\tchromedriver!GetHandleVerifier [0x48b4a4+10684]\n\tchromedriver!(No symbol) [0x291e10]\n\tchromedriver!(No symbol) [0x2da9da]\n\tchromedriver!(No symbol) [0x2dac7b]\n\tchromedriver!(No symbol) [0x31d162]\n\tchromedriver!(No symbol) [0x2fd8b4]\n\tchromedriver!(No symbol) [0x31aa36]\n\tchromedriver!(No symbol) [0x2fd606]\n\tchromedriver!(No symbol) [0x2d0039]\n\tchromedriver!(No symbol) [0x2d0df4]\n\tchromedriver!GetHandleVerifier [0x70ddb4+292f94]\n\tchromedriver!GetHandleVerifier [0x70937d+28e55d]\n\tchromedriver!GetHandleVerifier [0x728215+2ad3f5]\n\tchromedriver!GetHandleVerifier [0x4a4c18+29df8]\n\tchromedriver!GetHandleVerifier [0x4ac6fd+318dd]\n\tchromedriver!GetHandleVerifier [0x493c78+18e58]\n\tchromedriver!GetHandleVerifier [0x493e42+19022]\n\tchromedriver!GetHandleVerifier [0x47d45f+263f]\n\tKERNEL32!BaseThreadInitThunk [0x75aafcc9+19]\n\tntdll!RtlGetAppContainerNamedObjectPath [0x779982ae+11e]\n\tntdll!RtlGetAppContainerNamedObjectPath [0x7799827e+ee]\n"}} | headers=HTTPHeaderDict({'Content-Length': '1406', 'Content-Type': 'application/json; charset=utf-8', 'cache-control': 'no-cache'})
00:29:00 [DEBUG] selenium.webdriver.remote.remote_connection — Finished Request
00:29:00 [DEBUG] selenium.webdriver.remote.remote_connection — POST http://localhost:57695/session/1785d0cfc50f5f2ea2b3d7d18ad6c80b/element {'using': 'xpath', 'value': "//h3[contains(text(), 'Quality Assurance')]/following-sibling::a[contains(text(), 'Open Position')] ..."}
00:29:00 [DEBUG] urllib3.connectionpool — http://localhost:57695 "POST /session/1785d0cfc50f5f2ea2b3d7d18ad6c80b/element HTTP/1.1" 404 0
00:29:00 [DEBUG] selenium.webdriver.remote.remote_connection — Remote response: status=404 | data={"value":{"error":"no such element","message":"no such element: Unable to locate element: {\"method\":\"xpath\",\"selector\":\"//h3[contains(text(), 'Quality Assurance')]/following-sibling::a[contains(text(), 'Open Position')] | //h3[contains(text(), 'Quality Assurance')]/..//a[contains(text(), 'Open Position')]\"}\n  (Session info: chrome=147.0.7727.117)","stacktrace":"\tchromedriver!GetHandleVerifier [0x48b373+10553]\n\tchromedriver!GetHandleVerifier [0x48b4a4+10684]\n\tchromedriver!(No symbol) [0x291e10]\n\tchromedriver!(No symbol) [0x2da9da]\n\tchromedriver!(No symbol) [0x2dac7b]\n\tchromedriver!(No symbol) [0x31d162]\n\tchromedriver!(No symbol) [0x2fd8b4]\n\tchromedriver!(No symbol) [0x31aa36]\n\tchromedriver!(No symbol) [0x2fd606]\n\tchromedriver!(No symbol) [0x2d0039]\n\tchromedriver!(No symbol) [0x2d0df4]\n\tchromedriver!GetHandleVerifier [0x70ddb4+292f94]\n\tchromedriver!GetHandleVerifier [0x70937d+28e55d]\n\tchromedriver!GetHandleVerifier [0x728215+2ad3f5]\n\tchromedriver!GetHandleVerifier [0x4a4c18+29df8]\n\tchromedriver!GetHandleVerifier [0x4ac6fd+318dd]\n\tchromedriver!GetHandleVerifier [0x493c78+18e58]\n\tchromedriver!GetHandleVerifier [0x493e42+19022]\n\tchromedriver!GetHandleVerifier [0x47d45f+263f]\n\tKERNEL32!BaseThreadInitThunk [0x75aafcc9+19]\n\tntdll!RtlGetAppContainerNamedObjectPath [0x779982ae+11e]\n\tntdll!RtlGetAppContainerNamedObjectPath [0x7799827e+ee]\n"}} | headers=HTTPHeaderDict({'Content-Length': '1406', 'Content-Type': 'application/json; charset=utf-8', 'cache-control': 'no-cache'})
00:29:00 [DEBUG] selenium.webdriver.remote.remote_connection — Finished Request
00:29:01 [DEBUG] selenium.webdriver.remote.remote_connection — POST http://localhost:57695/session/1785d0cfc50f5f2ea2b3d7d18ad6c80b/element {'using': 'xpath', 'value': "//h3[contains(text(), 'Quality Assurance')]/following-sibling::a[contains(text(), 'Open Position')] ..."}
00:29:01 [DEBUG] urllib3.connectionpool — http://localhost:57695 "POST /session/1785d0cfc50f5f2ea2b3d7d18ad6c80b/element HTTP/1.1" 404 0
00:29:01 [DEBUG] selenium.webdriver.remote.remote_connection — Remote response: status=404 | data={"value":{"error":"no such element","message":"no such element: Unable to locate element: {\"method\":\"xpath\",\"selector\":\"//h3[contains(text(), 'Quality Assurance')]/following-sibling::a[contains(text(), 'Open Position')] | //h3[contains(text(), 'Quality Assurance')]/..//a[contains(text(), 'Open Position')]\"}\n  (Session info: chrome=147.0.7727.117)","stacktrace":"\tchromedriver!GetHandleVerifier [0x48b373+10553]\n\tchromedriver!GetHandleVerifier [0x48b4a4+10684]\n\tchromedriver!(No symbol) [0x291e10]\n\tchromedriver!(No symbol) [0x2da9da]\n\tchromedriver!(No symbol) [0x2dac7b]\n\tchromedriver!(No symbol) [0x31d162]\n\tchromedriver!(No symbol) [0x2fd8b4]\n\tchromedriver!(No symbol) [0x31aa36]\n\tchromedriver!(No symbol) [0x2fd606]\n\tchromedriver!(No symbol) [0x2d0039]\n\tchromedriver!(No symbol) [0x2d0df4]\n\tchromedriver!GetHandleVerifier [0x70ddb4+292f94]\n\tchromedriver!GetHandleVerifier [0x70937d+28e55d]\n\tchromedriver!GetHandleVerifier [0x728215+2ad3f5]\n\tchromedriver!GetHandleVerifier [0x4a4c18+29df8]\n\tchromedriver!GetHandleVerifier [0x4ac6fd+318dd]\n\tchromedriver!GetHandleVerifier [0x493c78+18e58]\n\tchromedriver!GetHandleVerifier [0x493e42+19022]\n\tchromedriver!GetHandleVerifier [0x47d45f+263f]\n\tKERNEL32!BaseThreadInitThunk [0x75aafcc9+19]\n\tntdll!RtlGetAppContainerNamedObjectPath [0x779982ae+11e]\n\tntdll!RtlGetAppContainerNamedObjectPath [0x7799827e+ee]\n"}} | headers=HTTPHeaderDict({'Content-Length': '1406', 'Content-Type': 'application/json; charset=utf-8', 'cache-control': 'no-cache'})
00:29:01 [DEBUG] selenium.webdriver.remote.remote_connection — Finished Request
00:29:01 [DEBUG] selenium.webdriver.remote.remote_connection — POST http://localhost:57695/session/1785d0cfc50f5f2ea2b3d7d18ad6c80b/element {'using': 'xpath', 'value': "//h3[contains(text(), 'Quality Assurance')]/following-sibling::a[contains(text(), 'Open Position')] ..."}
00:29:01 [DEBUG] urllib3.connectionpool — http://localhost:57695 "POST /session/1785d0cfc50f5f2ea2b3d7d18ad6c80b/element HTTP/1.1" 404 0
00:29:01 [DEBUG] selenium.webdriver.remote.remote_connection — Remote response: status=404 | data={"value":{"error":"no such element","message":"no such element: Unable to locate element: {\"method\":\"xpath\",\"selector\":\"//h3[contains(text(), 'Quality Assurance')]/following-sibling::a[contains(text(), 'Open Position')] | //h3[contains(text(), 'Quality Assurance')]/..//a[contains(text(), 'Open Position')]\"}\n  (Session info: chrome=147.0.7727.117)","stacktrace":"\tchromedriver!GetHandleVerifier [0x48b373+10553]\n\tchromedriver!GetHandleVerifier [0x48b4a4+10684]\n\tchromedriver!(No symbol) [0x291e10]\n\tchromedriver!(No symbol) [0x2da9da]\n\tchromedriver!(No symbol) [0x2dac7b]\n\tchromedriver!(No symbol) [0x31d162]\n\tchromedriver!(No symbol) [0x2fd8b4]\n\tchromedriver!(No symbol) [0x31aa36]\n\tchromedriver!(No symbol) [0x2fd606]\n\tchromedriver!(No symbol) [0x2d0039]\n\tchromedriver!(No symbol) [0x2d0df4]\n\tchromedriver!GetHandleVerifier [0x70ddb4+292f94]\n\tchromedriver!GetHandleVerifier [0x70937d+28e55d]\n\tchromedriver!GetHandleVerifier [0x728215+2ad3f5]\n\tchromedriver!GetHandleVerifier [0x4a4c18+29df8]\n\tchromedriver!GetHandleVerifier [0x4ac6fd+318dd]\n\tchromedriver!GetHandleVerifier [0x493c78+18e58]\n\tchromedriver!GetHandleVerifier [0x493e42+19022]\n\tchromedriver!GetHandleVerifier [0x47d45f+263f]\n\tKERNEL32!BaseThreadInitThunk [0x75aafcc9+19]\n\tntdll!RtlGetAppContainerNamedObjectPath [0x779982ae+11e]\n\tntdll!RtlGetAppContainerNamedObjectPath [0x7799827e+ee]\n"}} | headers=HTTPHeaderDict({'Content-Length': '1406', 'Content-Type': 'application/json; charset=utf-8', 'cache-control': 'no-cache'})
00:29:01 [DEBUG] selenium.webdriver.remote.remote_connection — Finished Request
00:29:02 [DEBUG] selenium.webdriver.remote.remote_connection — POST http://localhost:57695/session/1785d0cfc50f5f2ea2b3d7d18ad6c80b/element {'using': 'xpath', 'value': "//h3[contains(text(), 'Quality Assurance')]/following-sibling::a[contains(text(), 'Open Position')] ..."}
00:29:02 [DEBUG] urllib3.connectionpool — http://localhost:57695 "POST /session/1785d0cfc50f5f2ea2b3d7d18ad6c80b/element HTTP/1.1" 404 0
00:29:02 [DEBUG] selenium.webdriver.remote.remote_connection — Remote response: status=404 | data={"value":{"error":"no such element","message":"no such element: Unable to locate element: {\"method\":\"xpath\",\"selector\":\"//h3[contains(text(), 'Quality Assurance')]/following-sibling::a[contains(text(), 'Open Position')] | //h3[contains(text(), 'Quality Assurance')]/..//a[contains(text(), 'Open Position')]\"}\n  (Session info: chrome=147.0.7727.117)","stacktrace":"\tchromedriver!GetHandleVerifier [0x48b373+10553]\n\tchromedriver!GetHandleVerifier [0x48b4a4+10684]\n\tchromedriver!(No symbol) [0x291e10]\n\tchromedriver!(No symbol) [0x2da9da]\n\tchromedriver!(No symbol) [0x2dac7b]\n\tchromedriver!(No symbol) [0x31d162]\n\tchromedriver!(No symbol) [0x2fd8b4]\n\tchromedriver!(No symbol) [0x31aa36]\n\tchromedriver!(No symbol) [0x2fd606]\n\tchromedriver!(No symbol) [0x2d0039]\n\tchromedriver!(No symbol) [0x2d0df4]\n\tchromedriver!GetHandleVerifier [0x70ddb4+292f94]\n\tchromedriver!GetHandleVerifier [0x70937d+28e55d]\n\tchromedriver!GetHandleVerifier [0x728215+2ad3f5]\n\tchromedriver!GetHandleVerifier [0x4a4c18+29df8]\n\tchromedriver!GetHandleVerifier [0x4ac6fd+318dd]\n\tchromedriver!GetHandleVerifier [0x493c78+18e58]\n\tchromedriver!GetHandleVerifier [0x493e42+19022]\n\tchromedriver!GetHandleVerifier [0x47d45f+263f]\n\tKERNEL32!BaseThreadInitThunk [0x75aafcc9+19]\n\tntdll!RtlGetAppContainerNamedObjectPath [0x779982ae+11e]\n\tntdll!RtlGetAppContainerNamedObjectPath [0x7799827e+ee]\n"}} | headers=HTTPHeaderDict({'Content-Length': '1406', 'Content-Type': 'application/json; charset=utf-8', 'cache-control': 'no-cache'})
00:29:02 [DEBUG] selenium.webdriver.remote.remote_connection — Finished Request
00:29:02 [DEBUG] selenium.webdriver.remote.remote_connection — POST http://localhost:57695/session/1785d0cfc50f5f2ea2b3d7d18ad6c80b/element {'using': 'xpath', 'value': "//h3[contains(text(), 'Quality Assurance')]/following-sibling::a[contains(text(), 'Open Position')] ..."}
00:29:02 [DEBUG] urllib3.connectionpool — http://localhost:57695 "POST /session/1785d0cfc50f5f2ea2b3d7d18ad6c80b/element HTTP/1.1" 404 0
00:29:02 [DEBUG] selenium.webdriver.remote.remote_connection — Remote response: status=404 | data={"value":{"error":"no such element","message":"no such element: Unable to locate element: {\"method\":\"xpath\",\"selector\":\"//h3[contains(text(), 'Quality Assurance')]/following-sibling::a[contains(text(), 'Open Position')] | //h3[contains(text(), 'Quality Assurance')]/..//a[contains(text(), 'Open Position')]\"}\n  (Session info: chrome=147.0.7727.117)","stacktrace":"\tchromedriver!GetHandleVerifier [0x48b373+10553]\n\tchromedriver!GetHandleVerifier [0x48b4a4+10684]\n\tchromedriver!(No symbol) [0x291e10]\n\tchromedriver!(No symbol) [0x2da9da]\n\tchromedriver!(No symbol) [0x2dac7b]\n\tchromedriver!(No symbol) [0x31d162]\n\tchromedriver!(No symbol) [0x2fd8b4]\n\tchromedriver!(No symbol) [0x31aa36]\n\tchromedriver!(No symbol) [0x2fd606]\n\tchromedriver!(No symbol) [0x2d0039]\n\tchromedriver!(No symbol) [0x2d0df4]\n\tchromedriver!GetHandleVerifier [0x70ddb4+292f94]\n\tchromedriver!GetHandleVerifier [0x70937d+28e55d]\n\tchromedriver!GetHandleVerifier [0x728215+2ad3f5]\n\tchromedriver!GetHandleVerifier [0x4a4c18+29df8]\n\tchromedriver!GetHandleVerifier [0x4ac6fd+318dd]\n\tchromedriver!GetHandleVerifier [0x493c78+18e58]\n\tchromedriver!GetHandleVerifier [0x493e42+19022]\n\tchromedriver!GetHandleVerifier [0x47d45f+263f]\n\tKERNEL32!BaseThreadInitThunk [0x75aafcc9+19]\n\tntdll!RtlGetAppContainerNamedObjectPath [0x779982ae+11e]\n\tntdll!RtlGetAppContainerNamedObjectPath [0x7799827e+ee]\n"}} | headers=HTTPHeaderDict({'Content-Length': '1406', 'Content-Type': 'application/json; charset=utf-8', 'cache-control': 'no-cache'})
00:29:02 [DEBUG] selenium.webdriver.remote.remote_connection — Finished Request
00:29:03 [DEBUG] selenium.webdriver.remote.remote_connection — POST http://localhost:57695/session/1785d0cfc50f5f2ea2b3d7d18ad6c80b/element {'using': 'xpath', 'value': "//h3[contains(text(), 'Quality Assurance')]/following-sibling::a[contains(text(), 'Open Position')] ..."}
00:29:03 [DEBUG] urllib3.connectionpool — http://localhost:57695 "POST /session/1785d0cfc50f5f2ea2b3d7d18ad6c80b/element HTTP/1.1" 404 0
00:29:03 [DEBUG] selenium.webdriver.remote.remote_connection — Remote response: status=404 | data={"value":{"error":"no such element","message":"no such element: Unable to locate element: {\"method\":\"xpath\",\"selector\":\"//h3[contains(text(), 'Quality Assurance')]/following-sibling::a[contains(text(), 'Open Position')] | //h3[contains(text(), 'Quality Assurance')]/..//a[contains(text(), 'Open Position')]\"}\n  (Session info: chrome=147.0.7727.117)","stacktrace":"\tchromedriver!GetHandleVerifier [0x48b373+10553]\n\tchromedriver!GetHandleVerifier [0x48b4a4+10684]\n\tchromedriver!(No symbol) [0x291e10]\n\tchromedriver!(No symbol) [0x2da9da]\n\tchromedriver!(No symbol) [0x2dac7b]\n\tchromedriver!(No symbol) [0x31d162]\n\tchromedriver!(No symbol) [0x2fd8b4]\n\tchromedriver!(No symbol) [0x31aa36]\n\tchromedriver!(No symbol) [0x2fd606]\n\tchromedriver!(No symbol) [0x2d0039]\n\tchromedriver!(No symbol) [0x2d0df4]\n\tchromedriver!GetHandleVerifier [0x70ddb4+292f94]\n\tchromedriver!GetHandleVerifier [0x70937d+28e55d]\n\tchromedriver!GetHandleVerifier [0x728215+2ad3f5]\n\tchromedriver!GetHandleVerifier [0x4a4c18+29df8]\n\tchromedriver!GetHandleVerifier [0x4ac6fd+318dd]\n\tchromedriver!GetHandleVerifier [0x493c78+18e58]\n\tchromedriver!GetHandleVerifier [0x493e42+19022]\n\tchromedriver!GetHandleVerifier [0x47d45f+263f]\n\tKERNEL32!BaseThreadInitThunk [0x75aafcc9+19]\n\tntdll!RtlGetAppContainerNamedObjectPath [0x779982ae+11e]\n\tntdll!RtlGetAppContainerNamedObjectPath [0x7799827e+ee]\n"}} | headers=HTTPHeaderDict({'Content-Length': '1406', 'Content-Type': 'application/json; charset=utf-8', 'cache-control': 'no-cache'})
00:29:03 [DEBUG] selenium.webdriver.remote.remote_connection — Finished Request
00:29:03 [DEBUG] selenium.webdriver.remote.remote_connection — POST http://localhost:57695/session/1785d0cfc50f5f2ea2b3d7d18ad6c80b/element {'using': 'xpath', 'value': "//h3[contains(text(), 'Quality Assurance')]/following-sibling::a[contains(text(), 'Open Position')] ..."}
00:29:03 [DEBUG] urllib3.connectionpool — http://localhost:57695 "POST /session/1785d0cfc50f5f2ea2b3d7d18ad6c80b/element HTTP/1.1" 404 0
00:29:03 [DEBUG] selenium.webdriver.remote.remote_connection — Remote response: status=404 | data={"value":{"error":"no such element","message":"no such element: Unable to locate element: {\"method\":\"xpath\",\"selector\":\"//h3[contains(text(), 'Quality Assurance')]/following-sibling::a[contains(text(), 'Open Position')] | //h3[contains(text(), 'Quality Assurance')]/..//a[contains(text(), 'Open Position')]\"}\n  (Session info: chrome=147.0.7727.117)","stacktrace":"\tchromedriver!GetHandleVerifier [0x48b373+10553]\n\tchromedriver!GetHandleVerifier [0x48b4a4+10684]\n\tchromedriver!(No symbol) [0x291e10]\n\tchromedriver!(No symbol) [0x2da9da]\n\tchromedriver!(No symbol) [0x2dac7b]\n\tchromedriver!(No symbol) [0x31d162]\n\tchromedriver!(No symbol) [0x2fd8b4]\n\tchromedriver!(No symbol) [0x31aa36]\n\tchromedriver!(No symbol) [0x2fd606]\n\tchromedriver!(No symbol) [0x2d0039]\n\tchromedriver!(No symbol) [0x2d0df4]\n\tchromedriver!GetHandleVerifier [0x70ddb4+292f94]\n\tchromedriver!GetHandleVerifier [0x70937d+28e55d]\n\tchromedriver!GetHandleVerifier [0x728215+2ad3f5]\n\tchromedriver!GetHandleVerifier [0x4a4c18+29df8]\n\tchromedriver!GetHandleVerifier [0x4ac6fd+318dd]\n\tchromedriver!GetHandleVerifier [0x493c78+18e58]\n\tchromedriver!GetHandleVerifier [0x493e42+19022]\n\tchromedriver!GetHandleVerifier [0x47d45f+263f]\n\tKERNEL32!BaseThreadInitThunk [0x75aafcc9+19]\n\tntdll!RtlGetAppContainerNamedObjectPath [0x779982ae+11e]\n\tntdll!RtlGetAppContainerNamedObjectPath [0x7799827e+ee]\n"}} | headers=HTTPHeaderDict({'Content-Length': '1406', 'Content-Type': 'application/json; charset=utf-8', 'cache-control': 'no-cache'})
00:29:03 [DEBUG] selenium.webdriver.remote.remote_connection — Finished Request
00:29:04 [DEBUG] selenium.webdriver.remote.remote_connection — POST http://localhost:57695/session/1785d0cfc50f5f2ea2b3d7d18ad6c80b/element {'using': 'xpath', 'value': "//h3[contains(text(), 'Quality Assurance')]/following-sibling::a[contains(text(), 'Open Position')] ..."}
00:29:04 [DEBUG] urllib3.connectionpool — http://localhost:57695 "POST /session/1785d0cfc50f5f2ea2b3d7d18ad6c80b/element HTTP/1.1" 404 0
00:29:04 [DEBUG] selenium.webdriver.remote.remote_connection — Remote response: status=404 | data={"value":{"error":"no such element","message":"no such element: Unable to locate element: {\"method\":\"xpath\",\"selector\":\"//h3[contains(text(), 'Quality Assurance')]/following-sibling::a[contains(text(), 'Open Position')] | //h3[contains(text(), 'Quality Assurance')]/..//a[contains(text(), 'Open Position')]\"}\n  (Session info: chrome=147.0.7727.117)","stacktrace":"\tchromedriver!GetHandleVerifier [0x48b373+10553]\n\tchromedriver!GetHandleVerifier [0x48b4a4+10684]\n\tchromedriver!(No symbol) [0x291e10]\n\tchromedriver!(No symbol) [0x2da9da]\n\tchromedriver!(No symbol) [0x2dac7b]\n\tchromedriver!(No symbol) [0x31d162]\n\tchromedriver!(No symbol) [0x2fd8b4]\n\tchromedriver!(No symbol) [0x31aa36]\n\tchromedriver!(No symbol) [0x2fd606]\n\tchromedriver!(No symbol) [0x2d0039]\n\tchromedriver!(No symbol) [0x2d0df4]\n\tchromedriver!GetHandleVerifier [0x70ddb4+292f94]\n\tchromedriver!GetHandleVerifier [0x70937d+28e55d]\n\tchromedriver!GetHandleVerifier [0x728215+2ad3f5]\n\tchromedriver!GetHandleVerifier [0x4a4c18+29df8]\n\tchromedriver!GetHandleVerifier [0x4ac6fd+318dd]\n\tchromedriver!GetHandleVerifier [0x493c78+18e58]\n\tchromedriver!GetHandleVerifier [0x493e42+19022]\n\tchromedriver!GetHandleVerifier [0x47d45f+263f]\n\tKERNEL32!BaseThreadInitThunk [0x75aafcc9+19]\n\tntdll!RtlGetAppContainerNamedObjectPath [0x779982ae+11e]\n\tntdll!RtlGetAppContainerNamedObjectPath [0x7799827e+ee]\n"}} | headers=HTTPHeaderDict({'Content-Length': '1406', 'Content-Type': 'application/json; charset=utf-8', 'cache-control': 'no-cache'})
00:29:04 [DEBUG] selenium.webdriver.remote.remote_connection — Finished Request
00:29:04 [DEBUG] selenium.webdriver.remote.remote_connection — POST http://localhost:57695/session/1785d0cfc50f5f2ea2b3d7d18ad6c80b/element {'using': 'xpath', 'value': "//h3[contains(text(), 'Quality Assurance')]/following-sibling::a[contains(text(), 'Open Position')] ..."}
00:29:04 [DEBUG] urllib3.connectionpool — http://localhost:57695 "POST /session/1785d0cfc50f5f2ea2b3d7d18ad6c80b/element HTTP/1.1" 404 0
00:29:04 [DEBUG] selenium.webdriver.remote.remote_connection — Remote response: status=404 | data={"value":{"error":"no such element","message":"no such element: Unable to locate element: {\"method\":\"xpath\",\"selector\":\"//h3[contains(text(), 'Quality Assurance')]/following-sibling::a[contains(text(), 'Open Position')] | //h3[contains(text(), 'Quality Assurance')]/..//a[contains(text(), 'Open Position')]\"}\n  (Session info: chrome=147.0.7727.117)","stacktrace":"\tchromedriver!GetHandleVerifier [0x48b373+10553]\n\tchromedriver!GetHandleVerifier [0x48b4a4+10684]\n\tchromedriver!(No symbol) [0x291e10]\n\tchromedriver!(No symbol) [0x2da9da]\n\tchromedriver!(No symbol) [0x2dac7b]\n\tchromedriver!(No symbol) [0x31d162]\n\tchromedriver!(No symbol) [0x2fd8b4]\n\tchromedriver!(No symbol) [0x31aa36]\n\tchromedriver!(No symbol) [0x2fd606]\n\tchromedriver!(No symbol) [0x2d0039]\n\tchromedriver!(No symbol) [0x2d0df4]\n\tchromedriver!GetHandleVerifier [0x70ddb4+292f94]\n\tchromedriver!GetHandleVerifier [0x70937d+28e55d]\n\tchromedriver!GetHandleVerifier [0x728215+2ad3f5]\n\tchromedriver!GetHandleVerifier [0x4a4c18+29df8]\n\tchromedriver!GetHandleVerifier [0x4ac6fd+318dd]\n\tchromedriver!GetHandleVerifier [0x493c78+18e58]\n\tchromedriver!GetHandleVerifier [0x493e42+19022]\n\tchromedriver!GetHandleVerifier [0x47d45f+263f]\n\tKERNEL32!BaseThreadInitThunk [0x75aafcc9+19]\n\tntdll!RtlGetAppContainerNamedObjectPath [0x779982ae+11e]\n\tntdll!RtlGetAppContainerNamedObjectPath [0x7799827e+ee]\n"}} | headers=HTTPHeaderDict({'Content-Length': '1406', 'Content-Type': 'application/json; charset=utf-8', 'cache-control': 'no-cache'})
00:29:04 [DEBUG] selenium.webdriver.remote.remote_connection — Finished Request
00:29:05 [DEBUG] selenium.webdriver.remote.remote_connection — POST http://localhost:57695/session/1785d0cfc50f5f2ea2b3d7d18ad6c80b/element {'using': 'xpath', 'value': "//h3[contains(text(), 'Quality Assurance')]/following-sibling::a[contains(text(), 'Open Position')] ..."}
00:29:05 [DEBUG] urllib3.connectionpool — http://localhost:57695 "POST /session/1785d0cfc50f5f2ea2b3d7d18ad6c80b/element HTTP/1.1" 404 0
00:29:05 [DEBUG] selenium.webdriver.remote.remote_connection — Remote response: status=404 | data={"value":{"error":"no such element","message":"no such element: Unable to locate element: {\"method\":\"xpath\",\"selector\":\"//h3[contains(text(), 'Quality Assurance')]/following-sibling::a[contains(text(), 'Open Position')] | //h3[contains(text(), 'Quality Assurance')]/..//a[contains(text(), 'Open Position')]\"}\n  (Session info: chrome=147.0.7727.117)","stacktrace":"\tchromedriver!GetHandleVerifier [0x48b373+10553]\n\tchromedriver!GetHandleVerifier [0x48b4a4+10684]\n\tchromedriver!(No symbol) [0x291e10]\n\tchromedriver!(No symbol) [0x2da9da]\n\tchromedriver!(No symbol) [0x2dac7b]\n\tchromedriver!(No symbol) [0x31d162]\n\tchromedriver!(No symbol) [0x2fd8b4]\n\tchromedriver!(No symbol) [0x31aa36]\n\tchromedriver!(No symbol) [0x2fd606]\n\tchromedriver!(No symbol) [0x2d0039]\n\tchromedriver!(No symbol) [0x2d0df4]\n\tchromedriver!GetHandleVerifier [0x70ddb4+292f94]\n\tchromedriver!GetHandleVerifier [0x70937d+28e55d]\n\tchromedriver!GetHandleVerifier [0x728215+2ad3f5]\n\tchromedriver!GetHandleVerifier [0x4a4c18+29df8]\n\tchromedriver!GetHandleVerifier [0x4ac6fd+318dd]\n\tchromedriver!GetHandleVerifier [0x493c78+18e58]\n\tchromedriver!GetHandleVerifier [0x493e42+19022]\n\tchromedriver!GetHandleVerifier [0x47d45f+263f]\n\tKERNEL32!BaseThreadInitThunk [0x75aafcc9+19]\n\tntdll!RtlGetAppContainerNamedObjectPath [0x779982ae+11e]\n\tntdll!RtlGetAppContainerNamedObjectPath [0x7799827e+ee]\n"}} | headers=HTTPHeaderDict({'Content-Length': '1406', 'Content-Type': 'application/json; charset=utf-8', 'cache-control': 'no-cache'})
00:29:05 [DEBUG] selenium.webdriver.remote.remote_connection — Finished Request
00:29:05 [DEBUG] selenium.webdriver.remote.remote_connection — POST http://localhost:57695/session/1785d0cfc50f5f2ea2b3d7d18ad6c80b/element {'using': 'xpath', 'value': "//h3[contains(text(), 'Quality Assurance')]/following-sibling::a[contains(text(), 'Open Position')] ..."}
00:29:05 [DEBUG] urllib3.connectionpool — http://localhost:57695 "POST /session/1785d0cfc50f5f2ea2b3d7d18ad6c80b/element HTTP/1.1" 404 0
00:29:05 [DEBUG] selenium.webdriver.remote.remote_connection — Remote response: status=404 | data={"value":{"error":"no such element","message":"no such element: Unable to locate element: {\"method\":\"xpath\",\"selector\":\"//h3[contains(text(), 'Quality Assurance')]/following-sibling::a[contains(text(), 'Open Position')] | //h3[contains(text(), 'Quality Assurance')]/..//a[contains(text(), 'Open Position')]\"}\n  (Session info: chrome=147.0.7727.117)","stacktrace":"\tchromedriver!GetHandleVerifier [0x48b373+10553]\n\tchromedriver!GetHandleVerifier [0x48b4a4+10684]\n\tchromedriver!(No symbol) [0x291e10]\n\tchromedriver!(No symbol) [0x2da9da]\n\tchromedriver!(No symbol) [0x2dac7b]\n\tchromedriver!(No symbol) [0x31d162]\n\tchromedriver!(No symbol) [0x2fd8b4]\n\tchromedriver!(No symbol) [0x31aa36]\n\tchromedriver!(No symbol) [0x2fd606]\n\tchromedriver!(No symbol) [0x2d0039]\n\tchromedriver!(No symbol) [0x2d0df4]\n\tchromedriver!GetHandleVerifier [0x70ddb4+292f94]\n\tchromedriver!GetHandleVerifier [0x70937d+28e55d]\n\tchromedriver!GetHandleVerifier [0x728215+2ad3f5]\n\tchromedriver!GetHandleVerifier [0x4a4c18+29df8]\n\tchromedriver!GetHandleVerifier [0x4ac6fd+318dd]\n\tchromedriver!GetHandleVerifier [0x493c78+18e58]\n\tchromedriver!GetHandleVerifier [0x493e42+19022]\n\tchromedriver!GetHandleVerifier [0x47d45f+263f]\n\tKERNEL32!BaseThreadInitThunk [0x75aafcc9+19]\n\tntdll!RtlGetAppContainerNamedObjectPath [0x779982ae+11e]\n\tntdll!RtlGetAppContainerNamedObjectPath [0x7799827e+ee]\n"}} | headers=HTTPHeaderDict({'Content-Length': '1406', 'Content-Type': 'application/json; charset=utf-8', 'cache-control': 'no-cache'})
00:29:05 [DEBUG] selenium.webdriver.remote.remote_connection — Finished Request
00:29:06 [DEBUG] selenium.webdriver.remote.remote_connection — POST http://localhost:57695/session/1785d0cfc50f5f2ea2b3d7d18ad6c80b/element {'using': 'xpath', 'value': "//h3[contains(text(), 'Quality Assurance')]/following-sibling::a[contains(text(), 'Open Position')] ..."}
00:29:06 [DEBUG] urllib3.connectionpool — http://localhost:57695 "POST /session/1785d0cfc50f5f2ea2b3d7d18ad6c80b/element HTTP/1.1" 404 0
00:29:06 [DEBUG] selenium.webdriver.remote.remote_connection — Remote response: status=404 | data={"value":{"error":"no such element","message":"no such element: Unable to locate element: {\"method\":\"xpath\",\"selector\":\"//h3[contains(text(), 'Quality Assurance')]/following-sibling::a[contains(text(), 'Open Position')] | //h3[contains(text(), 'Quality Assurance')]/..//a[contains(text(), 'Open Position')]\"}\n  (Session info: chrome=147.0.7727.117)","stacktrace":"\tchromedriver!GetHandleVerifier [0x48b373+10553]\n\tchromedriver!GetHandleVerifier [0x48b4a4+10684]\n\tchromedriver!(No symbol) [0x291e10]\n\tchromedriver!(No symbol) [0x2da9da]\n\tchromedriver!(No symbol) [0x2dac7b]\n\tchromedriver!(No symbol) [0x31d162]\n\tchromedriver!(No symbol) [0x2fd8b4]\n\tchromedriver!(No symbol) [0x31aa36]\n\tchromedriver!(No symbol) [0x2fd606]\n\tchromedriver!(No symbol) [0x2d0039]\n\tchromedriver!(No symbol) [0x2d0df4]\n\tchromedriver!GetHandleVerifier [0x70ddb4+292f94]\n\tchromedriver!GetHandleVerifier [0x70937d+28e55d]\n\tchromedriver!GetHandleVerifier [0x728215+2ad3f5]\n\tchromedriver!GetHandleVerifier [0x4a4c18+29df8]\n\tchromedriver!GetHandleVerifier [0x4ac6fd+318dd]\n\tchromedriver!GetHandleVerifier [0x493c78+18e58]\n\tchromedriver!GetHandleVerifier [0x493e42+19022]\n\tchromedriver!GetHandleVerifier [0x47d45f+263f]\n\tKERNEL32!BaseThreadInitThunk [0x75aafcc9+19]\n\tntdll!RtlGetAppContainerNamedObjectPath [0x779982ae+11e]\n\tntdll!RtlGetAppContainerNamedObjectPath [0x7799827e+ee]\n"}} | headers=HTTPHeaderDict({'Content-Length': '1406', 'Content-Type': 'application/json; charset=utf-8', 'cache-control': 'no-cache'})
00:29:06 [DEBUG] selenium.webdriver.remote.remote_connection — Finished Request
00:29:06 [DEBUG] selenium.webdriver.remote.remote_connection — POST http://localhost:57695/session/1785d0cfc50f5f2ea2b3d7d18ad6c80b/element {'using': 'xpath', 'value': "//h3[contains(text(), 'Quality Assurance')]/following-sibling::a[contains(text(), 'Open Position')] ..."}
00:29:06 [DEBUG] urllib3.connectionpool — http://localhost:57695 "POST /session/1785d0cfc50f5f2ea2b3d7d18ad6c80b/element HTTP/1.1" 404 0
00:29:06 [DEBUG] selenium.webdriver.remote.remote_connection — Remote response: status=404 | data={"value":{"error":"no such element","message":"no such element: Unable to locate element: {\"method\":\"xpath\",\"selector\":\"//h3[contains(text(), 'Quality Assurance')]/following-sibling::a[contains(text(), 'Open Position')] | //h3[contains(text(), 'Quality Assurance')]/..//a[contains(text(), 'Open Position')]\"}\n  (Session info: chrome=147.0.7727.117)","stacktrace":"\tchromedriver!GetHandleVerifier [0x48b373+10553]\n\tchromedriver!GetHandleVerifier [0x48b4a4+10684]\n\tchromedriver!(No symbol) [0x291e10]\n\tchromedriver!(No symbol) [0x2da9da]\n\tchromedriver!(No symbol) [0x2dac7b]\n\tchromedriver!(No symbol) [0x31d162]\n\tchromedriver!(No symbol) [0x2fd8b4]\n\tchromedriver!(No symbol) [0x31aa36]\n\tchromedriver!(No symbol) [0x2fd606]\n\tchromedriver!(No symbol) [0x2d0039]\n\tchromedriver!(No symbol) [0x2d0df4]\n\tchromedriver!GetHandleVerifier [0x70ddb4+292f94]\n\tchromedriver!GetHandleVerifier [0x70937d+28e55d]\n\tchromedriver!GetHandleVerifier [0x728215+2ad3f5]\n\tchromedriver!GetHandleVerifier [0x4a4c18+29df8]\n\tchromedriver!GetHandleVerifier [0x4ac6fd+318dd]\n\tchromedriver!GetHandleVerifier [0x493c78+18e58]\n\tchromedriver!GetHandleVerifier [0x493e42+19022]\n\tchromedriver!GetHandleVerifier [0x47d45f+263f]\n\tKERNEL32!BaseThreadInitThunk [0x75aafcc9+19]\n\tntdll!RtlGetAppContainerNamedObjectPath [0x779982ae+11e]\n\tntdll!RtlGetAppContainerNamedObjectPath [0x7799827e+ee]\n"}} | headers=HTTPHeaderDict({'Content-Length': '1406', 'Content-Type': 'application/json; charset=utf-8', 'cache-control': 'no-cache'})
00:29:06 [DEBUG] selenium.webdriver.remote.remote_connection — Finished Request
00:29:07 [ERROR] pages.careers_page — Failed to click QA Open Positions link: Message: Element not clickable: ('xpath', "//h3[contains(text(), 'Quality Assurance')]/following-sibling::a[contains(text(), 'Open Position')] | //h3[contains(text(), 'Quality Assurance')]/..//a[contains(text(), 'Open Position')]")
Stacktrace:
	chromedriver!GetHandleVerifier [0x48b373+10553]
	chromedriver!GetHandleVerifier [0x48b4a4+10684]
	chromedriver!(No symbol) [0x291e10]
	chromedriver!(No symbol) [0x2da9da]
	chromedriver!(No symbol) [0x2dac7b]
	chromedriver!(No symbol) [0x31d162]
	chromedriver!(No symbol) [0x2fd8b4]
	chromedriver!(No symbol) [0x31aa36]
	chromedriver!(No symbol) [0x2fd606]
	chromedriver!(No symbol) [0x2d0039]
	chromedriver!(No symbol) [0x2d0df4]
	chromedriver!GetHandleVerifier [0x70ddb4+292f94]
	chromedriver!GetHandleVerifier [0x70937d+28e55d]
	chromedriver!GetHandleVerifier [0x728215+2ad3f5]
	chromedriver!GetHandleVerifier [0x4a4c18+29df8]
	chromedriver!GetHandleVerifier [0x4ac6fd+318dd]
	chromedriver!GetHandleVerifier [0x493c78+18e58]
	chromedriver!GetHandleVerifier [0x493e42+19022]
	chromedriver!GetHandleVerifier [0x47d45f+263f]
	KERNEL32!BaseThreadInitThunk [0x75aafcc9+19]
	ntdll!RtlGetAppContainerNamedObjectPath [0x779982ae+11e]
	ntdll!RtlGetAppContainerNamedObjectPath [0x7799827e+ee]

00:29:07 [DEBUG] selenium.webdriver.remote.remote_connection — POST http://localhost:57695/session/1785d0cfc50f5f2ea2b3d7d18ad6c80b/element {'using': 'xpath', 'value': "//a[contains(@href, 'quality-assurance') and contains(., 'Open Position')]"}
00:29:07 [DEBUG] urllib3.connectionpool — http://localhost:57695 "POST /session/1785d0cfc50f5f2ea2b3d7d18ad6c80b/element HTTP/1.1" 404 0
00:29:07 [DEBUG] selenium.webdriver.remote.remote_connection — Remote response: status=404 | data={"value":{"error":"no such element","message":"no such element: Unable to locate element: {\"method\":\"xpath\",\"selector\":\"//a[contains(@href, 'quality-assurance') and contains(., 'Open Position')]\"}\n  (Session info: chrome=147.0.7727.117)","stacktrace":"\tchromedriver!GetHandleVerifier [0x48b373+10553]\n\tchromedriver!GetHandleVerifier [0x48b4a4+10684]\n\tchromedriver!(No symbol) [0x291e10]\n\tchromedriver!(No symbol) [0x2da9da]\n\tchromedriver!(No symbol) [0x2dac7b]\n\tchromedriver!(No symbol) [0x31d162]\n\tchromedriver!(No symbol) [0x2fd8b4]\n\tchromedriver!(No symbol) [0x31aa36]\n\tchromedriver!(No symbol) [0x2fd606]\n\tchromedriver!(No symbol) [0x2d0039]\n\tchromedriver!(No symbol) [0x2d0df4]\n\tchromedriver!GetHandleVerifier [0x70ddb4+292f94]\n\tchromedriver!GetHandleVerifier [0x70937d+28e55d]\n\tchromedriver!GetHandleVerifier [0x728215+2ad3f5]\n\tchromedriver!GetHandleVerifier [0x4a4c18+29df8]\n\tchromedriver!GetHandleVerifier [0x4ac6fd+318dd]\n\tchromedriver!GetHandleVerifier [0x493c78+18e58]\n\tchromedriver!GetHandleVerifier [0x493e42+19022]\n\tchromedriver!GetHandleVerifier [0x47d45f+263f]\n\tKERNEL32!BaseThreadInitThunk [0x75aafcc9+19]\n\tntdll!RtlGetAppContainerNamedObjectPath [0x779982ae+11e]\n\tntdll!RtlGetAppContainerNamedObjectPath [0x7799827e+ee]\n"}} | headers=HTTPHeaderDict({'Content-Length': '1294', 'Content-Type': 'application/json; charset=utf-8', 'cache-control': 'no-cache'})
00:29:07 [DEBUG] selenium.webdriver.remote.remote_connection — Finished Request
00:29:07 [DEBUG] selenium.webdriver.remote.remote_connection — POST http://localhost:57695/session/1785d0cfc50f5f2ea2b3d7d18ad6c80b/element {'using': 'xpath', 'value': "//a[contains(@href, 'quality-assurance') and contains(., 'Open Position')]"}
00:29:07 [DEBUG] urllib3.connectionpool — http://localhost:57695 "POST /session/1785d0cfc50f5f2ea2b3d7d18ad6c80b/element HTTP/1.1" 404 0
00:29:07 [DEBUG] selenium.webdriver.remote.remote_connection — Remote response: status=404 | data={"value":{"error":"no such element","message":"no such element: Unable to locate element: {\"method\":\"xpath\",\"selector\":\"//a[contains(@href, 'quality-assurance') and contains(., 'Open Position')]\"}\n  (Session info: chrome=147.0.7727.117)","stacktrace":"\tchromedriver!GetHandleVerifier [0x48b373+10553]\n\tchromedriver!GetHandleVerifier [0x48b4a4+10684]\n\tchromedriver!(No symbol) [0x291e10]\n\tchromedriver!(No symbol) [0x2da9da]\n\tchromedriver!(No symbol) [0x2dac7b]\n\tchromedriver!(No symbol) [0x31d162]\n\tchromedriver!(No symbol) [0x2fd8b4]\n\tchromedriver!(No symbol) [0x31aa36]\n\tchromedriver!(No symbol) [0x2fd606]\n\tchromedriver!(No symbol) [0x2d0039]\n\tchromedriver!(No symbol) [0x2d0df4]\n\tchromedriver!GetHandleVerifier [0x70ddb4+292f94]\n\tchromedriver!GetHandleVerifier [0x70937d+28e55d]\n\tchromedriver!GetHandleVerifier [0x728215+2ad3f5]\n\tchromedriver!GetHandleVerifier [0x4a4c18+29df8]\n\tchromedriver!GetHandleVerifier [0x4ac6fd+318dd]\n\tchromedriver!GetHandleVerifier [0x493c78+18e58]\n\tchromedriver!GetHandleVerifier [0x493e42+19022]\n\tchromedriver!GetHandleVerifier [0x47d45f+263f]\n\tKERNEL32!BaseThreadInitThunk [0x75aafcc9+19]\n\tntdll!RtlGetAppContainerNamedObjectPath [0x779982ae+11e]\n\tntdll!RtlGetAppContainerNamedObjectPath [0x7799827e+ee]\n"}} | headers=HTTPHeaderDict({'Content-Length': '1294', 'Content-Type': 'application/json; charset=utf-8', 'cache-control': 'no-cache'})
00:29:07 [DEBUG] selenium.webdriver.remote.remote_connection — Finished Request
00:29:08 [DEBUG] selenium.webdriver.remote.remote_connection — POST http://localhost:57695/session/1785d0cfc50f5f2ea2b3d7d18ad6c80b/element {'using': 'xpath', 'value': "//a[contains(@href, 'quality-assurance') and contains(., 'Open Position')]"}
00:29:08 [DEBUG] urllib3.connectionpool — http://localhost:57695 "POST /session/1785d0cfc50f5f2ea2b3d7d18ad6c80b/element HTTP/1.1" 404 0
00:29:08 [DEBUG] selenium.webdriver.remote.remote_connection — Remote response: status=404 | data={"value":{"error":"no such element","message":"no such element: Unable to locate element: {\"method\":\"xpath\",\"selector\":\"//a[contains(@href, 'quality-assurance') and contains(., 'Open Position')]\"}\n  (Session info: chrome=147.0.7727.117)","stacktrace":"\tchromedriver!GetHandleVerifier [0x48b373+10553]\n\tchromedriver!GetHandleVerifier [0x48b4a4+10684]\n\tchromedriver!(No symbol) [0x291e10]\n\tchromedriver!(No symbol) [0x2da9da]\n\tchromedriver!(No symbol) [0x2dac7b]\n\tchromedriver!(No symbol) [0x31d162]\n\tchromedriver!(No symbol) [0x2fd8b4]\n\tchromedriver!(No symbol) [0x31aa36]\n\tchromedriver!(No symbol) [0x2fd606]\n\tchromedriver!(No symbol) [0x2d0039]\n\tchromedriver!(No symbol) [0x2d0df4]\n\tchromedriver!GetHandleVerifier [0x70ddb4+292f94]\n\tchromedriver!GetHandleVerifier [0x70937d+28e55d]\n\tchromedriver!GetHandleVerifier [0x728215+2ad3f5]\n\tchromedriver!GetHandleVerifier [0x4a4c18+29df8]\n\tchromedriver!GetHandleVerifier [0x4ac6fd+318dd]\n\tchromedriver!GetHandleVerifier [0x493c78+18e58]\n\tchromedriver!GetHandleVerifier [0x493e42+19022]\n\tchromedriver!GetHandleVerifier [0x47d45f+263f]\n\tKERNEL32!BaseThreadInitThunk [0x75aafcc9+19]\n\tntdll!RtlGetAppContainerNamedObjectPath [0x779982ae+11e]\n\tntdll!RtlGetAppContainerNamedObjectPath [0x7799827e+ee]\n"}} | headers=HTTPHeaderDict({'Content-Length': '1294', 'Content-Type': 'application/json; charset=utf-8', 'cache-control': 'no-cache'})
00:29:08 [DEBUG] selenium.webdriver.remote.remote_connection — Finished Request
00:29:08 [DEBUG] selenium.webdriver.remote.remote_connection — POST http://localhost:57695/session/1785d0cfc50f5f2ea2b3d7d18ad6c80b/element {'using': 'xpath', 'value': "//a[contains(@href, 'quality-assurance') and contains(., 'Open Position')]"}
00:29:08 [DEBUG] urllib3.connectionpool — http://localhost:57695 "POST /session/1785d0cfc50f5f2ea2b3d7d18ad6c80b/element HTTP/1.1" 404 0
00:29:08 [DEBUG] selenium.webdriver.remote.remote_connection — Remote response: status=404 | data={"value":{"error":"no such element","message":"no such element: Unable to locate element: {\"method\":\"xpath\",\"selector\":\"//a[contains(@href, 'quality-assurance') and contains(., 'Open Position')]\"}\n  (Session info: chrome=147.0.7727.117)","stacktrace":"\tchromedriver!GetHandleVerifier [0x48b373+10553]\n\tchromedriver!GetHandleVerifier [0x48b4a4+10684]\n\tchromedriver!(No symbol) [0x291e10]\n\tchromedriver!(No symbol) [0x2da9da]\n\tchromedriver!(No symbol) [0x2dac7b]\n\tchromedriver!(No symbol) [0x31d162]\n\tchromedriver!(No symbol) [0x2fd8b4]\n\tchromedriver!(No symbol) [0x31aa36]\n\tchromedriver!(No symbol) [0x2fd606]\n\tchromedriver!(No symbol) [0x2d0039]\n\tchromedriver!(No symbol) [0x2d0df4]\n\tchromedriver!GetHandleVerifier [0x70ddb4+292f94]\n\tchromedriver!GetHandleVerifier [0x70937d+28e55d]\n\tchromedriver!GetHandleVerifier [0x728215+2ad3f5]\n\tchromedriver!GetHandleVerifier [0x4a4c18+29df8]\n\tchromedriver!GetHandleVerifier [0x4ac6fd+318dd]\n\tchromedriver!GetHandleVerifier [0x493c78+18e58]\n\tchromedriver!GetHandleVerifier [0x493e42+19022]\n\tchromedriver!GetHandleVerifier [0x47d45f+263f]\n\tKERNEL32!BaseThreadInitThunk [0x75aafcc9+19]\n\tntdll!RtlGetAppContainerNamedObjectPath [0x779982ae+11e]\n\tntdll!RtlGetAppContainerNamedObjectPath [0x7799827e+ee]\n"}} | headers=HTTPHeaderDict({'Content-Length': '1294', 'Content-Type': 'application/json; charset=utf-8', 'cache-control': 'no-cache'})
00:29:08 [DEBUG] selenium.webdriver.remote.remote_connection — Finished Request
00:29:09 [DEBUG] selenium.webdriver.remote.remote_connection — POST http://localhost:57695/session/1785d0cfc50f5f2ea2b3d7d18ad6c80b/element {'using': 'xpath', 'value': "//a[contains(@href, 'quality-assurance') and contains(., 'Open Position')]"}
00:29:09 [DEBUG] urllib3.connectionpool — http://localhost:57695 "POST /session/1785d0cfc50f5f2ea2b3d7d18ad6c80b/element HTTP/1.1" 404 0
00:29:09 [DEBUG] selenium.webdriver.remote.remote_connection — Remote response: status=404 | data={"value":{"error":"no such element","message":"no such element: Unable to locate element: {\"method\":\"xpath\",\"selector\":\"//a[contains(@href, 'quality-assurance') and contains(., 'Open Position')]\"}\n  (Session info: chrome=147.0.7727.117)","stacktrace":"\tchromedriver!GetHandleVerifier [0x48b373+10553]\n\tchromedriver!GetHandleVerifier [0x48b4a4+10684]\n\tchromedriver!(No symbol) [0x291e10]\n\tchromedriver!(No symbol) [0x2da9da]\n\tchromedriver!(No symbol) [0x2dac7b]\n\tchromedriver!(No symbol) [0x31d162]\n\tchromedriver!(No symbol) [0x2fd8b4]\n\tchromedriver!(No symbol) [0x31aa36]\n\tchromedriver!(No symbol) [0x2fd606]\n\tchromedriver!(No symbol) [0x2d0039]\n\tchromedriver!(No symbol) [0x2d0df4]\n\tchromedriver!GetHandleVerifier [0x70ddb4+292f94]\n\tchromedriver!GetHandleVerifier [0x70937d+28e55d]\n\tchromedriver!GetHandleVerifier [0x728215+2ad3f5]\n\tchromedriver!GetHandleVerifier [0x4a4c18+29df8]\n\tchromedriver!GetHandleVerifier [0x4ac6fd+318dd]\n\tchromedriver!GetHandleVerifier [0x493c78+18e58]\n\tchromedriver!GetHandleVerifier [0x493e42+19022]\n\tchromedriver!GetHandleVerifier [0x47d45f+263f]\n\tKERNEL32!BaseThreadInitThunk [0x75aafcc9+19]\n\tntdll!RtlGetAppContainerNamedObjectPath [0x779982ae+11e]\n\tntdll!RtlGetAppContainerNamedObjectPath [0x7799827e+ee]\n"}} | headers=HTTPHeaderDict({'Content-Length': '1294', 'Content-Type': 'application/json; charset=utf-8', 'cache-control': 'no-cache'})
00:29:09 [DEBUG] selenium.webdriver.remote.remote_connection — Finished Request
00:29:09 [DEBUG] selenium.webdriver.remote.remote_connection — POST http://localhost:57695/session/1785d0cfc50f5f2ea2b3d7d18ad6c80b/element {'using': 'xpath', 'value': "//a[contains(@href, 'quality-assurance') and contains(., 'Open Position')]"}
00:29:09 [DEBUG] urllib3.connectionpool — http://localhost:57695 "POST /session/1785d0cfc50f5f2ea2b3d7d18ad6c80b/element HTTP/1.1" 404 0
00:29:09 [DEBUG] selenium.webdriver.remote.remote_connection — Remote response: status=404 | data={"value":{"error":"no such element","message":"no such element: Unable to locate element: {\"method\":\"xpath\",\"selector\":\"//a[contains(@href, 'quality-assurance') and contains(., 'Open Position')]\"}\n  (Session info: chrome=147.0.7727.117)","stacktrace":"\tchromedriver!GetHandleVerifier [0x48b373+10553]\n\tchromedriver!GetHandleVerifier [0x48b4a4+10684]\n\tchromedriver!(No symbol) [0x291e10]\n\tchromedriver!(No symbol) [0x2da9da]\n\tchromedriver!(No symbol) [0x2dac7b]\n\tchromedriver!(No symbol) [0x31d162]\n\tchromedriver!(No symbol) [0x2fd8b4]\n\tchromedriver!(No symbol) [0x31aa36]\n\tchromedriver!(No symbol) [0x2fd606]\n\tchromedriver!(No symbol) [0x2d0039]\n\tchromedriver!(No symbol) [0x2d0df4]\n\tchromedriver!GetHandleVerifier [0x70ddb4+292f94]\n\tchromedriver!GetHandleVerifier [0x70937d+28e55d]\n\tchromedriver!GetHandleVerifier [0x728215+2ad3f5]\n\tchromedriver!GetHandleVerifier [0x4a4c18+29df8]\n\tchromedriver!GetHandleVerifier [0x4ac6fd+318dd]\n\tchromedriver!GetHandleVerifier [0x493c78+18e58]\n\tchromedriver!GetHandleVerifier [0x493e42+19022]\n\tchromedriver!GetHandleVerifier [0x47d45f+263f]\n\tKERNEL32!BaseThreadInitThunk [0x75aafcc9+19]\n\tntdll!RtlGetAppContainerNamedObjectPath [0x779982ae+11e]\n\tntdll!RtlGetAppContainerNamedObjectPath [0x7799827e+ee]\n"}} | headers=HTTPHeaderDict({'Content-Length': '1294', 'Content-Type': 'application/json; charset=utf-8', 'cache-control': 'no-cache'})
00:29:09 [DEBUG] selenium.webdriver.remote.remote_connection — Finished Request
00:29:10 [DEBUG] selenium.webdriver.remote.remote_connection — POST http://localhost:57695/session/1785d0cfc50f5f2ea2b3d7d18ad6c80b/element {'using': 'xpath', 'value': "//a[contains(@href, 'quality-assurance') and contains(., 'Open Position')]"}
00:29:10 [DEBUG] urllib3.connectionpool — http://localhost:57695 "POST /session/1785d0cfc50f5f2ea2b3d7d18ad6c80b/element HTTP/1.1" 404 0
00:29:10 [DEBUG] selenium.webdriver.remote.remote_connection — Remote response: status=404 | data={"value":{"error":"no such element","message":"no such element: Unable to locate element: {\"method\":\"xpath\",\"selector\":\"//a[contains(@href, 'quality-assurance') and contains(., 'Open Position')]\"}\n  (Session info: chrome=147.0.7727.117)","stacktrace":"\tchromedriver!GetHandleVerifier [0x48b373+10553]\n\tchromedriver!GetHandleVerifier [0x48b4a4+10684]\n\tchromedriver!(No symbol) [0x291e10]\n\tchromedriver!(No symbol) [0x2da9da]\n\tchromedriver!(No symbol) [0x2dac7b]\n\tchromedriver!(No symbol) [0x31d162]\n\tchromedriver!(No symbol) [0x2fd8b4]\n\tchromedriver!(No symbol) [0x31aa36]\n\tchromedriver!(No symbol) [0x2fd606]\n\tchromedriver!(No symbol) [0x2d0039]\n\tchromedriver!(No symbol) [0x2d0df4]\n\tchromedriver!GetHandleVerifier [0x70ddb4+292f94]\n\tchromedriver!GetHandleVerifier [0x70937d+28e55d]\n\tchromedriver!GetHandleVerifier [0x728215+2ad3f5]\n\tchromedriver!GetHandleVerifier [0x4a4c18+29df8]\n\tchromedriver!GetHandleVerifier [0x4ac6fd+318dd]\n\tchromedriver!GetHandleVerifier [0x493c78+18e58]\n\tchromedriver!GetHandleVerifier [0x493e42+19022]\n\tchromedriver!GetHandleVerifier [0x47d45f+263f]\n\tKERNEL32!BaseThreadInitThunk [0x75aafcc9+19]\n\tntdll!RtlGetAppContainerNamedObjectPath [0x779982ae+11e]\n\tntdll!RtlGetAppContainerNamedObjectPath [0x7799827e+ee]\n"}} | headers=HTTPHeaderDict({'Content-Length': '1294', 'Content-Type': 'application/json; charset=utf-8', 'cache-control': 'no-cache'})
00:29:10 [DEBUG] selenium.webdriver.remote.remote_connection — Finished Request
00:29:11 [DEBUG] selenium.webdriver.remote.remote_connection — POST http://localhost:57695/session/1785d0cfc50f5f2ea2b3d7d18ad6c80b/element {'using': 'xpath', 'value': "//a[contains(@href, 'quality-assurance') and contains(., 'Open Position')]"}
00:29:11 [DEBUG] urllib3.connectionpool — http://localhost:57695 "POST /session/1785d0cfc50f5f2ea2b3d7d18ad6c80b/element HTTP/1.1" 404 0
00:29:11 [DEBUG] selenium.webdriver.remote.remote_connection — Remote response: status=404 | data={"value":{"error":"no such element","message":"no such element: Unable to locate element: {\"method\":\"xpath\",\"selector\":\"//a[contains(@href, 'quality-assurance') and contains(., 'Open Position')]\"}\n  (Session info: chrome=147.0.7727.117)","stacktrace":"\tchromedriver!GetHandleVerifier [0x48b373+10553]\n\tchromedriver!GetHandleVerifier [0x48b4a4+10684]\n\tchromedriver!(No symbol) [0x291e10]\n\tchromedriver!(No symbol) [0x2da9da]\n\tchromedriver!(No symbol) [0x2dac7b]\n\tchromedriver!(No symbol) [0x31d162]\n\tchromedriver!(No symbol) [0x2fd8b4]\n\tchromedriver!(No symbol) [0x31aa36]\n\tchromedriver!(No symbol) [0x2fd606]\n\tchromedriver!(No symbol) [0x2d0039]\n\tchromedriver!(No symbol) [0x2d0df4]\n\tchromedriver!GetHandleVerifier [0x70ddb4+292f94]\n\tchromedriver!GetHandleVerifier [0x70937d+28e55d]\n\tchromedriver!GetHandleVerifier [0x728215+2ad3f5]\n\tchromedriver!GetHandleVerifier [0x4a4c18+29df8]\n\tchromedriver!GetHandleVerifier [0x4ac6fd+318dd]\n\tchromedriver!GetHandleVerifier [0x493c78+18e58]\n\tchromedriver!GetHandleVerifier [0x493e42+19022]\n\tchromedriver!GetHandleVerifier [0x47d45f+263f]\n\tKERNEL32!BaseThreadInitThunk [0x75aafcc9+19]\n\tntdll!RtlGetAppContainerNamedObjectPath [0x779982ae+11e]\n\tntdll!RtlGetAppContainerNamedObjectPath [0x7799827e+ee]\n"}} | headers=HTTPHeaderDict({'Content-Length': '1294', 'Content-Type': 'application/json; charset=utf-8', 'cache-control': 'no-cache'})
00:29:11 [DEBUG] selenium.webdriver.remote.remote_connection — Finished Request
00:29:11 [DEBUG] selenium.webdriver.remote.remote_connection — POST http://localhost:57695/session/1785d0cfc50f5f2ea2b3d7d18ad6c80b/element {'using': 'xpath', 'value': "//a[contains(@href, 'quality-assurance') and contains(., 'Open Position')]"}
00:29:11 [DEBUG] urllib3.connectionpool — http://localhost:57695 "POST /session/1785d0cfc50f5f2ea2b3d7d18ad6c80b/element HTTP/1.1" 404 0
00:29:11 [DEBUG] selenium.webdriver.remote.remote_connection — Remote response: status=404 | data={"value":{"error":"no such element","message":"no such element: Unable to locate element: {\"method\":\"xpath\",\"selector\":\"//a[contains(@href, 'quality-assurance') and contains(., 'Open Position')]\"}\n  (Session info: chrome=147.0.7727.117)","stacktrace":"\tchromedriver!GetHandleVerifier [0x48b373+10553]\n\tchromedriver!GetHandleVerifier [0x48b4a4+10684]\n\tchromedriver!(No symbol) [0x291e10]\n\tchromedriver!(No symbol) [0x2da9da]\n\tchromedriver!(No symbol) [0x2dac7b]\n\tchromedriver!(No symbol) [0x31d162]\n\tchromedriver!(No symbol) [0x2fd8b4]\n\tchromedriver!(No symbol) [0x31aa36]\n\tchromedriver!(No symbol) [0x2fd606]\n\tchromedriver!(No symbol) [0x2d0039]\n\tchromedriver!(No symbol) [0x2d0df4]\n\tchromedriver!GetHandleVerifier [0x70ddb4+292f94]\n\tchromedriver!GetHandleVerifier [0x70937d+28e55d]\n\tchromedriver!GetHandleVerifier [0x728215+2ad3f5]\n\tchromedriver!GetHandleVerifier [0x4a4c18+29df8]\n\tchromedriver!GetHandleVerifier [0x4ac6fd+318dd]\n\tchromedriver!GetHandleVerifier [0x493c78+18e58]\n\tchromedriver!GetHandleVerifier [0x493e42+19022]\n\tchromedriver!GetHandleVerifier [0x47d45f+263f]\n\tKERNEL32!BaseThreadInitThunk [0x75aafcc9+19]\n\tntdll!RtlGetAppContainerNamedObjectPath [0x779982ae+11e]\n\tntdll!RtlGetAppContainerNamedObjectPath [0x7799827e+ee]\n"}} | headers=HTTPHeaderDict({'Content-Length': '1294', 'Content-Type': 'application/json; charset=utf-8', 'cache-control': 'no-cache'})
00:29:11 [DEBUG] selenium.webdriver.remote.remote_connection — Finished Request
00:29:12 [DEBUG] selenium.webdriver.remote.remote_connection — POST http://localhost:57695/session/1785d0cfc50f5f2ea2b3d7d18ad6c80b/element {'using': 'xpath', 'value': "//a[contains(@href, 'quality-assurance') and contains(., 'Open Position')]"}
00:29:12 [DEBUG] urllib3.connectionpool — http://localhost:57695 "POST /session/1785d0cfc50f5f2ea2b3d7d18ad6c80b/element HTTP/1.1" 404 0
00:29:12 [DEBUG] selenium.webdriver.remote.remote_connection — Remote response: status=404 | data={"value":{"error":"no such element","message":"no such element: Unable to locate element: {\"method\":\"xpath\",\"selector\":\"//a[contains(@href, 'quality-assurance') and contains(., 'Open Position')]\"}\n  (Session info: chrome=147.0.7727.117)","stacktrace":"\tchromedriver!GetHandleVerifier [0x48b373+10553]\n\tchromedriver!GetHandleVerifier [0x48b4a4+10684]\n\tchromedriver!(No symbol) [0x291e10]\n\tchromedriver!(No symbol) [0x2da9da]\n\tchromedriver!(No symbol) [0x2dac7b]\n\tchromedriver!(No symbol) [0x31d162]\n\tchromedriver!(No symbol) [0x2fd8b4]\n\tchromedriver!(No symbol) [0x31aa36]\n\tchromedriver!(No symbol) [0x2fd606]\n\tchromedriver!(No symbol) [0x2d0039]\n\tchromedriver!(No symbol) [0x2d0df4]\n\tchromedriver!GetHandleVerifier [0x70ddb4+292f94]\n\tchromedriver!GetHandleVerifier [0x70937d+28e55d]\n\tchromedriver!GetHandleVerifier [0x728215+2ad3f5]\n\tchromedriver!GetHandleVerifier [0x4a4c18+29df8]\n\tchromedriver!GetHandleVerifier [0x4ac6fd+318dd]\n\tchromedriver!GetHandleVerifier [0x493c78+18e58]\n\tchromedriver!GetHandleVerifier [0x493e42+19022]\n\tchromedriver!GetHandleVerifier [0x47d45f+263f]\n\tKERNEL32!BaseThreadInitThunk [0x75aafcc9+19]\n\tntdll!RtlGetAppContainerNamedObjectPath [0x779982ae+11e]\n\tntdll!RtlGetAppContainerNamedObjectPath [0x7799827e+ee]\n"}} | headers=HTTPHeaderDict({'Content-Length': '1294', 'Content-Type': 'application/json; charset=utf-8', 'cache-control': 'no-cache'})
00:29:12 [DEBUG] selenium.webdriver.remote.remote_connection — Finished Request
00:29:12 [DEBUG] selenium.webdriver.remote.remote_connection — DELETE http://localhost:57695/session/1785d0cfc50f5f2ea2b3d7d18ad6c80b {}
00:29:13 [DEBUG] urllib3.connectionpool — http://localhost:57695 "DELETE /session/1785d0cfc50f5f2ea2b3d7d18ad6c80b HTTP/1.1" 200 0
00:29:13 [DEBUG] selenium.webdriver.remote.remote_connection — Remote response: status=200 | data={"value":null} | headers=HTTPHeaderDict({'Content-Length': '14', 'Content-Type': 'application/json; charset=utf-8', 'cache-control': 'no-cache'})
00:29:13 [DEBUG] selenium.webdriver.remote.remote_connection — Finished Request
00:29:15 [INFO] conftest — Driver closed for test: test_job_list_is_not_empty
00:29:15 [INFO] utils.driver_factory — Creating chrome driver (headless=True)
00:29:15 [INFO] WDM — ====== WebDriver manager ======
00:29:16 [INFO] WDM — Get LATEST chromedriver version for google-chrome
00:29:16 [DEBUG] urllib3.connectionpool — Starting new HTTPS connection (1): googlechromelabs.github.io:443
00:29:17 [DEBUG] urllib3.connectionpool — https://googlechromelabs.github.io:443 "GET /chrome-for-testing/latest-patch-versions-per-build.json HTTP/1.1" 200 16425
00:29:17 [INFO] WDM — Get LATEST chromedriver version for google-chrome
00:29:17 [DEBUG] urllib3.connectionpool — Starting new HTTPS connection (1): googlechromelabs.github.io:443
00:29:17 [DEBUG] urllib3.connectionpool — https://googlechromelabs.github.io:443 "GET /chrome-for-testing/latest-patch-versions-per-build.json HTTP/1.1" 200 16425
00:29:17 [INFO] WDM — Driver [C:\Users\User\.wdm\drivers\chromedriver\win64\147.0.7727.117\chromedriver.exe] found in cache
00:29:17 [DEBUG] selenium.webdriver.common.driver_finder — Skipping Selenium Manager; path to chrome driver specified in Service class: C:\Users\User\.wdm\drivers\chromedriver\win64\147.0.7727.117\chromedriver.exe
00:29:17 [DEBUG] selenium.webdriver.common.service — Started executable: `C:\Users\User\.wdm\drivers\chromedriver\win64\147.0.7727.117\chromedriver.exe` in a child process with pid: 11660 using 0 to output -3
00:29:18 [DEBUG] selenium.webdriver.remote.remote_connection — POST http://localhost:57787/session {'capabilities': {'firstMatch': [{}], 'alwaysMatch': {'browserName': 'chrome', 'pageLoadStrategy': <PageLoadStrategy.normal: 'normal'>, 'goog:chromeOptions': {'excludeSwitches': ['enable-logging'], 'useAutomationExtension': False, 'extensions': [], 'args': ['--headless=new', '--window-size=1920,1080', '--no-sandbox', '--disable-dev-shm-usage', '--disable-gpu', '--disable-extensions', '--disable-infobars', '--disable-notifications', '--ignore-certificate-errors', '--remote-debugging-port=9222', '--disable-blink-features=AutomationControlled', '--user-agent=Mozilla/5.0 (Windows NT 10.0; Win64; x64) AppleWebKit/537.36 (KHTML, like Gecko) Chrome/124.0.0.0 Safari/537.36']}}}}
00:29:18 [DEBUG] urllib3.connectionpool — Starting new HTTP connection (1): localhost:57787
00:29:18 [DEBUG] urllib3.connectionpool — http://localhost:57787 "POST /session HTTP/1.1" 200 0
00:29:18 [DEBUG] selenium.webdriver.remote.remote_connection — Remote response: status=200 | data={"value":{"capabilities":{"acceptInsecureCerts":false,"browserName":"chrome","browserVersion":"147.0.7727.117","chrome":{"chromedriverVersion":"147.0.7727.117 (474cc805edd6b22006509896c910f6b6da2427ad-refs/branch-heads/7727_111@{#4})","userDataDir":"C:\\Users\\User\\AppData\\Local\\Temp\\scoped_dir11660_948516175"},"fedcm:accounts":true,"goog:chromeOptions":{"debuggerAddress":"localhost:9222"},"goog:processID":8376,"networkConnectionEnabled":false,"pageLoadStrategy":"normal","platformName":"windows","proxy":{},"setWindowRect":true,"strictFileInteractability":false,"timeouts":{"implicit":0,"pageLoad":300000,"script":30000},"unhandledPromptBehavior":"dismiss and notify","webauthn:extension:credBlob":true,"webauthn:extension:largeBlob":true,"webauthn:extension:minPinLength":true,"webauthn:extension:prf":true,"webauthn:virtualAuthenticators":true},"sessionId":"aecd8cd2d436d918803a57a3376d50f2"}} | headers=HTTPHeaderDict({'Content-Length': '904', 'Content-Type': 'application/json; charset=utf-8', 'cache-control': 'no-cache'})
00:29:18 [DEBUG] selenium.webdriver.remote.remote_connection — Finished Request
00:29:18 [DEBUG] selenium.webdriver.remote.remote_connection — POST http://localhost:57787/session/aecd8cd2d436d918803a57a3376d50f2/timeouts {'pageLoad': 60000}
00:29:18 [DEBUG] urllib3.connectionpool — http://localhost:57787 "POST /session/aecd8cd2d436d918803a57a3376d50f2/timeouts HTTP/1.1" 200 0
00:29:18 [DEBUG] selenium.webdriver.remote.remote_connection — Remote response: status=200 | data={"value":null} | headers=HTTPHeaderDict({'Content-Length': '14', 'Content-Type': 'application/json; charset=utf-8', 'cache-control': 'no-cache'})
00:29:18 [DEBUG] selenium.webdriver.remote.remote_connection — Finished Request
00:29:18 [DEBUG] selenium.webdriver.remote.remote_connection — POST http://localhost:57787/session/aecd8cd2d436d918803a57a3376d50f2/timeouts {'implicit': 0}
00:29:18 [DEBUG] urllib3.connectionpool — http://localhost:57787 "POST /session/aecd8cd2d436d918803a57a3376d50f2/timeouts HTTP/1.1" 200 0
00:29:18 [DEBUG] selenium.webdriver.remote.remote_connection — Remote response: status=200 | data={"value":null} | headers=HTTPHeaderDict({'Content-Length': '14', 'Content-Type': 'application/json; charset=utf-8', 'cache-control': 'no-cache'})
00:29:18 [DEBUG] selenium.webdriver.remote.remote_connection — Finished Request
00:29:18 [INFO] utils.driver_factory — Chrome driver created successfully
00:29:18 [INFO] conftest — Driver started for test: test_each_job_position_contains_quality_assurance
00:29:18 [INFO] pages.careers_page — Loading careers page
00:29:18 [INFO] pages.base_page — Navigating to: https://insiderone.com/careers/
00:29:18 [DEBUG] selenium.webdriver.remote.remote_connection — POST http://localhost:57787/session/aecd8cd2d436d918803a57a3376d50f2/url {'url': 'https://insiderone.com/careers/'}
00:29:19 [DEBUG] urllib3.connectionpool — http://localhost:57787 "POST /session/aecd8cd2d436d918803a57a3376d50f2/url HTTP/1.1" 200 0
00:29:19 [DEBUG] selenium.webdriver.remote.remote_connection — Remote response: status=200 | data={"value":null} | headers=HTTPHeaderDict({'Content-Length': '14', 'Content-Type': 'application/json; charset=utf-8', 'cache-control': 'no-cache'})
00:29:19 [DEBUG] selenium.webdriver.remote.remote_connection — Finished Request
00:29:19 [DEBUG] selenium.webdriver.remote.remote_connection — POST http://localhost:57787/session/aecd8cd2d436d918803a57a3376d50f2/element {'using': 'css selector', 'value': 'button#wt-cli-accept-all-btn'}
00:29:19 [DEBUG] urllib3.connectionpool — http://localhost:57787 "POST /session/aecd8cd2d436d918803a57a3376d50f2/element HTTP/1.1" 404 0
00:29:19 [DEBUG] selenium.webdriver.remote.remote_connection — Remote response: status=404 | data={"value":{"error":"no such element","message":"no such element: Unable to locate element: {\"method\":\"css selector\",\"selector\":\"button#wt-cli-accept-all-btn\"}\n  (Session info: chrome=147.0.7727.117)","stacktrace":"\tchromedriver!GetHandleVerifier [0x48b373+10553]\n\tchromedriver!GetHandleVerifier [0x48b4a4+10684]\n\tchromedriver!(No symbol) [0x291e10]\n\tchromedriver!(No symbol) [0x2da9da]\n\tchromedriver!(No symbol) [0x2dac7b]\n\tchromedriver!(No symbol) [0x31d162]\n\tchromedriver!(No symbol) [0x2fd8b4]\n\tchromedriver!(No symbol) [0x31aa36]\n\tchromedriver!(No symbol) [0x2fd606]\n\tchromedriver!(No symbol) [0x2d0039]\n\tchromedriver!(No symbol) [0x2d0df4]\n\tchromedriver!GetHandleVerifier [0x70ddb4+292f94]\n\tchromedriver!GetHandleVerifier [0x70937d+28e55d]\n\tchromedriver!GetHandleVerifier [0x728215+2ad3f5]\n\tchromedriver!GetHandleVerifier [0x4a4c18+29df8]\n\tchromedriver!GetHandleVerifier [0x4ac6fd+318dd]\n\tchromedriver!GetHandleVerifier [0x493c78+18e58]\n\tchromedriver!GetHandleVerifier [0x493e42+19022]\n\tchromedriver!GetHandleVerifier [0x47d45f+263f]\n\tKERNEL32!BaseThreadInitThunk [0x75aafcc9+19]\n\tntdll!RtlGetAppContainerNamedObjectPath [0x779982ae+11e]\n\tntdll!RtlGetAppContainerNamedObjectPath [0x7799827e+ee]\n"}} | headers=HTTPHeaderDict({'Content-Length': '1255', 'Content-Type': 'application/json; charset=utf-8', 'cache-control': 'no-cache'})
00:29:19 [DEBUG] selenium.webdriver.remote.remote_connection — Finished Request
00:29:20 [DEBUG] selenium.webdriver.remote.remote_connection — POST http://localhost:57787/session/aecd8cd2d436d918803a57a3376d50f2/element {'using': 'css selector', 'value': 'button#wt-cli-accept-all-btn'}
00:29:20 [DEBUG] urllib3.connectionpool — http://localhost:57787 "POST /session/aecd8cd2d436d918803a57a3376d50f2/element HTTP/1.1" 404 0
00:29:20 [DEBUG] selenium.webdriver.remote.remote_connection — Remote response: status=404 | data={"value":{"error":"no such element","message":"no such element: Unable to locate element: {\"method\":\"css selector\",\"selector\":\"button#wt-cli-accept-all-btn\"}\n  (Session info: chrome=147.0.7727.117)","stacktrace":"\tchromedriver!GetHandleVerifier [0x48b373+10553]\n\tchromedriver!GetHandleVerifier [0x48b4a4+10684]\n\tchromedriver!(No symbol) [0x291e10]\n\tchromedriver!(No symbol) [0x2da9da]\n\tchromedriver!(No symbol) [0x2dac7b]\n\tchromedriver!(No symbol) [0x31d162]\n\tchromedriver!(No symbol) [0x2fd8b4]\n\tchromedriver!(No symbol) [0x31aa36]\n\tchromedriver!(No symbol) [0x2fd606]\n\tchromedriver!(No symbol) [0x2d0039]\n\tchromedriver!(No symbol) [0x2d0df4]\n\tchromedriver!GetHandleVerifier [0x70ddb4+292f94]\n\tchromedriver!GetHandleVerifier [0x70937d+28e55d]\n\tchromedriver!GetHandleVerifier [0x728215+2ad3f5]\n\tchromedriver!GetHandleVerifier [0x4a4c18+29df8]\n\tchromedriver!GetHandleVerifier [0x4ac6fd+318dd]\n\tchromedriver!GetHandleVerifier [0x493c78+18e58]\n\tchromedriver!GetHandleVerifier [0x493e42+19022]\n\tchromedriver!GetHandleVerifier [0x47d45f+263f]\n\tKERNEL32!BaseThreadInitThunk [0x75aafcc9+19]\n\tntdll!RtlGetAppContainerNamedObjectPath [0x779982ae+11e]\n\tntdll!RtlGetAppContainerNamedObjectPath [0x7799827e+ee]\n"}} | headers=HTTPHeaderDict({'Content-Length': '1255', 'Content-Type': 'application/json; charset=utf-8', 'cache-control': 'no-cache'})
00:29:20 [DEBUG] selenium.webdriver.remote.remote_connection — Finished Request
00:29:21 [DEBUG] selenium.webdriver.remote.remote_connection — POST http://localhost:57787/session/aecd8cd2d436d918803a57a3376d50f2/element {'using': 'css selector', 'value': 'button#wt-cli-accept-all-btn'}
00:29:21 [DEBUG] urllib3.connectionpool — http://localhost:57787 "POST /session/aecd8cd2d436d918803a57a3376d50f2/element HTTP/1.1" 404 0
00:29:21 [DEBUG] selenium.webdriver.remote.remote_connection — Remote response: status=404 | data={"value":{"error":"no such element","message":"no such element: Unable to locate element: {\"method\":\"css selector\",\"selector\":\"button#wt-cli-accept-all-btn\"}\n  (Session info: chrome=147.0.7727.117)","stacktrace":"\tchromedriver!GetHandleVerifier [0x48b373+10553]\n\tchromedriver!GetHandleVerifier [0x48b4a4+10684]\n\tchromedriver!(No symbol) [0x291e10]\n\tchromedriver!(No symbol) [0x2da9da]\n\tchromedriver!(No symbol) [0x2dac7b]\n\tchromedriver!(No symbol) [0x31d162]\n\tchromedriver!(No symbol) [0x2fd8b4]\n\tchromedriver!(No symbol) [0x31aa36]\n\tchromedriver!(No symbol) [0x2fd606]\n\tchromedriver!(No symbol) [0x2d0039]\n\tchromedriver!(No symbol) [0x2d0df4]\n\tchromedriver!GetHandleVerifier [0x70ddb4+292f94]\n\tchromedriver!GetHandleVerifier [0x70937d+28e55d]\n\tchromedriver!GetHandleVerifier [0x728215+2ad3f5]\n\tchromedriver!GetHandleVerifier [0x4a4c18+29df8]\n\tchromedriver!GetHandleVerifier [0x4ac6fd+318dd]\n\tchromedriver!GetHandleVerifier [0x493c78+18e58]\n\tchromedriver!GetHandleVerifier [0x493e42+19022]\n\tchromedriver!GetHandleVerifier [0x47d45f+263f]\n\tKERNEL32!BaseThreadInitThunk [0x75aafcc9+19]\n\tntdll!RtlGetAppContainerNamedObjectPath [0x779982ae+11e]\n\tntdll!RtlGetAppContainerNamedObjectPath [0x7799827e+ee]\n"}} | headers=HTTPHeaderDict({'Content-Length': '1255', 'Content-Type': 'application/json; charset=utf-8', 'cache-control': 'no-cache'})
00:29:21 [DEBUG] selenium.webdriver.remote.remote_connection — Finished Request
00:29:21 [DEBUG] selenium.webdriver.remote.remote_connection — POST http://localhost:57787/session/aecd8cd2d436d918803a57a3376d50f2/element {'using': 'css selector', 'value': 'button#wt-cli-accept-all-btn'}
00:29:21 [DEBUG] urllib3.connectionpool — http://localhost:57787 "POST /session/aecd8cd2d436d918803a57a3376d50f2/element HTTP/1.1" 404 0
00:29:21 [DEBUG] selenium.webdriver.remote.remote_connection — Remote response: status=404 | data={"value":{"error":"no such element","message":"no such element: Unable to locate element: {\"method\":\"css selector\",\"selector\":\"button#wt-cli-accept-all-btn\"}\n  (Session info: chrome=147.0.7727.117)","stacktrace":"\tchromedriver!GetHandleVerifier [0x48b373+10553]\n\tchromedriver!GetHandleVerifier [0x48b4a4+10684]\n\tchromedriver!(No symbol) [0x291e10]\n\tchromedriver!(No symbol) [0x2da9da]\n\tchromedriver!(No symbol) [0x2dac7b]\n\tchromedriver!(No symbol) [0x31d162]\n\tchromedriver!(No symbol) [0x2fd8b4]\n\tchromedriver!(No symbol) [0x31aa36]\n\tchromedriver!(No symbol) [0x2fd606]\n\tchromedriver!(No symbol) [0x2d0039]\n\tchromedriver!(No symbol) [0x2d0df4]\n\tchromedriver!GetHandleVerifier [0x70ddb4+292f94]\n\tchromedriver!GetHandleVerifier [0x70937d+28e55d]\n\tchromedriver!GetHandleVerifier [0x728215+2ad3f5]\n\tchromedriver!GetHandleVerifier [0x4a4c18+29df8]\n\tchromedriver!GetHandleVerifier [0x4ac6fd+318dd]\n\tchromedriver!GetHandleVerifier [0x493c78+18e58]\n\tchromedriver!GetHandleVerifier [0x493e42+19022]\n\tchromedriver!GetHandleVerifier [0x47d45f+263f]\n\tKERNEL32!BaseThreadInitThunk [0x75aafcc9+19]\n\tntdll!RtlGetAppContainerNamedObjectPath [0x779982ae+11e]\n\tntdll!RtlGetAppContainerNamedObjectPath [0x7799827e+ee]\n"}} | headers=HTTPHeaderDict({'Content-Length': '1255', 'Content-Type': 'application/json; charset=utf-8', 'cache-control': 'no-cache'})
00:29:21 [DEBUG] selenium.webdriver.remote.remote_connection — Finished Request
00:29:22 [DEBUG] selenium.webdriver.remote.remote_connection — POST http://localhost:57787/session/aecd8cd2d436d918803a57a3376d50f2/element {'using': 'css selector', 'value': 'button#wt-cli-accept-all-btn'}
00:29:22 [DEBUG] urllib3.connectionpool — http://localhost:57787 "POST /session/aecd8cd2d436d918803a57a3376d50f2/element HTTP/1.1" 404 0
00:29:22 [DEBUG] selenium.webdriver.remote.remote_connection — Remote response: status=404 | data={"value":{"error":"no such element","message":"no such element: Unable to locate element: {\"method\":\"css selector\",\"selector\":\"button#wt-cli-accept-all-btn\"}\n  (Session info: chrome=147.0.7727.117)","stacktrace":"\tchromedriver!GetHandleVerifier [0x48b373+10553]\n\tchromedriver!GetHandleVerifier [0x48b4a4+10684]\n\tchromedriver!(No symbol) [0x291e10]\n\tchromedriver!(No symbol) [0x2da9da]\n\tchromedriver!(No symbol) [0x2dac7b]\n\tchromedriver!(No symbol) [0x31d162]\n\tchromedriver!(No symbol) [0x2fd8b4]\n\tchromedriver!(No symbol) [0x31aa36]\n\tchromedriver!(No symbol) [0x2fd606]\n\tchromedriver!(No symbol) [0x2d0039]\n\tchromedriver!(No symbol) [0x2d0df4]\n\tchromedriver!GetHandleVerifier [0x70ddb4+292f94]\n\tchromedriver!GetHandleVerifier [0x70937d+28e55d]\n\tchromedriver!GetHandleVerifier [0x728215+2ad3f5]\n\tchromedriver!GetHandleVerifier [0x4a4c18+29df8]\n\tchromedriver!GetHandleVerifier [0x4ac6fd+318dd]\n\tchromedriver!GetHandleVerifier [0x493c78+18e58]\n\tchromedriver!GetHandleVerifier [0x493e42+19022]\n\tchromedriver!GetHandleVerifier [0x47d45f+263f]\n\tKERNEL32!BaseThreadInitThunk [0x75aafcc9+19]\n\tntdll!RtlGetAppContainerNamedObjectPath [0x779982ae+11e]\n\tntdll!RtlGetAppContainerNamedObjectPath [0x7799827e+ee]\n"}} | headers=HTTPHeaderDict({'Content-Length': '1255', 'Content-Type': 'application/json; charset=utf-8', 'cache-control': 'no-cache'})
00:29:22 [DEBUG] selenium.webdriver.remote.remote_connection — Finished Request
00:29:22 [DEBUG] selenium.webdriver.remote.remote_connection — POST http://localhost:57787/session/aecd8cd2d436d918803a57a3376d50f2/element {'using': 'css selector', 'value': '[id="wt-cli-accept-all-btn"]'}
00:29:22 [DEBUG] urllib3.connectionpool — http://localhost:57787 "POST /session/aecd8cd2d436d918803a57a3376d50f2/element HTTP/1.1" 200 0
00:29:22 [DEBUG] selenium.webdriver.remote.remote_connection — Remote response: status=200 | data={"value":{"element-6066-11e4-a52e-4f735466cecf":"f.DB8ADB7B39419EC651A45B4C0D0839FA.d.A63C370C736C6E1488877A77B71602C7.e.6114"}} | headers=HTTPHeaderDict({'Content-Length': '128', 'Content-Type': 'application/json; charset=utf-8', 'cache-control': 'no-cache'})
00:29:22 [DEBUG] selenium.webdriver.remote.remote_connection — Finished Request
00:29:22 [DEBUG] selenium.webdriver.remote.remote_connection — POST http://localhost:57787/session/aecd8cd2d436d918803a57a3376d50f2/execute/sync {'script': '/* isDisplayed */return (function(){return (function(){var g=this||self;\nfunction aa(a){var b=typeof...', 'args': [{'element-6066-11e4-a52e-4f735466cecf': 'f.DB8ADB7B39419EC651A45B4C0D0839FA.d.A63C370C736C6E1488877A77B71602C7.e.6114'}]}
00:29:22 [DEBUG] urllib3.connectionpool — http://localhost:57787 "POST /session/aecd8cd2d436d918803a57a3376d50f2/execute/sync HTTP/1.1" 200 0
00:29:22 [DEBUG] selenium.webdriver.remote.remote_connection — Remote response: status=200 | data={"value":false} | headers=HTTPHeaderDict({'Content-Length': '15', 'Content-Type': 'application/json; charset=utf-8', 'cache-control': 'no-cache'})
00:29:22 [DEBUG] selenium.webdriver.remote.remote_connection — Finished Request
00:29:23 [DEBUG] selenium.webdriver.remote.remote_connection — POST http://localhost:57787/session/aecd8cd2d436d918803a57a3376d50f2/element {'using': 'css selector', 'value': '[id="wt-cli-accept-all-btn"]'}
00:29:23 [DEBUG] urllib3.connectionpool — http://localhost:57787 "POST /session/aecd8cd2d436d918803a57a3376d50f2/element HTTP/1.1" 200 0
00:29:23 [DEBUG] selenium.webdriver.remote.remote_connection — Remote response: status=200 | data={"value":{"element-6066-11e4-a52e-4f735466cecf":"f.DB8ADB7B39419EC651A45B4C0D0839FA.d.A63C370C736C6E1488877A77B71602C7.e.6114"}} | headers=HTTPHeaderDict({'Content-Length': '128', 'Content-Type': 'application/json; charset=utf-8', 'cache-control': 'no-cache'})
00:29:23 [DEBUG] selenium.webdriver.remote.remote_connection — Finished Request
00:29:23 [DEBUG] selenium.webdriver.remote.remote_connection — POST http://localhost:57787/session/aecd8cd2d436d918803a57a3376d50f2/execute/sync {'script': '/* isDisplayed */return (function(){return (function(){var g=this||self;\nfunction aa(a){var b=typeof...', 'args': [{'element-6066-11e4-a52e-4f735466cecf': 'f.DB8ADB7B39419EC651A45B4C0D0839FA.d.A63C370C736C6E1488877A77B71602C7.e.6114'}]}
00:29:23 [DEBUG] urllib3.connectionpool — http://localhost:57787 "POST /session/aecd8cd2d436d918803a57a3376d50f2/execute/sync HTTP/1.1" 200 0
00:29:23 [DEBUG] selenium.webdriver.remote.remote_connection — Remote response: status=200 | data={"value":false} | headers=HTTPHeaderDict({'Content-Length': '15', 'Content-Type': 'application/json; charset=utf-8', 'cache-control': 'no-cache'})
00:29:23 [DEBUG] selenium.webdriver.remote.remote_connection — Finished Request
00:29:23 [DEBUG] selenium.webdriver.remote.remote_connection — POST http://localhost:57787/session/aecd8cd2d436d918803a57a3376d50f2/element {'using': 'css selector', 'value': '[id="wt-cli-accept-all-btn"]'}
00:29:23 [DEBUG] urllib3.connectionpool — http://localhost:57787 "POST /session/aecd8cd2d436d918803a57a3376d50f2/element HTTP/1.1" 200 0
00:29:23 [DEBUG] selenium.webdriver.remote.remote_connection — Remote response: status=200 | data={"value":{"element-6066-11e4-a52e-4f735466cecf":"f.DB8ADB7B39419EC651A45B4C0D0839FA.d.A63C370C736C6E1488877A77B71602C7.e.6114"}} | headers=HTTPHeaderDict({'Content-Length': '128', 'Content-Type': 'application/json; charset=utf-8', 'cache-control': 'no-cache'})
00:29:23 [DEBUG] selenium.webdriver.remote.remote_connection — Finished Request
00:29:23 [DEBUG] selenium.webdriver.remote.remote_connection — POST http://localhost:57787/session/aecd8cd2d436d918803a57a3376d50f2/execute/sync {'script': '/* isDisplayed */return (function(){return (function(){var g=this||self;\nfunction aa(a){var b=typeof...', 'args': [{'element-6066-11e4-a52e-4f735466cecf': 'f.DB8ADB7B39419EC651A45B4C0D0839FA.d.A63C370C736C6E1488877A77B71602C7.e.6114'}]}
00:29:23 [DEBUG] urllib3.connectionpool — http://localhost:57787 "POST /session/aecd8cd2d436d918803a57a3376d50f2/execute/sync HTTP/1.1" 200 0
00:29:23 [DEBUG] selenium.webdriver.remote.remote_connection — Remote response: status=200 | data={"value":false} | headers=HTTPHeaderDict({'Content-Length': '15', 'Content-Type': 'application/json; charset=utf-8', 'cache-control': 'no-cache'})
00:29:23 [DEBUG] selenium.webdriver.remote.remote_connection — Finished Request
00:29:24 [DEBUG] selenium.webdriver.remote.remote_connection — POST http://localhost:57787/session/aecd8cd2d436d918803a57a3376d50f2/element {'using': 'css selector', 'value': '[id="wt-cli-accept-all-btn"]'}
00:29:24 [DEBUG] urllib3.connectionpool — http://localhost:57787 "POST /session/aecd8cd2d436d918803a57a3376d50f2/element HTTP/1.1" 200 0
00:29:24 [DEBUG] selenium.webdriver.remote.remote_connection — Remote response: status=200 | data={"value":{"element-6066-11e4-a52e-4f735466cecf":"f.DB8ADB7B39419EC651A45B4C0D0839FA.d.A63C370C736C6E1488877A77B71602C7.e.6114"}} | headers=HTTPHeaderDict({'Content-Length': '128', 'Content-Type': 'application/json; charset=utf-8', 'cache-control': 'no-cache'})
00:29:24 [DEBUG] selenium.webdriver.remote.remote_connection — Finished Request
00:29:24 [DEBUG] selenium.webdriver.remote.remote_connection — POST http://localhost:57787/session/aecd8cd2d436d918803a57a3376d50f2/execute/sync {'script': '/* isDisplayed */return (function(){return (function(){var g=this||self;\nfunction aa(a){var b=typeof...', 'args': [{'element-6066-11e4-a52e-4f735466cecf': 'f.DB8ADB7B39419EC651A45B4C0D0839FA.d.A63C370C736C6E1488877A77B71602C7.e.6114'}]}
00:29:24 [DEBUG] urllib3.connectionpool — http://localhost:57787 "POST /session/aecd8cd2d436d918803a57a3376d50f2/execute/sync HTTP/1.1" 200 0
00:29:24 [DEBUG] selenium.webdriver.remote.remote_connection — Remote response: status=200 | data={"value":false} | headers=HTTPHeaderDict({'Content-Length': '15', 'Content-Type': 'application/json; charset=utf-8', 'cache-control': 'no-cache'})
00:29:24 [DEBUG] selenium.webdriver.remote.remote_connection — Finished Request
00:29:24 [DEBUG] selenium.webdriver.remote.remote_connection — POST http://localhost:57787/session/aecd8cd2d436d918803a57a3376d50f2/element {'using': 'css selector', 'value': '[id="wt-cli-accept-all-btn"]'}
00:29:24 [DEBUG] urllib3.connectionpool — http://localhost:57787 "POST /session/aecd8cd2d436d918803a57a3376d50f2/element HTTP/1.1" 200 0
00:29:24 [DEBUG] selenium.webdriver.remote.remote_connection — Remote response: status=200 | data={"value":{"element-6066-11e4-a52e-4f735466cecf":"f.DB8ADB7B39419EC651A45B4C0D0839FA.d.A63C370C736C6E1488877A77B71602C7.e.6114"}} | headers=HTTPHeaderDict({'Content-Length': '128', 'Content-Type': 'application/json; charset=utf-8', 'cache-control': 'no-cache'})
00:29:24 [DEBUG] selenium.webdriver.remote.remote_connection — Finished Request
00:29:24 [DEBUG] selenium.webdriver.remote.remote_connection — POST http://localhost:57787/session/aecd8cd2d436d918803a57a3376d50f2/execute/sync {'script': '/* isDisplayed */return (function(){return (function(){var g=this||self;\nfunction aa(a){var b=typeof...', 'args': [{'element-6066-11e4-a52e-4f735466cecf': 'f.DB8ADB7B39419EC651A45B4C0D0839FA.d.A63C370C736C6E1488877A77B71602C7.e.6114'}]}
00:29:24 [DEBUG] urllib3.connectionpool — http://localhost:57787 "POST /session/aecd8cd2d436d918803a57a3376d50f2/execute/sync HTTP/1.1" 200 0
00:29:24 [DEBUG] selenium.webdriver.remote.remote_connection — Remote response: status=200 | data={"value":false} | headers=HTTPHeaderDict({'Content-Length': '15', 'Content-Type': 'application/json; charset=utf-8', 'cache-control': 'no-cache'})
00:29:24 [DEBUG] selenium.webdriver.remote.remote_connection — Finished Request
00:29:25 [DEBUG] selenium.webdriver.remote.remote_connection — POST http://localhost:57787/session/aecd8cd2d436d918803a57a3376d50f2/element {'using': 'css selector', 'value': '[id="wt-cli-accept-all-btn"]'}
00:29:25 [DEBUG] urllib3.connectionpool — http://localhost:57787 "POST /session/aecd8cd2d436d918803a57a3376d50f2/element HTTP/1.1" 200 0
00:29:25 [DEBUG] selenium.webdriver.remote.remote_connection — Remote response: status=200 | data={"value":{"element-6066-11e4-a52e-4f735466cecf":"f.DB8ADB7B39419EC651A45B4C0D0839FA.d.A63C370C736C6E1488877A77B71602C7.e.6114"}} | headers=HTTPHeaderDict({'Content-Length': '128', 'Content-Type': 'application/json; charset=utf-8', 'cache-control': 'no-cache'})
00:29:25 [DEBUG] selenium.webdriver.remote.remote_connection — Finished Request
00:29:25 [DEBUG] selenium.webdriver.remote.remote_connection — POST http://localhost:57787/session/aecd8cd2d436d918803a57a3376d50f2/execute/sync {'script': '/* isDisplayed */return (function(){return (function(){var g=this||self;\nfunction aa(a){var b=typeof...', 'args': [{'element-6066-11e4-a52e-4f735466cecf': 'f.DB8ADB7B39419EC651A45B4C0D0839FA.d.A63C370C736C6E1488877A77B71602C7.e.6114'}]}
00:29:25 [DEBUG] urllib3.connectionpool — http://localhost:57787 "POST /session/aecd8cd2d436d918803a57a3376d50f2/execute/sync HTTP/1.1" 200 0
00:29:25 [DEBUG] selenium.webdriver.remote.remote_connection — Remote response: status=200 | data={"value":false} | headers=HTTPHeaderDict({'Content-Length': '15', 'Content-Type': 'application/json; charset=utf-8', 'cache-control': 'no-cache'})
00:29:25 [DEBUG] selenium.webdriver.remote.remote_connection — Finished Request
00:29:25 [DEBUG] selenium.webdriver.remote.remote_connection — POST http://localhost:57787/session/aecd8cd2d436d918803a57a3376d50f2/element {'using': 'xpath', 'value': "//button[contains(text(), 'Accept All')]"}
00:29:25 [DEBUG] urllib3.connectionpool — http://localhost:57787 "POST /session/aecd8cd2d436d918803a57a3376d50f2/element HTTP/1.1" 404 0
00:29:25 [DEBUG] selenium.webdriver.remote.remote_connection — Remote response: status=404 | data={"value":{"error":"no such element","message":"no such element: Unable to locate element: {\"method\":\"xpath\",\"selector\":\"//button[contains(text(), 'Accept All')]\"}\n  (Session info: chrome=147.0.7727.117)","stacktrace":"\tchromedriver!GetHandleVerifier [0x48b373+10553]\n\tchromedriver!GetHandleVerifier [0x48b4a4+10684]\n\tchromedriver!(No symbol) [0x291e10]\n\tchromedriver!(No symbol) [0x2da9da]\n\tchromedriver!(No symbol) [0x2dac7b]\n\tchromedriver!(No symbol) [0x31d162]\n\tchromedriver!(No symbol) [0x2fd8b4]\n\tchromedriver!(No symbol) [0x31aa36]\n\tchromedriver!(No symbol) [0x2fd606]\n\tchromedriver!(No symbol) [0x2d0039]\n\tchromedriver!(No symbol) [0x2d0df4]\n\tchromedriver!GetHandleVerifier [0x70ddb4+292f94]\n\tchromedriver!GetHandleVerifier [0x70937d+28e55d]\n\tchromedriver!GetHandleVerifier [0x728215+2ad3f5]\n\tchromedriver!GetHandleVerifier [0x4a4c18+29df8]\n\tchromedriver!GetHandleVerifier [0x4ac6fd+318dd]\n\tchromedriver!GetHandleVerifier [0x493c78+18e58]\n\tchromedriver!GetHandleVerifier [0x493e42+19022]\n\tchromedriver!GetHandleVerifier [0x47d45f+263f]\n\tKERNEL32!BaseThreadInitThunk [0x75aafcc9+19]\n\tntdll!RtlGetAppContainerNamedObjectPath [0x779982ae+11e]\n\tntdll!RtlGetAppContainerNamedObjectPath [0x7799827e+ee]\n"}} | headers=HTTPHeaderDict({'Content-Length': '1260', 'Content-Type': 'application/json; charset=utf-8', 'cache-control': 'no-cache'})
00:29:25 [DEBUG] selenium.webdriver.remote.remote_connection — Finished Request
00:29:26 [DEBUG] selenium.webdriver.remote.remote_connection — POST http://localhost:57787/session/aecd8cd2d436d918803a57a3376d50f2/element {'using': 'xpath', 'value': "//button[contains(text(), 'Accept All')]"}
00:29:26 [DEBUG] urllib3.connectionpool — http://localhost:57787 "POST /session/aecd8cd2d436d918803a57a3376d50f2/element HTTP/1.1" 404 0
00:29:26 [DEBUG] selenium.webdriver.remote.remote_connection — Remote response: status=404 | data={"value":{"error":"no such element","message":"no such element: Unable to locate element: {\"method\":\"xpath\",\"selector\":\"//button[contains(text(), 'Accept All')]\"}\n  (Session info: chrome=147.0.7727.117)","stacktrace":"\tchromedriver!GetHandleVerifier [0x48b373+10553]\n\tchromedriver!GetHandleVerifier [0x48b4a4+10684]\n\tchromedriver!(No symbol) [0x291e10]\n\tchromedriver!(No symbol) [0x2da9da]\n\tchromedriver!(No symbol) [0x2dac7b]\n\tchromedriver!(No symbol) [0x31d162]\n\tchromedriver!(No symbol) [0x2fd8b4]\n\tchromedriver!(No symbol) [0x31aa36]\n\tchromedriver!(No symbol) [0x2fd606]\n\tchromedriver!(No symbol) [0x2d0039]\n\tchromedriver!(No symbol) [0x2d0df4]\n\tchromedriver!GetHandleVerifier [0x70ddb4+292f94]\n\tchromedriver!GetHandleVerifier [0x70937d+28e55d]\n\tchromedriver!GetHandleVerifier [0x728215+2ad3f5]\n\tchromedriver!GetHandleVerifier [0x4a4c18+29df8]\n\tchromedriver!GetHandleVerifier [0x4ac6fd+318dd]\n\tchromedriver!GetHandleVerifier [0x493c78+18e58]\n\tchromedriver!GetHandleVerifier [0x493e42+19022]\n\tchromedriver!GetHandleVerifier [0x47d45f+263f]\n\tKERNEL32!BaseThreadInitThunk [0x75aafcc9+19]\n\tntdll!RtlGetAppContainerNamedObjectPath [0x779982ae+11e]\n\tntdll!RtlGetAppContainerNamedObjectPath [0x7799827e+ee]\n"}} | headers=HTTPHeaderDict({'Content-Length': '1260', 'Content-Type': 'application/json; charset=utf-8', 'cache-control': 'no-cache'})
00:29:26 [DEBUG] selenium.webdriver.remote.remote_connection — Finished Request
00:29:26 [DEBUG] selenium.webdriver.remote.remote_connection — POST http://localhost:57787/session/aecd8cd2d436d918803a57a3376d50f2/element {'using': 'xpath', 'value': "//button[contains(text(), 'Accept All')]"}
00:29:26 [DEBUG] urllib3.connectionpool — http://localhost:57787 "POST /session/aecd8cd2d436d918803a57a3376d50f2/element HTTP/1.1" 404 0
00:29:26 [DEBUG] selenium.webdriver.remote.remote_connection — Remote response: status=404 | data={"value":{"error":"no such element","message":"no such element: Unable to locate element: {\"method\":\"xpath\",\"selector\":\"//button[contains(text(), 'Accept All')]\"}\n  (Session info: chrome=147.0.7727.117)","stacktrace":"\tchromedriver!GetHandleVerifier [0x48b373+10553]\n\tchromedriver!GetHandleVerifier [0x48b4a4+10684]\n\tchromedriver!(No symbol) [0x291e10]\n\tchromedriver!(No symbol) [0x2da9da]\n\tchromedriver!(No symbol) [0x2dac7b]\n\tchromedriver!(No symbol) [0x31d162]\n\tchromedriver!(No symbol) [0x2fd8b4]\n\tchromedriver!(No symbol) [0x31aa36]\n\tchromedriver!(No symbol) [0x2fd606]\n\tchromedriver!(No symbol) [0x2d0039]\n\tchromedriver!(No symbol) [0x2d0df4]\n\tchromedriver!GetHandleVerifier [0x70ddb4+292f94]\n\tchromedriver!GetHandleVerifier [0x70937d+28e55d]\n\tchromedriver!GetHandleVerifier [0x728215+2ad3f5]\n\tchromedriver!GetHandleVerifier [0x4a4c18+29df8]\n\tchromedriver!GetHandleVerifier [0x4ac6fd+318dd]\n\tchromedriver!GetHandleVerifier [0x493c78+18e58]\n\tchromedriver!GetHandleVerifier [0x493e42+19022]\n\tchromedriver!GetHandleVerifier [0x47d45f+263f]\n\tKERNEL32!BaseThreadInitThunk [0x75aafcc9+19]\n\tntdll!RtlGetAppContainerNamedObjectPath [0x779982ae+11e]\n\tntdll!RtlGetAppContainerNamedObjectPath [0x7799827e+ee]\n"}} | headers=HTTPHeaderDict({'Content-Length': '1260', 'Content-Type': 'application/json; charset=utf-8', 'cache-control': 'no-cache'})
00:29:26 [DEBUG] selenium.webdriver.remote.remote_connection — Finished Request
00:29:27 [DEBUG] selenium.webdriver.remote.remote_connection — POST http://localhost:57787/session/aecd8cd2d436d918803a57a3376d50f2/element {'using': 'xpath', 'value': "//button[contains(text(), 'Accept All')]"}
00:29:27 [DEBUG] urllib3.connectionpool — http://localhost:57787 "POST /session/aecd8cd2d436d918803a57a3376d50f2/element HTTP/1.1" 404 0
00:29:27 [DEBUG] selenium.webdriver.remote.remote_connection — Remote response: status=404 | data={"value":{"error":"no such element","message":"no such element: Unable to locate element: {\"method\":\"xpath\",\"selector\":\"//button[contains(text(), 'Accept All')]\"}\n  (Session info: chrome=147.0.7727.117)","stacktrace":"\tchromedriver!GetHandleVerifier [0x48b373+10553]\n\tchromedriver!GetHandleVerifier [0x48b4a4+10684]\n\tchromedriver!(No symbol) [0x291e10]\n\tchromedriver!(No symbol) [0x2da9da]\n\tchromedriver!(No symbol) [0x2dac7b]\n\tchromedriver!(No symbol) [0x31d162]\n\tchromedriver!(No symbol) [0x2fd8b4]\n\tchromedriver!(No symbol) [0x31aa36]\n\tchromedriver!(No symbol) [0x2fd606]\n\tchromedriver!(No symbol) [0x2d0039]\n\tchromedriver!(No symbol) [0x2d0df4]\n\tchromedriver!GetHandleVerifier [0x70ddb4+292f94]\n\tchromedriver!GetHandleVerifier [0x70937d+28e55d]\n\tchromedriver!GetHandleVerifier [0x728215+2ad3f5]\n\tchromedriver!GetHandleVerifier [0x4a4c18+29df8]\n\tchromedriver!GetHandleVerifier [0x4ac6fd+318dd]\n\tchromedriver!GetHandleVerifier [0x493c78+18e58]\n\tchromedriver!GetHandleVerifier [0x493e42+19022]\n\tchromedriver!GetHandleVerifier [0x47d45f+263f]\n\tKERNEL32!BaseThreadInitThunk [0x75aafcc9+19]\n\tntdll!RtlGetAppContainerNamedObjectPath [0x779982ae+11e]\n\tntdll!RtlGetAppContainerNamedObjectPath [0x7799827e+ee]\n"}} | headers=HTTPHeaderDict({'Content-Length': '1260', 'Content-Type': 'application/json; charset=utf-8', 'cache-control': 'no-cache'})
00:29:27 [DEBUG] selenium.webdriver.remote.remote_connection — Finished Request
00:29:28 [DEBUG] selenium.webdriver.remote.remote_connection — POST http://localhost:57787/session/aecd8cd2d436d918803a57a3376d50f2/element {'using': 'xpath', 'value': "//button[contains(text(), 'Accept All')]"}
00:29:28 [DEBUG] urllib3.connectionpool — http://localhost:57787 "POST /session/aecd8cd2d436d918803a57a3376d50f2/element HTTP/1.1" 404 0
00:29:28 [DEBUG] selenium.webdriver.remote.remote_connection — Remote response: status=404 | data={"value":{"error":"no such element","message":"no such element: Unable to locate element: {\"method\":\"xpath\",\"selector\":\"//button[contains(text(), 'Accept All')]\"}\n  (Session info: chrome=147.0.7727.117)","stacktrace":"\tchromedriver!GetHandleVerifier [0x48b373+10553]\n\tchromedriver!GetHandleVerifier [0x48b4a4+10684]\n\tchromedriver!(No symbol) [0x291e10]\n\tchromedriver!(No symbol) [0x2da9da]\n\tchromedriver!(No symbol) [0x2dac7b]\n\tchromedriver!(No symbol) [0x31d162]\n\tchromedriver!(No symbol) [0x2fd8b4]\n\tchromedriver!(No symbol) [0x31aa36]\n\tchromedriver!(No symbol) [0x2fd606]\n\tchromedriver!(No symbol) [0x2d0039]\n\tchromedriver!(No symbol) [0x2d0df4]\n\tchromedriver!GetHandleVerifier [0x70ddb4+292f94]\n\tchromedriver!GetHandleVerifier [0x70937d+28e55d]\n\tchromedriver!GetHandleVerifier [0x728215+2ad3f5]\n\tchromedriver!GetHandleVerifier [0x4a4c18+29df8]\n\tchromedriver!GetHandleVerifier [0x4ac6fd+318dd]\n\tchromedriver!GetHandleVerifier [0x493c78+18e58]\n\tchromedriver!GetHandleVerifier [0x493e42+19022]\n\tchromedriver!GetHandleVerifier [0x47d45f+263f]\n\tKERNEL32!BaseThreadInitThunk [0x75aafcc9+19]\n\tntdll!RtlGetAppContainerNamedObjectPath [0x779982ae+11e]\n\tntdll!RtlGetAppContainerNamedObjectPath [0x7799827e+ee]\n"}} | headers=HTTPHeaderDict({'Content-Length': '1260', 'Content-Type': 'application/json; charset=utf-8', 'cache-control': 'no-cache'})
00:29:28 [DEBUG] selenium.webdriver.remote.remote_connection — Finished Request
00:29:28 [DEBUG] selenium.webdriver.remote.remote_connection — POST http://localhost:57787/session/aecd8cd2d436d918803a57a3376d50f2/element {'using': 'xpath', 'value': "//button[contains(text(), 'Accept All')]"}
00:29:28 [DEBUG] urllib3.connectionpool — http://localhost:57787 "POST /session/aecd8cd2d436d918803a57a3376d50f2/element HTTP/1.1" 404 0
00:29:28 [DEBUG] selenium.webdriver.remote.remote_connection — Remote response: status=404 | data={"value":{"error":"no such element","message":"no such element: Unable to locate element: {\"method\":\"xpath\",\"selector\":\"//button[contains(text(), 'Accept All')]\"}\n  (Session info: chrome=147.0.7727.117)","stacktrace":"\tchromedriver!GetHandleVerifier [0x48b373+10553]\n\tchromedriver!GetHandleVerifier [0x48b4a4+10684]\n\tchromedriver!(No symbol) [0x291e10]\n\tchromedriver!(No symbol) [0x2da9da]\n\tchromedriver!(No symbol) [0x2dac7b]\n\tchromedriver!(No symbol) [0x31d162]\n\tchromedriver!(No symbol) [0x2fd8b4]\n\tchromedriver!(No symbol) [0x31aa36]\n\tchromedriver!(No symbol) [0x2fd606]\n\tchromedriver!(No symbol) [0x2d0039]\n\tchromedriver!(No symbol) [0x2d0df4]\n\tchromedriver!GetHandleVerifier [0x70ddb4+292f94]\n\tchromedriver!GetHandleVerifier [0x70937d+28e55d]\n\tchromedriver!GetHandleVerifier [0x728215+2ad3f5]\n\tchromedriver!GetHandleVerifier [0x4a4c18+29df8]\n\tchromedriver!GetHandleVerifier [0x4ac6fd+318dd]\n\tchromedriver!GetHandleVerifier [0x493c78+18e58]\n\tchromedriver!GetHandleVerifier [0x493e42+19022]\n\tchromedriver!GetHandleVerifier [0x47d45f+263f]\n\tKERNEL32!BaseThreadInitThunk [0x75aafcc9+19]\n\tntdll!RtlGetAppContainerNamedObjectPath [0x779982ae+11e]\n\tntdll!RtlGetAppContainerNamedObjectPath [0x7799827e+ee]\n"}} | headers=HTTPHeaderDict({'Content-Length': '1260', 'Content-Type': 'application/json; charset=utf-8', 'cache-control': 'no-cache'})
00:29:28 [DEBUG] selenium.webdriver.remote.remote_connection — Finished Request
00:29:29 [DEBUG] selenium.webdriver.remote.remote_connection — POST http://localhost:57787/session/aecd8cd2d436d918803a57a3376d50f2/element {'using': 'xpath', 'value': "//a[contains(text(), 'Accept All')]"}
00:29:29 [DEBUG] urllib3.connectionpool — http://localhost:57787 "POST /session/aecd8cd2d436d918803a57a3376d50f2/element HTTP/1.1" 200 0
00:29:29 [DEBUG] selenium.webdriver.remote.remote_connection — Remote response: status=200 | data={"value":{"element-6066-11e4-a52e-4f735466cecf":"f.DB8ADB7B39419EC651A45B4C0D0839FA.d.A63C370C736C6E1488877A77B71602C7.e.6114"}} | headers=HTTPHeaderDict({'Content-Length': '128', 'Content-Type': 'application/json; charset=utf-8', 'cache-control': 'no-cache'})
00:29:29 [DEBUG] selenium.webdriver.remote.remote_connection — Finished Request
00:29:29 [DEBUG] selenium.webdriver.remote.remote_connection — POST http://localhost:57787/session/aecd8cd2d436d918803a57a3376d50f2/execute/sync {'script': '/* isDisplayed */return (function(){return (function(){var g=this||self;\nfunction aa(a){var b=typeof...', 'args': [{'element-6066-11e4-a52e-4f735466cecf': 'f.DB8ADB7B39419EC651A45B4C0D0839FA.d.A63C370C736C6E1488877A77B71602C7.e.6114'}]}
00:29:29 [DEBUG] urllib3.connectionpool — http://localhost:57787 "POST /session/aecd8cd2d436d918803a57a3376d50f2/execute/sync HTTP/1.1" 200 0
00:29:29 [DEBUG] selenium.webdriver.remote.remote_connection — Remote response: status=200 | data={"value":false} | headers=HTTPHeaderDict({'Content-Length': '15', 'Content-Type': 'application/json; charset=utf-8', 'cache-control': 'no-cache'})
00:29:29 [DEBUG] selenium.webdriver.remote.remote_connection — Finished Request
00:29:29 [DEBUG] selenium.webdriver.remote.remote_connection — POST http://localhost:57787/session/aecd8cd2d436d918803a57a3376d50f2/element {'using': 'xpath', 'value': "//a[contains(text(), 'Accept All')]"}
00:29:29 [DEBUG] urllib3.connectionpool — http://localhost:57787 "POST /session/aecd8cd2d436d918803a57a3376d50f2/element HTTP/1.1" 200 0
00:29:29 [DEBUG] selenium.webdriver.remote.remote_connection — Remote response: status=200 | data={"value":{"element-6066-11e4-a52e-4f735466cecf":"f.DB8ADB7B39419EC651A45B4C0D0839FA.d.A63C370C736C6E1488877A77B71602C7.e.6114"}} | headers=HTTPHeaderDict({'Content-Length': '128', 'Content-Type': 'application/json; charset=utf-8', 'cache-control': 'no-cache'})
00:29:29 [DEBUG] selenium.webdriver.remote.remote_connection — Finished Request
00:29:29 [DEBUG] selenium.webdriver.remote.remote_connection — POST http://localhost:57787/session/aecd8cd2d436d918803a57a3376d50f2/execute/sync {'script': '/* isDisplayed */return (function(){return (function(){var g=this||self;\nfunction aa(a){var b=typeof...', 'args': [{'element-6066-11e4-a52e-4f735466cecf': 'f.DB8ADB7B39419EC651A45B4C0D0839FA.d.A63C370C736C6E1488877A77B71602C7.e.6114'}]}
00:29:29 [DEBUG] urllib3.connectionpool — http://localhost:57787 "POST /session/aecd8cd2d436d918803a57a3376d50f2/execute/sync HTTP/1.1" 200 0
00:29:29 [DEBUG] selenium.webdriver.remote.remote_connection — Remote response: status=200 | data={"value":false} | headers=HTTPHeaderDict({'Content-Length': '15', 'Content-Type': 'application/json; charset=utf-8', 'cache-control': 'no-cache'})
00:29:29 [DEBUG] selenium.webdriver.remote.remote_connection — Finished Request
00:29:30 [DEBUG] selenium.webdriver.remote.remote_connection — POST http://localhost:57787/session/aecd8cd2d436d918803a57a3376d50f2/element {'using': 'xpath', 'value': "//a[contains(text(), 'Accept All')]"}
00:29:30 [DEBUG] urllib3.connectionpool — http://localhost:57787 "POST /session/aecd8cd2d436d918803a57a3376d50f2/element HTTP/1.1" 200 0
00:29:30 [DEBUG] selenium.webdriver.remote.remote_connection — Remote response: status=200 | data={"value":{"element-6066-11e4-a52e-4f735466cecf":"f.DB8ADB7B39419EC651A45B4C0D0839FA.d.A63C370C736C6E1488877A77B71602C7.e.6114"}} | headers=HTTPHeaderDict({'Content-Length': '128', 'Content-Type': 'application/json; charset=utf-8', 'cache-control': 'no-cache'})
00:29:30 [DEBUG] selenium.webdriver.remote.remote_connection — Finished Request
00:29:30 [DEBUG] selenium.webdriver.remote.remote_connection — POST http://localhost:57787/session/aecd8cd2d436d918803a57a3376d50f2/execute/sync {'script': '/* isDisplayed */return (function(){return (function(){var g=this||self;\nfunction aa(a){var b=typeof...', 'args': [{'element-6066-11e4-a52e-4f735466cecf': 'f.DB8ADB7B39419EC651A45B4C0D0839FA.d.A63C370C736C6E1488877A77B71602C7.e.6114'}]}
00:29:30 [DEBUG] urllib3.connectionpool — http://localhost:57787 "POST /session/aecd8cd2d436d918803a57a3376d50f2/execute/sync HTTP/1.1" 200 0
00:29:30 [DEBUG] selenium.webdriver.remote.remote_connection — Remote response: status=200 | data={"value":false} | headers=HTTPHeaderDict({'Content-Length': '15', 'Content-Type': 'application/json; charset=utf-8', 'cache-control': 'no-cache'})
00:29:30 [DEBUG] selenium.webdriver.remote.remote_connection — Finished Request
00:29:30 [DEBUG] selenium.webdriver.remote.remote_connection — POST http://localhost:57787/session/aecd8cd2d436d918803a57a3376d50f2/element {'using': 'xpath', 'value': "//a[contains(text(), 'Accept All')]"}
00:29:30 [DEBUG] urllib3.connectionpool — http://localhost:57787 "POST /session/aecd8cd2d436d918803a57a3376d50f2/element HTTP/1.1" 200 0
00:29:30 [DEBUG] selenium.webdriver.remote.remote_connection — Remote response: status=200 | data={"value":{"element-6066-11e4-a52e-4f735466cecf":"f.DB8ADB7B39419EC651A45B4C0D0839FA.d.A63C370C736C6E1488877A77B71602C7.e.6114"}} | headers=HTTPHeaderDict({'Content-Length': '128', 'Content-Type': 'application/json; charset=utf-8', 'cache-control': 'no-cache'})
00:29:30 [DEBUG] selenium.webdriver.remote.remote_connection — Finished Request
00:29:30 [DEBUG] selenium.webdriver.remote.remote_connection — POST http://localhost:57787/session/aecd8cd2d436d918803a57a3376d50f2/execute/sync {'script': '/* isDisplayed */return (function(){return (function(){var g=this||self;\nfunction aa(a){var b=typeof...', 'args': [{'element-6066-11e4-a52e-4f735466cecf': 'f.DB8ADB7B39419EC651A45B4C0D0839FA.d.A63C370C736C6E1488877A77B71602C7.e.6114'}]}
00:29:30 [DEBUG] urllib3.connectionpool — http://localhost:57787 "POST /session/aecd8cd2d436d918803a57a3376d50f2/execute/sync HTTP/1.1" 200 0
00:29:30 [DEBUG] selenium.webdriver.remote.remote_connection — Remote response: status=200 | data={"value":false} | headers=HTTPHeaderDict({'Content-Length': '15', 'Content-Type': 'application/json; charset=utf-8', 'cache-control': 'no-cache'})
00:29:30 [DEBUG] selenium.webdriver.remote.remote_connection — Finished Request
00:29:31 [DEBUG] selenium.webdriver.remote.remote_connection — POST http://localhost:57787/session/aecd8cd2d436d918803a57a3376d50f2/element {'using': 'xpath', 'value': "//a[contains(text(), 'Accept All')]"}
00:29:31 [DEBUG] urllib3.connectionpool — http://localhost:57787 "POST /session/aecd8cd2d436d918803a57a3376d50f2/element HTTP/1.1" 200 0
00:29:31 [DEBUG] selenium.webdriver.remote.remote_connection — Remote response: status=200 | data={"value":{"element-6066-11e4-a52e-4f735466cecf":"f.DB8ADB7B39419EC651A45B4C0D0839FA.d.A63C370C736C6E1488877A77B71602C7.e.6114"}} | headers=HTTPHeaderDict({'Content-Length': '128', 'Content-Type': 'application/json; charset=utf-8', 'cache-control': 'no-cache'})
00:29:31 [DEBUG] selenium.webdriver.remote.remote_connection — Finished Request
00:29:31 [DEBUG] selenium.webdriver.remote.remote_connection — POST http://localhost:57787/session/aecd8cd2d436d918803a57a3376d50f2/execute/sync {'script': '/* isDisplayed */return (function(){return (function(){var g=this||self;\nfunction aa(a){var b=typeof...', 'args': [{'element-6066-11e4-a52e-4f735466cecf': 'f.DB8ADB7B39419EC651A45B4C0D0839FA.d.A63C370C736C6E1488877A77B71602C7.e.6114'}]}
00:29:31 [DEBUG] urllib3.connectionpool — http://localhost:57787 "POST /session/aecd8cd2d436d918803a57a3376d50f2/execute/sync HTTP/1.1" 200 0
00:29:31 [DEBUG] selenium.webdriver.remote.remote_connection — Remote response: status=200 | data={"value":false} | headers=HTTPHeaderDict({'Content-Length': '15', 'Content-Type': 'application/json; charset=utf-8', 'cache-control': 'no-cache'})
00:29:31 [DEBUG] selenium.webdriver.remote.remote_connection — Finished Request
00:29:31 [DEBUG] selenium.webdriver.remote.remote_connection — POST http://localhost:57787/session/aecd8cd2d436d918803a57a3376d50f2/element {'using': 'xpath', 'value': "//a[contains(text(), 'Accept All')]"}
00:29:31 [DEBUG] urllib3.connectionpool — http://localhost:57787 "POST /session/aecd8cd2d436d918803a57a3376d50f2/element HTTP/1.1" 200 0
00:29:31 [DEBUG] selenium.webdriver.remote.remote_connection — Remote response: status=200 | data={"value":{"element-6066-11e4-a52e-4f735466cecf":"f.DB8ADB7B39419EC651A45B4C0D0839FA.d.A63C370C736C6E1488877A77B71602C7.e.6114"}} | headers=HTTPHeaderDict({'Content-Length': '128', 'Content-Type': 'application/json; charset=utf-8', 'cache-control': 'no-cache'})
00:29:31 [DEBUG] selenium.webdriver.remote.remote_connection — Finished Request
00:29:31 [DEBUG] selenium.webdriver.remote.remote_connection — POST http://localhost:57787/session/aecd8cd2d436d918803a57a3376d50f2/execute/sync {'script': '/* isDisplayed */return (function(){return (function(){var g=this||self;\nfunction aa(a){var b=typeof...', 'args': [{'element-6066-11e4-a52e-4f735466cecf': 'f.DB8ADB7B39419EC651A45B4C0D0839FA.d.A63C370C736C6E1488877A77B71602C7.e.6114'}]}
00:29:31 [DEBUG] urllib3.connectionpool — http://localhost:57787 "POST /session/aecd8cd2d436d918803a57a3376d50f2/execute/sync HTTP/1.1" 200 0
00:29:31 [DEBUG] selenium.webdriver.remote.remote_connection — Remote response: status=200 | data={"value":false} | headers=HTTPHeaderDict({'Content-Length': '15', 'Content-Type': 'application/json; charset=utf-8', 'cache-control': 'no-cache'})
00:29:31 [DEBUG] selenium.webdriver.remote.remote_connection — Finished Request
00:29:32 [DEBUG] selenium.webdriver.remote.remote_connection — POST http://localhost:57787/session/aecd8cd2d436d918803a57a3376d50f2/element {'using': 'css selector', 'value': 'button#wt-cli-accept-all-btn'}
00:29:32 [DEBUG] urllib3.connectionpool — http://localhost:57787 "POST /session/aecd8cd2d436d918803a57a3376d50f2/element HTTP/1.1" 404 0
00:29:32 [DEBUG] selenium.webdriver.remote.remote_connection — Remote response: status=404 | data={"value":{"error":"no such element","message":"no such element: Unable to locate element: {\"method\":\"css selector\",\"selector\":\"button#wt-cli-accept-all-btn\"}\n  (Session info: chrome=147.0.7727.117)","stacktrace":"\tchromedriver!GetHandleVerifier [0x48b373+10553]\n\tchromedriver!GetHandleVerifier [0x48b4a4+10684]\n\tchromedriver!(No symbol) [0x291e10]\n\tchromedriver!(No symbol) [0x2da9da]\n\tchromedriver!(No symbol) [0x2dac7b]\n\tchromedriver!(No symbol) [0x31d162]\n\tchromedriver!(No symbol) [0x2fd8b4]\n\tchromedriver!(No symbol) [0x31aa36]\n\tchromedriver!(No symbol) [0x2fd606]\n\tchromedriver!(No symbol) [0x2d0039]\n\tchromedriver!(No symbol) [0x2d0df4]\n\tchromedriver!GetHandleVerifier [0x70ddb4+292f94]\n\tchromedriver!GetHandleVerifier [0x70937d+28e55d]\n\tchromedriver!GetHandleVerifier [0x728215+2ad3f5]\n\tchromedriver!GetHandleVerifier [0x4a4c18+29df8]\n\tchromedriver!GetHandleVerifier [0x4ac6fd+318dd]\n\tchromedriver!GetHandleVerifier [0x493c78+18e58]\n\tchromedriver!GetHandleVerifier [0x493e42+19022]\n\tchromedriver!GetHandleVerifier [0x47d45f+263f]\n\tKERNEL32!BaseThreadInitThunk [0x75aafcc9+19]\n\tntdll!RtlGetAppContainerNamedObjectPath [0x779982ae+11e]\n\tntdll!RtlGetAppContainerNamedObjectPath [0x7799827e+ee]\n"}} | headers=HTTPHeaderDict({'Content-Length': '1255', 'Content-Type': 'application/json; charset=utf-8', 'cache-control': 'no-cache'})
00:29:32 [DEBUG] selenium.webdriver.remote.remote_connection — Finished Request
00:29:32 [DEBUG] selenium.webdriver.remote.remote_connection — POST http://localhost:57787/session/aecd8cd2d436d918803a57a3376d50f2/element {'using': 'css selector', 'value': 'button#wt-cli-accept-all-btn'}
00:29:32 [DEBUG] urllib3.connectionpool — http://localhost:57787 "POST /session/aecd8cd2d436d918803a57a3376d50f2/element HTTP/1.1" 404 0
00:29:32 [DEBUG] selenium.webdriver.remote.remote_connection — Remote response: status=404 | data={"value":{"error":"no such element","message":"no such element: Unable to locate element: {\"method\":\"css selector\",\"selector\":\"button#wt-cli-accept-all-btn\"}\n  (Session info: chrome=147.0.7727.117)","stacktrace":"\tchromedriver!GetHandleVerifier [0x48b373+10553]\n\tchromedriver!GetHandleVerifier [0x48b4a4+10684]\n\tchromedriver!(No symbol) [0x291e10]\n\tchromedriver!(No symbol) [0x2da9da]\n\tchromedriver!(No symbol) [0x2dac7b]\n\tchromedriver!(No symbol) [0x31d162]\n\tchromedriver!(No symbol) [0x2fd8b4]\n\tchromedriver!(No symbol) [0x31aa36]\n\tchromedriver!(No symbol) [0x2fd606]\n\tchromedriver!(No symbol) [0x2d0039]\n\tchromedriver!(No symbol) [0x2d0df4]\n\tchromedriver!GetHandleVerifier [0x70ddb4+292f94]\n\tchromedriver!GetHandleVerifier [0x70937d+28e55d]\n\tchromedriver!GetHandleVerifier [0x728215+2ad3f5]\n\tchromedriver!GetHandleVerifier [0x4a4c18+29df8]\n\tchromedriver!GetHandleVerifier [0x4ac6fd+318dd]\n\tchromedriver!GetHandleVerifier [0x493c78+18e58]\n\tchromedriver!GetHandleVerifier [0x493e42+19022]\n\tchromedriver!GetHandleVerifier [0x47d45f+263f]\n\tKERNEL32!BaseThreadInitThunk [0x75aafcc9+19]\n\tntdll!RtlGetAppContainerNamedObjectPath [0x779982ae+11e]\n\tntdll!RtlGetAppContainerNamedObjectPath [0x7799827e+ee]\n"}} | headers=HTTPHeaderDict({'Content-Length': '1255', 'Content-Type': 'application/json; charset=utf-8', 'cache-control': 'no-cache'})
00:29:32 [DEBUG] selenium.webdriver.remote.remote_connection — Finished Request
00:29:33 [DEBUG] selenium.webdriver.remote.remote_connection — POST http://localhost:57787/session/aecd8cd2d436d918803a57a3376d50f2/element {'using': 'css selector', 'value': 'button#wt-cli-accept-all-btn'}
00:29:33 [DEBUG] urllib3.connectionpool — http://localhost:57787 "POST /session/aecd8cd2d436d918803a57a3376d50f2/element HTTP/1.1" 404 0
00:29:33 [DEBUG] selenium.webdriver.remote.remote_connection — Remote response: status=404 | data={"value":{"error":"no such element","message":"no such element: Unable to locate element: {\"method\":\"css selector\",\"selector\":\"button#wt-cli-accept-all-btn\"}\n  (Session info: chrome=147.0.7727.117)","stacktrace":"\tchromedriver!GetHandleVerifier [0x48b373+10553]\n\tchromedriver!GetHandleVerifier [0x48b4a4+10684]\n\tchromedriver!(No symbol) [0x291e10]\n\tchromedriver!(No symbol) [0x2da9da]\n\tchromedriver!(No symbol) [0x2dac7b]\n\tchromedriver!(No symbol) [0x31d162]\n\tchromedriver!(No symbol) [0x2fd8b4]\n\tchromedriver!(No symbol) [0x31aa36]\n\tchromedriver!(No symbol) [0x2fd606]\n\tchromedriver!(No symbol) [0x2d0039]\n\tchromedriver!(No symbol) [0x2d0df4]\n\tchromedriver!GetHandleVerifier [0x70ddb4+292f94]\n\tchromedriver!GetHandleVerifier [0x70937d+28e55d]\n\tchromedriver!GetHandleVerifier [0x728215+2ad3f5]\n\tchromedriver!GetHandleVerifier [0x4a4c18+29df8]\n\tchromedriver!GetHandleVerifier [0x4ac6fd+318dd]\n\tchromedriver!GetHandleVerifier [0x493c78+18e58]\n\tchromedriver!GetHandleVerifier [0x493e42+19022]\n\tchromedriver!GetHandleVerifier [0x47d45f+263f]\n\tKERNEL32!BaseThreadInitThunk [0x75aafcc9+19]\n\tntdll!RtlGetAppContainerNamedObjectPath [0x779982ae+11e]\n\tntdll!RtlGetAppContainerNamedObjectPath [0x7799827e+ee]\n"}} | headers=HTTPHeaderDict({'Content-Length': '1255', 'Content-Type': 'application/json; charset=utf-8', 'cache-control': 'no-cache'})
00:29:33 [DEBUG] selenium.webdriver.remote.remote_connection — Finished Request
00:29:33 [DEBUG] selenium.webdriver.remote.remote_connection — POST http://localhost:57787/session/aecd8cd2d436d918803a57a3376d50f2/element {'using': 'css selector', 'value': 'button#wt-cli-accept-all-btn'}
00:29:33 [DEBUG] urllib3.connectionpool — http://localhost:57787 "POST /session/aecd8cd2d436d918803a57a3376d50f2/element HTTP/1.1" 404 0
00:29:33 [DEBUG] selenium.webdriver.remote.remote_connection — Remote response: status=404 | data={"value":{"error":"no such element","message":"no such element: Unable to locate element: {\"method\":\"css selector\",\"selector\":\"button#wt-cli-accept-all-btn\"}\n  (Session info: chrome=147.0.7727.117)","stacktrace":"\tchromedriver!GetHandleVerifier [0x48b373+10553]\n\tchromedriver!GetHandleVerifier [0x48b4a4+10684]\n\tchromedriver!(No symbol) [0x291e10]\n\tchromedriver!(No symbol) [0x2da9da]\n\tchromedriver!(No symbol) [0x2dac7b]\n\tchromedriver!(No symbol) [0x31d162]\n\tchromedriver!(No symbol) [0x2fd8b4]\n\tchromedriver!(No symbol) [0x31aa36]\n\tchromedriver!(No symbol) [0x2fd606]\n\tchromedriver!(No symbol) [0x2d0039]\n\tchromedriver!(No symbol) [0x2d0df4]\n\tchromedriver!GetHandleVerifier [0x70ddb4+292f94]\n\tchromedriver!GetHandleVerifier [0x70937d+28e55d]\n\tchromedriver!GetHandleVerifier [0x728215+2ad3f5]\n\tchromedriver!GetHandleVerifier [0x4a4c18+29df8]\n\tchromedriver!GetHandleVerifier [0x4ac6fd+318dd]\n\tchromedriver!GetHandleVerifier [0x493c78+18e58]\n\tchromedriver!GetHandleVerifier [0x493e42+19022]\n\tchromedriver!GetHandleVerifier [0x47d45f+263f]\n\tKERNEL32!BaseThreadInitThunk [0x75aafcc9+19]\n\tntdll!RtlGetAppContainerNamedObjectPath [0x779982ae+11e]\n\tntdll!RtlGetAppContainerNamedObjectPath [0x7799827e+ee]\n"}} | headers=HTTPHeaderDict({'Content-Length': '1255', 'Content-Type': 'application/json; charset=utf-8', 'cache-control': 'no-cache'})
00:29:33 [DEBUG] selenium.webdriver.remote.remote_connection — Finished Request
00:29:34 [DEBUG] selenium.webdriver.remote.remote_connection — POST http://localhost:57787/session/aecd8cd2d436d918803a57a3376d50f2/element {'using': 'css selector', 'value': 'button#wt-cli-accept-all-btn'}
00:29:34 [DEBUG] urllib3.connectionpool — http://localhost:57787 "POST /session/aecd8cd2d436d918803a57a3376d50f2/element HTTP/1.1" 404 0
00:29:34 [DEBUG] selenium.webdriver.remote.remote_connection — Remote response: status=404 | data={"value":{"error":"no such element","message":"no such element: Unable to locate element: {\"method\":\"css selector\",\"selector\":\"button#wt-cli-accept-all-btn\"}\n  (Session info: chrome=147.0.7727.117)","stacktrace":"\tchromedriver!GetHandleVerifier [0x48b373+10553]\n\tchromedriver!GetHandleVerifier [0x48b4a4+10684]\n\tchromedriver!(No symbol) [0x291e10]\n\tchromedriver!(No symbol) [0x2da9da]\n\tchromedriver!(No symbol) [0x2dac7b]\n\tchromedriver!(No symbol) [0x31d162]\n\tchromedriver!(No symbol) [0x2fd8b4]\n\tchromedriver!(No symbol) [0x31aa36]\n\tchromedriver!(No symbol) [0x2fd606]\n\tchromedriver!(No symbol) [0x2d0039]\n\tchromedriver!(No symbol) [0x2d0df4]\n\tchromedriver!GetHandleVerifier [0x70ddb4+292f94]\n\tchromedriver!GetHandleVerifier [0x70937d+28e55d]\n\tchromedriver!GetHandleVerifier [0x728215+2ad3f5]\n\tchromedriver!GetHandleVerifier [0x4a4c18+29df8]\n\tchromedriver!GetHandleVerifier [0x4ac6fd+318dd]\n\tchromedriver!GetHandleVerifier [0x493c78+18e58]\n\tchromedriver!GetHandleVerifier [0x493e42+19022]\n\tchromedriver!GetHandleVerifier [0x47d45f+263f]\n\tKERNEL32!BaseThreadInitThunk [0x75aafcc9+19]\n\tntdll!RtlGetAppContainerNamedObjectPath [0x779982ae+11e]\n\tntdll!RtlGetAppContainerNamedObjectPath [0x7799827e+ee]\n"}} | headers=HTTPHeaderDict({'Content-Length': '1255', 'Content-Type': 'application/json; charset=utf-8', 'cache-control': 'no-cache'})
00:29:34 [DEBUG] selenium.webdriver.remote.remote_connection — Finished Request
00:29:34 [DEBUG] selenium.webdriver.remote.remote_connection — POST http://localhost:57787/session/aecd8cd2d436d918803a57a3376d50f2/element {'using': 'css selector', 'value': 'button#wt-cli-accept-all-btn'}
00:29:34 [DEBUG] urllib3.connectionpool — http://localhost:57787 "POST /session/aecd8cd2d436d918803a57a3376d50f2/element HTTP/1.1" 404 0
00:29:34 [DEBUG] selenium.webdriver.remote.remote_connection — Remote response: status=404 | data={"value":{"error":"no such element","message":"no such element: Unable to locate element: {\"method\":\"css selector\",\"selector\":\"button#wt-cli-accept-all-btn\"}\n  (Session info: chrome=147.0.7727.117)","stacktrace":"\tchromedriver!GetHandleVerifier [0x48b373+10553]\n\tchromedriver!GetHandleVerifier [0x48b4a4+10684]\n\tchromedriver!(No symbol) [0x291e10]\n\tchromedriver!(No symbol) [0x2da9da]\n\tchromedriver!(No symbol) [0x2dac7b]\n\tchromedriver!(No symbol) [0x31d162]\n\tchromedriver!(No symbol) [0x2fd8b4]\n\tchromedriver!(No symbol) [0x31aa36]\n\tchromedriver!(No symbol) [0x2fd606]\n\tchromedriver!(No symbol) [0x2d0039]\n\tchromedriver!(No symbol) [0x2d0df4]\n\tchromedriver!GetHandleVerifier [0x70ddb4+292f94]\n\tchromedriver!GetHandleVerifier [0x70937d+28e55d]\n\tchromedriver!GetHandleVerifier [0x728215+2ad3f5]\n\tchromedriver!GetHandleVerifier [0x4a4c18+29df8]\n\tchromedriver!GetHandleVerifier [0x4ac6fd+318dd]\n\tchromedriver!GetHandleVerifier [0x493c78+18e58]\n\tchromedriver!GetHandleVerifier [0x493e42+19022]\n\tchromedriver!GetHandleVerifier [0x47d45f+263f]\n\tKERNEL32!BaseThreadInitThunk [0x75aafcc9+19]\n\tntdll!RtlGetAppContainerNamedObjectPath [0x779982ae+11e]\n\tntdll!RtlGetAppContainerNamedObjectPath [0x7799827e+ee]\n"}} | headers=HTTPHeaderDict({'Content-Length': '1255', 'Content-Type': 'application/json; charset=utf-8', 'cache-control': 'no-cache'})
00:29:34 [DEBUG] selenium.webdriver.remote.remote_connection — Finished Request
00:29:35 [DEBUG] selenium.webdriver.remote.remote_connection — POST http://localhost:57787/session/aecd8cd2d436d918803a57a3376d50f2/element {'using': 'css selector', 'value': '[id="wt-cli-accept-all-btn"]'}
00:29:35 [DEBUG] urllib3.connectionpool — http://localhost:57787 "POST /session/aecd8cd2d436d918803a57a3376d50f2/element HTTP/1.1" 200 0
00:29:35 [DEBUG] selenium.webdriver.remote.remote_connection — Remote response: status=200 | data={"value":{"element-6066-11e4-a52e-4f735466cecf":"f.DB8ADB7B39419EC651A45B4C0D0839FA.d.A63C370C736C6E1488877A77B71602C7.e.6114"}} | headers=HTTPHeaderDict({'Content-Length': '128', 'Content-Type': 'application/json; charset=utf-8', 'cache-control': 'no-cache'})
00:29:35 [DEBUG] selenium.webdriver.remote.remote_connection — Finished Request
00:29:35 [DEBUG] selenium.webdriver.remote.remote_connection — POST http://localhost:57787/session/aecd8cd2d436d918803a57a3376d50f2/execute/sync {'script': '/* isDisplayed */return (function(){return (function(){var g=this||self;\nfunction aa(a){var b=typeof...', 'args': [{'element-6066-11e4-a52e-4f735466cecf': 'f.DB8ADB7B39419EC651A45B4C0D0839FA.d.A63C370C736C6E1488877A77B71602C7.e.6114'}]}
00:29:35 [DEBUG] urllib3.connectionpool — http://localhost:57787 "POST /session/aecd8cd2d436d918803a57a3376d50f2/execute/sync HTTP/1.1" 200 0
00:29:35 [DEBUG] selenium.webdriver.remote.remote_connection — Remote response: status=200 | data={"value":false} | headers=HTTPHeaderDict({'Content-Length': '15', 'Content-Type': 'application/json; charset=utf-8', 'cache-control': 'no-cache'})
00:29:35 [DEBUG] selenium.webdriver.remote.remote_connection — Finished Request
00:29:35 [DEBUG] selenium.webdriver.remote.remote_connection — POST http://localhost:57787/session/aecd8cd2d436d918803a57a3376d50f2/element {'using': 'css selector', 'value': '[id="wt-cli-accept-all-btn"]'}
00:29:35 [DEBUG] urllib3.connectionpool — http://localhost:57787 "POST /session/aecd8cd2d436d918803a57a3376d50f2/element HTTP/1.1" 200 0
00:29:35 [DEBUG] selenium.webdriver.remote.remote_connection — Remote response: status=200 | data={"value":{"element-6066-11e4-a52e-4f735466cecf":"f.DB8ADB7B39419EC651A45B4C0D0839FA.d.A63C370C736C6E1488877A77B71602C7.e.6114"}} | headers=HTTPHeaderDict({'Content-Length': '128', 'Content-Type': 'application/json; charset=utf-8', 'cache-control': 'no-cache'})
00:29:35 [DEBUG] selenium.webdriver.remote.remote_connection — Finished Request
00:29:35 [DEBUG] selenium.webdriver.remote.remote_connection — POST http://localhost:57787/session/aecd8cd2d436d918803a57a3376d50f2/execute/sync {'script': '/* isDisplayed */return (function(){return (function(){var g=this||self;\nfunction aa(a){var b=typeof...', 'args': [{'element-6066-11e4-a52e-4f735466cecf': 'f.DB8ADB7B39419EC651A45B4C0D0839FA.d.A63C370C736C6E1488877A77B71602C7.e.6114'}]}
00:29:35 [DEBUG] urllib3.connectionpool — http://localhost:57787 "POST /session/aecd8cd2d436d918803a57a3376d50f2/execute/sync HTTP/1.1" 200 0
00:29:35 [DEBUG] selenium.webdriver.remote.remote_connection — Remote response: status=200 | data={"value":false} | headers=HTTPHeaderDict({'Content-Length': '15', 'Content-Type': 'application/json; charset=utf-8', 'cache-control': 'no-cache'})
00:29:35 [DEBUG] selenium.webdriver.remote.remote_connection — Finished Request
00:29:36 [DEBUG] selenium.webdriver.remote.remote_connection — POST http://localhost:57787/session/aecd8cd2d436d918803a57a3376d50f2/element {'using': 'css selector', 'value': '[id="wt-cli-accept-all-btn"]'}
00:29:36 [DEBUG] urllib3.connectionpool — http://localhost:57787 "POST /session/aecd8cd2d436d918803a57a3376d50f2/element HTTP/1.1" 200 0
00:29:36 [DEBUG] selenium.webdriver.remote.remote_connection — Remote response: status=200 | data={"value":{"element-6066-11e4-a52e-4f735466cecf":"f.DB8ADB7B39419EC651A45B4C0D0839FA.d.A63C370C736C6E1488877A77B71602C7.e.6114"}} | headers=HTTPHeaderDict({'Content-Length': '128', 'Content-Type': 'application/json; charset=utf-8', 'cache-control': 'no-cache'})
00:29:36 [DEBUG] selenium.webdriver.remote.remote_connection — Finished Request
00:29:36 [DEBUG] selenium.webdriver.remote.remote_connection — POST http://localhost:57787/session/aecd8cd2d436d918803a57a3376d50f2/execute/sync {'script': '/* isDisplayed */return (function(){return (function(){var g=this||self;\nfunction aa(a){var b=typeof...', 'args': [{'element-6066-11e4-a52e-4f735466cecf': 'f.DB8ADB7B39419EC651A45B4C0D0839FA.d.A63C370C736C6E1488877A77B71602C7.e.6114'}]}
00:29:36 [DEBUG] urllib3.connectionpool — http://localhost:57787 "POST /session/aecd8cd2d436d918803a57a3376d50f2/execute/sync HTTP/1.1" 200 0
00:29:36 [DEBUG] selenium.webdriver.remote.remote_connection — Remote response: status=200 | data={"value":false} | headers=HTTPHeaderDict({'Content-Length': '15', 'Content-Type': 'application/json; charset=utf-8', 'cache-control': 'no-cache'})
00:29:36 [DEBUG] selenium.webdriver.remote.remote_connection — Finished Request
00:29:36 [DEBUG] selenium.webdriver.remote.remote_connection — POST http://localhost:57787/session/aecd8cd2d436d918803a57a3376d50f2/element {'using': 'css selector', 'value': '[id="wt-cli-accept-all-btn"]'}
00:29:36 [DEBUG] urllib3.connectionpool — http://localhost:57787 "POST /session/aecd8cd2d436d918803a57a3376d50f2/element HTTP/1.1" 200 0
00:29:36 [DEBUG] selenium.webdriver.remote.remote_connection — Remote response: status=200 | data={"value":{"element-6066-11e4-a52e-4f735466cecf":"f.DB8ADB7B39419EC651A45B4C0D0839FA.d.A63C370C736C6E1488877A77B71602C7.e.6114"}} | headers=HTTPHeaderDict({'Content-Length': '128', 'Content-Type': 'application/json; charset=utf-8', 'cache-control': 'no-cache'})
00:29:36 [DEBUG] selenium.webdriver.remote.remote_connection — Finished Request
00:29:36 [DEBUG] selenium.webdriver.remote.remote_connection — POST http://localhost:57787/session/aecd8cd2d436d918803a57a3376d50f2/execute/sync {'script': '/* isDisplayed */return (function(){return (function(){var g=this||self;\nfunction aa(a){var b=typeof...', 'args': [{'element-6066-11e4-a52e-4f735466cecf': 'f.DB8ADB7B39419EC651A45B4C0D0839FA.d.A63C370C736C6E1488877A77B71602C7.e.6114'}]}
00:29:36 [DEBUG] urllib3.connectionpool — http://localhost:57787 "POST /session/aecd8cd2d436d918803a57a3376d50f2/execute/sync HTTP/1.1" 200 0
00:29:36 [DEBUG] selenium.webdriver.remote.remote_connection — Remote response: status=200 | data={"value":false} | headers=HTTPHeaderDict({'Content-Length': '15', 'Content-Type': 'application/json; charset=utf-8', 'cache-control': 'no-cache'})
00:29:36 [DEBUG] selenium.webdriver.remote.remote_connection — Finished Request
00:29:37 [DEBUG] selenium.webdriver.remote.remote_connection — POST http://localhost:57787/session/aecd8cd2d436d918803a57a3376d50f2/element {'using': 'css selector', 'value': '[id="wt-cli-accept-all-btn"]'}
00:29:37 [DEBUG] urllib3.connectionpool — http://localhost:57787 "POST /session/aecd8cd2d436d918803a57a3376d50f2/element HTTP/1.1" 200 0
00:29:37 [DEBUG] selenium.webdriver.remote.remote_connection — Remote response: status=200 | data={"value":{"element-6066-11e4-a52e-4f735466cecf":"f.DB8ADB7B39419EC651A45B4C0D0839FA.d.A63C370C736C6E1488877A77B71602C7.e.6114"}} | headers=HTTPHeaderDict({'Content-Length': '128', 'Content-Type': 'application/json; charset=utf-8', 'cache-control': 'no-cache'})
00:29:37 [DEBUG] selenium.webdriver.remote.remote_connection — Finished Request
00:29:37 [DEBUG] selenium.webdriver.remote.remote_connection — POST http://localhost:57787/session/aecd8cd2d436d918803a57a3376d50f2/execute/sync {'script': '/* isDisplayed */return (function(){return (function(){var g=this||self;\nfunction aa(a){var b=typeof...', 'args': [{'element-6066-11e4-a52e-4f735466cecf': 'f.DB8ADB7B39419EC651A45B4C0D0839FA.d.A63C370C736C6E1488877A77B71602C7.e.6114'}]}
00:29:37 [DEBUG] urllib3.connectionpool — http://localhost:57787 "POST /session/aecd8cd2d436d918803a57a3376d50f2/execute/sync HTTP/1.1" 200 0
00:29:37 [DEBUG] selenium.webdriver.remote.remote_connection — Remote response: status=200 | data={"value":false} | headers=HTTPHeaderDict({'Content-Length': '15', 'Content-Type': 'application/json; charset=utf-8', 'cache-control': 'no-cache'})
00:29:37 [DEBUG] selenium.webdriver.remote.remote_connection — Finished Request
00:29:37 [DEBUG] selenium.webdriver.remote.remote_connection — POST http://localhost:57787/session/aecd8cd2d436d918803a57a3376d50f2/element {'using': 'css selector', 'value': '[id="wt-cli-accept-all-btn"]'}
00:29:37 [DEBUG] urllib3.connectionpool — http://localhost:57787 "POST /session/aecd8cd2d436d918803a57a3376d50f2/element HTTP/1.1" 200 0
00:29:37 [DEBUG] selenium.webdriver.remote.remote_connection — Remote response: status=200 | data={"value":{"element-6066-11e4-a52e-4f735466cecf":"f.DB8ADB7B39419EC651A45B4C0D0839FA.d.A63C370C736C6E1488877A77B71602C7.e.6114"}} | headers=HTTPHeaderDict({'Content-Length': '128', 'Content-Type': 'application/json; charset=utf-8', 'cache-control': 'no-cache'})
00:29:37 [DEBUG] selenium.webdriver.remote.remote_connection — Finished Request
00:29:37 [DEBUG] selenium.webdriver.remote.remote_connection — POST http://localhost:57787/session/aecd8cd2d436d918803a57a3376d50f2/execute/sync {'script': '/* isDisplayed */return (function(){return (function(){var g=this||self;\nfunction aa(a){var b=typeof...', 'args': [{'element-6066-11e4-a52e-4f735466cecf': 'f.DB8ADB7B39419EC651A45B4C0D0839FA.d.A63C370C736C6E1488877A77B71602C7.e.6114'}]}
00:29:37 [DEBUG] urllib3.connectionpool — http://localhost:57787 "POST /session/aecd8cd2d436d918803a57a3376d50f2/execute/sync HTTP/1.1" 200 0
00:29:37 [DEBUG] selenium.webdriver.remote.remote_connection — Remote response: status=200 | data={"value":false} | headers=HTTPHeaderDict({'Content-Length': '15', 'Content-Type': 'application/json; charset=utf-8', 'cache-control': 'no-cache'})
00:29:37 [DEBUG] selenium.webdriver.remote.remote_connection — Finished Request
00:29:38 [DEBUG] selenium.webdriver.remote.remote_connection — POST http://localhost:57787/session/aecd8cd2d436d918803a57a3376d50f2/element {'using': 'xpath', 'value': "//button[contains(text(), 'Accept All')]"}
00:29:38 [DEBUG] urllib3.connectionpool — http://localhost:57787 "POST /session/aecd8cd2d436d918803a57a3376d50f2/element HTTP/1.1" 404 0
00:29:38 [DEBUG] selenium.webdriver.remote.remote_connection — Remote response: status=404 | data={"value":{"error":"no such element","message":"no such element: Unable to locate element: {\"method\":\"xpath\",\"selector\":\"//button[contains(text(), 'Accept All')]\"}\n  (Session info: chrome=147.0.7727.117)","stacktrace":"\tchromedriver!GetHandleVerifier [0x48b373+10553]\n\tchromedriver!GetHandleVerifier [0x48b4a4+10684]\n\tchromedriver!(No symbol) [0x291e10]\n\tchromedriver!(No symbol) [0x2da9da]\n\tchromedriver!(No symbol) [0x2dac7b]\n\tchromedriver!(No symbol) [0x31d162]\n\tchromedriver!(No symbol) [0x2fd8b4]\n\tchromedriver!(No symbol) [0x31aa36]\n\tchromedriver!(No symbol) [0x2fd606]\n\tchromedriver!(No symbol) [0x2d0039]\n\tchromedriver!(No symbol) [0x2d0df4]\n\tchromedriver!GetHandleVerifier [0x70ddb4+292f94]\n\tchromedriver!GetHandleVerifier [0x70937d+28e55d]\n\tchromedriver!GetHandleVerifier [0x728215+2ad3f5]\n\tchromedriver!GetHandleVerifier [0x4a4c18+29df8]\n\tchromedriver!GetHandleVerifier [0x4ac6fd+318dd]\n\tchromedriver!GetHandleVerifier [0x493c78+18e58]\n\tchromedriver!GetHandleVerifier [0x493e42+19022]\n\tchromedriver!GetHandleVerifier [0x47d45f+263f]\n\tKERNEL32!BaseThreadInitThunk [0x75aafcc9+19]\n\tntdll!RtlGetAppContainerNamedObjectPath [0x779982ae+11e]\n\tntdll!RtlGetAppContainerNamedObjectPath [0x7799827e+ee]\n"}} | headers=HTTPHeaderDict({'Content-Length': '1260', 'Content-Type': 'application/json; charset=utf-8', 'cache-control': 'no-cache'})
00:29:38 [DEBUG] selenium.webdriver.remote.remote_connection — Finished Request
00:29:38 [DEBUG] selenium.webdriver.remote.remote_connection — POST http://localhost:57787/session/aecd8cd2d436d918803a57a3376d50f2/element {'using': 'xpath', 'value': "//button[contains(text(), 'Accept All')]"}
00:29:38 [DEBUG] urllib3.connectionpool — http://localhost:57787 "POST /session/aecd8cd2d436d918803a57a3376d50f2/element HTTP/1.1" 404 0
00:29:38 [DEBUG] selenium.webdriver.remote.remote_connection — Remote response: status=404 | data={"value":{"error":"no such element","message":"no such element: Unable to locate element: {\"method\":\"xpath\",\"selector\":\"//button[contains(text(), 'Accept All')]\"}\n  (Session info: chrome=147.0.7727.117)","stacktrace":"\tchromedriver!GetHandleVerifier [0x48b373+10553]\n\tchromedriver!GetHandleVerifier [0x48b4a4+10684]\n\tchromedriver!(No symbol) [0x291e10]\n\tchromedriver!(No symbol) [0x2da9da]\n\tchromedriver!(No symbol) [0x2dac7b]\n\tchromedriver!(No symbol) [0x31d162]\n\tchromedriver!(No symbol) [0x2fd8b4]\n\tchromedriver!(No symbol) [0x31aa36]\n\tchromedriver!(No symbol) [0x2fd606]\n\tchromedriver!(No symbol) [0x2d0039]\n\tchromedriver!(No symbol) [0x2d0df4]\n\tchromedriver!GetHandleVerifier [0x70ddb4+292f94]\n\tchromedriver!GetHandleVerifier [0x70937d+28e55d]\n\tchromedriver!GetHandleVerifier [0x728215+2ad3f5]\n\tchromedriver!GetHandleVerifier [0x4a4c18+29df8]\n\tchromedriver!GetHandleVerifier [0x4ac6fd+318dd]\n\tchromedriver!GetHandleVerifier [0x493c78+18e58]\n\tchromedriver!GetHandleVerifier [0x493e42+19022]\n\tchromedriver!GetHandleVerifier [0x47d45f+263f]\n\tKERNEL32!BaseThreadInitThunk [0x75aafcc9+19]\n\tntdll!RtlGetAppContainerNamedObjectPath [0x779982ae+11e]\n\tntdll!RtlGetAppContainerNamedObjectPath [0x7799827e+ee]\n"}} | headers=HTTPHeaderDict({'Content-Length': '1260', 'Content-Type': 'application/json; charset=utf-8', 'cache-control': 'no-cache'})
00:29:38 [DEBUG] selenium.webdriver.remote.remote_connection — Finished Request
00:29:39 [DEBUG] selenium.webdriver.remote.remote_connection — POST http://localhost:57787/session/aecd8cd2d436d918803a57a3376d50f2/element {'using': 'xpath', 'value': "//button[contains(text(), 'Accept All')]"}
00:29:39 [DEBUG] urllib3.connectionpool — http://localhost:57787 "POST /session/aecd8cd2d436d918803a57a3376d50f2/element HTTP/1.1" 404 0
00:29:39 [DEBUG] selenium.webdriver.remote.remote_connection — Remote response: status=404 | data={"value":{"error":"no such element","message":"no such element: Unable to locate element: {\"method\":\"xpath\",\"selector\":\"//button[contains(text(), 'Accept All')]\"}\n  (Session info: chrome=147.0.7727.117)","stacktrace":"\tchromedriver!GetHandleVerifier [0x48b373+10553]\n\tchromedriver!GetHandleVerifier [0x48b4a4+10684]\n\tchromedriver!(No symbol) [0x291e10]\n\tchromedriver!(No symbol) [0x2da9da]\n\tchromedriver!(No symbol) [0x2dac7b]\n\tchromedriver!(No symbol) [0x31d162]\n\tchromedriver!(No symbol) [0x2fd8b4]\n\tchromedriver!(No symbol) [0x31aa36]\n\tchromedriver!(No symbol) [0x2fd606]\n\tchromedriver!(No symbol) [0x2d0039]\n\tchromedriver!(No symbol) [0x2d0df4]\n\tchromedriver!GetHandleVerifier [0x70ddb4+292f94]\n\tchromedriver!GetHandleVerifier [0x70937d+28e55d]\n\tchromedriver!GetHandleVerifier [0x728215+2ad3f5]\n\tchromedriver!GetHandleVerifier [0x4a4c18+29df8]\n\tchromedriver!GetHandleVerifier [0x4ac6fd+318dd]\n\tchromedriver!GetHandleVerifier [0x493c78+18e58]\n\tchromedriver!GetHandleVerifier [0x493e42+19022]\n\tchromedriver!GetHandleVerifier [0x47d45f+263f]\n\tKERNEL32!BaseThreadInitThunk [0x75aafcc9+19]\n\tntdll!RtlGetAppContainerNamedObjectPath [0x779982ae+11e]\n\tntdll!RtlGetAppContainerNamedObjectPath [0x7799827e+ee]\n"}} | headers=HTTPHeaderDict({'Content-Length': '1260', 'Content-Type': 'application/json; charset=utf-8', 'cache-control': 'no-cache'})
00:29:39 [DEBUG] selenium.webdriver.remote.remote_connection — Finished Request
00:29:39 [DEBUG] selenium.webdriver.remote.remote_connection — POST http://localhost:57787/session/aecd8cd2d436d918803a57a3376d50f2/element {'using': 'xpath', 'value': "//button[contains(text(), 'Accept All')]"}
00:29:39 [DEBUG] urllib3.connectionpool — http://localhost:57787 "POST /session/aecd8cd2d436d918803a57a3376d50f2/element HTTP/1.1" 404 0
00:29:39 [DEBUG] selenium.webdriver.remote.remote_connection — Remote response: status=404 | data={"value":{"error":"no such element","message":"no such element: Unable to locate element: {\"method\":\"xpath\",\"selector\":\"//button[contains(text(), 'Accept All')]\"}\n  (Session info: chrome=147.0.7727.117)","stacktrace":"\tchromedriver!GetHandleVerifier [0x48b373+10553]\n\tchromedriver!GetHandleVerifier [0x48b4a4+10684]\n\tchromedriver!(No symbol) [0x291e10]\n\tchromedriver!(No symbol) [0x2da9da]\n\tchromedriver!(No symbol) [0x2dac7b]\n\tchromedriver!(No symbol) [0x31d162]\n\tchromedriver!(No symbol) [0x2fd8b4]\n\tchromedriver!(No symbol) [0x31aa36]\n\tchromedriver!(No symbol) [0x2fd606]\n\tchromedriver!(No symbol) [0x2d0039]\n\tchromedriver!(No symbol) [0x2d0df4]\n\tchromedriver!GetHandleVerifier [0x70ddb4+292f94]\n\tchromedriver!GetHandleVerifier [0x70937d+28e55d]\n\tchromedriver!GetHandleVerifier [0x728215+2ad3f5]\n\tchromedriver!GetHandleVerifier [0x4a4c18+29df8]\n\tchromedriver!GetHandleVerifier [0x4ac6fd+318dd]\n\tchromedriver!GetHandleVerifier [0x493c78+18e58]\n\tchromedriver!GetHandleVerifier [0x493e42+19022]\n\tchromedriver!GetHandleVerifier [0x47d45f+263f]\n\tKERNEL32!BaseThreadInitThunk [0x75aafcc9+19]\n\tntdll!RtlGetAppContainerNamedObjectPath [0x779982ae+11e]\n\tntdll!RtlGetAppContainerNamedObjectPath [0x7799827e+ee]\n"}} | headers=HTTPHeaderDict({'Content-Length': '1260', 'Content-Type': 'application/json; charset=utf-8', 'cache-control': 'no-cache'})
00:29:39 [DEBUG] selenium.webdriver.remote.remote_connection — Finished Request
00:29:40 [DEBUG] selenium.webdriver.remote.remote_connection — POST http://localhost:57787/session/aecd8cd2d436d918803a57a3376d50f2/element {'using': 'xpath', 'value': "//button[contains(text(), 'Accept All')]"}
00:29:40 [DEBUG] urllib3.connectionpool — http://localhost:57787 "POST /session/aecd8cd2d436d918803a57a3376d50f2/element HTTP/1.1" 404 0
00:29:40 [DEBUG] selenium.webdriver.remote.remote_connection — Remote response: status=404 | data={"value":{"error":"no such element","message":"no such element: Unable to locate element: {\"method\":\"xpath\",\"selector\":\"//button[contains(text(), 'Accept All')]\"}\n  (Session info: chrome=147.0.7727.117)","stacktrace":"\tchromedriver!GetHandleVerifier [0x48b373+10553]\n\tchromedriver!GetHandleVerifier [0x48b4a4+10684]\n\tchromedriver!(No symbol) [0x291e10]\n\tchromedriver!(No symbol) [0x2da9da]\n\tchromedriver!(No symbol) [0x2dac7b]\n\tchromedriver!(No symbol) [0x31d162]\n\tchromedriver!(No symbol) [0x2fd8b4]\n\tchromedriver!(No symbol) [0x31aa36]\n\tchromedriver!(No symbol) [0x2fd606]\n\tchromedriver!(No symbol) [0x2d0039]\n\tchromedriver!(No symbol) [0x2d0df4]\n\tchromedriver!GetHandleVerifier [0x70ddb4+292f94]\n\tchromedriver!GetHandleVerifier [0x70937d+28e55d]\n\tchromedriver!GetHandleVerifier [0x728215+2ad3f5]\n\tchromedriver!GetHandleVerifier [0x4a4c18+29df8]\n\tchromedriver!GetHandleVerifier [0x4ac6fd+318dd]\n\tchromedriver!GetHandleVerifier [0x493c78+18e58]\n\tchromedriver!GetHandleVerifier [0x493e42+19022]\n\tchromedriver!GetHandleVerifier [0x47d45f+263f]\n\tKERNEL32!BaseThreadInitThunk [0x75aafcc9+19]\n\tntdll!RtlGetAppContainerNamedObjectPath [0x779982ae+11e]\n\tntdll!RtlGetAppContainerNamedObjectPath [0x7799827e+ee]\n"}} | headers=HTTPHeaderDict({'Content-Length': '1260', 'Content-Type': 'application/json; charset=utf-8', 'cache-control': 'no-cache'})
00:29:40 [DEBUG] selenium.webdriver.remote.remote_connection — Finished Request
00:29:40 [DEBUG] selenium.webdriver.remote.remote_connection — POST http://localhost:57787/session/aecd8cd2d436d918803a57a3376d50f2/element {'using': 'xpath', 'value': "//button[contains(text(), 'Accept All')]"}
00:29:40 [DEBUG] urllib3.connectionpool — http://localhost:57787 "POST /session/aecd8cd2d436d918803a57a3376d50f2/element HTTP/1.1" 404 0
00:29:40 [DEBUG] selenium.webdriver.remote.remote_connection — Remote response: status=404 | data={"value":{"error":"no such element","message":"no such element: Unable to locate element: {\"method\":\"xpath\",\"selector\":\"//button[contains(text(), 'Accept All')]\"}\n  (Session info: chrome=147.0.7727.117)","stacktrace":"\tchromedriver!GetHandleVerifier [0x48b373+10553]\n\tchromedriver!GetHandleVerifier [0x48b4a4+10684]\n\tchromedriver!(No symbol) [0x291e10]\n\tchromedriver!(No symbol) [0x2da9da]\n\tchromedriver!(No symbol) [0x2dac7b]\n\tchromedriver!(No symbol) [0x31d162]\n\tchromedriver!(No symbol) [0x2fd8b4]\n\tchromedriver!(No symbol) [0x31aa36]\n\tchromedriver!(No symbol) [0x2fd606]\n\tchromedriver!(No symbol) [0x2d0039]\n\tchromedriver!(No symbol) [0x2d0df4]\n\tchromedriver!GetHandleVerifier [0x70ddb4+292f94]\n\tchromedriver!GetHandleVerifier [0x70937d+28e55d]\n\tchromedriver!GetHandleVerifier [0x728215+2ad3f5]\n\tchromedriver!GetHandleVerifier [0x4a4c18+29df8]\n\tchromedriver!GetHandleVerifier [0x4ac6fd+318dd]\n\tchromedriver!GetHandleVerifier [0x493c78+18e58]\n\tchromedriver!GetHandleVerifier [0x493e42+19022]\n\tchromedriver!GetHandleVerifier [0x47d45f+263f]\n\tKERNEL32!BaseThreadInitThunk [0x75aafcc9+19]\n\tntdll!RtlGetAppContainerNamedObjectPath [0x779982ae+11e]\n\tntdll!RtlGetAppContainerNamedObjectPath [0x7799827e+ee]\n"}} | headers=HTTPHeaderDict({'Content-Length': '1260', 'Content-Type': 'application/json; charset=utf-8', 'cache-control': 'no-cache'})
00:29:40 [DEBUG] selenium.webdriver.remote.remote_connection — Finished Request
00:29:41 [DEBUG] selenium.webdriver.remote.remote_connection — POST http://localhost:57787/session/aecd8cd2d436d918803a57a3376d50f2/element {'using': 'xpath', 'value': "//a[contains(text(), 'Accept All')]"}
00:29:41 [DEBUG] urllib3.connectionpool — http://localhost:57787 "POST /session/aecd8cd2d436d918803a57a3376d50f2/element HTTP/1.1" 200 0
00:29:41 [DEBUG] selenium.webdriver.remote.remote_connection — Remote response: status=200 | data={"value":{"element-6066-11e4-a52e-4f735466cecf":"f.DB8ADB7B39419EC651A45B4C0D0839FA.d.A63C370C736C6E1488877A77B71602C7.e.6114"}} | headers=HTTPHeaderDict({'Content-Length': '128', 'Content-Type': 'application/json; charset=utf-8', 'cache-control': 'no-cache'})
00:29:41 [DEBUG] selenium.webdriver.remote.remote_connection — Finished Request
00:29:41 [DEBUG] selenium.webdriver.remote.remote_connection — POST http://localhost:57787/session/aecd8cd2d436d918803a57a3376d50f2/execute/sync {'script': '/* isDisplayed */return (function(){return (function(){var g=this||self;\nfunction aa(a){var b=typeof...', 'args': [{'element-6066-11e4-a52e-4f735466cecf': 'f.DB8ADB7B39419EC651A45B4C0D0839FA.d.A63C370C736C6E1488877A77B71602C7.e.6114'}]}
00:29:41 [DEBUG] urllib3.connectionpool — http://localhost:57787 "POST /session/aecd8cd2d436d918803a57a3376d50f2/execute/sync HTTP/1.1" 200 0
00:29:41 [DEBUG] selenium.webdriver.remote.remote_connection — Remote response: status=200 | data={"value":false} | headers=HTTPHeaderDict({'Content-Length': '15', 'Content-Type': 'application/json; charset=utf-8', 'cache-control': 'no-cache'})
00:29:41 [DEBUG] selenium.webdriver.remote.remote_connection — Finished Request
00:29:41 [DEBUG] selenium.webdriver.remote.remote_connection — POST http://localhost:57787/session/aecd8cd2d436d918803a57a3376d50f2/element {'using': 'xpath', 'value': "//a[contains(text(), 'Accept All')]"}
00:29:41 [DEBUG] urllib3.connectionpool — http://localhost:57787 "POST /session/aecd8cd2d436d918803a57a3376d50f2/element HTTP/1.1" 200 0
00:29:41 [DEBUG] selenium.webdriver.remote.remote_connection — Remote response: status=200 | data={"value":{"element-6066-11e4-a52e-4f735466cecf":"f.DB8ADB7B39419EC651A45B4C0D0839FA.d.A63C370C736C6E1488877A77B71602C7.e.6114"}} | headers=HTTPHeaderDict({'Content-Length': '128', 'Content-Type': 'application/json; charset=utf-8', 'cache-control': 'no-cache'})
00:29:41 [DEBUG] selenium.webdriver.remote.remote_connection — Finished Request
00:29:41 [DEBUG] selenium.webdriver.remote.remote_connection — POST http://localhost:57787/session/aecd8cd2d436d918803a57a3376d50f2/execute/sync {'script': '/* isDisplayed */return (function(){return (function(){var g=this||self;\nfunction aa(a){var b=typeof...', 'args': [{'element-6066-11e4-a52e-4f735466cecf': 'f.DB8ADB7B39419EC651A45B4C0D0839FA.d.A63C370C736C6E1488877A77B71602C7.e.6114'}]}
00:29:41 [DEBUG] urllib3.connectionpool — http://localhost:57787 "POST /session/aecd8cd2d436d918803a57a3376d50f2/execute/sync HTTP/1.1" 200 0
00:29:41 [DEBUG] selenium.webdriver.remote.remote_connection — Remote response: status=200 | data={"value":false} | headers=HTTPHeaderDict({'Content-Length': '15', 'Content-Type': 'application/json; charset=utf-8', 'cache-control': 'no-cache'})
00:29:41 [DEBUG] selenium.webdriver.remote.remote_connection — Finished Request
00:29:42 [DEBUG] selenium.webdriver.remote.remote_connection — POST http://localhost:57787/session/aecd8cd2d436d918803a57a3376d50f2/element {'using': 'xpath', 'value': "//a[contains(text(), 'Accept All')]"}
00:29:42 [DEBUG] urllib3.connectionpool — http://localhost:57787 "POST /session/aecd8cd2d436d918803a57a3376d50f2/element HTTP/1.1" 200 0
00:29:42 [DEBUG] selenium.webdriver.remote.remote_connection — Remote response: status=200 | data={"value":{"element-6066-11e4-a52e-4f735466cecf":"f.DB8ADB7B39419EC651A45B4C0D0839FA.d.A63C370C736C6E1488877A77B71602C7.e.6114"}} | headers=HTTPHeaderDict({'Content-Length': '128', 'Content-Type': 'application/json; charset=utf-8', 'cache-control': 'no-cache'})
00:29:42 [DEBUG] selenium.webdriver.remote.remote_connection — Finished Request
00:29:42 [DEBUG] selenium.webdriver.remote.remote_connection — POST http://localhost:57787/session/aecd8cd2d436d918803a57a3376d50f2/execute/sync {'script': '/* isDisplayed */return (function(){return (function(){var g=this||self;\nfunction aa(a){var b=typeof...', 'args': [{'element-6066-11e4-a52e-4f735466cecf': 'f.DB8ADB7B39419EC651A45B4C0D0839FA.d.A63C370C736C6E1488877A77B71602C7.e.6114'}]}
00:29:42 [DEBUG] urllib3.connectionpool — http://localhost:57787 "POST /session/aecd8cd2d436d918803a57a3376d50f2/execute/sync HTTP/1.1" 200 0
00:29:42 [DEBUG] selenium.webdriver.remote.remote_connection — Remote response: status=200 | data={"value":false} | headers=HTTPHeaderDict({'Content-Length': '15', 'Content-Type': 'application/json; charset=utf-8', 'cache-control': 'no-cache'})
00:29:42 [DEBUG] selenium.webdriver.remote.remote_connection — Finished Request
00:29:42 [DEBUG] selenium.webdriver.remote.remote_connection — POST http://localhost:57787/session/aecd8cd2d436d918803a57a3376d50f2/element {'using': 'xpath', 'value': "//a[contains(text(), 'Accept All')]"}
00:29:42 [DEBUG] urllib3.connectionpool — http://localhost:57787 "POST /session/aecd8cd2d436d918803a57a3376d50f2/element HTTP/1.1" 200 0
00:29:42 [DEBUG] selenium.webdriver.remote.remote_connection — Remote response: status=200 | data={"value":{"element-6066-11e4-a52e-4f735466cecf":"f.DB8ADB7B39419EC651A45B4C0D0839FA.d.A63C370C736C6E1488877A77B71602C7.e.6114"}} | headers=HTTPHeaderDict({'Content-Length': '128', 'Content-Type': 'application/json; charset=utf-8', 'cache-control': 'no-cache'})
00:29:42 [DEBUG] selenium.webdriver.remote.remote_connection — Finished Request
00:29:42 [DEBUG] selenium.webdriver.remote.remote_connection — POST http://localhost:57787/session/aecd8cd2d436d918803a57a3376d50f2/execute/sync {'script': '/* isDisplayed */return (function(){return (function(){var g=this||self;\nfunction aa(a){var b=typeof...', 'args': [{'element-6066-11e4-a52e-4f735466cecf': 'f.DB8ADB7B39419EC651A45B4C0D0839FA.d.A63C370C736C6E1488877A77B71602C7.e.6114'}]}
00:29:42 [DEBUG] urllib3.connectionpool — http://localhost:57787 "POST /session/aecd8cd2d436d918803a57a3376d50f2/execute/sync HTTP/1.1" 200 0
00:29:42 [DEBUG] selenium.webdriver.remote.remote_connection — Remote response: status=200 | data={"value":false} | headers=HTTPHeaderDict({'Content-Length': '15', 'Content-Type': 'application/json; charset=utf-8', 'cache-control': 'no-cache'})
00:29:42 [DEBUG] selenium.webdriver.remote.remote_connection — Finished Request
00:29:43 [DEBUG] selenium.webdriver.remote.remote_connection — POST http://localhost:57787/session/aecd8cd2d436d918803a57a3376d50f2/element {'using': 'xpath', 'value': "//a[contains(text(), 'Accept All')]"}
00:29:43 [DEBUG] urllib3.connectionpool — http://localhost:57787 "POST /session/aecd8cd2d436d918803a57a3376d50f2/element HTTP/1.1" 200 0
00:29:43 [DEBUG] selenium.webdriver.remote.remote_connection — Remote response: status=200 | data={"value":{"element-6066-11e4-a52e-4f735466cecf":"f.DB8ADB7B39419EC651A45B4C0D0839FA.d.A63C370C736C6E1488877A77B71602C7.e.6114"}} | headers=HTTPHeaderDict({'Content-Length': '128', 'Content-Type': 'application/json; charset=utf-8', 'cache-control': 'no-cache'})
00:29:43 [DEBUG] selenium.webdriver.remote.remote_connection — Finished Request
00:29:43 [DEBUG] selenium.webdriver.remote.remote_connection — POST http://localhost:57787/session/aecd8cd2d436d918803a57a3376d50f2/execute/sync {'script': '/* isDisplayed */return (function(){return (function(){var g=this||self;\nfunction aa(a){var b=typeof...', 'args': [{'element-6066-11e4-a52e-4f735466cecf': 'f.DB8ADB7B39419EC651A45B4C0D0839FA.d.A63C370C736C6E1488877A77B71602C7.e.6114'}]}
00:29:43 [DEBUG] urllib3.connectionpool — http://localhost:57787 "POST /session/aecd8cd2d436d918803a57a3376d50f2/execute/sync HTTP/1.1" 200 0
00:29:43 [DEBUG] selenium.webdriver.remote.remote_connection — Remote response: status=200 | data={"value":false} | headers=HTTPHeaderDict({'Content-Length': '15', 'Content-Type': 'application/json; charset=utf-8', 'cache-control': 'no-cache'})
00:29:43 [DEBUG] selenium.webdriver.remote.remote_connection — Finished Request
00:29:44 [DEBUG] selenium.webdriver.remote.remote_connection — POST http://localhost:57787/session/aecd8cd2d436d918803a57a3376d50f2/element {'using': 'xpath', 'value': "//a[contains(text(), 'Accept All')]"}
00:29:44 [DEBUG] urllib3.connectionpool — http://localhost:57787 "POST /session/aecd8cd2d436d918803a57a3376d50f2/element HTTP/1.1" 200 0
00:29:44 [DEBUG] selenium.webdriver.remote.remote_connection — Remote response: status=200 | data={"value":{"element-6066-11e4-a52e-4f735466cecf":"f.DB8ADB7B39419EC651A45B4C0D0839FA.d.A63C370C736C6E1488877A77B71602C7.e.6114"}} | headers=HTTPHeaderDict({'Content-Length': '128', 'Content-Type': 'application/json; charset=utf-8', 'cache-control': 'no-cache'})
00:29:44 [DEBUG] selenium.webdriver.remote.remote_connection — Finished Request
00:29:44 [DEBUG] selenium.webdriver.remote.remote_connection — POST http://localhost:57787/session/aecd8cd2d436d918803a57a3376d50f2/execute/sync {'script': '/* isDisplayed */return (function(){return (function(){var g=this||self;\nfunction aa(a){var b=typeof...', 'args': [{'element-6066-11e4-a52e-4f735466cecf': 'f.DB8ADB7B39419EC651A45B4C0D0839FA.d.A63C370C736C6E1488877A77B71602C7.e.6114'}]}
00:29:44 [DEBUG] urllib3.connectionpool — http://localhost:57787 "POST /session/aecd8cd2d436d918803a57a3376d50f2/execute/sync HTTP/1.1" 200 0
00:29:44 [DEBUG] selenium.webdriver.remote.remote_connection — Remote response: status=200 | data={"value":false} | headers=HTTPHeaderDict({'Content-Length': '15', 'Content-Type': 'application/json; charset=utf-8', 'cache-control': 'no-cache'})
00:29:44 [DEBUG] selenium.webdriver.remote.remote_connection — Finished Request
00:29:44 [INFO] pages.careers_page — Scrolling to teams section
00:29:44 [DEBUG] selenium.webdriver.remote.remote_connection — POST http://localhost:57787/session/aecd8cd2d436d918803a57a3376d50f2/element {'using': 'css selector', 'value': '[id="career-our-location"]'}
00:29:44 [DEBUG] urllib3.connectionpool — http://localhost:57787 "POST /session/aecd8cd2d436d918803a57a3376d50f2/element HTTP/1.1" 404 0
00:29:44 [DEBUG] selenium.webdriver.remote.remote_connection — Remote response: status=404 | data={"value":{"error":"no such element","message":"no such element: Unable to locate element: {\"method\":\"css selector\",\"selector\":\"[id=\"career-our-location\"]\"}\n  (Session info: chrome=147.0.7727.117)","stacktrace":"\tchromedriver!GetHandleVerifier [0x48b373+10553]\n\tchromedriver!GetHandleVerifier [0x48b4a4+10684]\n\tchromedriver!(No symbol) [0x291e10]\n\tchromedriver!(No symbol) [0x2da9da]\n\tchromedriver!(No symbol) [0x2dac7b]\n\tchromedriver!(No symbol) [0x31d162]\n\tchromedriver!(No symbol) [0x2fd8b4]\n\tchromedriver!(No symbol) [0x31aa36]\n\tchromedriver!(No symbol) [0x2fd606]\n\tchromedriver!(No symbol) [0x2d0039]\n\tchromedriver!(No symbol) [0x2d0df4]\n\tchromedriver!GetHandleVerifier [0x70ddb4+292f94]\n\tchromedriver!GetHandleVerifier [0x70937d+28e55d]\n\tchromedriver!GetHandleVerifier [0x728215+2ad3f5]\n\tchromedriver!GetHandleVerifier [0x4a4c18+29df8]\n\tchromedriver!GetHandleVerifier [0x4ac6fd+318dd]\n\tchromedriver!GetHandleVerifier [0x493c78+18e58]\n\tchromedriver!GetHandleVerifier [0x493e42+19022]\n\tchromedriver!GetHandleVerifier [0x47d45f+263f]\n\tKERNEL32!BaseThreadInitThunk [0x75aafcc9+19]\n\tntdll!RtlGetAppContainerNamedObjectPath [0x779982ae+11e]\n\tntdll!RtlGetAppContainerNamedObjectPath [0x7799827e+ee]\n"}} | headers=HTTPHeaderDict({'Content-Length': '1255', 'Content-Type': 'application/json; charset=utf-8', 'cache-control': 'no-cache'})
00:29:44 [DEBUG] selenium.webdriver.remote.remote_connection — Finished Request
00:29:45 [DEBUG] selenium.webdriver.remote.remote_connection — POST http://localhost:57787/session/aecd8cd2d436d918803a57a3376d50f2/element {'using': 'css selector', 'value': '[id="career-our-location"]'}
00:29:45 [DEBUG] urllib3.connectionpool — http://localhost:57787 "POST /session/aecd8cd2d436d918803a57a3376d50f2/element HTTP/1.1" 404 0
00:29:45 [DEBUG] selenium.webdriver.remote.remote_connection — Remote response: status=404 | data={"value":{"error":"no such element","message":"no such element: Unable to locate element: {\"method\":\"css selector\",\"selector\":\"[id=\"career-our-location\"]\"}\n  (Session info: chrome=147.0.7727.117)","stacktrace":"\tchromedriver!GetHandleVerifier [0x48b373+10553]\n\tchromedriver!GetHandleVerifier [0x48b4a4+10684]\n\tchromedriver!(No symbol) [0x291e10]\n\tchromedriver!(No symbol) [0x2da9da]\n\tchromedriver!(No symbol) [0x2dac7b]\n\tchromedriver!(No symbol) [0x31d162]\n\tchromedriver!(No symbol) [0x2fd8b4]\n\tchromedriver!(No symbol) [0x31aa36]\n\tchromedriver!(No symbol) [0x2fd606]\n\tchromedriver!(No symbol) [0x2d0039]\n\tchromedriver!(No symbol) [0x2d0df4]\n\tchromedriver!GetHandleVerifier [0x70ddb4+292f94]\n\tchromedriver!GetHandleVerifier [0x70937d+28e55d]\n\tchromedriver!GetHandleVerifier [0x728215+2ad3f5]\n\tchromedriver!GetHandleVerifier [0x4a4c18+29df8]\n\tchromedriver!GetHandleVerifier [0x4ac6fd+318dd]\n\tchromedriver!GetHandleVerifier [0x493c78+18e58]\n\tchromedriver!GetHandleVerifier [0x493e42+19022]\n\tchromedriver!GetHandleVerifier [0x47d45f+263f]\n\tKERNEL32!BaseThreadInitThunk [0x75aafcc9+19]\n\tntdll!RtlGetAppContainerNamedObjectPath [0x779982ae+11e]\n\tntdll!RtlGetAppContainerNamedObjectPath [0x7799827e+ee]\n"}} | headers=HTTPHeaderDict({'Content-Length': '1255', 'Content-Type': 'application/json; charset=utf-8', 'cache-control': 'no-cache'})
00:29:45 [DEBUG] selenium.webdriver.remote.remote_connection — Finished Request
00:29:45 [DEBUG] selenium.webdriver.remote.remote_connection — POST http://localhost:57787/session/aecd8cd2d436d918803a57a3376d50f2/element {'using': 'css selector', 'value': '[id="career-our-location"]'}
00:29:45 [DEBUG] urllib3.connectionpool — http://localhost:57787 "POST /session/aecd8cd2d436d918803a57a3376d50f2/element HTTP/1.1" 404 0
00:29:45 [DEBUG] selenium.webdriver.remote.remote_connection — Remote response: status=404 | data={"value":{"error":"no such element","message":"no such element: Unable to locate element: {\"method\":\"css selector\",\"selector\":\"[id=\"career-our-location\"]\"}\n  (Session info: chrome=147.0.7727.117)","stacktrace":"\tchromedriver!GetHandleVerifier [0x48b373+10553]\n\tchromedriver!GetHandleVerifier [0x48b4a4+10684]\n\tchromedriver!(No symbol) [0x291e10]\n\tchromedriver!(No symbol) [0x2da9da]\n\tchromedriver!(No symbol) [0x2dac7b]\n\tchromedriver!(No symbol) [0x31d162]\n\tchromedriver!(No symbol) [0x2fd8b4]\n\tchromedriver!(No symbol) [0x31aa36]\n\tchromedriver!(No symbol) [0x2fd606]\n\tchromedriver!(No symbol) [0x2d0039]\n\tchromedriver!(No symbol) [0x2d0df4]\n\tchromedriver!GetHandleVerifier [0x70ddb4+292f94]\n\tchromedriver!GetHandleVerifier [0x70937d+28e55d]\n\tchromedriver!GetHandleVerifier [0x728215+2ad3f5]\n\tchromedriver!GetHandleVerifier [0x4a4c18+29df8]\n\tchromedriver!GetHandleVerifier [0x4ac6fd+318dd]\n\tchromedriver!GetHandleVerifier [0x493c78+18e58]\n\tchromedriver!GetHandleVerifier [0x493e42+19022]\n\tchromedriver!GetHandleVerifier [0x47d45f+263f]\n\tKERNEL32!BaseThreadInitThunk [0x75aafcc9+19]\n\tntdll!RtlGetAppContainerNamedObjectPath [0x779982ae+11e]\n\tntdll!RtlGetAppContainerNamedObjectPath [0x7799827e+ee]\n"}} | headers=HTTPHeaderDict({'Content-Length': '1255', 'Content-Type': 'application/json; charset=utf-8', 'cache-control': 'no-cache'})
00:29:45 [DEBUG] selenium.webdriver.remote.remote_connection — Finished Request
00:29:46 [DEBUG] selenium.webdriver.remote.remote_connection — POST http://localhost:57787/session/aecd8cd2d436d918803a57a3376d50f2/element {'using': 'css selector', 'value': '[id="career-our-location"]'}
00:29:46 [DEBUG] urllib3.connectionpool — http://localhost:57787 "POST /session/aecd8cd2d436d918803a57a3376d50f2/element HTTP/1.1" 404 0
00:29:46 [DEBUG] selenium.webdriver.remote.remote_connection — Remote response: status=404 | data={"value":{"error":"no such element","message":"no such element: Unable to locate element: {\"method\":\"css selector\",\"selector\":\"[id=\"career-our-location\"]\"}\n  (Session info: chrome=147.0.7727.117)","stacktrace":"\tchromedriver!GetHandleVerifier [0x48b373+10553]\n\tchromedriver!GetHandleVerifier [0x48b4a4+10684]\n\tchromedriver!(No symbol) [0x291e10]\n\tchromedriver!(No symbol) [0x2da9da]\n\tchromedriver!(No symbol) [0x2dac7b]\n\tchromedriver!(No symbol) [0x31d162]\n\tchromedriver!(No symbol) [0x2fd8b4]\n\tchromedriver!(No symbol) [0x31aa36]\n\tchromedriver!(No symbol) [0x2fd606]\n\tchromedriver!(No symbol) [0x2d0039]\n\tchromedriver!(No symbol) [0x2d0df4]\n\tchromedriver!GetHandleVerifier [0x70ddb4+292f94]\n\tchromedriver!GetHandleVerifier [0x70937d+28e55d]\n\tchromedriver!GetHandleVerifier [0x728215+2ad3f5]\n\tchromedriver!GetHandleVerifier [0x4a4c18+29df8]\n\tchromedriver!GetHandleVerifier [0x4ac6fd+318dd]\n\tchromedriver!GetHandleVerifier [0x493c78+18e58]\n\tchromedriver!GetHandleVerifier [0x493e42+19022]\n\tchromedriver!GetHandleVerifier [0x47d45f+263f]\n\tKERNEL32!BaseThreadInitThunk [0x75aafcc9+19]\n\tntdll!RtlGetAppContainerNamedObjectPath [0x779982ae+11e]\n\tntdll!RtlGetAppContainerNamedObjectPath [0x7799827e+ee]\n"}} | headers=HTTPHeaderDict({'Content-Length': '1255', 'Content-Type': 'application/json; charset=utf-8', 'cache-control': 'no-cache'})
00:29:46 [DEBUG] selenium.webdriver.remote.remote_connection — Finished Request
00:29:46 [DEBUG] selenium.webdriver.remote.remote_connection — POST http://localhost:57787/session/aecd8cd2d436d918803a57a3376d50f2/element {'using': 'css selector', 'value': '[id="career-our-location"]'}
00:29:46 [DEBUG] urllib3.connectionpool — http://localhost:57787 "POST /session/aecd8cd2d436d918803a57a3376d50f2/element HTTP/1.1" 404 0
00:29:46 [DEBUG] selenium.webdriver.remote.remote_connection — Remote response: status=404 | data={"value":{"error":"no such element","message":"no such element: Unable to locate element: {\"method\":\"css selector\",\"selector\":\"[id=\"career-our-location\"]\"}\n  (Session info: chrome=147.0.7727.117)","stacktrace":"\tchromedriver!GetHandleVerifier [0x48b373+10553]\n\tchromedriver!GetHandleVerifier [0x48b4a4+10684]\n\tchromedriver!(No symbol) [0x291e10]\n\tchromedriver!(No symbol) [0x2da9da]\n\tchromedriver!(No symbol) [0x2dac7b]\n\tchromedriver!(No symbol) [0x31d162]\n\tchromedriver!(No symbol) [0x2fd8b4]\n\tchromedriver!(No symbol) [0x31aa36]\n\tchromedriver!(No symbol) [0x2fd606]\n\tchromedriver!(No symbol) [0x2d0039]\n\tchromedriver!(No symbol) [0x2d0df4]\n\tchromedriver!GetHandleVerifier [0x70ddb4+292f94]\n\tchromedriver!GetHandleVerifier [0x70937d+28e55d]\n\tchromedriver!GetHandleVerifier [0x728215+2ad3f5]\n\tchromedriver!GetHandleVerifier [0x4a4c18+29df8]\n\tchromedriver!GetHandleVerifier [0x4ac6fd+318dd]\n\tchromedriver!GetHandleVerifier [0x493c78+18e58]\n\tchromedriver!GetHandleVerifier [0x493e42+19022]\n\tchromedriver!GetHandleVerifier [0x47d45f+263f]\n\tKERNEL32!BaseThreadInitThunk [0x75aafcc9+19]\n\tntdll!RtlGetAppContainerNamedObjectPath [0x779982ae+11e]\n\tntdll!RtlGetAppContainerNamedObjectPath [0x7799827e+ee]\n"}} | headers=HTTPHeaderDict({'Content-Length': '1255', 'Content-Type': 'application/json; charset=utf-8', 'cache-control': 'no-cache'})
00:29:46 [DEBUG] selenium.webdriver.remote.remote_connection — Finished Request
00:29:47 [DEBUG] selenium.webdriver.remote.remote_connection — POST http://localhost:57787/session/aecd8cd2d436d918803a57a3376d50f2/element {'using': 'css selector', 'value': '[id="career-our-location"]'}
00:29:47 [DEBUG] urllib3.connectionpool — http://localhost:57787 "POST /session/aecd8cd2d436d918803a57a3376d50f2/element HTTP/1.1" 404 0
00:29:47 [DEBUG] selenium.webdriver.remote.remote_connection — Remote response: status=404 | data={"value":{"error":"no such element","message":"no such element: Unable to locate element: {\"method\":\"css selector\",\"selector\":\"[id=\"career-our-location\"]\"}\n  (Session info: chrome=147.0.7727.117)","stacktrace":"\tchromedriver!GetHandleVerifier [0x48b373+10553]\n\tchromedriver!GetHandleVerifier [0x48b4a4+10684]\n\tchromedriver!(No symbol) [0x291e10]\n\tchromedriver!(No symbol) [0x2da9da]\n\tchromedriver!(No symbol) [0x2dac7b]\n\tchromedriver!(No symbol) [0x31d162]\n\tchromedriver!(No symbol) [0x2fd8b4]\n\tchromedriver!(No symbol) [0x31aa36]\n\tchromedriver!(No symbol) [0x2fd606]\n\tchromedriver!(No symbol) [0x2d0039]\n\tchromedriver!(No symbol) [0x2d0df4]\n\tchromedriver!GetHandleVerifier [0x70ddb4+292f94]\n\tchromedriver!GetHandleVerifier [0x70937d+28e55d]\n\tchromedriver!GetHandleVerifier [0x728215+2ad3f5]\n\tchromedriver!GetHandleVerifier [0x4a4c18+29df8]\n\tchromedriver!GetHandleVerifier [0x4ac6fd+318dd]\n\tchromedriver!GetHandleVerifier [0x493c78+18e58]\n\tchromedriver!GetHandleVerifier [0x493e42+19022]\n\tchromedriver!GetHandleVerifier [0x47d45f+263f]\n\tKERNEL32!BaseThreadInitThunk [0x75aafcc9+19]\n\tntdll!RtlGetAppContainerNamedObjectPath [0x779982ae+11e]\n\tntdll!RtlGetAppContainerNamedObjectPath [0x7799827e+ee]\n"}} | headers=HTTPHeaderDict({'Content-Length': '1255', 'Content-Type': 'application/json; charset=utf-8', 'cache-control': 'no-cache'})
00:29:47 [DEBUG] selenium.webdriver.remote.remote_connection — Finished Request
00:29:47 [DEBUG] selenium.webdriver.remote.remote_connection — POST http://localhost:57787/session/aecd8cd2d436d918803a57a3376d50f2/element {'using': 'css selector', 'value': '[id="career-our-location"]'}
00:29:47 [DEBUG] urllib3.connectionpool — http://localhost:57787 "POST /session/aecd8cd2d436d918803a57a3376d50f2/element HTTP/1.1" 404 0
00:29:47 [DEBUG] selenium.webdriver.remote.remote_connection — Remote response: status=404 | data={"value":{"error":"no such element","message":"no such element: Unable to locate element: {\"method\":\"css selector\",\"selector\":\"[id=\"career-our-location\"]\"}\n  (Session info: chrome=147.0.7727.117)","stacktrace":"\tchromedriver!GetHandleVerifier [0x48b373+10553]\n\tchromedriver!GetHandleVerifier [0x48b4a4+10684]\n\tchromedriver!(No symbol) [0x291e10]\n\tchromedriver!(No symbol) [0x2da9da]\n\tchromedriver!(No symbol) [0x2dac7b]\n\tchromedriver!(No symbol) [0x31d162]\n\tchromedriver!(No symbol) [0x2fd8b4]\n\tchromedriver!(No symbol) [0x31aa36]\n\tchromedriver!(No symbol) [0x2fd606]\n\tchromedriver!(No symbol) [0x2d0039]\n\tchromedriver!(No symbol) [0x2d0df4]\n\tchromedriver!GetHandleVerifier [0x70ddb4+292f94]\n\tchromedriver!GetHandleVerifier [0x70937d+28e55d]\n\tchromedriver!GetHandleVerifier [0x728215+2ad3f5]\n\tchromedriver!GetHandleVerifier [0x4a4c18+29df8]\n\tchromedriver!GetHandleVerifier [0x4ac6fd+318dd]\n\tchromedriver!GetHandleVerifier [0x493c78+18e58]\n\tchromedriver!GetHandleVerifier [0x493e42+19022]\n\tchromedriver!GetHandleVerifier [0x47d45f+263f]\n\tKERNEL32!BaseThreadInitThunk [0x75aafcc9+19]\n\tntdll!RtlGetAppContainerNamedObjectPath [0x779982ae+11e]\n\tntdll!RtlGetAppContainerNamedObjectPath [0x7799827e+ee]\n"}} | headers=HTTPHeaderDict({'Content-Length': '1255', 'Content-Type': 'application/json; charset=utf-8', 'cache-control': 'no-cache'})
00:29:47 [DEBUG] selenium.webdriver.remote.remote_connection — Finished Request
00:29:48 [DEBUG] selenium.webdriver.remote.remote_connection — POST http://localhost:57787/session/aecd8cd2d436d918803a57a3376d50f2/element {'using': 'css selector', 'value': '[id="career-our-location"]'}
00:29:48 [DEBUG] urllib3.connectionpool — http://localhost:57787 "POST /session/aecd8cd2d436d918803a57a3376d50f2/element HTTP/1.1" 404 0
00:29:48 [DEBUG] selenium.webdriver.remote.remote_connection — Remote response: status=404 | data={"value":{"error":"no such element","message":"no such element: Unable to locate element: {\"method\":\"css selector\",\"selector\":\"[id=\"career-our-location\"]\"}\n  (Session info: chrome=147.0.7727.117)","stacktrace":"\tchromedriver!GetHandleVerifier [0x48b373+10553]\n\tchromedriver!GetHandleVerifier [0x48b4a4+10684]\n\tchromedriver!(No symbol) [0x291e10]\n\tchromedriver!(No symbol) [0x2da9da]\n\tchromedriver!(No symbol) [0x2dac7b]\n\tchromedriver!(No symbol) [0x31d162]\n\tchromedriver!(No symbol) [0x2fd8b4]\n\tchromedriver!(No symbol) [0x31aa36]\n\tchromedriver!(No symbol) [0x2fd606]\n\tchromedriver!(No symbol) [0x2d0039]\n\tchromedriver!(No symbol) [0x2d0df4]\n\tchromedriver!GetHandleVerifier [0x70ddb4+292f94]\n\tchromedriver!GetHandleVerifier [0x70937d+28e55d]\n\tchromedriver!GetHandleVerifier [0x728215+2ad3f5]\n\tchromedriver!GetHandleVerifier [0x4a4c18+29df8]\n\tchromedriver!GetHandleVerifier [0x4ac6fd+318dd]\n\tchromedriver!GetHandleVerifier [0x493c78+18e58]\n\tchromedriver!GetHandleVerifier [0x493e42+19022]\n\tchromedriver!GetHandleVerifier [0x47d45f+263f]\n\tKERNEL32!BaseThreadInitThunk [0x75aafcc9+19]\n\tntdll!RtlGetAppContainerNamedObjectPath [0x779982ae+11e]\n\tntdll!RtlGetAppContainerNamedObjectPath [0x7799827e+ee]\n"}} | headers=HTTPHeaderDict({'Content-Length': '1255', 'Content-Type': 'application/json; charset=utf-8', 'cache-control': 'no-cache'})
00:29:48 [DEBUG] selenium.webdriver.remote.remote_connection — Finished Request
00:29:48 [DEBUG] selenium.webdriver.remote.remote_connection — POST http://localhost:57787/session/aecd8cd2d436d918803a57a3376d50f2/element {'using': 'css selector', 'value': '[id="career-our-location"]'}
00:29:49 [DEBUG] urllib3.connectionpool — http://localhost:57787 "POST /session/aecd8cd2d436d918803a57a3376d50f2/element HTTP/1.1" 404 0
00:29:49 [DEBUG] selenium.webdriver.remote.remote_connection — Remote response: status=404 | data={"value":{"error":"no such element","message":"no such element: Unable to locate element: {\"method\":\"css selector\",\"selector\":\"[id=\"career-our-location\"]\"}\n  (Session info: chrome=147.0.7727.117)","stacktrace":"\tchromedriver!GetHandleVerifier [0x48b373+10553]\n\tchromedriver!GetHandleVerifier [0x48b4a4+10684]\n\tchromedriver!(No symbol) [0x291e10]\n\tchromedriver!(No symbol) [0x2da9da]\n\tchromedriver!(No symbol) [0x2dac7b]\n\tchromedriver!(No symbol) [0x31d162]\n\tchromedriver!(No symbol) [0x2fd8b4]\n\tchromedriver!(No symbol) [0x31aa36]\n\tchromedriver!(No symbol) [0x2fd606]\n\tchromedriver!(No symbol) [0x2d0039]\n\tchromedriver!(No symbol) [0x2d0df4]\n\tchromedriver!GetHandleVerifier [0x70ddb4+292f94]\n\tchromedriver!GetHandleVerifier [0x70937d+28e55d]\n\tchromedriver!GetHandleVerifier [0x728215+2ad3f5]\n\tchromedriver!GetHandleVerifier [0x4a4c18+29df8]\n\tchromedriver!GetHandleVerifier [0x4ac6fd+318dd]\n\tchromedriver!GetHandleVerifier [0x493c78+18e58]\n\tchromedriver!GetHandleVerifier [0x493e42+19022]\n\tchromedriver!GetHandleVerifier [0x47d45f+263f]\n\tKERNEL32!BaseThreadInitThunk [0x75aafcc9+19]\n\tntdll!RtlGetAppContainerNamedObjectPath [0x779982ae+11e]\n\tntdll!RtlGetAppContainerNamedObjectPath [0x7799827e+ee]\n"}} | headers=HTTPHeaderDict({'Content-Length': '1255', 'Content-Type': 'application/json; charset=utf-8', 'cache-control': 'no-cache'})
00:29:49 [DEBUG] selenium.webdriver.remote.remote_connection — Finished Request
00:29:49 [DEBUG] selenium.webdriver.remote.remote_connection — POST http://localhost:57787/session/aecd8cd2d436d918803a57a3376d50f2/element {'using': 'css selector', 'value': 'a.inso-btn.see-more, .see-more'}
00:29:49 [DEBUG] urllib3.connectionpool — http://localhost:57787 "POST /session/aecd8cd2d436d918803a57a3376d50f2/element HTTP/1.1" 200 0
00:29:49 [DEBUG] selenium.webdriver.remote.remote_connection — Remote response: status=200 | data={"value":{"element-6066-11e4-a52e-4f735466cecf":"f.DB8ADB7B39419EC651A45B4C0D0839FA.d.A63C370C736C6E1488877A77B71602C7.e.6143"}} | headers=HTTPHeaderDict({'Content-Length': '128', 'Content-Type': 'application/json; charset=utf-8', 'cache-control': 'no-cache'})
00:29:49 [DEBUG] selenium.webdriver.remote.remote_connection — Finished Request
00:29:49 [DEBUG] selenium.webdriver.remote.remote_connection — POST http://localhost:57787/session/aecd8cd2d436d918803a57a3376d50f2/execute/sync {'script': "arguments[0].scrollIntoView({block:'center'});", 'args': [{'element-6066-11e4-a52e-4f735466cecf': 'f.DB8ADB7B39419EC651A45B4C0D0839FA.d.A63C370C736C6E1488877A77B71602C7.e.6143'}]}
00:29:49 [DEBUG] urllib3.connectionpool — http://localhost:57787 "POST /session/aecd8cd2d436d918803a57a3376d50f2/execute/sync HTTP/1.1" 200 0
00:29:49 [DEBUG] selenium.webdriver.remote.remote_connection — Remote response: status=200 | data={"value":null} | headers=HTTPHeaderDict({'Content-Length': '14', 'Content-Type': 'application/json; charset=utf-8', 'cache-control': 'no-cache'})
00:29:49 [DEBUG] selenium.webdriver.remote.remote_connection — Finished Request
00:29:50 [INFO] pages.careers_page — Clicking 'See all teams'
00:29:50 [DEBUG] selenium.webdriver.remote.remote_connection — POST http://localhost:57787/session/aecd8cd2d436d918803a57a3376d50f2/element {'using': 'css selector', 'value': 'button#wt-cli-accept-all-btn'}
00:29:50 [DEBUG] urllib3.connectionpool — http://localhost:57787 "POST /session/aecd8cd2d436d918803a57a3376d50f2/element HTTP/1.1" 404 0
00:29:50 [DEBUG] selenium.webdriver.remote.remote_connection — Remote response: status=404 | data={"value":{"error":"no such element","message":"no such element: Unable to locate element: {\"method\":\"css selector\",\"selector\":\"button#wt-cli-accept-all-btn\"}\n  (Session info: chrome=147.0.7727.117)","stacktrace":"\tchromedriver!GetHandleVerifier [0x48b373+10553]\n\tchromedriver!GetHandleVerifier [0x48b4a4+10684]\n\tchromedriver!(No symbol) [0x291e10]\n\tchromedriver!(No symbol) [0x2da9da]\n\tchromedriver!(No symbol) [0x2dac7b]\n\tchromedriver!(No symbol) [0x31d162]\n\tchromedriver!(No symbol) [0x2fd8b4]\n\tchromedriver!(No symbol) [0x31aa36]\n\tchromedriver!(No symbol) [0x2fd606]\n\tchromedriver!(No symbol) [0x2d0039]\n\tchromedriver!(No symbol) [0x2d0df4]\n\tchromedriver!GetHandleVerifier [0x70ddb4+292f94]\n\tchromedriver!GetHandleVerifier [0x70937d+28e55d]\n\tchromedriver!GetHandleVerifier [0x728215+2ad3f5]\n\tchromedriver!GetHandleVerifier [0x4a4c18+29df8]\n\tchromedriver!GetHandleVerifier [0x4ac6fd+318dd]\n\tchromedriver!GetHandleVerifier [0x493c78+18e58]\n\tchromedriver!GetHandleVerifier [0x493e42+19022]\n\tchromedriver!GetHandleVerifier [0x47d45f+263f]\n\tKERNEL32!BaseThreadInitThunk [0x75aafcc9+19]\n\tntdll!RtlGetAppContainerNamedObjectPath [0x779982ae+11e]\n\tntdll!RtlGetAppContainerNamedObjectPath [0x7799827e+ee]\n"}} | headers=HTTPHeaderDict({'Content-Length': '1255', 'Content-Type': 'application/json; charset=utf-8', 'cache-control': 'no-cache'})
00:29:50 [DEBUG] selenium.webdriver.remote.remote_connection — Finished Request
00:29:51 [DEBUG] selenium.webdriver.remote.remote_connection — POST http://localhost:57787/session/aecd8cd2d436d918803a57a3376d50f2/element {'using': 'css selector', 'value': 'button#wt-cli-accept-all-btn'}
00:29:51 [DEBUG] urllib3.connectionpool — http://localhost:57787 "POST /session/aecd8cd2d436d918803a57a3376d50f2/element HTTP/1.1" 404 0
00:29:51 [DEBUG] selenium.webdriver.remote.remote_connection — Remote response: status=404 | data={"value":{"error":"no such element","message":"no such element: Unable to locate element: {\"method\":\"css selector\",\"selector\":\"button#wt-cli-accept-all-btn\"}\n  (Session info: chrome=147.0.7727.117)","stacktrace":"\tchromedriver!GetHandleVerifier [0x48b373+10553]\n\tchromedriver!GetHandleVerifier [0x48b4a4+10684]\n\tchromedriver!(No symbol) [0x291e10]\n\tchromedriver!(No symbol) [0x2da9da]\n\tchromedriver!(No symbol) [0x2dac7b]\n\tchromedriver!(No symbol) [0x31d162]\n\tchromedriver!(No symbol) [0x2fd8b4]\n\tchromedriver!(No symbol) [0x31aa36]\n\tchromedriver!(No symbol) [0x2fd606]\n\tchromedriver!(No symbol) [0x2d0039]\n\tchromedriver!(No symbol) [0x2d0df4]\n\tchromedriver!GetHandleVerifier [0x70ddb4+292f94]\n\tchromedriver!GetHandleVerifier [0x70937d+28e55d]\n\tchromedriver!GetHandleVerifier [0x728215+2ad3f5]\n\tchromedriver!GetHandleVerifier [0x4a4c18+29df8]\n\tchromedriver!GetHandleVerifier [0x4ac6fd+318dd]\n\tchromedriver!GetHandleVerifier [0x493c78+18e58]\n\tchromedriver!GetHandleVerifier [0x493e42+19022]\n\tchromedriver!GetHandleVerifier [0x47d45f+263f]\n\tKERNEL32!BaseThreadInitThunk [0x75aafcc9+19]\n\tntdll!RtlGetAppContainerNamedObjectPath [0x779982ae+11e]\n\tntdll!RtlGetAppContainerNamedObjectPath [0x7799827e+ee]\n"}} | headers=HTTPHeaderDict({'Content-Length': '1255', 'Content-Type': 'application/json; charset=utf-8', 'cache-control': 'no-cache'})
00:29:51 [DEBUG] selenium.webdriver.remote.remote_connection — Finished Request
00:29:51 [DEBUG] selenium.webdriver.remote.remote_connection — POST http://localhost:57787/session/aecd8cd2d436d918803a57a3376d50f2/element {'using': 'css selector', 'value': 'button#wt-cli-accept-all-btn'}
00:29:51 [DEBUG] urllib3.connectionpool — http://localhost:57787 "POST /session/aecd8cd2d436d918803a57a3376d50f2/element HTTP/1.1" 404 0
00:29:51 [DEBUG] selenium.webdriver.remote.remote_connection — Remote response: status=404 | data={"value":{"error":"no such element","message":"no such element: Unable to locate element: {\"method\":\"css selector\",\"selector\":\"button#wt-cli-accept-all-btn\"}\n  (Session info: chrome=147.0.7727.117)","stacktrace":"\tchromedriver!GetHandleVerifier [0x48b373+10553]\n\tchromedriver!GetHandleVerifier [0x48b4a4+10684]\n\tchromedriver!(No symbol) [0x291e10]\n\tchromedriver!(No symbol) [0x2da9da]\n\tchromedriver!(No symbol) [0x2dac7b]\n\tchromedriver!(No symbol) [0x31d162]\n\tchromedriver!(No symbol) [0x2fd8b4]\n\tchromedriver!(No symbol) [0x31aa36]\n\tchromedriver!(No symbol) [0x2fd606]\n\tchromedriver!(No symbol) [0x2d0039]\n\tchromedriver!(No symbol) [0x2d0df4]\n\tchromedriver!GetHandleVerifier [0x70ddb4+292f94]\n\tchromedriver!GetHandleVerifier [0x70937d+28e55d]\n\tchromedriver!GetHandleVerifier [0x728215+2ad3f5]\n\tchromedriver!GetHandleVerifier [0x4a4c18+29df8]\n\tchromedriver!GetHandleVerifier [0x4ac6fd+318dd]\n\tchromedriver!GetHandleVerifier [0x493c78+18e58]\n\tchromedriver!GetHandleVerifier [0x493e42+19022]\n\tchromedriver!GetHandleVerifier [0x47d45f+263f]\n\tKERNEL32!BaseThreadInitThunk [0x75aafcc9+19]\n\tntdll!RtlGetAppContainerNamedObjectPath [0x779982ae+11e]\n\tntdll!RtlGetAppContainerNamedObjectPath [0x7799827e+ee]\n"}} | headers=HTTPHeaderDict({'Content-Length': '1255', 'Content-Type': 'application/json; charset=utf-8', 'cache-control': 'no-cache'})
00:29:51 [DEBUG] selenium.webdriver.remote.remote_connection — Finished Request
00:29:52 [DEBUG] selenium.webdriver.remote.remote_connection — POST http://localhost:57787/session/aecd8cd2d436d918803a57a3376d50f2/element {'using': 'css selector', 'value': 'button#wt-cli-accept-all-btn'}
00:29:52 [DEBUG] urllib3.connectionpool — http://localhost:57787 "POST /session/aecd8cd2d436d918803a57a3376d50f2/element HTTP/1.1" 404 0
00:29:52 [DEBUG] selenium.webdriver.remote.remote_connection — Remote response: status=404 | data={"value":{"error":"no such element","message":"no such element: Unable to locate element: {\"method\":\"css selector\",\"selector\":\"button#wt-cli-accept-all-btn\"}\n  (Session info: chrome=147.0.7727.117)","stacktrace":"\tchromedriver!GetHandleVerifier [0x48b373+10553]\n\tchromedriver!GetHandleVerifier [0x48b4a4+10684]\n\tchromedriver!(No symbol) [0x291e10]\n\tchromedriver!(No symbol) [0x2da9da]\n\tchromedriver!(No symbol) [0x2dac7b]\n\tchromedriver!(No symbol) [0x31d162]\n\tchromedriver!(No symbol) [0x2fd8b4]\n\tchromedriver!(No symbol) [0x31aa36]\n\tchromedriver!(No symbol) [0x2fd606]\n\tchromedriver!(No symbol) [0x2d0039]\n\tchromedriver!(No symbol) [0x2d0df4]\n\tchromedriver!GetHandleVerifier [0x70ddb4+292f94]\n\tchromedriver!GetHandleVerifier [0x70937d+28e55d]\n\tchromedriver!GetHandleVerifier [0x728215+2ad3f5]\n\tchromedriver!GetHandleVerifier [0x4a4c18+29df8]\n\tchromedriver!GetHandleVerifier [0x4ac6fd+318dd]\n\tchromedriver!GetHandleVerifier [0x493c78+18e58]\n\tchromedriver!GetHandleVerifier [0x493e42+19022]\n\tchromedriver!GetHandleVerifier [0x47d45f+263f]\n\tKERNEL32!BaseThreadInitThunk [0x75aafcc9+19]\n\tntdll!RtlGetAppContainerNamedObjectPath [0x779982ae+11e]\n\tntdll!RtlGetAppContainerNamedObjectPath [0x7799827e+ee]\n"}} | headers=HTTPHeaderDict({'Content-Length': '1255', 'Content-Type': 'application/json; charset=utf-8', 'cache-control': 'no-cache'})
00:29:52 [DEBUG] selenium.webdriver.remote.remote_connection — Finished Request
00:29:52 [DEBUG] selenium.webdriver.remote.remote_connection — POST http://localhost:57787/session/aecd8cd2d436d918803a57a3376d50f2/element {'using': 'css selector', 'value': 'button#wt-cli-accept-all-btn'}
00:29:52 [DEBUG] urllib3.connectionpool — http://localhost:57787 "POST /session/aecd8cd2d436d918803a57a3376d50f2/element HTTP/1.1" 404 0
00:29:52 [DEBUG] selenium.webdriver.remote.remote_connection — Remote response: status=404 | data={"value":{"error":"no such element","message":"no such element: Unable to locate element: {\"method\":\"css selector\",\"selector\":\"button#wt-cli-accept-all-btn\"}\n  (Session info: chrome=147.0.7727.117)","stacktrace":"\tchromedriver!GetHandleVerifier [0x48b373+10553]\n\tchromedriver!GetHandleVerifier [0x48b4a4+10684]\n\tchromedriver!(No symbol) [0x291e10]\n\tchromedriver!(No symbol) [0x2da9da]\n\tchromedriver!(No symbol) [0x2dac7b]\n\tchromedriver!(No symbol) [0x31d162]\n\tchromedriver!(No symbol) [0x2fd8b4]\n\tchromedriver!(No symbol) [0x31aa36]\n\tchromedriver!(No symbol) [0x2fd606]\n\tchromedriver!(No symbol) [0x2d0039]\n\tchromedriver!(No symbol) [0x2d0df4]\n\tchromedriver!GetHandleVerifier [0x70ddb4+292f94]\n\tchromedriver!GetHandleVerifier [0x70937d+28e55d]\n\tchromedriver!GetHandleVerifier [0x728215+2ad3f5]\n\tchromedriver!GetHandleVerifier [0x4a4c18+29df8]\n\tchromedriver!GetHandleVerifier [0x4ac6fd+318dd]\n\tchromedriver!GetHandleVerifier [0x493c78+18e58]\n\tchromedriver!GetHandleVerifier [0x493e42+19022]\n\tchromedriver!GetHandleVerifier [0x47d45f+263f]\n\tKERNEL32!BaseThreadInitThunk [0x75aafcc9+19]\n\tntdll!RtlGetAppContainerNamedObjectPath [0x779982ae+11e]\n\tntdll!RtlGetAppContainerNamedObjectPath [0x7799827e+ee]\n"}} | headers=HTTPHeaderDict({'Content-Length': '1255', 'Content-Type': 'application/json; charset=utf-8', 'cache-control': 'no-cache'})
00:29:52 [DEBUG] selenium.webdriver.remote.remote_connection — Finished Request
00:29:53 [DEBUG] selenium.webdriver.remote.remote_connection — POST http://localhost:57787/session/aecd8cd2d436d918803a57a3376d50f2/element {'using': 'css selector', 'value': 'button#wt-cli-accept-all-btn'}
00:29:53 [DEBUG] urllib3.connectionpool — http://localhost:57787 "POST /session/aecd8cd2d436d918803a57a3376d50f2/element HTTP/1.1" 404 0
00:29:53 [DEBUG] selenium.webdriver.remote.remote_connection — Remote response: status=404 | data={"value":{"error":"no such element","message":"no such element: Unable to locate element: {\"method\":\"css selector\",\"selector\":\"button#wt-cli-accept-all-btn\"}\n  (Session info: chrome=147.0.7727.117)","stacktrace":"\tchromedriver!GetHandleVerifier [0x48b373+10553]\n\tchromedriver!GetHandleVerifier [0x48b4a4+10684]\n\tchromedriver!(No symbol) [0x291e10]\n\tchromedriver!(No symbol) [0x2da9da]\n\tchromedriver!(No symbol) [0x2dac7b]\n\tchromedriver!(No symbol) [0x31d162]\n\tchromedriver!(No symbol) [0x2fd8b4]\n\tchromedriver!(No symbol) [0x31aa36]\n\tchromedriver!(No symbol) [0x2fd606]\n\tchromedriver!(No symbol) [0x2d0039]\n\tchromedriver!(No symbol) [0x2d0df4]\n\tchromedriver!GetHandleVerifier [0x70ddb4+292f94]\n\tchromedriver!GetHandleVerifier [0x70937d+28e55d]\n\tchromedriver!GetHandleVerifier [0x728215+2ad3f5]\n\tchromedriver!GetHandleVerifier [0x4a4c18+29df8]\n\tchromedriver!GetHandleVerifier [0x4ac6fd+318dd]\n\tchromedriver!GetHandleVerifier [0x493c78+18e58]\n\tchromedriver!GetHandleVerifier [0x493e42+19022]\n\tchromedriver!GetHandleVerifier [0x47d45f+263f]\n\tKERNEL32!BaseThreadInitThunk [0x75aafcc9+19]\n\tntdll!RtlGetAppContainerNamedObjectPath [0x779982ae+11e]\n\tntdll!RtlGetAppContainerNamedObjectPath [0x7799827e+ee]\n"}} | headers=HTTPHeaderDict({'Content-Length': '1255', 'Content-Type': 'application/json; charset=utf-8', 'cache-control': 'no-cache'})
00:29:53 [DEBUG] selenium.webdriver.remote.remote_connection — Finished Request
00:29:53 [DEBUG] selenium.webdriver.remote.remote_connection — POST http://localhost:57787/session/aecd8cd2d436d918803a57a3376d50f2/element {'using': 'css selector', 'value': '[id="wt-cli-accept-all-btn"]'}
00:29:53 [DEBUG] urllib3.connectionpool — http://localhost:57787 "POST /session/aecd8cd2d436d918803a57a3376d50f2/element HTTP/1.1" 200 0
00:29:53 [DEBUG] selenium.webdriver.remote.remote_connection — Remote response: status=200 | data={"value":{"element-6066-11e4-a52e-4f735466cecf":"f.DB8ADB7B39419EC651A45B4C0D0839FA.d.A63C370C736C6E1488877A77B71602C7.e.6114"}} | headers=HTTPHeaderDict({'Content-Length': '128', 'Content-Type': 'application/json; charset=utf-8', 'cache-control': 'no-cache'})
00:29:53 [DEBUG] selenium.webdriver.remote.remote_connection — Finished Request
00:29:53 [DEBUG] selenium.webdriver.remote.remote_connection — POST http://localhost:57787/session/aecd8cd2d436d918803a57a3376d50f2/execute/sync {'script': '/* isDisplayed */return (function(){return (function(){var g=this||self;\nfunction aa(a){var b=typeof...', 'args': [{'element-6066-11e4-a52e-4f735466cecf': 'f.DB8ADB7B39419EC651A45B4C0D0839FA.d.A63C370C736C6E1488877A77B71602C7.e.6114'}]}
00:29:53 [DEBUG] urllib3.connectionpool — http://localhost:57787 "POST /session/aecd8cd2d436d918803a57a3376d50f2/execute/sync HTTP/1.1" 200 0
00:29:53 [DEBUG] selenium.webdriver.remote.remote_connection — Remote response: status=200 | data={"value":false} | headers=HTTPHeaderDict({'Content-Length': '15', 'Content-Type': 'application/json; charset=utf-8', 'cache-control': 'no-cache'})
00:29:53 [DEBUG] selenium.webdriver.remote.remote_connection — Finished Request
00:29:54 [DEBUG] selenium.webdriver.remote.remote_connection — POST http://localhost:57787/session/aecd8cd2d436d918803a57a3376d50f2/element {'using': 'css selector', 'value': '[id="wt-cli-accept-all-btn"]'}
00:29:54 [DEBUG] urllib3.connectionpool — http://localhost:57787 "POST /session/aecd8cd2d436d918803a57a3376d50f2/element HTTP/1.1" 200 0
00:29:54 [DEBUG] selenium.webdriver.remote.remote_connection — Remote response: status=200 | data={"value":{"element-6066-11e4-a52e-4f735466cecf":"f.DB8ADB7B39419EC651A45B4C0D0839FA.d.A63C370C736C6E1488877A77B71602C7.e.6114"}} | headers=HTTPHeaderDict({'Content-Length': '128', 'Content-Type': 'application/json; charset=utf-8', 'cache-control': 'no-cache'})
00:29:54 [DEBUG] selenium.webdriver.remote.remote_connection — Finished Request
00:29:54 [DEBUG] selenium.webdriver.remote.remote_connection — POST http://localhost:57787/session/aecd8cd2d436d918803a57a3376d50f2/execute/sync {'script': '/* isDisplayed */return (function(){return (function(){var g=this||self;\nfunction aa(a){var b=typeof...', 'args': [{'element-6066-11e4-a52e-4f735466cecf': 'f.DB8ADB7B39419EC651A45B4C0D0839FA.d.A63C370C736C6E1488877A77B71602C7.e.6114'}]}
00:29:54 [DEBUG] urllib3.connectionpool — http://localhost:57787 "POST /session/aecd8cd2d436d918803a57a3376d50f2/execute/sync HTTP/1.1" 200 0
00:29:54 [DEBUG] selenium.webdriver.remote.remote_connection — Remote response: status=200 | data={"value":false} | headers=HTTPHeaderDict({'Content-Length': '15', 'Content-Type': 'application/json; charset=utf-8', 'cache-control': 'no-cache'})
00:29:54 [DEBUG] selenium.webdriver.remote.remote_connection — Finished Request
00:29:54 [DEBUG] selenium.webdriver.remote.remote_connection — POST http://localhost:57787/session/aecd8cd2d436d918803a57a3376d50f2/element {'using': 'css selector', 'value': '[id="wt-cli-accept-all-btn"]'}
00:29:54 [DEBUG] urllib3.connectionpool — http://localhost:57787 "POST /session/aecd8cd2d436d918803a57a3376d50f2/element HTTP/1.1" 200 0
00:29:54 [DEBUG] selenium.webdriver.remote.remote_connection — Remote response: status=200 | data={"value":{"element-6066-11e4-a52e-4f735466cecf":"f.DB8ADB7B39419EC651A45B4C0D0839FA.d.A63C370C736C6E1488877A77B71602C7.e.6114"}} | headers=HTTPHeaderDict({'Content-Length': '128', 'Content-Type': 'application/json; charset=utf-8', 'cache-control': 'no-cache'})
00:29:54 [DEBUG] selenium.webdriver.remote.remote_connection — Finished Request
00:29:54 [DEBUG] selenium.webdriver.remote.remote_connection — POST http://localhost:57787/session/aecd8cd2d436d918803a57a3376d50f2/execute/sync {'script': '/* isDisplayed */return (function(){return (function(){var g=this||self;\nfunction aa(a){var b=typeof...', 'args': [{'element-6066-11e4-a52e-4f735466cecf': 'f.DB8ADB7B39419EC651A45B4C0D0839FA.d.A63C370C736C6E1488877A77B71602C7.e.6114'}]}
00:29:54 [DEBUG] urllib3.connectionpool — http://localhost:57787 "POST /session/aecd8cd2d436d918803a57a3376d50f2/execute/sync HTTP/1.1" 200 0
00:29:54 [DEBUG] selenium.webdriver.remote.remote_connection — Remote response: status=200 | data={"value":false} | headers=HTTPHeaderDict({'Content-Length': '15', 'Content-Type': 'application/json; charset=utf-8', 'cache-control': 'no-cache'})
00:29:54 [DEBUG] selenium.webdriver.remote.remote_connection — Finished Request
00:29:55 [DEBUG] selenium.webdriver.remote.remote_connection — POST http://localhost:57787/session/aecd8cd2d436d918803a57a3376d50f2/element {'using': 'css selector', 'value': '[id="wt-cli-accept-all-btn"]'}
00:29:55 [DEBUG] urllib3.connectionpool — http://localhost:57787 "POST /session/aecd8cd2d436d918803a57a3376d50f2/element HTTP/1.1" 200 0
00:29:55 [DEBUG] selenium.webdriver.remote.remote_connection — Remote response: status=200 | data={"value":{"element-6066-11e4-a52e-4f735466cecf":"f.DB8ADB7B39419EC651A45B4C0D0839FA.d.A63C370C736C6E1488877A77B71602C7.e.6114"}} | headers=HTTPHeaderDict({'Content-Length': '128', 'Content-Type': 'application/json; charset=utf-8', 'cache-control': 'no-cache'})
00:29:55 [DEBUG] selenium.webdriver.remote.remote_connection — Finished Request
00:29:55 [DEBUG] selenium.webdriver.remote.remote_connection — POST http://localhost:57787/session/aecd8cd2d436d918803a57a3376d50f2/execute/sync {'script': '/* isDisplayed */return (function(){return (function(){var g=this||self;\nfunction aa(a){var b=typeof...', 'args': [{'element-6066-11e4-a52e-4f735466cecf': 'f.DB8ADB7B39419EC651A45B4C0D0839FA.d.A63C370C736C6E1488877A77B71602C7.e.6114'}]}
00:29:55 [DEBUG] urllib3.connectionpool — http://localhost:57787 "POST /session/aecd8cd2d436d918803a57a3376d50f2/execute/sync HTTP/1.1" 200 0
00:29:55 [DEBUG] selenium.webdriver.remote.remote_connection — Remote response: status=200 | data={"value":false} | headers=HTTPHeaderDict({'Content-Length': '15', 'Content-Type': 'application/json; charset=utf-8', 'cache-control': 'no-cache'})
00:29:55 [DEBUG] selenium.webdriver.remote.remote_connection — Finished Request
00:29:55 [DEBUG] selenium.webdriver.remote.remote_connection — POST http://localhost:57787/session/aecd8cd2d436d918803a57a3376d50f2/element {'using': 'css selector', 'value': '[id="wt-cli-accept-all-btn"]'}
00:29:55 [DEBUG] urllib3.connectionpool — http://localhost:57787 "POST /session/aecd8cd2d436d918803a57a3376d50f2/element HTTP/1.1" 200 0
00:29:55 [DEBUG] selenium.webdriver.remote.remote_connection — Remote response: status=200 | data={"value":{"element-6066-11e4-a52e-4f735466cecf":"f.DB8ADB7B39419EC651A45B4C0D0839FA.d.A63C370C736C6E1488877A77B71602C7.e.6114"}} | headers=HTTPHeaderDict({'Content-Length': '128', 'Content-Type': 'application/json; charset=utf-8', 'cache-control': 'no-cache'})
00:29:55 [DEBUG] selenium.webdriver.remote.remote_connection — Finished Request
00:29:55 [DEBUG] selenium.webdriver.remote.remote_connection — POST http://localhost:57787/session/aecd8cd2d436d918803a57a3376d50f2/execute/sync {'script': '/* isDisplayed */return (function(){return (function(){var g=this||self;\nfunction aa(a){var b=typeof...', 'args': [{'element-6066-11e4-a52e-4f735466cecf': 'f.DB8ADB7B39419EC651A45B4C0D0839FA.d.A63C370C736C6E1488877A77B71602C7.e.6114'}]}
00:29:55 [DEBUG] urllib3.connectionpool — http://localhost:57787 "POST /session/aecd8cd2d436d918803a57a3376d50f2/execute/sync HTTP/1.1" 200 0
00:29:55 [DEBUG] selenium.webdriver.remote.remote_connection — Remote response: status=200 | data={"value":false} | headers=HTTPHeaderDict({'Content-Length': '15', 'Content-Type': 'application/json; charset=utf-8', 'cache-control': 'no-cache'})
00:29:55 [DEBUG] selenium.webdriver.remote.remote_connection — Finished Request
00:29:56 [DEBUG] selenium.webdriver.remote.remote_connection — POST http://localhost:57787/session/aecd8cd2d436d918803a57a3376d50f2/element {'using': 'css selector', 'value': '[id="wt-cli-accept-all-btn"]'}
00:29:56 [DEBUG] urllib3.connectionpool — http://localhost:57787 "POST /session/aecd8cd2d436d918803a57a3376d50f2/element HTTP/1.1" 200 0
00:29:56 [DEBUG] selenium.webdriver.remote.remote_connection — Remote response: status=200 | data={"value":{"element-6066-11e4-a52e-4f735466cecf":"f.DB8ADB7B39419EC651A45B4C0D0839FA.d.A63C370C736C6E1488877A77B71602C7.e.6114"}} | headers=HTTPHeaderDict({'Content-Length': '128', 'Content-Type': 'application/json; charset=utf-8', 'cache-control': 'no-cache'})
00:29:56 [DEBUG] selenium.webdriver.remote.remote_connection — Finished Request
00:29:56 [DEBUG] selenium.webdriver.remote.remote_connection — POST http://localhost:57787/session/aecd8cd2d436d918803a57a3376d50f2/execute/sync {'script': '/* isDisplayed */return (function(){return (function(){var g=this||self;\nfunction aa(a){var b=typeof...', 'args': [{'element-6066-11e4-a52e-4f735466cecf': 'f.DB8ADB7B39419EC651A45B4C0D0839FA.d.A63C370C736C6E1488877A77B71602C7.e.6114'}]}
00:29:56 [DEBUG] urllib3.connectionpool — http://localhost:57787 "POST /session/aecd8cd2d436d918803a57a3376d50f2/execute/sync HTTP/1.1" 200 0
00:29:56 [DEBUG] selenium.webdriver.remote.remote_connection — Remote response: status=200 | data={"value":false} | headers=HTTPHeaderDict({'Content-Length': '15', 'Content-Type': 'application/json; charset=utf-8', 'cache-control': 'no-cache'})
00:29:56 [DEBUG] selenium.webdriver.remote.remote_connection — Finished Request
00:29:56 [DEBUG] selenium.webdriver.remote.remote_connection — POST http://localhost:57787/session/aecd8cd2d436d918803a57a3376d50f2/element {'using': 'xpath', 'value': "//button[contains(text(), 'Accept All')]"}
00:29:56 [DEBUG] urllib3.connectionpool — http://localhost:57787 "POST /session/aecd8cd2d436d918803a57a3376d50f2/element HTTP/1.1" 404 0
00:29:56 [DEBUG] selenium.webdriver.remote.remote_connection — Remote response: status=404 | data={"value":{"error":"no such element","message":"no such element: Unable to locate element: {\"method\":\"xpath\",\"selector\":\"//button[contains(text(), 'Accept All')]\"}\n  (Session info: chrome=147.0.7727.117)","stacktrace":"\tchromedriver!GetHandleVerifier [0x48b373+10553]\n\tchromedriver!GetHandleVerifier [0x48b4a4+10684]\n\tchromedriver!(No symbol) [0x291e10]\n\tchromedriver!(No symbol) [0x2da9da]\n\tchromedriver!(No symbol) [0x2dac7b]\n\tchromedriver!(No symbol) [0x31d162]\n\tchromedriver!(No symbol) [0x2fd8b4]\n\tchromedriver!(No symbol) [0x31aa36]\n\tchromedriver!(No symbol) [0x2fd606]\n\tchromedriver!(No symbol) [0x2d0039]\n\tchromedriver!(No symbol) [0x2d0df4]\n\tchromedriver!GetHandleVerifier [0x70ddb4+292f94]\n\tchromedriver!GetHandleVerifier [0x70937d+28e55d]\n\tchromedriver!GetHandleVerifier [0x728215+2ad3f5]\n\tchromedriver!GetHandleVerifier [0x4a4c18+29df8]\n\tchromedriver!GetHandleVerifier [0x4ac6fd+318dd]\n\tchromedriver!GetHandleVerifier [0x493c78+18e58]\n\tchromedriver!GetHandleVerifier [0x493e42+19022]\n\tchromedriver!GetHandleVerifier [0x47d45f+263f]\n\tKERNEL32!BaseThreadInitThunk [0x75aafcc9+19]\n\tntdll!RtlGetAppContainerNamedObjectPath [0x779982ae+11e]\n\tntdll!RtlGetAppContainerNamedObjectPath [0x7799827e+ee]\n"}} | headers=HTTPHeaderDict({'Content-Length': '1260', 'Content-Type': 'application/json; charset=utf-8', 'cache-control': 'no-cache'})
00:29:56 [DEBUG] selenium.webdriver.remote.remote_connection — Finished Request
00:29:57 [DEBUG] selenium.webdriver.remote.remote_connection — POST http://localhost:57787/session/aecd8cd2d436d918803a57a3376d50f2/element {'using': 'xpath', 'value': "//button[contains(text(), 'Accept All')]"}
00:29:57 [DEBUG] urllib3.connectionpool — http://localhost:57787 "POST /session/aecd8cd2d436d918803a57a3376d50f2/element HTTP/1.1" 404 0
00:29:57 [DEBUG] selenium.webdriver.remote.remote_connection — Remote response: status=404 | data={"value":{"error":"no such element","message":"no such element: Unable to locate element: {\"method\":\"xpath\",\"selector\":\"//button[contains(text(), 'Accept All')]\"}\n  (Session info: chrome=147.0.7727.117)","stacktrace":"\tchromedriver!GetHandleVerifier [0x48b373+10553]\n\tchromedriver!GetHandleVerifier [0x48b4a4+10684]\n\tchromedriver!(No symbol) [0x291e10]\n\tchromedriver!(No symbol) [0x2da9da]\n\tchromedriver!(No symbol) [0x2dac7b]\n\tchromedriver!(No symbol) [0x31d162]\n\tchromedriver!(No symbol) [0x2fd8b4]\n\tchromedriver!(No symbol) [0x31aa36]\n\tchromedriver!(No symbol) [0x2fd606]\n\tchromedriver!(No symbol) [0x2d0039]\n\tchromedriver!(No symbol) [0x2d0df4]\n\tchromedriver!GetHandleVerifier [0x70ddb4+292f94]\n\tchromedriver!GetHandleVerifier [0x70937d+28e55d]\n\tchromedriver!GetHandleVerifier [0x728215+2ad3f5]\n\tchromedriver!GetHandleVerifier [0x4a4c18+29df8]\n\tchromedriver!GetHandleVerifier [0x4ac6fd+318dd]\n\tchromedriver!GetHandleVerifier [0x493c78+18e58]\n\tchromedriver!GetHandleVerifier [0x493e42+19022]\n\tchromedriver!GetHandleVerifier [0x47d45f+263f]\n\tKERNEL32!BaseThreadInitThunk [0x75aafcc9+19]\n\tntdll!RtlGetAppContainerNamedObjectPath [0x779982ae+11e]\n\tntdll!RtlGetAppContainerNamedObjectPath [0x7799827e+ee]\n"}} | headers=HTTPHeaderDict({'Content-Length': '1260', 'Content-Type': 'application/json; charset=utf-8', 'cache-control': 'no-cache'})
00:29:57 [DEBUG] selenium.webdriver.remote.remote_connection — Finished Request
00:29:57 [DEBUG] selenium.webdriver.remote.remote_connection — POST http://localhost:57787/session/aecd8cd2d436d918803a57a3376d50f2/element {'using': 'xpath', 'value': "//button[contains(text(), 'Accept All')]"}
00:29:57 [DEBUG] urllib3.connectionpool — http://localhost:57787 "POST /session/aecd8cd2d436d918803a57a3376d50f2/element HTTP/1.1" 404 0
00:29:57 [DEBUG] selenium.webdriver.remote.remote_connection — Remote response: status=404 | data={"value":{"error":"no such element","message":"no such element: Unable to locate element: {\"method\":\"xpath\",\"selector\":\"//button[contains(text(), 'Accept All')]\"}\n  (Session info: chrome=147.0.7727.117)","stacktrace":"\tchromedriver!GetHandleVerifier [0x48b373+10553]\n\tchromedriver!GetHandleVerifier [0x48b4a4+10684]\n\tchromedriver!(No symbol) [0x291e10]\n\tchromedriver!(No symbol) [0x2da9da]\n\tchromedriver!(No symbol) [0x2dac7b]\n\tchromedriver!(No symbol) [0x31d162]\n\tchromedriver!(No symbol) [0x2fd8b4]\n\tchromedriver!(No symbol) [0x31aa36]\n\tchromedriver!(No symbol) [0x2fd606]\n\tchromedriver!(No symbol) [0x2d0039]\n\tchromedriver!(No symbol) [0x2d0df4]\n\tchromedriver!GetHandleVerifier [0x70ddb4+292f94]\n\tchromedriver!GetHandleVerifier [0x70937d+28e55d]\n\tchromedriver!GetHandleVerifier [0x728215+2ad3f5]\n\tchromedriver!GetHandleVerifier [0x4a4c18+29df8]\n\tchromedriver!GetHandleVerifier [0x4ac6fd+318dd]\n\tchromedriver!GetHandleVerifier [0x493c78+18e58]\n\tchromedriver!GetHandleVerifier [0x493e42+19022]\n\tchromedriver!GetHandleVerifier [0x47d45f+263f]\n\tKERNEL32!BaseThreadInitThunk [0x75aafcc9+19]\n\tntdll!RtlGetAppContainerNamedObjectPath [0x779982ae+11e]\n\tntdll!RtlGetAppContainerNamedObjectPath [0x7799827e+ee]\n"}} | headers=HTTPHeaderDict({'Content-Length': '1260', 'Content-Type': 'application/json; charset=utf-8', 'cache-control': 'no-cache'})
00:29:57 [DEBUG] selenium.webdriver.remote.remote_connection — Finished Request
00:29:58 [DEBUG] selenium.webdriver.remote.remote_connection — POST http://localhost:57787/session/aecd8cd2d436d918803a57a3376d50f2/element {'using': 'xpath', 'value': "//button[contains(text(), 'Accept All')]"}
00:29:58 [DEBUG] urllib3.connectionpool — http://localhost:57787 "POST /session/aecd8cd2d436d918803a57a3376d50f2/element HTTP/1.1" 404 0
00:29:58 [DEBUG] selenium.webdriver.remote.remote_connection — Remote response: status=404 | data={"value":{"error":"no such element","message":"no such element: Unable to locate element: {\"method\":\"xpath\",\"selector\":\"//button[contains(text(), 'Accept All')]\"}\n  (Session info: chrome=147.0.7727.117)","stacktrace":"\tchromedriver!GetHandleVerifier [0x48b373+10553]\n\tchromedriver!GetHandleVerifier [0x48b4a4+10684]\n\tchromedriver!(No symbol) [0x291e10]\n\tchromedriver!(No symbol) [0x2da9da]\n\tchromedriver!(No symbol) [0x2dac7b]\n\tchromedriver!(No symbol) [0x31d162]\n\tchromedriver!(No symbol) [0x2fd8b4]\n\tchromedriver!(No symbol) [0x31aa36]\n\tchromedriver!(No symbol) [0x2fd606]\n\tchromedriver!(No symbol) [0x2d0039]\n\tchromedriver!(No symbol) [0x2d0df4]\n\tchromedriver!GetHandleVerifier [0x70ddb4+292f94]\n\tchromedriver!GetHandleVerifier [0x70937d+28e55d]\n\tchromedriver!GetHandleVerifier [0x728215+2ad3f5]\n\tchromedriver!GetHandleVerifier [0x4a4c18+29df8]\n\tchromedriver!GetHandleVerifier [0x4ac6fd+318dd]\n\tchromedriver!GetHandleVerifier [0x493c78+18e58]\n\tchromedriver!GetHandleVerifier [0x493e42+19022]\n\tchromedriver!GetHandleVerifier [0x47d45f+263f]\n\tKERNEL32!BaseThreadInitThunk [0x75aafcc9+19]\n\tntdll!RtlGetAppContainerNamedObjectPath [0x779982ae+11e]\n\tntdll!RtlGetAppContainerNamedObjectPath [0x7799827e+ee]\n"}} | headers=HTTPHeaderDict({'Content-Length': '1260', 'Content-Type': 'application/json; charset=utf-8', 'cache-control': 'no-cache'})
00:29:58 [DEBUG] selenium.webdriver.remote.remote_connection — Finished Request
00:29:58 [DEBUG] selenium.webdriver.remote.remote_connection — POST http://localhost:57787/session/aecd8cd2d436d918803a57a3376d50f2/element {'using': 'xpath', 'value': "//button[contains(text(), 'Accept All')]"}
00:29:58 [DEBUG] urllib3.connectionpool — http://localhost:57787 "POST /session/aecd8cd2d436d918803a57a3376d50f2/element HTTP/1.1" 404 0
00:29:58 [DEBUG] selenium.webdriver.remote.remote_connection — Remote response: status=404 | data={"value":{"error":"no such element","message":"no such element: Unable to locate element: {\"method\":\"xpath\",\"selector\":\"//button[contains(text(), 'Accept All')]\"}\n  (Session info: chrome=147.0.7727.117)","stacktrace":"\tchromedriver!GetHandleVerifier [0x48b373+10553]\n\tchromedriver!GetHandleVerifier [0x48b4a4+10684]\n\tchromedriver!(No symbol) [0x291e10]\n\tchromedriver!(No symbol) [0x2da9da]\n\tchromedriver!(No symbol) [0x2dac7b]\n\tchromedriver!(No symbol) [0x31d162]\n\tchromedriver!(No symbol) [0x2fd8b4]\n\tchromedriver!(No symbol) [0x31aa36]\n\tchromedriver!(No symbol) [0x2fd606]\n\tchromedriver!(No symbol) [0x2d0039]\n\tchromedriver!(No symbol) [0x2d0df4]\n\tchromedriver!GetHandleVerifier [0x70ddb4+292f94]\n\tchromedriver!GetHandleVerifier [0x70937d+28e55d]\n\tchromedriver!GetHandleVerifier [0x728215+2ad3f5]\n\tchromedriver!GetHandleVerifier [0x4a4c18+29df8]\n\tchromedriver!GetHandleVerifier [0x4ac6fd+318dd]\n\tchromedriver!GetHandleVerifier [0x493c78+18e58]\n\tchromedriver!GetHandleVerifier [0x493e42+19022]\n\tchromedriver!GetHandleVerifier [0x47d45f+263f]\n\tKERNEL32!BaseThreadInitThunk [0x75aafcc9+19]\n\tntdll!RtlGetAppContainerNamedObjectPath [0x779982ae+11e]\n\tntdll!RtlGetAppContainerNamedObjectPath [0x7799827e+ee]\n"}} | headers=HTTPHeaderDict({'Content-Length': '1260', 'Content-Type': 'application/json; charset=utf-8', 'cache-control': 'no-cache'})
00:29:58 [DEBUG] selenium.webdriver.remote.remote_connection — Finished Request
00:29:59 [DEBUG] selenium.webdriver.remote.remote_connection — POST http://localhost:57787/session/aecd8cd2d436d918803a57a3376d50f2/element {'using': 'xpath', 'value': "//button[contains(text(), 'Accept All')]"}
00:29:59 [DEBUG] urllib3.connectionpool — http://localhost:57787 "POST /session/aecd8cd2d436d918803a57a3376d50f2/element HTTP/1.1" 404 0
00:29:59 [DEBUG] selenium.webdriver.remote.remote_connection — Remote response: status=404 | data={"value":{"error":"no such element","message":"no such element: Unable to locate element: {\"method\":\"xpath\",\"selector\":\"//button[contains(text(), 'Accept All')]\"}\n  (Session info: chrome=147.0.7727.117)","stacktrace":"\tchromedriver!GetHandleVerifier [0x48b373+10553]\n\tchromedriver!GetHandleVerifier [0x48b4a4+10684]\n\tchromedriver!(No symbol) [0x291e10]\n\tchromedriver!(No symbol) [0x2da9da]\n\tchromedriver!(No symbol) [0x2dac7b]\n\tchromedriver!(No symbol) [0x31d162]\n\tchromedriver!(No symbol) [0x2fd8b4]\n\tchromedriver!(No symbol) [0x31aa36]\n\tchromedriver!(No symbol) [0x2fd606]\n\tchromedriver!(No symbol) [0x2d0039]\n\tchromedriver!(No symbol) [0x2d0df4]\n\tchromedriver!GetHandleVerifier [0x70ddb4+292f94]\n\tchromedriver!GetHandleVerifier [0x70937d+28e55d]\n\tchromedriver!GetHandleVerifier [0x728215+2ad3f5]\n\tchromedriver!GetHandleVerifier [0x4a4c18+29df8]\n\tchromedriver!GetHandleVerifier [0x4ac6fd+318dd]\n\tchromedriver!GetHandleVerifier [0x493c78+18e58]\n\tchromedriver!GetHandleVerifier [0x493e42+19022]\n\tchromedriver!GetHandleVerifier [0x47d45f+263f]\n\tKERNEL32!BaseThreadInitThunk [0x75aafcc9+19]\n\tntdll!RtlGetAppContainerNamedObjectPath [0x779982ae+11e]\n\tntdll!RtlGetAppContainerNamedObjectPath [0x7799827e+ee]\n"}} | headers=HTTPHeaderDict({'Content-Length': '1260', 'Content-Type': 'application/json; charset=utf-8', 'cache-control': 'no-cache'})
00:29:59 [DEBUG] selenium.webdriver.remote.remote_connection — Finished Request
00:29:59 [DEBUG] selenium.webdriver.remote.remote_connection — POST http://localhost:57787/session/aecd8cd2d436d918803a57a3376d50f2/element {'using': 'xpath', 'value': "//a[contains(text(), 'Accept All')]"}
00:29:59 [DEBUG] urllib3.connectionpool — http://localhost:57787 "POST /session/aecd8cd2d436d918803a57a3376d50f2/element HTTP/1.1" 200 0
00:29:59 [DEBUG] selenium.webdriver.remote.remote_connection — Remote response: status=200 | data={"value":{"element-6066-11e4-a52e-4f735466cecf":"f.DB8ADB7B39419EC651A45B4C0D0839FA.d.A63C370C736C6E1488877A77B71602C7.e.6114"}} | headers=HTTPHeaderDict({'Content-Length': '128', 'Content-Type': 'application/json; charset=utf-8', 'cache-control': 'no-cache'})
00:29:59 [DEBUG] selenium.webdriver.remote.remote_connection — Finished Request
00:29:59 [DEBUG] selenium.webdriver.remote.remote_connection — POST http://localhost:57787/session/aecd8cd2d436d918803a57a3376d50f2/execute/sync {'script': '/* isDisplayed */return (function(){return (function(){var g=this||self;\nfunction aa(a){var b=typeof...', 'args': [{'element-6066-11e4-a52e-4f735466cecf': 'f.DB8ADB7B39419EC651A45B4C0D0839FA.d.A63C370C736C6E1488877A77B71602C7.e.6114'}]}
00:29:59 [DEBUG] urllib3.connectionpool — http://localhost:57787 "POST /session/aecd8cd2d436d918803a57a3376d50f2/execute/sync HTTP/1.1" 200 0
00:29:59 [DEBUG] selenium.webdriver.remote.remote_connection — Remote response: status=200 | data={"value":false} | headers=HTTPHeaderDict({'Content-Length': '15', 'Content-Type': 'application/json; charset=utf-8', 'cache-control': 'no-cache'})
00:29:59 [DEBUG] selenium.webdriver.remote.remote_connection — Finished Request
00:30:00 [DEBUG] selenium.webdriver.remote.remote_connection — POST http://localhost:57787/session/aecd8cd2d436d918803a57a3376d50f2/element {'using': 'xpath', 'value': "//a[contains(text(), 'Accept All')]"}
00:30:00 [DEBUG] urllib3.connectionpool — http://localhost:57787 "POST /session/aecd8cd2d436d918803a57a3376d50f2/element HTTP/1.1" 200 0
00:30:00 [DEBUG] selenium.webdriver.remote.remote_connection — Remote response: status=200 | data={"value":{"element-6066-11e4-a52e-4f735466cecf":"f.DB8ADB7B39419EC651A45B4C0D0839FA.d.A63C370C736C6E1488877A77B71602C7.e.6114"}} | headers=HTTPHeaderDict({'Content-Length': '128', 'Content-Type': 'application/json; charset=utf-8', 'cache-control': 'no-cache'})
00:30:00 [DEBUG] selenium.webdriver.remote.remote_connection — Finished Request
00:30:00 [DEBUG] selenium.webdriver.remote.remote_connection — POST http://localhost:57787/session/aecd8cd2d436d918803a57a3376d50f2/execute/sync {'script': '/* isDisplayed */return (function(){return (function(){var g=this||self;\nfunction aa(a){var b=typeof...', 'args': [{'element-6066-11e4-a52e-4f735466cecf': 'f.DB8ADB7B39419EC651A45B4C0D0839FA.d.A63C370C736C6E1488877A77B71602C7.e.6114'}]}
00:30:00 [DEBUG] urllib3.connectionpool — http://localhost:57787 "POST /session/aecd8cd2d436d918803a57a3376d50f2/execute/sync HTTP/1.1" 200 0
00:30:00 [DEBUG] selenium.webdriver.remote.remote_connection — Remote response: status=200 | data={"value":false} | headers=HTTPHeaderDict({'Content-Length': '15', 'Content-Type': 'application/json; charset=utf-8', 'cache-control': 'no-cache'})
00:30:00 [DEBUG] selenium.webdriver.remote.remote_connection — Finished Request
00:30:01 [DEBUG] selenium.webdriver.remote.remote_connection — POST http://localhost:57787/session/aecd8cd2d436d918803a57a3376d50f2/element {'using': 'xpath', 'value': "//a[contains(text(), 'Accept All')]"}
00:30:01 [DEBUG] urllib3.connectionpool — http://localhost:57787 "POST /session/aecd8cd2d436d918803a57a3376d50f2/element HTTP/1.1" 200 0
00:30:01 [DEBUG] selenium.webdriver.remote.remote_connection — Remote response: status=200 | data={"value":{"element-6066-11e4-a52e-4f735466cecf":"f.DB8ADB7B39419EC651A45B4C0D0839FA.d.A63C370C736C6E1488877A77B71602C7.e.6114"}} | headers=HTTPHeaderDict({'Content-Length': '128', 'Content-Type': 'application/json; charset=utf-8', 'cache-control': 'no-cache'})
00:30:01 [DEBUG] selenium.webdriver.remote.remote_connection — Finished Request
00:30:01 [DEBUG] selenium.webdriver.remote.remote_connection — POST http://localhost:57787/session/aecd8cd2d436d918803a57a3376d50f2/execute/sync {'script': '/* isDisplayed */return (function(){return (function(){var g=this||self;\nfunction aa(a){var b=typeof...', 'args': [{'element-6066-11e4-a52e-4f735466cecf': 'f.DB8ADB7B39419EC651A45B4C0D0839FA.d.A63C370C736C6E1488877A77B71602C7.e.6114'}]}
00:30:01 [DEBUG] urllib3.connectionpool — http://localhost:57787 "POST /session/aecd8cd2d436d918803a57a3376d50f2/execute/sync HTTP/1.1" 200 0
00:30:01 [DEBUG] selenium.webdriver.remote.remote_connection — Remote response: status=200 | data={"value":false} | headers=HTTPHeaderDict({'Content-Length': '15', 'Content-Type': 'application/json; charset=utf-8', 'cache-control': 'no-cache'})
00:30:01 [DEBUG] selenium.webdriver.remote.remote_connection — Finished Request
00:30:01 [DEBUG] selenium.webdriver.remote.remote_connection — POST http://localhost:57787/session/aecd8cd2d436d918803a57a3376d50f2/element {'using': 'xpath', 'value': "//a[contains(text(), 'Accept All')]"}
00:30:01 [DEBUG] urllib3.connectionpool — http://localhost:57787 "POST /session/aecd8cd2d436d918803a57a3376d50f2/element HTTP/1.1" 200 0
00:30:01 [DEBUG] selenium.webdriver.remote.remote_connection — Remote response: status=200 | data={"value":{"element-6066-11e4-a52e-4f735466cecf":"f.DB8ADB7B39419EC651A45B4C0D0839FA.d.A63C370C736C6E1488877A77B71602C7.e.6114"}} | headers=HTTPHeaderDict({'Content-Length': '128', 'Content-Type': 'application/json; charset=utf-8', 'cache-control': 'no-cache'})
00:30:01 [DEBUG] selenium.webdriver.remote.remote_connection — Finished Request
00:30:01 [DEBUG] selenium.webdriver.remote.remote_connection — POST http://localhost:57787/session/aecd8cd2d436d918803a57a3376d50f2/execute/sync {'script': '/* isDisplayed */return (function(){return (function(){var g=this||self;\nfunction aa(a){var b=typeof...', 'args': [{'element-6066-11e4-a52e-4f735466cecf': 'f.DB8ADB7B39419EC651A45B4C0D0839FA.d.A63C370C736C6E1488877A77B71602C7.e.6114'}]}
00:30:01 [DEBUG] urllib3.connectionpool — http://localhost:57787 "POST /session/aecd8cd2d436d918803a57a3376d50f2/execute/sync HTTP/1.1" 200 0
00:30:01 [DEBUG] selenium.webdriver.remote.remote_connection — Remote response: status=200 | data={"value":false} | headers=HTTPHeaderDict({'Content-Length': '15', 'Content-Type': 'application/json; charset=utf-8', 'cache-control': 'no-cache'})
00:30:01 [DEBUG] selenium.webdriver.remote.remote_connection — Finished Request
00:30:02 [DEBUG] selenium.webdriver.remote.remote_connection — POST http://localhost:57787/session/aecd8cd2d436d918803a57a3376d50f2/element {'using': 'xpath', 'value': "//a[contains(text(), 'Accept All')]"}
00:30:02 [DEBUG] urllib3.connectionpool — http://localhost:57787 "POST /session/aecd8cd2d436d918803a57a3376d50f2/element HTTP/1.1" 200 0
00:30:02 [DEBUG] selenium.webdriver.remote.remote_connection — Remote response: status=200 | data={"value":{"element-6066-11e4-a52e-4f735466cecf":"f.DB8ADB7B39419EC651A45B4C0D0839FA.d.A63C370C736C6E1488877A77B71602C7.e.6114"}} | headers=HTTPHeaderDict({'Content-Length': '128', 'Content-Type': 'application/json; charset=utf-8', 'cache-control': 'no-cache'})
00:30:02 [DEBUG] selenium.webdriver.remote.remote_connection — Finished Request
00:30:02 [DEBUG] selenium.webdriver.remote.remote_connection — POST http://localhost:57787/session/aecd8cd2d436d918803a57a3376d50f2/execute/sync {'script': '/* isDisplayed */return (function(){return (function(){var g=this||self;\nfunction aa(a){var b=typeof...', 'args': [{'element-6066-11e4-a52e-4f735466cecf': 'f.DB8ADB7B39419EC651A45B4C0D0839FA.d.A63C370C736C6E1488877A77B71602C7.e.6114'}]}
00:30:02 [DEBUG] urllib3.connectionpool — http://localhost:57787 "POST /session/aecd8cd2d436d918803a57a3376d50f2/execute/sync HTTP/1.1" 200 0
00:30:02 [DEBUG] selenium.webdriver.remote.remote_connection — Remote response: status=200 | data={"value":false} | headers=HTTPHeaderDict({'Content-Length': '15', 'Content-Type': 'application/json; charset=utf-8', 'cache-control': 'no-cache'})
00:30:02 [DEBUG] selenium.webdriver.remote.remote_connection — Finished Request
00:30:02 [DEBUG] selenium.webdriver.remote.remote_connection — POST http://localhost:57787/session/aecd8cd2d436d918803a57a3376d50f2/element {'using': 'xpath', 'value': "//a[contains(text(), 'Accept All')]"}
00:30:02 [DEBUG] urllib3.connectionpool — http://localhost:57787 "POST /session/aecd8cd2d436d918803a57a3376d50f2/element HTTP/1.1" 200 0
00:30:02 [DEBUG] selenium.webdriver.remote.remote_connection — Remote response: status=200 | data={"value":{"element-6066-11e4-a52e-4f735466cecf":"f.DB8ADB7B39419EC651A45B4C0D0839FA.d.A63C370C736C6E1488877A77B71602C7.e.6114"}} | headers=HTTPHeaderDict({'Content-Length': '128', 'Content-Type': 'application/json; charset=utf-8', 'cache-control': 'no-cache'})
00:30:02 [DEBUG] selenium.webdriver.remote.remote_connection — Finished Request
00:30:02 [DEBUG] selenium.webdriver.remote.remote_connection — POST http://localhost:57787/session/aecd8cd2d436d918803a57a3376d50f2/execute/sync {'script': '/* isDisplayed */return (function(){return (function(){var g=this||self;\nfunction aa(a){var b=typeof...', 'args': [{'element-6066-11e4-a52e-4f735466cecf': 'f.DB8ADB7B39419EC651A45B4C0D0839FA.d.A63C370C736C6E1488877A77B71602C7.e.6114'}]}
00:30:02 [DEBUG] urllib3.connectionpool — http://localhost:57787 "POST /session/aecd8cd2d436d918803a57a3376d50f2/execute/sync HTTP/1.1" 200 0
00:30:02 [DEBUG] selenium.webdriver.remote.remote_connection — Remote response: status=200 | data={"value":false} | headers=HTTPHeaderDict({'Content-Length': '15', 'Content-Type': 'application/json; charset=utf-8', 'cache-control': 'no-cache'})
00:30:02 [DEBUG] selenium.webdriver.remote.remote_connection — Finished Request
00:30:03 [DEBUG] selenium.webdriver.remote.remote_connection — POST http://localhost:57787/session/aecd8cd2d436d918803a57a3376d50f2/element {'using': 'css selector', 'value': 'a.inso-btn.see-more, .see-more'}
00:30:03 [DEBUG] urllib3.connectionpool — http://localhost:57787 "POST /session/aecd8cd2d436d918803a57a3376d50f2/element HTTP/1.1" 200 0
00:30:03 [DEBUG] selenium.webdriver.remote.remote_connection — Remote response: status=200 | data={"value":{"element-6066-11e4-a52e-4f735466cecf":"f.DB8ADB7B39419EC651A45B4C0D0839FA.d.A63C370C736C6E1488877A77B71602C7.e.6143"}} | headers=HTTPHeaderDict({'Content-Length': '128', 'Content-Type': 'application/json; charset=utf-8', 'cache-control': 'no-cache'})
00:30:03 [DEBUG] selenium.webdriver.remote.remote_connection — Finished Request
00:30:03 [DEBUG] selenium.webdriver.remote.remote_connection — POST http://localhost:57787/session/aecd8cd2d436d918803a57a3376d50f2/execute/sync {'script': '/* isDisplayed */return (function(){return (function(){var g=this||self;\nfunction aa(a){var b=typeof...', 'args': [{'element-6066-11e4-a52e-4f735466cecf': 'f.DB8ADB7B39419EC651A45B4C0D0839FA.d.A63C370C736C6E1488877A77B71602C7.e.6143'}]}
00:30:03 [DEBUG] urllib3.connectionpool — http://localhost:57787 "POST /session/aecd8cd2d436d918803a57a3376d50f2/execute/sync HTTP/1.1" 200 0
00:30:03 [DEBUG] selenium.webdriver.remote.remote_connection — Remote response: status=200 | data={"value":true} | headers=HTTPHeaderDict({'Content-Length': '14', 'Content-Type': 'application/json; charset=utf-8', 'cache-control': 'no-cache'})
00:30:03 [DEBUG] selenium.webdriver.remote.remote_connection — Finished Request
00:30:03 [DEBUG] selenium.webdriver.remote.remote_connection — GET http://localhost:57787/session/aecd8cd2d436d918803a57a3376d50f2/element/f.DB8ADB7B39419EC651A45B4C0D0839FA.d.A63C370C736C6E1488877A77B71602C7.e.6143/enabled {}
00:30:03 [DEBUG] urllib3.connectionpool — http://localhost:57787 "GET /session/aecd8cd2d436d918803a57a3376d50f2/element/f.DB8ADB7B39419EC651A45B4C0D0839FA.d.A63C370C736C6E1488877A77B71602C7.e.6143/enabled HTTP/1.1" 200 0
00:30:03 [DEBUG] selenium.webdriver.remote.remote_connection — Remote response: status=200 | data={"value":true} | headers=HTTPHeaderDict({'Content-Length': '14', 'Content-Type': 'application/json; charset=utf-8', 'cache-control': 'no-cache'})
00:30:03 [DEBUG] selenium.webdriver.remote.remote_connection — Finished Request
00:30:03 [DEBUG] pages.base_page — Clicking element: ('css selector', 'a.inso-btn.see-more, .see-more')
00:30:03 [DEBUG] selenium.webdriver.remote.remote_connection — POST http://localhost:57787/session/aecd8cd2d436d918803a57a3376d50f2/execute/sync {'script': "arguments[0].scrollIntoView({block:'center'});", 'args': [{'element-6066-11e4-a52e-4f735466cecf': 'f.DB8ADB7B39419EC651A45B4C0D0839FA.d.A63C370C736C6E1488877A77B71602C7.e.6143'}]}
00:30:03 [DEBUG] urllib3.connectionpool — http://localhost:57787 "POST /session/aecd8cd2d436d918803a57a3376d50f2/execute/sync HTTP/1.1" 200 0
00:30:03 [DEBUG] selenium.webdriver.remote.remote_connection — Remote response: status=200 | data={"value":null} | headers=HTTPHeaderDict({'Content-Length': '14', 'Content-Type': 'application/json; charset=utf-8', 'cache-control': 'no-cache'})
00:30:03 [DEBUG] selenium.webdriver.remote.remote_connection — Finished Request
00:30:03 [DEBUG] selenium.webdriver.remote.remote_connection — POST http://localhost:57787/session/aecd8cd2d436d918803a57a3376d50f2/element/f.DB8ADB7B39419EC651A45B4C0D0839FA.d.A63C370C736C6E1488877A77B71602C7.e.6143/click {}
00:30:03 [DEBUG] urllib3.connectionpool — http://localhost:57787 "POST /session/aecd8cd2d436d918803a57a3376d50f2/element/f.DB8ADB7B39419EC651A45B4C0D0839FA.d.A63C370C736C6E1488877A77B71602C7.e.6143/click HTTP/1.1" 200 0
00:30:03 [DEBUG] selenium.webdriver.remote.remote_connection — Remote response: status=200 | data={"value":null} | headers=HTTPHeaderDict({'Content-Length': '14', 'Content-Type': 'application/json; charset=utf-8', 'cache-control': 'no-cache'})
00:30:03 [DEBUG] selenium.webdriver.remote.remote_connection — Finished Request
00:30:05 [INFO] pages.careers_page — Locating and clicking the 'Open Positions' link for Quality Assurance
00:30:05 [DEBUG] selenium.webdriver.remote.remote_connection — POST http://localhost:57787/session/aecd8cd2d436d918803a57a3376d50f2/element {'using': 'xpath', 'value': "//h3[contains(text(), 'Quality Assurance')]"}
00:30:05 [DEBUG] urllib3.connectionpool — http://localhost:57787 "POST /session/aecd8cd2d436d918803a57a3376d50f2/element HTTP/1.1" 200 0
00:30:05 [DEBUG] selenium.webdriver.remote.remote_connection — Remote response: status=200 | data={"value":{"element-6066-11e4-a52e-4f735466cecf":"f.DB8ADB7B39419EC651A45B4C0D0839FA.d.A63C370C736C6E1488877A77B71602C7.e.6210"}} | headers=HTTPHeaderDict({'Content-Length': '128', 'Content-Type': 'application/json; charset=utf-8', 'cache-control': 'no-cache'})
00:30:05 [DEBUG] selenium.webdriver.remote.remote_connection — Finished Request
00:30:05 [DEBUG] selenium.webdriver.remote.remote_connection — POST http://localhost:57787/session/aecd8cd2d436d918803a57a3376d50f2/element {'using': 'xpath', 'value': "//h3[contains(text(), 'Quality Assurance')]"}
00:30:05 [DEBUG] urllib3.connectionpool — http://localhost:57787 "POST /session/aecd8cd2d436d918803a57a3376d50f2/element HTTP/1.1" 200 0
00:30:05 [DEBUG] selenium.webdriver.remote.remote_connection — Remote response: status=200 | data={"value":{"element-6066-11e4-a52e-4f735466cecf":"f.DB8ADB7B39419EC651A45B4C0D0839FA.d.A63C370C736C6E1488877A77B71602C7.e.6210"}} | headers=HTTPHeaderDict({'Content-Length': '128', 'Content-Type': 'application/json; charset=utf-8', 'cache-control': 'no-cache'})
00:30:05 [DEBUG] selenium.webdriver.remote.remote_connection — Finished Request
00:30:05 [DEBUG] selenium.webdriver.remote.remote_connection — POST http://localhost:57787/session/aecd8cd2d436d918803a57a3376d50f2/execute/sync {'script': "arguments[0].scrollIntoView({block:'center'});", 'args': [{'element-6066-11e4-a52e-4f735466cecf': 'f.DB8ADB7B39419EC651A45B4C0D0839FA.d.A63C370C736C6E1488877A77B71602C7.e.6210'}]}
00:30:05 [DEBUG] urllib3.connectionpool — http://localhost:57787 "POST /session/aecd8cd2d436d918803a57a3376d50f2/execute/sync HTTP/1.1" 200 0
00:30:05 [DEBUG] selenium.webdriver.remote.remote_connection — Remote response: status=200 | data={"value":null} | headers=HTTPHeaderDict({'Content-Length': '14', 'Content-Type': 'application/json; charset=utf-8', 'cache-control': 'no-cache'})
00:30:05 [DEBUG] selenium.webdriver.remote.remote_connection — Finished Request
00:30:06 [DEBUG] selenium.webdriver.remote.remote_connection — POST http://localhost:57787/session/aecd8cd2d436d918803a57a3376d50f2/element {'using': 'xpath', 'value': "//h3[contains(text(), 'Quality Assurance')]/following-sibling::a[contains(text(), 'Open Position')] ..."}
00:30:06 [DEBUG] urllib3.connectionpool — http://localhost:57787 "POST /session/aecd8cd2d436d918803a57a3376d50f2/element HTTP/1.1" 404 0
00:30:06 [DEBUG] selenium.webdriver.remote.remote_connection — Remote response: status=404 | data={"value":{"error":"no such element","message":"no such element: Unable to locate element: {\"method\":\"xpath\",\"selector\":\"//h3[contains(text(), 'Quality Assurance')]/following-sibling::a[contains(text(), 'Open Position')] | //h3[contains(text(), 'Quality Assurance')]/..//a[contains(text(), 'Open Position')]\"}\n  (Session info: chrome=147.0.7727.117)","stacktrace":"\tchromedriver!GetHandleVerifier [0x48b373+10553]\n\tchromedriver!GetHandleVerifier [0x48b4a4+10684]\n\tchromedriver!(No symbol) [0x291e10]\n\tchromedriver!(No symbol) [0x2da9da]\n\tchromedriver!(No symbol) [0x2dac7b]\n\tchromedriver!(No symbol) [0x31d162]\n\tchromedriver!(No symbol) [0x2fd8b4]\n\tchromedriver!(No symbol) [0x31aa36]\n\tchromedriver!(No symbol) [0x2fd606]\n\tchromedriver!(No symbol) [0x2d0039]\n\tchromedriver!(No symbol) [0x2d0df4]\n\tchromedriver!GetHandleVerifier [0x70ddb4+292f94]\n\tchromedriver!GetHandleVerifier [0x70937d+28e55d]\n\tchromedriver!GetHandleVerifier [0x728215+2ad3f5]\n\tchromedriver!GetHandleVerifier [0x4a4c18+29df8]\n\tchromedriver!GetHandleVerifier [0x4ac6fd+318dd]\n\tchromedriver!GetHandleVerifier [0x493c78+18e58]\n\tchromedriver!GetHandleVerifier [0x493e42+19022]\n\tchromedriver!GetHandleVerifier [0x47d45f+263f]\n\tKERNEL32!BaseThreadInitThunk [0x75aafcc9+19]\n\tntdll!RtlGetAppContainerNamedObjectPath [0x779982ae+11e]\n\tntdll!RtlGetAppContainerNamedObjectPath [0x7799827e+ee]\n"}} | headers=HTTPHeaderDict({'Content-Length': '1406', 'Content-Type': 'application/json; charset=utf-8', 'cache-control': 'no-cache'})
00:30:06 [DEBUG] selenium.webdriver.remote.remote_connection — Finished Request
00:30:06 [DEBUG] selenium.webdriver.remote.remote_connection — POST http://localhost:57787/session/aecd8cd2d436d918803a57a3376d50f2/element {'using': 'xpath', 'value': "//h3[contains(text(), 'Quality Assurance')]/following-sibling::a[contains(text(), 'Open Position')] ..."}
00:30:06 [DEBUG] urllib3.connectionpool — http://localhost:57787 "POST /session/aecd8cd2d436d918803a57a3376d50f2/element HTTP/1.1" 404 0
00:30:06 [DEBUG] selenium.webdriver.remote.remote_connection — Remote response: status=404 | data={"value":{"error":"no such element","message":"no such element: Unable to locate element: {\"method\":\"xpath\",\"selector\":\"//h3[contains(text(), 'Quality Assurance')]/following-sibling::a[contains(text(), 'Open Position')] | //h3[contains(text(), 'Quality Assurance')]/..//a[contains(text(), 'Open Position')]\"}\n  (Session info: chrome=147.0.7727.117)","stacktrace":"\tchromedriver!GetHandleVerifier [0x48b373+10553]\n\tchromedriver!GetHandleVerifier [0x48b4a4+10684]\n\tchromedriver!(No symbol) [0x291e10]\n\tchromedriver!(No symbol) [0x2da9da]\n\tchromedriver!(No symbol) [0x2dac7b]\n\tchromedriver!(No symbol) [0x31d162]\n\tchromedriver!(No symbol) [0x2fd8b4]\n\tchromedriver!(No symbol) [0x31aa36]\n\tchromedriver!(No symbol) [0x2fd606]\n\tchromedriver!(No symbol) [0x2d0039]\n\tchromedriver!(No symbol) [0x2d0df4]\n\tchromedriver!GetHandleVerifier [0x70ddb4+292f94]\n\tchromedriver!GetHandleVerifier [0x70937d+28e55d]\n\tchromedriver!GetHandleVerifier [0x728215+2ad3f5]\n\tchromedriver!GetHandleVerifier [0x4a4c18+29df8]\n\tchromedriver!GetHandleVerifier [0x4ac6fd+318dd]\n\tchromedriver!GetHandleVerifier [0x493c78+18e58]\n\tchromedriver!GetHandleVerifier [0x493e42+19022]\n\tchromedriver!GetHandleVerifier [0x47d45f+263f]\n\tKERNEL32!BaseThreadInitThunk [0x75aafcc9+19]\n\tntdll!RtlGetAppContainerNamedObjectPath [0x779982ae+11e]\n\tntdll!RtlGetAppContainerNamedObjectPath [0x7799827e+ee]\n"}} | headers=HTTPHeaderDict({'Content-Length': '1406', 'Content-Type': 'application/json; charset=utf-8', 'cache-control': 'no-cache'})
00:30:06 [DEBUG] selenium.webdriver.remote.remote_connection — Finished Request
00:30:07 [DEBUG] selenium.webdriver.remote.remote_connection — POST http://localhost:57787/session/aecd8cd2d436d918803a57a3376d50f2/element {'using': 'xpath', 'value': "//h3[contains(text(), 'Quality Assurance')]/following-sibling::a[contains(text(), 'Open Position')] ..."}
00:30:07 [DEBUG] urllib3.connectionpool — http://localhost:57787 "POST /session/aecd8cd2d436d918803a57a3376d50f2/element HTTP/1.1" 404 0
00:30:07 [DEBUG] selenium.webdriver.remote.remote_connection — Remote response: status=404 | data={"value":{"error":"no such element","message":"no such element: Unable to locate element: {\"method\":\"xpath\",\"selector\":\"//h3[contains(text(), 'Quality Assurance')]/following-sibling::a[contains(text(), 'Open Position')] | //h3[contains(text(), 'Quality Assurance')]/..//a[contains(text(), 'Open Position')]\"}\n  (Session info: chrome=147.0.7727.117)","stacktrace":"\tchromedriver!GetHandleVerifier [0x48b373+10553]\n\tchromedriver!GetHandleVerifier [0x48b4a4+10684]\n\tchromedriver!(No symbol) [0x291e10]\n\tchromedriver!(No symbol) [0x2da9da]\n\tchromedriver!(No symbol) [0x2dac7b]\n\tchromedriver!(No symbol) [0x31d162]\n\tchromedriver!(No symbol) [0x2fd8b4]\n\tchromedriver!(No symbol) [0x31aa36]\n\tchromedriver!(No symbol) [0x2fd606]\n\tchromedriver!(No symbol) [0x2d0039]\n\tchromedriver!(No symbol) [0x2d0df4]\n\tchromedriver!GetHandleVerifier [0x70ddb4+292f94]\n\tchromedriver!GetHandleVerifier [0x70937d+28e55d]\n\tchromedriver!GetHandleVerifier [0x728215+2ad3f5]\n\tchromedriver!GetHandleVerifier [0x4a4c18+29df8]\n\tchromedriver!GetHandleVerifier [0x4ac6fd+318dd]\n\tchromedriver!GetHandleVerifier [0x493c78+18e58]\n\tchromedriver!GetHandleVerifier [0x493e42+19022]\n\tchromedriver!GetHandleVerifier [0x47d45f+263f]\n\tKERNEL32!BaseThreadInitThunk [0x75aafcc9+19]\n\tntdll!RtlGetAppContainerNamedObjectPath [0x779982ae+11e]\n\tntdll!RtlGetAppContainerNamedObjectPath [0x7799827e+ee]\n"}} | headers=HTTPHeaderDict({'Content-Length': '1406', 'Content-Type': 'application/json; charset=utf-8', 'cache-control': 'no-cache'})
00:30:07 [DEBUG] selenium.webdriver.remote.remote_connection — Finished Request
00:30:07 [DEBUG] selenium.webdriver.remote.remote_connection — POST http://localhost:57787/session/aecd8cd2d436d918803a57a3376d50f2/element {'using': 'xpath', 'value': "//h3[contains(text(), 'Quality Assurance')]/following-sibling::a[contains(text(), 'Open Position')] ..."}
00:30:07 [DEBUG] urllib3.connectionpool — http://localhost:57787 "POST /session/aecd8cd2d436d918803a57a3376d50f2/element HTTP/1.1" 404 0
00:30:07 [DEBUG] selenium.webdriver.remote.remote_connection — Remote response: status=404 | data={"value":{"error":"no such element","message":"no such element: Unable to locate element: {\"method\":\"xpath\",\"selector\":\"//h3[contains(text(), 'Quality Assurance')]/following-sibling::a[contains(text(), 'Open Position')] | //h3[contains(text(), 'Quality Assurance')]/..//a[contains(text(), 'Open Position')]\"}\n  (Session info: chrome=147.0.7727.117)","stacktrace":"\tchromedriver!GetHandleVerifier [0x48b373+10553]\n\tchromedriver!GetHandleVerifier [0x48b4a4+10684]\n\tchromedriver!(No symbol) [0x291e10]\n\tchromedriver!(No symbol) [0x2da9da]\n\tchromedriver!(No symbol) [0x2dac7b]\n\tchromedriver!(No symbol) [0x31d162]\n\tchromedriver!(No symbol) [0x2fd8b4]\n\tchromedriver!(No symbol) [0x31aa36]\n\tchromedriver!(No symbol) [0x2fd606]\n\tchromedriver!(No symbol) [0x2d0039]\n\tchromedriver!(No symbol) [0x2d0df4]\n\tchromedriver!GetHandleVerifier [0x70ddb4+292f94]\n\tchromedriver!GetHandleVerifier [0x70937d+28e55d]\n\tchromedriver!GetHandleVerifier [0x728215+2ad3f5]\n\tchromedriver!GetHandleVerifier [0x4a4c18+29df8]\n\tchromedriver!GetHandleVerifier [0x4ac6fd+318dd]\n\tchromedriver!GetHandleVerifier [0x493c78+18e58]\n\tchromedriver!GetHandleVerifier [0x493e42+19022]\n\tchromedriver!GetHandleVerifier [0x47d45f+263f]\n\tKERNEL32!BaseThreadInitThunk [0x75aafcc9+19]\n\tntdll!RtlGetAppContainerNamedObjectPath [0x779982ae+11e]\n\tntdll!RtlGetAppContainerNamedObjectPath [0x7799827e+ee]\n"}} | headers=HTTPHeaderDict({'Content-Length': '1406', 'Content-Type': 'application/json; charset=utf-8', 'cache-control': 'no-cache'})
00:30:07 [DEBUG] selenium.webdriver.remote.remote_connection — Finished Request
00:30:08 [DEBUG] selenium.webdriver.remote.remote_connection — POST http://localhost:57787/session/aecd8cd2d436d918803a57a3376d50f2/element {'using': 'xpath', 'value': "//h3[contains(text(), 'Quality Assurance')]/following-sibling::a[contains(text(), 'Open Position')] ..."}
00:30:08 [DEBUG] urllib3.connectionpool — http://localhost:57787 "POST /session/aecd8cd2d436d918803a57a3376d50f2/element HTTP/1.1" 404 0
00:30:08 [DEBUG] selenium.webdriver.remote.remote_connection — Remote response: status=404 | data={"value":{"error":"no such element","message":"no such element: Unable to locate element: {\"method\":\"xpath\",\"selector\":\"//h3[contains(text(), 'Quality Assurance')]/following-sibling::a[contains(text(), 'Open Position')] | //h3[contains(text(), 'Quality Assurance')]/..//a[contains(text(), 'Open Position')]\"}\n  (Session info: chrome=147.0.7727.117)","stacktrace":"\tchromedriver!GetHandleVerifier [0x48b373+10553]\n\tchromedriver!GetHandleVerifier [0x48b4a4+10684]\n\tchromedriver!(No symbol) [0x291e10]\n\tchromedriver!(No symbol) [0x2da9da]\n\tchromedriver!(No symbol) [0x2dac7b]\n\tchromedriver!(No symbol) [0x31d162]\n\tchromedriver!(No symbol) [0x2fd8b4]\n\tchromedriver!(No symbol) [0x31aa36]\n\tchromedriver!(No symbol) [0x2fd606]\n\tchromedriver!(No symbol) [0x2d0039]\n\tchromedriver!(No symbol) [0x2d0df4]\n\tchromedriver!GetHandleVerifier [0x70ddb4+292f94]\n\tchromedriver!GetHandleVerifier [0x70937d+28e55d]\n\tchromedriver!GetHandleVerifier [0x728215+2ad3f5]\n\tchromedriver!GetHandleVerifier [0x4a4c18+29df8]\n\tchromedriver!GetHandleVerifier [0x4ac6fd+318dd]\n\tchromedriver!GetHandleVerifier [0x493c78+18e58]\n\tchromedriver!GetHandleVerifier [0x493e42+19022]\n\tchromedriver!GetHandleVerifier [0x47d45f+263f]\n\tKERNEL32!BaseThreadInitThunk [0x75aafcc9+19]\n\tntdll!RtlGetAppContainerNamedObjectPath [0x779982ae+11e]\n\tntdll!RtlGetAppContainerNamedObjectPath [0x7799827e+ee]\n"}} | headers=HTTPHeaderDict({'Content-Length': '1406', 'Content-Type': 'application/json; charset=utf-8', 'cache-control': 'no-cache'})
00:30:08 [DEBUG] selenium.webdriver.remote.remote_connection — Finished Request
00:30:08 [DEBUG] selenium.webdriver.remote.remote_connection — POST http://localhost:57787/session/aecd8cd2d436d918803a57a3376d50f2/element {'using': 'xpath', 'value': "//h3[contains(text(), 'Quality Assurance')]/following-sibling::a[contains(text(), 'Open Position')] ..."}
00:30:08 [DEBUG] urllib3.connectionpool — http://localhost:57787 "POST /session/aecd8cd2d436d918803a57a3376d50f2/element HTTP/1.1" 404 0
00:30:08 [DEBUG] selenium.webdriver.remote.remote_connection — Remote response: status=404 | data={"value":{"error":"no such element","message":"no such element: Unable to locate element: {\"method\":\"xpath\",\"selector\":\"//h3[contains(text(), 'Quality Assurance')]/following-sibling::a[contains(text(), 'Open Position')] | //h3[contains(text(), 'Quality Assurance')]/..//a[contains(text(), 'Open Position')]\"}\n  (Session info: chrome=147.0.7727.117)","stacktrace":"\tchromedriver!GetHandleVerifier [0x48b373+10553]\n\tchromedriver!GetHandleVerifier [0x48b4a4+10684]\n\tchromedriver!(No symbol) [0x291e10]\n\tchromedriver!(No symbol) [0x2da9da]\n\tchromedriver!(No symbol) [0x2dac7b]\n\tchromedriver!(No symbol) [0x31d162]\n\tchromedriver!(No symbol) [0x2fd8b4]\n\tchromedriver!(No symbol) [0x31aa36]\n\tchromedriver!(No symbol) [0x2fd606]\n\tchromedriver!(No symbol) [0x2d0039]\n\tchromedriver!(No symbol) [0x2d0df4]\n\tchromedriver!GetHandleVerifier [0x70ddb4+292f94]\n\tchromedriver!GetHandleVerifier [0x70937d+28e55d]\n\tchromedriver!GetHandleVerifier [0x728215+2ad3f5]\n\tchromedriver!GetHandleVerifier [0x4a4c18+29df8]\n\tchromedriver!GetHandleVerifier [0x4ac6fd+318dd]\n\tchromedriver!GetHandleVerifier [0x493c78+18e58]\n\tchromedriver!GetHandleVerifier [0x493e42+19022]\n\tchromedriver!GetHandleVerifier [0x47d45f+263f]\n\tKERNEL32!BaseThreadInitThunk [0x75aafcc9+19]\n\tntdll!RtlGetAppContainerNamedObjectPath [0x779982ae+11e]\n\tntdll!RtlGetAppContainerNamedObjectPath [0x7799827e+ee]\n"}} | headers=HTTPHeaderDict({'Content-Length': '1406', 'Content-Type': 'application/json; charset=utf-8', 'cache-control': 'no-cache'})
00:30:08 [DEBUG] selenium.webdriver.remote.remote_connection — Finished Request
00:30:09 [DEBUG] selenium.webdriver.remote.remote_connection — POST http://localhost:57787/session/aecd8cd2d436d918803a57a3376d50f2/element {'using': 'xpath', 'value': "//h3[contains(text(), 'Quality Assurance')]/following-sibling::a[contains(text(), 'Open Position')] ..."}
00:30:09 [DEBUG] urllib3.connectionpool — http://localhost:57787 "POST /session/aecd8cd2d436d918803a57a3376d50f2/element HTTP/1.1" 404 0
00:30:09 [DEBUG] selenium.webdriver.remote.remote_connection — Remote response: status=404 | data={"value":{"error":"no such element","message":"no such element: Unable to locate element: {\"method\":\"xpath\",\"selector\":\"//h3[contains(text(), 'Quality Assurance')]/following-sibling::a[contains(text(), 'Open Position')] | //h3[contains(text(), 'Quality Assurance')]/..//a[contains(text(), 'Open Position')]\"}\n  (Session info: chrome=147.0.7727.117)","stacktrace":"\tchromedriver!GetHandleVerifier [0x48b373+10553]\n\tchromedriver!GetHandleVerifier [0x48b4a4+10684]\n\tchromedriver!(No symbol) [0x291e10]\n\tchromedriver!(No symbol) [0x2da9da]\n\tchromedriver!(No symbol) [0x2dac7b]\n\tchromedriver!(No symbol) [0x31d162]\n\tchromedriver!(No symbol) [0x2fd8b4]\n\tchromedriver!(No symbol) [0x31aa36]\n\tchromedriver!(No symbol) [0x2fd606]\n\tchromedriver!(No symbol) [0x2d0039]\n\tchromedriver!(No symbol) [0x2d0df4]\n\tchromedriver!GetHandleVerifier [0x70ddb4+292f94]\n\tchromedriver!GetHandleVerifier [0x70937d+28e55d]\n\tchromedriver!GetHandleVerifier [0x728215+2ad3f5]\n\tchromedriver!GetHandleVerifier [0x4a4c18+29df8]\n\tchromedriver!GetHandleVerifier [0x4ac6fd+318dd]\n\tchromedriver!GetHandleVerifier [0x493c78+18e58]\n\tchromedriver!GetHandleVerifier [0x493e42+19022]\n\tchromedriver!GetHandleVerifier [0x47d45f+263f]\n\tKERNEL32!BaseThreadInitThunk [0x75aafcc9+19]\n\tntdll!RtlGetAppContainerNamedObjectPath [0x779982ae+11e]\n\tntdll!RtlGetAppContainerNamedObjectPath [0x7799827e+ee]\n"}} | headers=HTTPHeaderDict({'Content-Length': '1406', 'Content-Type': 'application/json; charset=utf-8', 'cache-control': 'no-cache'})
00:30:09 [DEBUG] selenium.webdriver.remote.remote_connection — Finished Request
00:30:09 [DEBUG] selenium.webdriver.remote.remote_connection — POST http://localhost:57787/session/aecd8cd2d436d918803a57a3376d50f2/element {'using': 'xpath', 'value': "//h3[contains(text(), 'Quality Assurance')]/following-sibling::a[contains(text(), 'Open Position')] ..."}
00:30:09 [DEBUG] urllib3.connectionpool — http://localhost:57787 "POST /session/aecd8cd2d436d918803a57a3376d50f2/element HTTP/1.1" 404 0
00:30:09 [DEBUG] selenium.webdriver.remote.remote_connection — Remote response: status=404 | data={"value":{"error":"no such element","message":"no such element: Unable to locate element: {\"method\":\"xpath\",\"selector\":\"//h3[contains(text(), 'Quality Assurance')]/following-sibling::a[contains(text(), 'Open Position')] | //h3[contains(text(), 'Quality Assurance')]/..//a[contains(text(), 'Open Position')]\"}\n  (Session info: chrome=147.0.7727.117)","stacktrace":"\tchromedriver!GetHandleVerifier [0x48b373+10553]\n\tchromedriver!GetHandleVerifier [0x48b4a4+10684]\n\tchromedriver!(No symbol) [0x291e10]\n\tchromedriver!(No symbol) [0x2da9da]\n\tchromedriver!(No symbol) [0x2dac7b]\n\tchromedriver!(No symbol) [0x31d162]\n\tchromedriver!(No symbol) [0x2fd8b4]\n\tchromedriver!(No symbol) [0x31aa36]\n\tchromedriver!(No symbol) [0x2fd606]\n\tchromedriver!(No symbol) [0x2d0039]\n\tchromedriver!(No symbol) [0x2d0df4]\n\tchromedriver!GetHandleVerifier [0x70ddb4+292f94]\n\tchromedriver!GetHandleVerifier [0x70937d+28e55d]\n\tchromedriver!GetHandleVerifier [0x728215+2ad3f5]\n\tchromedriver!GetHandleVerifier [0x4a4c18+29df8]\n\tchromedriver!GetHandleVerifier [0x4ac6fd+318dd]\n\tchromedriver!GetHandleVerifier [0x493c78+18e58]\n\tchromedriver!GetHandleVerifier [0x493e42+19022]\n\tchromedriver!GetHandleVerifier [0x47d45f+263f]\n\tKERNEL32!BaseThreadInitThunk [0x75aafcc9+19]\n\tntdll!RtlGetAppContainerNamedObjectPath [0x779982ae+11e]\n\tntdll!RtlGetAppContainerNamedObjectPath [0x7799827e+ee]\n"}} | headers=HTTPHeaderDict({'Content-Length': '1406', 'Content-Type': 'application/json; charset=utf-8', 'cache-control': 'no-cache'})
00:30:09 [DEBUG] selenium.webdriver.remote.remote_connection — Finished Request
00:30:10 [DEBUG] selenium.webdriver.remote.remote_connection — POST http://localhost:57787/session/aecd8cd2d436d918803a57a3376d50f2/element {'using': 'xpath', 'value': "//h3[contains(text(), 'Quality Assurance')]/following-sibling::a[contains(text(), 'Open Position')] ..."}
00:30:10 [DEBUG] urllib3.connectionpool — http://localhost:57787 "POST /session/aecd8cd2d436d918803a57a3376d50f2/element HTTP/1.1" 404 0
00:30:10 [DEBUG] selenium.webdriver.remote.remote_connection — Remote response: status=404 | data={"value":{"error":"no such element","message":"no such element: Unable to locate element: {\"method\":\"xpath\",\"selector\":\"//h3[contains(text(), 'Quality Assurance')]/following-sibling::a[contains(text(), 'Open Position')] | //h3[contains(text(), 'Quality Assurance')]/..//a[contains(text(), 'Open Position')]\"}\n  (Session info: chrome=147.0.7727.117)","stacktrace":"\tchromedriver!GetHandleVerifier [0x48b373+10553]\n\tchromedriver!GetHandleVerifier [0x48b4a4+10684]\n\tchromedriver!(No symbol) [0x291e10]\n\tchromedriver!(No symbol) [0x2da9da]\n\tchromedriver!(No symbol) [0x2dac7b]\n\tchromedriver!(No symbol) [0x31d162]\n\tchromedriver!(No symbol) [0x2fd8b4]\n\tchromedriver!(No symbol) [0x31aa36]\n\tchromedriver!(No symbol) [0x2fd606]\n\tchromedriver!(No symbol) [0x2d0039]\n\tchromedriver!(No symbol) [0x2d0df4]\n\tchromedriver!GetHandleVerifier [0x70ddb4+292f94]\n\tchromedriver!GetHandleVerifier [0x70937d+28e55d]\n\tchromedriver!GetHandleVerifier [0x728215+2ad3f5]\n\tchromedriver!GetHandleVerifier [0x4a4c18+29df8]\n\tchromedriver!GetHandleVerifier [0x4ac6fd+318dd]\n\tchromedriver!GetHandleVerifier [0x493c78+18e58]\n\tchromedriver!GetHandleVerifier [0x493e42+19022]\n\tchromedriver!GetHandleVerifier [0x47d45f+263f]\n\tKERNEL32!BaseThreadInitThunk [0x75aafcc9+19]\n\tntdll!RtlGetAppContainerNamedObjectPath [0x779982ae+11e]\n\tntdll!RtlGetAppContainerNamedObjectPath [0x7799827e+ee]\n"}} | headers=HTTPHeaderDict({'Content-Length': '1406', 'Content-Type': 'application/json; charset=utf-8', 'cache-control': 'no-cache'})
00:30:10 [DEBUG] selenium.webdriver.remote.remote_connection — Finished Request
00:30:10 [DEBUG] selenium.webdriver.remote.remote_connection — POST http://localhost:57787/session/aecd8cd2d436d918803a57a3376d50f2/element {'using': 'xpath', 'value': "//h3[contains(text(), 'Quality Assurance')]/following-sibling::a[contains(text(), 'Open Position')] ..."}
00:30:10 [DEBUG] urllib3.connectionpool — http://localhost:57787 "POST /session/aecd8cd2d436d918803a57a3376d50f2/element HTTP/1.1" 404 0
00:30:10 [DEBUG] selenium.webdriver.remote.remote_connection — Remote response: status=404 | data={"value":{"error":"no such element","message":"no such element: Unable to locate element: {\"method\":\"xpath\",\"selector\":\"//h3[contains(text(), 'Quality Assurance')]/following-sibling::a[contains(text(), 'Open Position')] | //h3[contains(text(), 'Quality Assurance')]/..//a[contains(text(), 'Open Position')]\"}\n  (Session info: chrome=147.0.7727.117)","stacktrace":"\tchromedriver!GetHandleVerifier [0x48b373+10553]\n\tchromedriver!GetHandleVerifier [0x48b4a4+10684]\n\tchromedriver!(No symbol) [0x291e10]\n\tchromedriver!(No symbol) [0x2da9da]\n\tchromedriver!(No symbol) [0x2dac7b]\n\tchromedriver!(No symbol) [0x31d162]\n\tchromedriver!(No symbol) [0x2fd8b4]\n\tchromedriver!(No symbol) [0x31aa36]\n\tchromedriver!(No symbol) [0x2fd606]\n\tchromedriver!(No symbol) [0x2d0039]\n\tchromedriver!(No symbol) [0x2d0df4]\n\tchromedriver!GetHandleVerifier [0x70ddb4+292f94]\n\tchromedriver!GetHandleVerifier [0x70937d+28e55d]\n\tchromedriver!GetHandleVerifier [0x728215+2ad3f5]\n\tchromedriver!GetHandleVerifier [0x4a4c18+29df8]\n\tchromedriver!GetHandleVerifier [0x4ac6fd+318dd]\n\tchromedriver!GetHandleVerifier [0x493c78+18e58]\n\tchromedriver!GetHandleVerifier [0x493e42+19022]\n\tchromedriver!GetHandleVerifier [0x47d45f+263f]\n\tKERNEL32!BaseThreadInitThunk [0x75aafcc9+19]\n\tntdll!RtlGetAppContainerNamedObjectPath [0x779982ae+11e]\n\tntdll!RtlGetAppContainerNamedObjectPath [0x7799827e+ee]\n"}} | headers=HTTPHeaderDict({'Content-Length': '1406', 'Content-Type': 'application/json; charset=utf-8', 'cache-control': 'no-cache'})
00:30:10 [DEBUG] selenium.webdriver.remote.remote_connection — Finished Request
00:30:11 [DEBUG] selenium.webdriver.remote.remote_connection — POST http://localhost:57787/session/aecd8cd2d436d918803a57a3376d50f2/element {'using': 'xpath', 'value': "//h3[contains(text(), 'Quality Assurance')]/following-sibling::a[contains(text(), 'Open Position')] ..."}
00:30:11 [DEBUG] urllib3.connectionpool — http://localhost:57787 "POST /session/aecd8cd2d436d918803a57a3376d50f2/element HTTP/1.1" 404 0
00:30:11 [DEBUG] selenium.webdriver.remote.remote_connection — Remote response: status=404 | data={"value":{"error":"no such element","message":"no such element: Unable to locate element: {\"method\":\"xpath\",\"selector\":\"//h3[contains(text(), 'Quality Assurance')]/following-sibling::a[contains(text(), 'Open Position')] | //h3[contains(text(), 'Quality Assurance')]/..//a[contains(text(), 'Open Position')]\"}\n  (Session info: chrome=147.0.7727.117)","stacktrace":"\tchromedriver!GetHandleVerifier [0x48b373+10553]\n\tchromedriver!GetHandleVerifier [0x48b4a4+10684]\n\tchromedriver!(No symbol) [0x291e10]\n\tchromedriver!(No symbol) [0x2da9da]\n\tchromedriver!(No symbol) [0x2dac7b]\n\tchromedriver!(No symbol) [0x31d162]\n\tchromedriver!(No symbol) [0x2fd8b4]\n\tchromedriver!(No symbol) [0x31aa36]\n\tchromedriver!(No symbol) [0x2fd606]\n\tchromedriver!(No symbol) [0x2d0039]\n\tchromedriver!(No symbol) [0x2d0df4]\n\tchromedriver!GetHandleVerifier [0x70ddb4+292f94]\n\tchromedriver!GetHandleVerifier [0x70937d+28e55d]\n\tchromedriver!GetHandleVerifier [0x728215+2ad3f5]\n\tchromedriver!GetHandleVerifier [0x4a4c18+29df8]\n\tchromedriver!GetHandleVerifier [0x4ac6fd+318dd]\n\tchromedriver!GetHandleVerifier [0x493c78+18e58]\n\tchromedriver!GetHandleVerifier [0x493e42+19022]\n\tchromedriver!GetHandleVerifier [0x47d45f+263f]\n\tKERNEL32!BaseThreadInitThunk [0x75aafcc9+19]\n\tntdll!RtlGetAppContainerNamedObjectPath [0x779982ae+11e]\n\tntdll!RtlGetAppContainerNamedObjectPath [0x7799827e+ee]\n"}} | headers=HTTPHeaderDict({'Content-Length': '1406', 'Content-Type': 'application/json; charset=utf-8', 'cache-control': 'no-cache'})
00:30:11 [DEBUG] selenium.webdriver.remote.remote_connection — Finished Request
00:30:11 [DEBUG] selenium.webdriver.remote.remote_connection — POST http://localhost:57787/session/aecd8cd2d436d918803a57a3376d50f2/element {'using': 'xpath', 'value': "//h3[contains(text(), 'Quality Assurance')]/following-sibling::a[contains(text(), 'Open Position')] ..."}
00:30:11 [DEBUG] urllib3.connectionpool — http://localhost:57787 "POST /session/aecd8cd2d436d918803a57a3376d50f2/element HTTP/1.1" 404 0
00:30:11 [DEBUG] selenium.webdriver.remote.remote_connection — Remote response: status=404 | data={"value":{"error":"no such element","message":"no such element: Unable to locate element: {\"method\":\"xpath\",\"selector\":\"//h3[contains(text(), 'Quality Assurance')]/following-sibling::a[contains(text(), 'Open Position')] | //h3[contains(text(), 'Quality Assurance')]/..//a[contains(text(), 'Open Position')]\"}\n  (Session info: chrome=147.0.7727.117)","stacktrace":"\tchromedriver!GetHandleVerifier [0x48b373+10553]\n\tchromedriver!GetHandleVerifier [0x48b4a4+10684]\n\tchromedriver!(No symbol) [0x291e10]\n\tchromedriver!(No symbol) [0x2da9da]\n\tchromedriver!(No symbol) [0x2dac7b]\n\tchromedriver!(No symbol) [0x31d162]\n\tchromedriver!(No symbol) [0x2fd8b4]\n\tchromedriver!(No symbol) [0x31aa36]\n\tchromedriver!(No symbol) [0x2fd606]\n\tchromedriver!(No symbol) [0x2d0039]\n\tchromedriver!(No symbol) [0x2d0df4]\n\tchromedriver!GetHandleVerifier [0x70ddb4+292f94]\n\tchromedriver!GetHandleVerifier [0x70937d+28e55d]\n\tchromedriver!GetHandleVerifier [0x728215+2ad3f5]\n\tchromedriver!GetHandleVerifier [0x4a4c18+29df8]\n\tchromedriver!GetHandleVerifier [0x4ac6fd+318dd]\n\tchromedriver!GetHandleVerifier [0x493c78+18e58]\n\tchromedriver!GetHandleVerifier [0x493e42+19022]\n\tchromedriver!GetHandleVerifier [0x47d45f+263f]\n\tKERNEL32!BaseThreadInitThunk [0x75aafcc9+19]\n\tntdll!RtlGetAppContainerNamedObjectPath [0x779982ae+11e]\n\tntdll!RtlGetAppContainerNamedObjectPath [0x7799827e+ee]\n"}} | headers=HTTPHeaderDict({'Content-Length': '1406', 'Content-Type': 'application/json; charset=utf-8', 'cache-control': 'no-cache'})
00:30:11 [DEBUG] selenium.webdriver.remote.remote_connection — Finished Request
00:30:12 [DEBUG] selenium.webdriver.remote.remote_connection — POST http://localhost:57787/session/aecd8cd2d436d918803a57a3376d50f2/element {'using': 'xpath', 'value': "//h3[contains(text(), 'Quality Assurance')]/following-sibling::a[contains(text(), 'Open Position')] ..."}
00:30:12 [DEBUG] urllib3.connectionpool — http://localhost:57787 "POST /session/aecd8cd2d436d918803a57a3376d50f2/element HTTP/1.1" 404 0
00:30:12 [DEBUG] selenium.webdriver.remote.remote_connection — Remote response: status=404 | data={"value":{"error":"no such element","message":"no such element: Unable to locate element: {\"method\":\"xpath\",\"selector\":\"//h3[contains(text(), 'Quality Assurance')]/following-sibling::a[contains(text(), 'Open Position')] | //h3[contains(text(), 'Quality Assurance')]/..//a[contains(text(), 'Open Position')]\"}\n  (Session info: chrome=147.0.7727.117)","stacktrace":"\tchromedriver!GetHandleVerifier [0x48b373+10553]\n\tchromedriver!GetHandleVerifier [0x48b4a4+10684]\n\tchromedriver!(No symbol) [0x291e10]\n\tchromedriver!(No symbol) [0x2da9da]\n\tchromedriver!(No symbol) [0x2dac7b]\n\tchromedriver!(No symbol) [0x31d162]\n\tchromedriver!(No symbol) [0x2fd8b4]\n\tchromedriver!(No symbol) [0x31aa36]\n\tchromedriver!(No symbol) [0x2fd606]\n\tchromedriver!(No symbol) [0x2d0039]\n\tchromedriver!(No symbol) [0x2d0df4]\n\tchromedriver!GetHandleVerifier [0x70ddb4+292f94]\n\tchromedriver!GetHandleVerifier [0x70937d+28e55d]\n\tchromedriver!GetHandleVerifier [0x728215+2ad3f5]\n\tchromedriver!GetHandleVerifier [0x4a4c18+29df8]\n\tchromedriver!GetHandleVerifier [0x4ac6fd+318dd]\n\tchromedriver!GetHandleVerifier [0x493c78+18e58]\n\tchromedriver!GetHandleVerifier [0x493e42+19022]\n\tchromedriver!GetHandleVerifier [0x47d45f+263f]\n\tKERNEL32!BaseThreadInitThunk [0x75aafcc9+19]\n\tntdll!RtlGetAppContainerNamedObjectPath [0x779982ae+11e]\n\tntdll!RtlGetAppContainerNamedObjectPath [0x7799827e+ee]\n"}} | headers=HTTPHeaderDict({'Content-Length': '1406', 'Content-Type': 'application/json; charset=utf-8', 'cache-control': 'no-cache'})
00:30:12 [DEBUG] selenium.webdriver.remote.remote_connection — Finished Request
00:30:12 [DEBUG] selenium.webdriver.remote.remote_connection — POST http://localhost:57787/session/aecd8cd2d436d918803a57a3376d50f2/element {'using': 'xpath', 'value': "//h3[contains(text(), 'Quality Assurance')]/following-sibling::a[contains(text(), 'Open Position')] ..."}
00:30:12 [DEBUG] urllib3.connectionpool — http://localhost:57787 "POST /session/aecd8cd2d436d918803a57a3376d50f2/element HTTP/1.1" 404 0
00:30:12 [DEBUG] selenium.webdriver.remote.remote_connection — Remote response: status=404 | data={"value":{"error":"no such element","message":"no such element: Unable to locate element: {\"method\":\"xpath\",\"selector\":\"//h3[contains(text(), 'Quality Assurance')]/following-sibling::a[contains(text(), 'Open Position')] | //h3[contains(text(), 'Quality Assurance')]/..//a[contains(text(), 'Open Position')]\"}\n  (Session info: chrome=147.0.7727.117)","stacktrace":"\tchromedriver!GetHandleVerifier [0x48b373+10553]\n\tchromedriver!GetHandleVerifier [0x48b4a4+10684]\n\tchromedriver!(No symbol) [0x291e10]\n\tchromedriver!(No symbol) [0x2da9da]\n\tchromedriver!(No symbol) [0x2dac7b]\n\tchromedriver!(No symbol) [0x31d162]\n\tchromedriver!(No symbol) [0x2fd8b4]\n\tchromedriver!(No symbol) [0x31aa36]\n\tchromedriver!(No symbol) [0x2fd606]\n\tchromedriver!(No symbol) [0x2d0039]\n\tchromedriver!(No symbol) [0x2d0df4]\n\tchromedriver!GetHandleVerifier [0x70ddb4+292f94]\n\tchromedriver!GetHandleVerifier [0x70937d+28e55d]\n\tchromedriver!GetHandleVerifier [0x728215+2ad3f5]\n\tchromedriver!GetHandleVerifier [0x4a4c18+29df8]\n\tchromedriver!GetHandleVerifier [0x4ac6fd+318dd]\n\tchromedriver!GetHandleVerifier [0x493c78+18e58]\n\tchromedriver!GetHandleVerifier [0x493e42+19022]\n\tchromedriver!GetHandleVerifier [0x47d45f+263f]\n\tKERNEL32!BaseThreadInitThunk [0x75aafcc9+19]\n\tntdll!RtlGetAppContainerNamedObjectPath [0x779982ae+11e]\n\tntdll!RtlGetAppContainerNamedObjectPath [0x7799827e+ee]\n"}} | headers=HTTPHeaderDict({'Content-Length': '1406', 'Content-Type': 'application/json; charset=utf-8', 'cache-control': 'no-cache'})
00:30:12 [DEBUG] selenium.webdriver.remote.remote_connection — Finished Request
00:30:13 [DEBUG] selenium.webdriver.remote.remote_connection — POST http://localhost:57787/session/aecd8cd2d436d918803a57a3376d50f2/element {'using': 'xpath', 'value': "//h3[contains(text(), 'Quality Assurance')]/following-sibling::a[contains(text(), 'Open Position')] ..."}
00:30:13 [DEBUG] urllib3.connectionpool — http://localhost:57787 "POST /session/aecd8cd2d436d918803a57a3376d50f2/element HTTP/1.1" 404 0
00:30:13 [DEBUG] selenium.webdriver.remote.remote_connection — Remote response: status=404 | data={"value":{"error":"no such element","message":"no such element: Unable to locate element: {\"method\":\"xpath\",\"selector\":\"//h3[contains(text(), 'Quality Assurance')]/following-sibling::a[contains(text(), 'Open Position')] | //h3[contains(text(), 'Quality Assurance')]/..//a[contains(text(), 'Open Position')]\"}\n  (Session info: chrome=147.0.7727.117)","stacktrace":"\tchromedriver!GetHandleVerifier [0x48b373+10553]\n\tchromedriver!GetHandleVerifier [0x48b4a4+10684]\n\tchromedriver!(No symbol) [0x291e10]\n\tchromedriver!(No symbol) [0x2da9da]\n\tchromedriver!(No symbol) [0x2dac7b]\n\tchromedriver!(No symbol) [0x31d162]\n\tchromedriver!(No symbol) [0x2fd8b4]\n\tchromedriver!(No symbol) [0x31aa36]\n\tchromedriver!(No symbol) [0x2fd606]\n\tchromedriver!(No symbol) [0x2d0039]\n\tchromedriver!(No symbol) [0x2d0df4]\n\tchromedriver!GetHandleVerifier [0x70ddb4+292f94]\n\tchromedriver!GetHandleVerifier [0x70937d+28e55d]\n\tchromedriver!GetHandleVerifier [0x728215+2ad3f5]\n\tchromedriver!GetHandleVerifier [0x4a4c18+29df8]\n\tchromedriver!GetHandleVerifier [0x4ac6fd+318dd]\n\tchromedriver!GetHandleVerifier [0x493c78+18e58]\n\tchromedriver!GetHandleVerifier [0x493e42+19022]\n\tchromedriver!GetHandleVerifier [0x47d45f+263f]\n\tKERNEL32!BaseThreadInitThunk [0x75aafcc9+19]\n\tntdll!RtlGetAppContainerNamedObjectPath [0x779982ae+11e]\n\tntdll!RtlGetAppContainerNamedObjectPath [0x7799827e+ee]\n"}} | headers=HTTPHeaderDict({'Content-Length': '1406', 'Content-Type': 'application/json; charset=utf-8', 'cache-control': 'no-cache'})
00:30:13 [DEBUG] selenium.webdriver.remote.remote_connection — Finished Request
00:30:13 [DEBUG] selenium.webdriver.remote.remote_connection — POST http://localhost:57787/session/aecd8cd2d436d918803a57a3376d50f2/element {'using': 'xpath', 'value': "//h3[contains(text(), 'Quality Assurance')]/following-sibling::a[contains(text(), 'Open Position')] ..."}
00:30:13 [DEBUG] urllib3.connectionpool — http://localhost:57787 "POST /session/aecd8cd2d436d918803a57a3376d50f2/element HTTP/1.1" 404 0
00:30:13 [DEBUG] selenium.webdriver.remote.remote_connection — Remote response: status=404 | data={"value":{"error":"no such element","message":"no such element: Unable to locate element: {\"method\":\"xpath\",\"selector\":\"//h3[contains(text(), 'Quality Assurance')]/following-sibling::a[contains(text(), 'Open Position')] | //h3[contains(text(), 'Quality Assurance')]/..//a[contains(text(), 'Open Position')]\"}\n  (Session info: chrome=147.0.7727.117)","stacktrace":"\tchromedriver!GetHandleVerifier [0x48b373+10553]\n\tchromedriver!GetHandleVerifier [0x48b4a4+10684]\n\tchromedriver!(No symbol) [0x291e10]\n\tchromedriver!(No symbol) [0x2da9da]\n\tchromedriver!(No symbol) [0x2dac7b]\n\tchromedriver!(No symbol) [0x31d162]\n\tchromedriver!(No symbol) [0x2fd8b4]\n\tchromedriver!(No symbol) [0x31aa36]\n\tchromedriver!(No symbol) [0x2fd606]\n\tchromedriver!(No symbol) [0x2d0039]\n\tchromedriver!(No symbol) [0x2d0df4]\n\tchromedriver!GetHandleVerifier [0x70ddb4+292f94]\n\tchromedriver!GetHandleVerifier [0x70937d+28e55d]\n\tchromedriver!GetHandleVerifier [0x728215+2ad3f5]\n\tchromedriver!GetHandleVerifier [0x4a4c18+29df8]\n\tchromedriver!GetHandleVerifier [0x4ac6fd+318dd]\n\tchromedriver!GetHandleVerifier [0x493c78+18e58]\n\tchromedriver!GetHandleVerifier [0x493e42+19022]\n\tchromedriver!GetHandleVerifier [0x47d45f+263f]\n\tKERNEL32!BaseThreadInitThunk [0x75aafcc9+19]\n\tntdll!RtlGetAppContainerNamedObjectPath [0x779982ae+11e]\n\tntdll!RtlGetAppContainerNamedObjectPath [0x7799827e+ee]\n"}} | headers=HTTPHeaderDict({'Content-Length': '1406', 'Content-Type': 'application/json; charset=utf-8', 'cache-control': 'no-cache'})
00:30:13 [DEBUG] selenium.webdriver.remote.remote_connection — Finished Request
00:30:14 [DEBUG] selenium.webdriver.remote.remote_connection — POST http://localhost:57787/session/aecd8cd2d436d918803a57a3376d50f2/element {'using': 'xpath', 'value': "//h3[contains(text(), 'Quality Assurance')]/following-sibling::a[contains(text(), 'Open Position')] ..."}
00:30:14 [DEBUG] urllib3.connectionpool — http://localhost:57787 "POST /session/aecd8cd2d436d918803a57a3376d50f2/element HTTP/1.1" 404 0
00:30:14 [DEBUG] selenium.webdriver.remote.remote_connection — Remote response: status=404 | data={"value":{"error":"no such element","message":"no such element: Unable to locate element: {\"method\":\"xpath\",\"selector\":\"//h3[contains(text(), 'Quality Assurance')]/following-sibling::a[contains(text(), 'Open Position')] | //h3[contains(text(), 'Quality Assurance')]/..//a[contains(text(), 'Open Position')]\"}\n  (Session info: chrome=147.0.7727.117)","stacktrace":"\tchromedriver!GetHandleVerifier [0x48b373+10553]\n\tchromedriver!GetHandleVerifier [0x48b4a4+10684]\n\tchromedriver!(No symbol) [0x291e10]\n\tchromedriver!(No symbol) [0x2da9da]\n\tchromedriver!(No symbol) [0x2dac7b]\n\tchromedriver!(No symbol) [0x31d162]\n\tchromedriver!(No symbol) [0x2fd8b4]\n\tchromedriver!(No symbol) [0x31aa36]\n\tchromedriver!(No symbol) [0x2fd606]\n\tchromedriver!(No symbol) [0x2d0039]\n\tchromedriver!(No symbol) [0x2d0df4]\n\tchromedriver!GetHandleVerifier [0x70ddb4+292f94]\n\tchromedriver!GetHandleVerifier [0x70937d+28e55d]\n\tchromedriver!GetHandleVerifier [0x728215+2ad3f5]\n\tchromedriver!GetHandleVerifier [0x4a4c18+29df8]\n\tchromedriver!GetHandleVerifier [0x4ac6fd+318dd]\n\tchromedriver!GetHandleVerifier [0x493c78+18e58]\n\tchromedriver!GetHandleVerifier [0x493e42+19022]\n\tchromedriver!GetHandleVerifier [0x47d45f+263f]\n\tKERNEL32!BaseThreadInitThunk [0x75aafcc9+19]\n\tntdll!RtlGetAppContainerNamedObjectPath [0x779982ae+11e]\n\tntdll!RtlGetAppContainerNamedObjectPath [0x7799827e+ee]\n"}} | headers=HTTPHeaderDict({'Content-Length': '1406', 'Content-Type': 'application/json; charset=utf-8', 'cache-control': 'no-cache'})
00:30:14 [DEBUG] selenium.webdriver.remote.remote_connection — Finished Request
00:30:14 [DEBUG] selenium.webdriver.remote.remote_connection — POST http://localhost:57787/session/aecd8cd2d436d918803a57a3376d50f2/element {'using': 'xpath', 'value': "//h3[contains(text(), 'Quality Assurance')]/following-sibling::a[contains(text(), 'Open Position')] ..."}
00:30:14 [DEBUG] urllib3.connectionpool — http://localhost:57787 "POST /session/aecd8cd2d436d918803a57a3376d50f2/element HTTP/1.1" 404 0
00:30:14 [DEBUG] selenium.webdriver.remote.remote_connection — Remote response: status=404 | data={"value":{"error":"no such element","message":"no such element: Unable to locate element: {\"method\":\"xpath\",\"selector\":\"//h3[contains(text(), 'Quality Assurance')]/following-sibling::a[contains(text(), 'Open Position')] | //h3[contains(text(), 'Quality Assurance')]/..//a[contains(text(), 'Open Position')]\"}\n  (Session info: chrome=147.0.7727.117)","stacktrace":"\tchromedriver!GetHandleVerifier [0x48b373+10553]\n\tchromedriver!GetHandleVerifier [0x48b4a4+10684]\n\tchromedriver!(No symbol) [0x291e10]\n\tchromedriver!(No symbol) [0x2da9da]\n\tchromedriver!(No symbol) [0x2dac7b]\n\tchromedriver!(No symbol) [0x31d162]\n\tchromedriver!(No symbol) [0x2fd8b4]\n\tchromedriver!(No symbol) [0x31aa36]\n\tchromedriver!(No symbol) [0x2fd606]\n\tchromedriver!(No symbol) [0x2d0039]\n\tchromedriver!(No symbol) [0x2d0df4]\n\tchromedriver!GetHandleVerifier [0x70ddb4+292f94]\n\tchromedriver!GetHandleVerifier [0x70937d+28e55d]\n\tchromedriver!GetHandleVerifier [0x728215+2ad3f5]\n\tchromedriver!GetHandleVerifier [0x4a4c18+29df8]\n\tchromedriver!GetHandleVerifier [0x4ac6fd+318dd]\n\tchromedriver!GetHandleVerifier [0x493c78+18e58]\n\tchromedriver!GetHandleVerifier [0x493e42+19022]\n\tchromedriver!GetHandleVerifier [0x47d45f+263f]\n\tKERNEL32!BaseThreadInitThunk [0x75aafcc9+19]\n\tntdll!RtlGetAppContainerNamedObjectPath [0x779982ae+11e]\n\tntdll!RtlGetAppContainerNamedObjectPath [0x7799827e+ee]\n"}} | headers=HTTPHeaderDict({'Content-Length': '1406', 'Content-Type': 'application/json; charset=utf-8', 'cache-control': 'no-cache'})
00:30:14 [DEBUG] selenium.webdriver.remote.remote_connection — Finished Request
00:30:15 [DEBUG] selenium.webdriver.remote.remote_connection — POST http://localhost:57787/session/aecd8cd2d436d918803a57a3376d50f2/element {'using': 'xpath', 'value': "//h3[contains(text(), 'Quality Assurance')]/following-sibling::a[contains(text(), 'Open Position')] ..."}
00:30:15 [DEBUG] urllib3.connectionpool — http://localhost:57787 "POST /session/aecd8cd2d436d918803a57a3376d50f2/element HTTP/1.1" 404 0
00:30:15 [DEBUG] selenium.webdriver.remote.remote_connection — Remote response: status=404 | data={"value":{"error":"no such element","message":"no such element: Unable to locate element: {\"method\":\"xpath\",\"selector\":\"//h3[contains(text(), 'Quality Assurance')]/following-sibling::a[contains(text(), 'Open Position')] | //h3[contains(text(), 'Quality Assurance')]/..//a[contains(text(), 'Open Position')]\"}\n  (Session info: chrome=147.0.7727.117)","stacktrace":"\tchromedriver!GetHandleVerifier [0x48b373+10553]\n\tchromedriver!GetHandleVerifier [0x48b4a4+10684]\n\tchromedriver!(No symbol) [0x291e10]\n\tchromedriver!(No symbol) [0x2da9da]\n\tchromedriver!(No symbol) [0x2dac7b]\n\tchromedriver!(No symbol) [0x31d162]\n\tchromedriver!(No symbol) [0x2fd8b4]\n\tchromedriver!(No symbol) [0x31aa36]\n\tchromedriver!(No symbol) [0x2fd606]\n\tchromedriver!(No symbol) [0x2d0039]\n\tchromedriver!(No symbol) [0x2d0df4]\n\tchromedriver!GetHandleVerifier [0x70ddb4+292f94]\n\tchromedriver!GetHandleVerifier [0x70937d+28e55d]\n\tchromedriver!GetHandleVerifier [0x728215+2ad3f5]\n\tchromedriver!GetHandleVerifier [0x4a4c18+29df8]\n\tchromedriver!GetHandleVerifier [0x4ac6fd+318dd]\n\tchromedriver!GetHandleVerifier [0x493c78+18e58]\n\tchromedriver!GetHandleVerifier [0x493e42+19022]\n\tchromedriver!GetHandleVerifier [0x47d45f+263f]\n\tKERNEL32!BaseThreadInitThunk [0x75aafcc9+19]\n\tntdll!RtlGetAppContainerNamedObjectPath [0x779982ae+11e]\n\tntdll!RtlGetAppContainerNamedObjectPath [0x7799827e+ee]\n"}} | headers=HTTPHeaderDict({'Content-Length': '1406', 'Content-Type': 'application/json; charset=utf-8', 'cache-control': 'no-cache'})
00:30:15 [DEBUG] selenium.webdriver.remote.remote_connection — Finished Request
00:30:15 [DEBUG] selenium.webdriver.remote.remote_connection — POST http://localhost:57787/session/aecd8cd2d436d918803a57a3376d50f2/element {'using': 'xpath', 'value': "//h3[contains(text(), 'Quality Assurance')]/following-sibling::a[contains(text(), 'Open Position')] ..."}
00:30:15 [DEBUG] urllib3.connectionpool — http://localhost:57787 "POST /session/aecd8cd2d436d918803a57a3376d50f2/element HTTP/1.1" 404 0
00:30:15 [DEBUG] selenium.webdriver.remote.remote_connection — Remote response: status=404 | data={"value":{"error":"no such element","message":"no such element: Unable to locate element: {\"method\":\"xpath\",\"selector\":\"//h3[contains(text(), 'Quality Assurance')]/following-sibling::a[contains(text(), 'Open Position')] | //h3[contains(text(), 'Quality Assurance')]/..//a[contains(text(), 'Open Position')]\"}\n  (Session info: chrome=147.0.7727.117)","stacktrace":"\tchromedriver!GetHandleVerifier [0x48b373+10553]\n\tchromedriver!GetHandleVerifier [0x48b4a4+10684]\n\tchromedriver!(No symbol) [0x291e10]\n\tchromedriver!(No symbol) [0x2da9da]\n\tchromedriver!(No symbol) [0x2dac7b]\n\tchromedriver!(No symbol) [0x31d162]\n\tchromedriver!(No symbol) [0x2fd8b4]\n\tchromedriver!(No symbol) [0x31aa36]\n\tchromedriver!(No symbol) [0x2fd606]\n\tchromedriver!(No symbol) [0x2d0039]\n\tchromedriver!(No symbol) [0x2d0df4]\n\tchromedriver!GetHandleVerifier [0x70ddb4+292f94]\n\tchromedriver!GetHandleVerifier [0x70937d+28e55d]\n\tchromedriver!GetHandleVerifier [0x728215+2ad3f5]\n\tchromedriver!GetHandleVerifier [0x4a4c18+29df8]\n\tchromedriver!GetHandleVerifier [0x4ac6fd+318dd]\n\tchromedriver!GetHandleVerifier [0x493c78+18e58]\n\tchromedriver!GetHandleVerifier [0x493e42+19022]\n\tchromedriver!GetHandleVerifier [0x47d45f+263f]\n\tKERNEL32!BaseThreadInitThunk [0x75aafcc9+19]\n\tntdll!RtlGetAppContainerNamedObjectPath [0x779982ae+11e]\n\tntdll!RtlGetAppContainerNamedObjectPath [0x7799827e+ee]\n"}} | headers=HTTPHeaderDict({'Content-Length': '1406', 'Content-Type': 'application/json; charset=utf-8', 'cache-control': 'no-cache'})
00:30:15 [DEBUG] selenium.webdriver.remote.remote_connection — Finished Request
00:30:16 [ERROR] pages.careers_page — Failed to click QA Open Positions link: Message: Element not clickable: ('xpath', "//h3[contains(text(), 'Quality Assurance')]/following-sibling::a[contains(text(), 'Open Position')] | //h3[contains(text(), 'Quality Assurance')]/..//a[contains(text(), 'Open Position')]")
Stacktrace:
	chromedriver!GetHandleVerifier [0x48b373+10553]
	chromedriver!GetHandleVerifier [0x48b4a4+10684]
	chromedriver!(No symbol) [0x291e10]
	chromedriver!(No symbol) [0x2da9da]
	chromedriver!(No symbol) [0x2dac7b]
	chromedriver!(No symbol) [0x31d162]
	chromedriver!(No symbol) [0x2fd8b4]
	chromedriver!(No symbol) [0x31aa36]
	chromedriver!(No symbol) [0x2fd606]
	chromedriver!(No symbol) [0x2d0039]
	chromedriver!(No symbol) [0x2d0df4]
	chromedriver!GetHandleVerifier [0x70ddb4+292f94]
	chromedriver!GetHandleVerifier [0x70937d+28e55d]
	chromedriver!GetHandleVerifier [0x728215+2ad3f5]
	chromedriver!GetHandleVerifier [0x4a4c18+29df8]
	chromedriver!GetHandleVerifier [0x4ac6fd+318dd]
	chromedriver!GetHandleVerifier [0x493c78+18e58]
	chromedriver!GetHandleVerifier [0x493e42+19022]
	chromedriver!GetHandleVerifier [0x47d45f+263f]
	KERNEL32!BaseThreadInitThunk [0x75aafcc9+19]
	ntdll!RtlGetAppContainerNamedObjectPath [0x779982ae+11e]
	ntdll!RtlGetAppContainerNamedObjectPath [0x7799827e+ee]

00:30:16 [DEBUG] selenium.webdriver.remote.remote_connection — POST http://localhost:57787/session/aecd8cd2d436d918803a57a3376d50f2/element {'using': 'xpath', 'value': "//a[contains(@href, 'quality-assurance') and contains(., 'Open Position')]"}
00:30:16 [DEBUG] urllib3.connectionpool — http://localhost:57787 "POST /session/aecd8cd2d436d918803a57a3376d50f2/element HTTP/1.1" 404 0
00:30:16 [DEBUG] selenium.webdriver.remote.remote_connection — Remote response: status=404 | data={"value":{"error":"no such element","message":"no such element: Unable to locate element: {\"method\":\"xpath\",\"selector\":\"//a[contains(@href, 'quality-assurance') and contains(., 'Open Position')]\"}\n  (Session info: chrome=147.0.7727.117)","stacktrace":"\tchromedriver!GetHandleVerifier [0x48b373+10553]\n\tchromedriver!GetHandleVerifier [0x48b4a4+10684]\n\tchromedriver!(No symbol) [0x291e10]\n\tchromedriver!(No symbol) [0x2da9da]\n\tchromedriver!(No symbol) [0x2dac7b]\n\tchromedriver!(No symbol) [0x31d162]\n\tchromedriver!(No symbol) [0x2fd8b4]\n\tchromedriver!(No symbol) [0x31aa36]\n\tchromedriver!(No symbol) [0x2fd606]\n\tchromedriver!(No symbol) [0x2d0039]\n\tchromedriver!(No symbol) [0x2d0df4]\n\tchromedriver!GetHandleVerifier [0x70ddb4+292f94]\n\tchromedriver!GetHandleVerifier [0x70937d+28e55d]\n\tchromedriver!GetHandleVerifier [0x728215+2ad3f5]\n\tchromedriver!GetHandleVerifier [0x4a4c18+29df8]\n\tchromedriver!GetHandleVerifier [0x4ac6fd+318dd]\n\tchromedriver!GetHandleVerifier [0x493c78+18e58]\n\tchromedriver!GetHandleVerifier [0x493e42+19022]\n\tchromedriver!GetHandleVerifier [0x47d45f+263f]\n\tKERNEL32!BaseThreadInitThunk [0x75aafcc9+19]\n\tntdll!RtlGetAppContainerNamedObjectPath [0x779982ae+11e]\n\tntdll!RtlGetAppContainerNamedObjectPath [0x7799827e+ee]\n"}} | headers=HTTPHeaderDict({'Content-Length': '1294', 'Content-Type': 'application/json; charset=utf-8', 'cache-control': 'no-cache'})
00:30:16 [DEBUG] selenium.webdriver.remote.remote_connection — Finished Request
00:30:16 [DEBUG] selenium.webdriver.remote.remote_connection — POST http://localhost:57787/session/aecd8cd2d436d918803a57a3376d50f2/element {'using': 'xpath', 'value': "//a[contains(@href, 'quality-assurance') and contains(., 'Open Position')]"}
00:30:16 [DEBUG] urllib3.connectionpool — http://localhost:57787 "POST /session/aecd8cd2d436d918803a57a3376d50f2/element HTTP/1.1" 404 0
00:30:16 [DEBUG] selenium.webdriver.remote.remote_connection — Remote response: status=404 | data={"value":{"error":"no such element","message":"no such element: Unable to locate element: {\"method\":\"xpath\",\"selector\":\"//a[contains(@href, 'quality-assurance') and contains(., 'Open Position')]\"}\n  (Session info: chrome=147.0.7727.117)","stacktrace":"\tchromedriver!GetHandleVerifier [0x48b373+10553]\n\tchromedriver!GetHandleVerifier [0x48b4a4+10684]\n\tchromedriver!(No symbol) [0x291e10]\n\tchromedriver!(No symbol) [0x2da9da]\n\tchromedriver!(No symbol) [0x2dac7b]\n\tchromedriver!(No symbol) [0x31d162]\n\tchromedriver!(No symbol) [0x2fd8b4]\n\tchromedriver!(No symbol) [0x31aa36]\n\tchromedriver!(No symbol) [0x2fd606]\n\tchromedriver!(No symbol) [0x2d0039]\n\tchromedriver!(No symbol) [0x2d0df4]\n\tchromedriver!GetHandleVerifier [0x70ddb4+292f94]\n\tchromedriver!GetHandleVerifier [0x70937d+28e55d]\n\tchromedriver!GetHandleVerifier [0x728215+2ad3f5]\n\tchromedriver!GetHandleVerifier [0x4a4c18+29df8]\n\tchromedriver!GetHandleVerifier [0x4ac6fd+318dd]\n\tchromedriver!GetHandleVerifier [0x493c78+18e58]\n\tchromedriver!GetHandleVerifier [0x493e42+19022]\n\tchromedriver!GetHandleVerifier [0x47d45f+263f]\n\tKERNEL32!BaseThreadInitThunk [0x75aafcc9+19]\n\tntdll!RtlGetAppContainerNamedObjectPath [0x779982ae+11e]\n\tntdll!RtlGetAppContainerNamedObjectPath [0x7799827e+ee]\n"}} | headers=HTTPHeaderDict({'Content-Length': '1294', 'Content-Type': 'application/json; charset=utf-8', 'cache-control': 'no-cache'})
00:30:16 [DEBUG] selenium.webdriver.remote.remote_connection — Finished Request
00:30:17 [DEBUG] selenium.webdriver.remote.remote_connection — POST http://localhost:57787/session/aecd8cd2d436d918803a57a3376d50f2/element {'using': 'xpath', 'value': "//a[contains(@href, 'quality-assurance') and contains(., 'Open Position')]"}
00:30:17 [DEBUG] urllib3.connectionpool — http://localhost:57787 "POST /session/aecd8cd2d436d918803a57a3376d50f2/element HTTP/1.1" 404 0
00:30:17 [DEBUG] selenium.webdriver.remote.remote_connection — Remote response: status=404 | data={"value":{"error":"no such element","message":"no such element: Unable to locate element: {\"method\":\"xpath\",\"selector\":\"//a[contains(@href, 'quality-assurance') and contains(., 'Open Position')]\"}\n  (Session info: chrome=147.0.7727.117)","stacktrace":"\tchromedriver!GetHandleVerifier [0x48b373+10553]\n\tchromedriver!GetHandleVerifier [0x48b4a4+10684]\n\tchromedriver!(No symbol) [0x291e10]\n\tchromedriver!(No symbol) [0x2da9da]\n\tchromedriver!(No symbol) [0x2dac7b]\n\tchromedriver!(No symbol) [0x31d162]\n\tchromedriver!(No symbol) [0x2fd8b4]\n\tchromedriver!(No symbol) [0x31aa36]\n\tchromedriver!(No symbol) [0x2fd606]\n\tchromedriver!(No symbol) [0x2d0039]\n\tchromedriver!(No symbol) [0x2d0df4]\n\tchromedriver!GetHandleVerifier [0x70ddb4+292f94]\n\tchromedriver!GetHandleVerifier [0x70937d+28e55d]\n\tchromedriver!GetHandleVerifier [0x728215+2ad3f5]\n\tchromedriver!GetHandleVerifier [0x4a4c18+29df8]\n\tchromedriver!GetHandleVerifier [0x4ac6fd+318dd]\n\tchromedriver!GetHandleVerifier [0x493c78+18e58]\n\tchromedriver!GetHandleVerifier [0x493e42+19022]\n\tchromedriver!GetHandleVerifier [0x47d45f+263f]\n\tKERNEL32!BaseThreadInitThunk [0x75aafcc9+19]\n\tntdll!RtlGetAppContainerNamedObjectPath [0x779982ae+11e]\n\tntdll!RtlGetAppContainerNamedObjectPath [0x7799827e+ee]\n"}} | headers=HTTPHeaderDict({'Content-Length': '1294', 'Content-Type': 'application/json; charset=utf-8', 'cache-control': 'no-cache'})
00:30:17 [DEBUG] selenium.webdriver.remote.remote_connection — Finished Request
00:30:17 [DEBUG] selenium.webdriver.remote.remote_connection — POST http://localhost:57787/session/aecd8cd2d436d918803a57a3376d50f2/element {'using': 'xpath', 'value': "//a[contains(@href, 'quality-assurance') and contains(., 'Open Position')]"}
00:30:17 [DEBUG] urllib3.connectionpool — http://localhost:57787 "POST /session/aecd8cd2d436d918803a57a3376d50f2/element HTTP/1.1" 404 0
00:30:17 [DEBUG] selenium.webdriver.remote.remote_connection — Remote response: status=404 | data={"value":{"error":"no such element","message":"no such element: Unable to locate element: {\"method\":\"xpath\",\"selector\":\"//a[contains(@href, 'quality-assurance') and contains(., 'Open Position')]\"}\n  (Session info: chrome=147.0.7727.117)","stacktrace":"\tchromedriver!GetHandleVerifier [0x48b373+10553]\n\tchromedriver!GetHandleVerifier [0x48b4a4+10684]\n\tchromedriver!(No symbol) [0x291e10]\n\tchromedriver!(No symbol) [0x2da9da]\n\tchromedriver!(No symbol) [0x2dac7b]\n\tchromedriver!(No symbol) [0x31d162]\n\tchromedriver!(No symbol) [0x2fd8b4]\n\tchromedriver!(No symbol) [0x31aa36]\n\tchromedriver!(No symbol) [0x2fd606]\n\tchromedriver!(No symbol) [0x2d0039]\n\tchromedriver!(No symbol) [0x2d0df4]\n\tchromedriver!GetHandleVerifier [0x70ddb4+292f94]\n\tchromedriver!GetHandleVerifier [0x70937d+28e55d]\n\tchromedriver!GetHandleVerifier [0x728215+2ad3f5]\n\tchromedriver!GetHandleVerifier [0x4a4c18+29df8]\n\tchromedriver!GetHandleVerifier [0x4ac6fd+318dd]\n\tchromedriver!GetHandleVerifier [0x493c78+18e58]\n\tchromedriver!GetHandleVerifier [0x493e42+19022]\n\tchromedriver!GetHandleVerifier [0x47d45f+263f]\n\tKERNEL32!BaseThreadInitThunk [0x75aafcc9+19]\n\tntdll!RtlGetAppContainerNamedObjectPath [0x779982ae+11e]\n\tntdll!RtlGetAppContainerNamedObjectPath [0x7799827e+ee]\n"}} | headers=HTTPHeaderDict({'Content-Length': '1294', 'Content-Type': 'application/json; charset=utf-8', 'cache-control': 'no-cache'})
00:30:17 [DEBUG] selenium.webdriver.remote.remote_connection — Finished Request
00:30:18 [DEBUG] selenium.webdriver.remote.remote_connection — POST http://localhost:57787/session/aecd8cd2d436d918803a57a3376d50f2/element {'using': 'xpath', 'value': "//a[contains(@href, 'quality-assurance') and contains(., 'Open Position')]"}
00:30:18 [DEBUG] urllib3.connectionpool — http://localhost:57787 "POST /session/aecd8cd2d436d918803a57a3376d50f2/element HTTP/1.1" 404 0
00:30:18 [DEBUG] selenium.webdriver.remote.remote_connection — Remote response: status=404 | data={"value":{"error":"no such element","message":"no such element: Unable to locate element: {\"method\":\"xpath\",\"selector\":\"//a[contains(@href, 'quality-assurance') and contains(., 'Open Position')]\"}\n  (Session info: chrome=147.0.7727.117)","stacktrace":"\tchromedriver!GetHandleVerifier [0x48b373+10553]\n\tchromedriver!GetHandleVerifier [0x48b4a4+10684]\n\tchromedriver!(No symbol) [0x291e10]\n\tchromedriver!(No symbol) [0x2da9da]\n\tchromedriver!(No symbol) [0x2dac7b]\n\tchromedriver!(No symbol) [0x31d162]\n\tchromedriver!(No symbol) [0x2fd8b4]\n\tchromedriver!(No symbol) [0x31aa36]\n\tchromedriver!(No symbol) [0x2fd606]\n\tchromedriver!(No symbol) [0x2d0039]\n\tchromedriver!(No symbol) [0x2d0df4]\n\tchromedriver!GetHandleVerifier [0x70ddb4+292f94]\n\tchromedriver!GetHandleVerifier [0x70937d+28e55d]\n\tchromedriver!GetHandleVerifier [0x728215+2ad3f5]\n\tchromedriver!GetHandleVerifier [0x4a4c18+29df8]\n\tchromedriver!GetHandleVerifier [0x4ac6fd+318dd]\n\tchromedriver!GetHandleVerifier [0x493c78+18e58]\n\tchromedriver!GetHandleVerifier [0x493e42+19022]\n\tchromedriver!GetHandleVerifier [0x47d45f+263f]\n\tKERNEL32!BaseThreadInitThunk [0x75aafcc9+19]\n\tntdll!RtlGetAppContainerNamedObjectPath [0x779982ae+11e]\n\tntdll!RtlGetAppContainerNamedObjectPath [0x7799827e+ee]\n"}} | headers=HTTPHeaderDict({'Content-Length': '1294', 'Content-Type': 'application/json; charset=utf-8', 'cache-control': 'no-cache'})
00:30:18 [DEBUG] selenium.webdriver.remote.remote_connection — Finished Request
00:30:19 [DEBUG] selenium.webdriver.remote.remote_connection — POST http://localhost:57787/session/aecd8cd2d436d918803a57a3376d50f2/element {'using': 'xpath', 'value': "//a[contains(@href, 'quality-assurance') and contains(., 'Open Position')]"}
00:30:19 [DEBUG] urllib3.connectionpool — http://localhost:57787 "POST /session/aecd8cd2d436d918803a57a3376d50f2/element HTTP/1.1" 404 0
00:30:19 [DEBUG] selenium.webdriver.remote.remote_connection — Remote response: status=404 | data={"value":{"error":"no such element","message":"no such element: Unable to locate element: {\"method\":\"xpath\",\"selector\":\"//a[contains(@href, 'quality-assurance') and contains(., 'Open Position')]\"}\n  (Session info: chrome=147.0.7727.117)","stacktrace":"\tchromedriver!GetHandleVerifier [0x48b373+10553]\n\tchromedriver!GetHandleVerifier [0x48b4a4+10684]\n\tchromedriver!(No symbol) [0x291e10]\n\tchromedriver!(No symbol) [0x2da9da]\n\tchromedriver!(No symbol) [0x2dac7b]\n\tchromedriver!(No symbol) [0x31d162]\n\tchromedriver!(No symbol) [0x2fd8b4]\n\tchromedriver!(No symbol) [0x31aa36]\n\tchromedriver!(No symbol) [0x2fd606]\n\tchromedriver!(No symbol) [0x2d0039]\n\tchromedriver!(No symbol) [0x2d0df4]\n\tchromedriver!GetHandleVerifier [0x70ddb4+292f94]\n\tchromedriver!GetHandleVerifier [0x70937d+28e55d]\n\tchromedriver!GetHandleVerifier [0x728215+2ad3f5]\n\tchromedriver!GetHandleVerifier [0x4a4c18+29df8]\n\tchromedriver!GetHandleVerifier [0x4ac6fd+318dd]\n\tchromedriver!GetHandleVerifier [0x493c78+18e58]\n\tchromedriver!GetHandleVerifier [0x493e42+19022]\n\tchromedriver!GetHandleVerifier [0x47d45f+263f]\n\tKERNEL32!BaseThreadInitThunk [0x75aafcc9+19]\n\tntdll!RtlGetAppContainerNamedObjectPath [0x779982ae+11e]\n\tntdll!RtlGetAppContainerNamedObjectPath [0x7799827e+ee]\n"}} | headers=HTTPHeaderDict({'Content-Length': '1294', 'Content-Type': 'application/json; charset=utf-8', 'cache-control': 'no-cache'})
00:30:19 [DEBUG] selenium.webdriver.remote.remote_connection — Finished Request
00:30:19 [DEBUG] selenium.webdriver.remote.remote_connection — POST http://localhost:57787/session/aecd8cd2d436d918803a57a3376d50f2/element {'using': 'xpath', 'value': "//a[contains(@href, 'quality-assurance') and contains(., 'Open Position')]"}
00:30:19 [DEBUG] urllib3.connectionpool — http://localhost:57787 "POST /session/aecd8cd2d436d918803a57a3376d50f2/element HTTP/1.1" 404 0
00:30:19 [DEBUG] selenium.webdriver.remote.remote_connection — Remote response: status=404 | data={"value":{"error":"no such element","message":"no such element: Unable to locate element: {\"method\":\"xpath\",\"selector\":\"//a[contains(@href, 'quality-assurance') and contains(., 'Open Position')]\"}\n  (Session info: chrome=147.0.7727.117)","stacktrace":"\tchromedriver!GetHandleVerifier [0x48b373+10553]\n\tchromedriver!GetHandleVerifier [0x48b4a4+10684]\n\tchromedriver!(No symbol) [0x291e10]\n\tchromedriver!(No symbol) [0x2da9da]\n\tchromedriver!(No symbol) [0x2dac7b]\n\tchromedriver!(No symbol) [0x31d162]\n\tchromedriver!(No symbol) [0x2fd8b4]\n\tchromedriver!(No symbol) [0x31aa36]\n\tchromedriver!(No symbol) [0x2fd606]\n\tchromedriver!(No symbol) [0x2d0039]\n\tchromedriver!(No symbol) [0x2d0df4]\n\tchromedriver!GetHandleVerifier [0x70ddb4+292f94]\n\tchromedriver!GetHandleVerifier [0x70937d+28e55d]\n\tchromedriver!GetHandleVerifier [0x728215+2ad3f5]\n\tchromedriver!GetHandleVerifier [0x4a4c18+29df8]\n\tchromedriver!GetHandleVerifier [0x4ac6fd+318dd]\n\tchromedriver!GetHandleVerifier [0x493c78+18e58]\n\tchromedriver!GetHandleVerifier [0x493e42+19022]\n\tchromedriver!GetHandleVerifier [0x47d45f+263f]\n\tKERNEL32!BaseThreadInitThunk [0x75aafcc9+19]\n\tntdll!RtlGetAppContainerNamedObjectPath [0x779982ae+11e]\n\tntdll!RtlGetAppContainerNamedObjectPath [0x7799827e+ee]\n"}} | headers=HTTPHeaderDict({'Content-Length': '1294', 'Content-Type': 'application/json; charset=utf-8', 'cache-control': 'no-cache'})
00:30:19 [DEBUG] selenium.webdriver.remote.remote_connection — Finished Request
00:30:20 [DEBUG] selenium.webdriver.remote.remote_connection — POST http://localhost:57787/session/aecd8cd2d436d918803a57a3376d50f2/element {'using': 'xpath', 'value': "//a[contains(@href, 'quality-assurance') and contains(., 'Open Position')]"}
00:30:20 [DEBUG] urllib3.connectionpool — http://localhost:57787 "POST /session/aecd8cd2d436d918803a57a3376d50f2/element HTTP/1.1" 404 0
00:30:20 [DEBUG] selenium.webdriver.remote.remote_connection — Remote response: status=404 | data={"value":{"error":"no such element","message":"no such element: Unable to locate element: {\"method\":\"xpath\",\"selector\":\"//a[contains(@href, 'quality-assurance') and contains(., 'Open Position')]\"}\n  (Session info: chrome=147.0.7727.117)","stacktrace":"\tchromedriver!GetHandleVerifier [0x48b373+10553]\n\tchromedriver!GetHandleVerifier [0x48b4a4+10684]\n\tchromedriver!(No symbol) [0x291e10]\n\tchromedriver!(No symbol) [0x2da9da]\n\tchromedriver!(No symbol) [0x2dac7b]\n\tchromedriver!(No symbol) [0x31d162]\n\tchromedriver!(No symbol) [0x2fd8b4]\n\tchromedriver!(No symbol) [0x31aa36]\n\tchromedriver!(No symbol) [0x2fd606]\n\tchromedriver!(No symbol) [0x2d0039]\n\tchromedriver!(No symbol) [0x2d0df4]\n\tchromedriver!GetHandleVerifier [0x70ddb4+292f94]\n\tchromedriver!GetHandleVerifier [0x70937d+28e55d]\n\tchromedriver!GetHandleVerifier [0x728215+2ad3f5]\n\tchromedriver!GetHandleVerifier [0x4a4c18+29df8]\n\tchromedriver!GetHandleVerifier [0x4ac6fd+318dd]\n\tchromedriver!GetHandleVerifier [0x493c78+18e58]\n\tchromedriver!GetHandleVerifier [0x493e42+19022]\n\tchromedriver!GetHandleVerifier [0x47d45f+263f]\n\tKERNEL32!BaseThreadInitThunk [0x75aafcc9+19]\n\tntdll!RtlGetAppContainerNamedObjectPath [0x779982ae+11e]\n\tntdll!RtlGetAppContainerNamedObjectPath [0x7799827e+ee]\n"}} | headers=HTTPHeaderDict({'Content-Length': '1294', 'Content-Type': 'application/json; charset=utf-8', 'cache-control': 'no-cache'})
00:30:20 [DEBUG] selenium.webdriver.remote.remote_connection — Finished Request
00:30:20 [DEBUG] selenium.webdriver.remote.remote_connection — POST http://localhost:57787/session/aecd8cd2d436d918803a57a3376d50f2/element {'using': 'xpath', 'value': "//a[contains(@href, 'quality-assurance') and contains(., 'Open Position')]"}
00:30:20 [DEBUG] urllib3.connectionpool — http://localhost:57787 "POST /session/aecd8cd2d436d918803a57a3376d50f2/element HTTP/1.1" 404 0
00:30:20 [DEBUG] selenium.webdriver.remote.remote_connection — Remote response: status=404 | data={"value":{"error":"no such element","message":"no such element: Unable to locate element: {\"method\":\"xpath\",\"selector\":\"//a[contains(@href, 'quality-assurance') and contains(., 'Open Position')]\"}\n  (Session info: chrome=147.0.7727.117)","stacktrace":"\tchromedriver!GetHandleVerifier [0x48b373+10553]\n\tchromedriver!GetHandleVerifier [0x48b4a4+10684]\n\tchromedriver!(No symbol) [0x291e10]\n\tchromedriver!(No symbol) [0x2da9da]\n\tchromedriver!(No symbol) [0x2dac7b]\n\tchromedriver!(No symbol) [0x31d162]\n\tchromedriver!(No symbol) [0x2fd8b4]\n\tchromedriver!(No symbol) [0x31aa36]\n\tchromedriver!(No symbol) [0x2fd606]\n\tchromedriver!(No symbol) [0x2d0039]\n\tchromedriver!(No symbol) [0x2d0df4]\n\tchromedriver!GetHandleVerifier [0x70ddb4+292f94]\n\tchromedriver!GetHandleVerifier [0x70937d+28e55d]\n\tchromedriver!GetHandleVerifier [0x728215+2ad3f5]\n\tchromedriver!GetHandleVerifier [0x4a4c18+29df8]\n\tchromedriver!GetHandleVerifier [0x4ac6fd+318dd]\n\tchromedriver!GetHandleVerifier [0x493c78+18e58]\n\tchromedriver!GetHandleVerifier [0x493e42+19022]\n\tchromedriver!GetHandleVerifier [0x47d45f+263f]\n\tKERNEL32!BaseThreadInitThunk [0x75aafcc9+19]\n\tntdll!RtlGetAppContainerNamedObjectPath [0x779982ae+11e]\n\tntdll!RtlGetAppContainerNamedObjectPath [0x7799827e+ee]\n"}} | headers=HTTPHeaderDict({'Content-Length': '1294', 'Content-Type': 'application/json; charset=utf-8', 'cache-control': 'no-cache'})
00:30:20 [DEBUG] selenium.webdriver.remote.remote_connection — Finished Request
00:30:21 [DEBUG] selenium.webdriver.remote.remote_connection — POST http://localhost:57787/session/aecd8cd2d436d918803a57a3376d50f2/element {'using': 'xpath', 'value': "//a[contains(@href, 'quality-assurance') and contains(., 'Open Position')]"}
00:30:21 [DEBUG] urllib3.connectionpool — http://localhost:57787 "POST /session/aecd8cd2d436d918803a57a3376d50f2/element HTTP/1.1" 404 0
00:30:21 [DEBUG] selenium.webdriver.remote.remote_connection — Remote response: status=404 | data={"value":{"error":"no such element","message":"no such element: Unable to locate element: {\"method\":\"xpath\",\"selector\":\"//a[contains(@href, 'quality-assurance') and contains(., 'Open Position')]\"}\n  (Session info: chrome=147.0.7727.117)","stacktrace":"\tchromedriver!GetHandleVerifier [0x48b373+10553]\n\tchromedriver!GetHandleVerifier [0x48b4a4+10684]\n\tchromedriver!(No symbol) [0x291e10]\n\tchromedriver!(No symbol) [0x2da9da]\n\tchromedriver!(No symbol) [0x2dac7b]\n\tchromedriver!(No symbol) [0x31d162]\n\tchromedriver!(No symbol) [0x2fd8b4]\n\tchromedriver!(No symbol) [0x31aa36]\n\tchromedriver!(No symbol) [0x2fd606]\n\tchromedriver!(No symbol) [0x2d0039]\n\tchromedriver!(No symbol) [0x2d0df4]\n\tchromedriver!GetHandleVerifier [0x70ddb4+292f94]\n\tchromedriver!GetHandleVerifier [0x70937d+28e55d]\n\tchromedriver!GetHandleVerifier [0x728215+2ad3f5]\n\tchromedriver!GetHandleVerifier [0x4a4c18+29df8]\n\tchromedriver!GetHandleVerifier [0x4ac6fd+318dd]\n\tchromedriver!GetHandleVerifier [0x493c78+18e58]\n\tchromedriver!GetHandleVerifier [0x493e42+19022]\n\tchromedriver!GetHandleVerifier [0x47d45f+263f]\n\tKERNEL32!BaseThreadInitThunk [0x75aafcc9+19]\n\tntdll!RtlGetAppContainerNamedObjectPath [0x779982ae+11e]\n\tntdll!RtlGetAppContainerNamedObjectPath [0x7799827e+ee]\n"}} | headers=HTTPHeaderDict({'Content-Length': '1294', 'Content-Type': 'application/json; charset=utf-8', 'cache-control': 'no-cache'})
00:30:21 [DEBUG] selenium.webdriver.remote.remote_connection — Finished Request
00:30:21 [DEBUG] selenium.webdriver.remote.remote_connection — DELETE http://localhost:57787/session/aecd8cd2d436d918803a57a3376d50f2 {}
00:30:21 [DEBUG] urllib3.connectionpool — http://localhost:57787 "DELETE /session/aecd8cd2d436d918803a57a3376d50f2 HTTP/1.1" 200 0
00:30:21 [DEBUG] selenium.webdriver.remote.remote_connection — Remote response: status=200 | data={"value":null} | headers=HTTPHeaderDict({'Content-Length': '14', 'Content-Type': 'application/json; charset=utf-8', 'cache-control': 'no-cache'})
00:30:21 [DEBUG] selenium.webdriver.remote.remote_connection — Finished Request
00:30:23 [INFO] conftest — Driver closed for test: test_each_job_position_contains_quality_assurance
00:30:23 [INFO] utils.driver_factory — Creating chrome driver (headless=True)
00:30:23 [INFO] WDM — ====== WebDriver manager ======
00:30:24 [INFO] WDM — Get LATEST chromedriver version for google-chrome
00:30:24 [DEBUG] urllib3.connectionpool — Starting new HTTPS connection (1): googlechromelabs.github.io:443
00:30:25 [DEBUG] urllib3.connectionpool — https://googlechromelabs.github.io:443 "GET /chrome-for-testing/latest-patch-versions-per-build.json HTTP/1.1" 200 16425
00:30:25 [INFO] WDM — Get LATEST chromedriver version for google-chrome
00:30:25 [DEBUG] urllib3.connectionpool — Starting new HTTPS connection (1): googlechromelabs.github.io:443
00:30:25 [DEBUG] urllib3.connectionpool — https://googlechromelabs.github.io:443 "GET /chrome-for-testing/latest-patch-versions-per-build.json HTTP/1.1" 200 16425
00:30:25 [INFO] WDM — Driver [C:\Users\User\.wdm\drivers\chromedriver\win64\147.0.7727.117\chromedriver.exe] found in cache
00:30:25 [DEBUG] selenium.webdriver.common.driver_finder — Skipping Selenium Manager; path to chrome driver specified in Service class: C:\Users\User\.wdm\drivers\chromedriver\win64\147.0.7727.117\chromedriver.exe
00:30:25 [DEBUG] selenium.webdriver.common.service — Started executable: `C:\Users\User\.wdm\drivers\chromedriver\win64\147.0.7727.117\chromedriver.exe` in a child process with pid: 8116 using 0 to output -3
00:30:26 [DEBUG] selenium.webdriver.remote.remote_connection — POST http://localhost:57905/session {'capabilities': {'firstMatch': [{}], 'alwaysMatch': {'browserName': 'chrome', 'pageLoadStrategy': <PageLoadStrategy.normal: 'normal'>, 'goog:chromeOptions': {'excludeSwitches': ['enable-logging'], 'useAutomationExtension': False, 'extensions': [], 'args': ['--headless=new', '--window-size=1920,1080', '--no-sandbox', '--disable-dev-shm-usage', '--disable-gpu', '--disable-extensions', '--disable-infobars', '--disable-notifications', '--ignore-certificate-errors', '--remote-debugging-port=9222', '--disable-blink-features=AutomationControlled', '--user-agent=Mozilla/5.0 (Windows NT 10.0; Win64; x64) AppleWebKit/537.36 (KHTML, like Gecko) Chrome/124.0.0.0 Safari/537.36']}}}}
00:30:26 [DEBUG] urllib3.connectionpool — Starting new HTTP connection (1): localhost:57905
00:30:26 [DEBUG] urllib3.connectionpool — http://localhost:57905 "POST /session HTTP/1.1" 500 0
00:30:26 [DEBUG] selenium.webdriver.remote.remote_connection — Remote response: status=500 | data={"value":{"error":"session not created","message":"session not created\nfrom disconnected: unable to connect to renderer","stacktrace":"\tchromedriver!GetHandleVerifier [0x48b373+10553]\n\tchromedriver!GetHandleVerifier [0x48b4a4+10684]\n\tchromedriver!(No symbol) [0x291e10]\n\tchromedriver!(No symbol) [0x2cca37]\n\tchromedriver!(No symbol) [0x2c7021]\n\tchromedriver!(No symbol) [0x2c2480]\n\tchromedriver!(No symbol) [0x30956f]\n\tchromedriver!(No symbol) [0x308d87]\n\tchromedriver!(No symbol) [0x2fd606]\n\tchromedriver!(No symbol) [0x2d0039]\n\tchromedriver!(No symbol) [0x2d0df4]\n\tchromedriver!GetHandleVerifier [0x70ddb4+292f94]\n\tchromedriver!GetHandleVerifier [0x70937d+28e55d]\n\tchromedriver!GetHandleVerifier [0x728215+2ad3f5]\n\tchromedriver!GetHandleVerifier [0x4a4c18+29df8]\n\tchromedriver!GetHandleVerifier [0x4ac6fd+318dd]\n\tchromedriver!GetHandleVerifier [0x493c78+18e58]\n\tchromedriver!GetHandleVerifier [0x493e42+19022]\n\tchromedriver!GetHandleVerifier [0x47d45f+263f]\n\tKERNEL32!BaseThreadInitThunk [0x75aafcc9+19]\n\tntdll!RtlGetAppContainerNamedObjectPath [0x779982ae+11e]\n\tntdll!RtlGetAppContainerNamedObjectPath [0x7799827e+ee]\n"}} | headers=HTTPHeaderDict({'Content-Length': '1169', 'Content-Type': 'application/json; charset=utf-8', 'cache-control': 'no-cache'})
00:30:26 [DEBUG] selenium.webdriver.remote.remote_connection — Finished Request
00:30:29 [INFO] utils.driver_factory — Creating chrome driver (headless=True)
00:30:29 [INFO] WDM — ====== WebDriver manager ======
00:30:30 [INFO] WDM — Get LATEST chromedriver version for google-chrome
00:30:30 [DEBUG] urllib3.connectionpool — Starting new HTTPS connection (1): googlechromelabs.github.io:443
00:30:30 [DEBUG] urllib3.connectionpool — https://googlechromelabs.github.io:443 "GET /chrome-for-testing/latest-patch-versions-per-build.json HTTP/1.1" 200 16425
00:30:30 [INFO] WDM — Get LATEST chromedriver version for google-chrome
00:30:30 [DEBUG] urllib3.connectionpool — Starting new HTTPS connection (1): googlechromelabs.github.io:443
00:30:31 [DEBUG] urllib3.connectionpool — https://googlechromelabs.github.io:443 "GET /chrome-for-testing/latest-patch-versions-per-build.json HTTP/1.1" 200 16425
00:30:31 [INFO] WDM — Driver [C:\Users\User\.wdm\drivers\chromedriver\win64\147.0.7727.117\chromedriver.exe] found in cache
00:30:31 [DEBUG] selenium.webdriver.common.driver_finder — Skipping Selenium Manager; path to chrome driver specified in Service class: C:\Users\User\.wdm\drivers\chromedriver\win64\147.0.7727.117\chromedriver.exe
00:30:31 [DEBUG] selenium.webdriver.common.service — Started executable: `C:\Users\User\.wdm\drivers\chromedriver\win64\147.0.7727.117\chromedriver.exe` in a child process with pid: 4208 using 0 to output -3
00:30:31 [DEBUG] selenium.webdriver.remote.remote_connection — POST http://localhost:57919/session {'capabilities': {'firstMatch': [{}], 'alwaysMatch': {'browserName': 'chrome', 'pageLoadStrategy': <PageLoadStrategy.normal: 'normal'>, 'goog:chromeOptions': {'excludeSwitches': ['enable-logging'], 'useAutomationExtension': False, 'extensions': [], 'args': ['--headless=new', '--window-size=1920,1080', '--no-sandbox', '--disable-dev-shm-usage', '--disable-gpu', '--disable-extensions', '--disable-infobars', '--disable-notifications', '--ignore-certificate-errors', '--remote-debugging-port=9222', '--disable-blink-features=AutomationControlled', '--user-agent=Mozilla/5.0 (Windows NT 10.0; Win64; x64) AppleWebKit/537.36 (KHTML, like Gecko) Chrome/124.0.0.0 Safari/537.36']}}}}
00:30:31 [DEBUG] urllib3.connectionpool — Starting new HTTP connection (1): localhost:57919
00:30:32 [DEBUG] urllib3.connectionpool — http://localhost:57919 "POST /session HTTP/1.1" 500 0
00:30:32 [DEBUG] selenium.webdriver.remote.remote_connection — Remote response: status=500 | data={"value":{"error":"session not created","message":"session not created\nfrom disconnected: unable to connect to renderer","stacktrace":"\tchromedriver!GetHandleVerifier [0x48b373+10553]\n\tchromedriver!GetHandleVerifier [0x48b4a4+10684]\n\tchromedriver!(No symbol) [0x291e10]\n\tchromedriver!(No symbol) [0x2cca37]\n\tchromedriver!(No symbol) [0x2c7021]\n\tchromedriver!(No symbol) [0x2c2480]\n\tchromedriver!(No symbol) [0x30956f]\n\tchromedriver!(No symbol) [0x308d87]\n\tchromedriver!(No symbol) [0x2fd606]\n\tchromedriver!(No symbol) [0x2d0039]\n\tchromedriver!(No symbol) [0x2d0df4]\n\tchromedriver!GetHandleVerifier [0x70ddb4+292f94]\n\tchromedriver!GetHandleVerifier [0x70937d+28e55d]\n\tchromedriver!GetHandleVerifier [0x728215+2ad3f5]\n\tchromedriver!GetHandleVerifier [0x4a4c18+29df8]\n\tchromedriver!GetHandleVerifier [0x4ac6fd+318dd]\n\tchromedriver!GetHandleVerifier [0x493c78+18e58]\n\tchromedriver!GetHandleVerifier [0x493e42+19022]\n\tchromedriver!GetHandleVerifier [0x47d45f+263f]\n\tKERNEL32!BaseThreadInitThunk [0x75aafcc9+19]\n\tntdll!RtlGetAppContainerNamedObjectPath [0x779982ae+11e]\n\tntdll!RtlGetAppContainerNamedObjectPath [0x7799827e+ee]\n"}} | headers=HTTPHeaderDict({'Content-Length': '1169', 'Content-Type': 'application/json; charset=utf-8', 'cache-control': 'no-cache'})
00:30:32 [DEBUG] selenium.webdriver.remote.remote_connection — Finished Request
